✔ TestSchemaRecovery 4m0s

✔ .dagger-cli session --label dagger.io/sdk.name:go --label dagger.io/sdk.version:n/a 4m0s

✔ host: Host! 0.0s
✔ .file(path: "/dagger-dev/engine.tar"): File! 2.1s

✔ container(platform: "linux/amd64"): Container! 0.0s
✔ .import(
  ┆ source: Host.file(path: "/dagger-dev/engine.tar"): File!
  ): Container! 9.3s
✔ .withMountedCache(
  ┆ path: "/transfer-fixture"
  ┆ cache: cacheVolume(key: "b2-transfer-a-ietgm0ihr7xxzktimal9g3qnc", namespace: "mainClient"): CacheVolume!
  ): Container! 0.0s
✔ withEnvVariable _DAGGER_TEST_REMOTE_CACHE_FIXTURE_ROOT=/transfer-fixture 0.0s
✔ .withMountedCache(
  ┆ path: "/var/lib/dagger"
  ┆ cache: cacheVolume(key: "b2-transfer-a-state-3po88aoiwa57dr93ouebmgzcb", namespace: "mainClient"): CacheVolume!
  ): Container! 0.0s
✔ .withExposedPort(port: 1234, protocol: TCP): Container! 0.0s
✔ .withDefaultArgs(args: ["--addr", "tcp://0.0.0.0:1234", "--network-name", "dagger0", "--network-cidr", "10.89.0.0/24"]): Container! 0.0s
✔ .directory(path: "/etc/dagger"): Directory! 0.0s
✔ .entries: [String!]! 0.0s

✔ Container.file(path: "/etc/dagger/engine.json"): File! 0.0s
✔ .contents: String! 0.0s

✔ withNewFile /etc/dagger/engine.json (contents: "{\"gc\":{\"enabled\":true,\"dagqlCache\":{},\"reservedSpace\":1000000000000000,\"maxUsedSpace\":1000000000000000,\"minFreeSpace\":0,\"sweepSize\":0},\"registries\":{\"docker.io\":{\"mirrors\":[\"mirror.gcr.io\"],\"http\":null,\"insecure\":null,\"ca\":null}}}\n") 0.0s
✔ .asService(useEntrypoint: true, insecureRootCapabilities: true): Service! 3m48s

✔ Host.tunnel(
  ┆ service: Container.asService(useEntrypoint: true, insecureRootCapabilities: true): Service!
  ): Service! 0.0s
✔ .start: ID! 3.7s

✔ Service.endpoint(scheme: "tcp"): String! 0.0s

✔ .dagger-cli session --workdir /tmp/TestRemoteCacheTransferSuiteTestSchemaRecovery2623117120/001 --label dagger.io/sdk.name:go --label dagger.io/sdk.version:n/a 3m20s

✔ moduleSource(refString: "."): ModuleSource! 0.1s
✔ .asModule: Module! 21.2s
✔ .serve: Void 0.0s

✔ cacheProbe: CacheProbe! 0.0s
✔ .report(seed: "same"): CacheProbeReport! 0.2s
✔ .noteFile(
  ┆ file: Host.file(path: "/tmp/TestRemoteCacheTransferSuiteTestSchemaRecovery2623117120/001/notes.txt", noCache: true): File!
  ): String! 0.2s

✔ before 1m10s

✔ Container.withMountedCache(
  ┆ path: "/transfer-fixture"
  ┆ cache: cacheVolume(key: "b2-transfer-b-nyoorehfdcz8u40m9wcwrluq3", namespace: "mainClient"): CacheVolume!
  ): Container! 0.0s
✔ withEnvVariable _DAGGER_TEST_REMOTE_CACHE_FIXTURE_ROOT=/transfer-fixture 0.0s
✔ .withMountedCache(
  ┆ path: "/var/lib/dagger"
  ┆ cache: cacheVolume(key: "b2-transfer-b-state-zxme19grjpw1mpqiyus85zk97", namespace: "mainClient"): CacheVolume!
  ): Container! 0.0s
✔ .withExposedPort(port: 1234, protocol: TCP): Container! 0.0s
✔ .withDefaultArgs(args: ["--addr", "tcp://0.0.0.0:1234", "--network-name", "dagger1", "--network-cidr", "10.89.1.0/24"]): Container! 0.0s
✔ .directory(path: "/etc/dagger"): Directory! 0.0s
✔ .entries: [String!]! 0.0s

✔ Container.file(path: "/etc/dagger/engine.json"): File! 0.0s
✔ .contents: String! 0.0s

✔ withNewFile /etc/dagger/engine.json (contents: "{\"gc\":{\"enabled\":true,\"dagqlCache\":{},\"reservedSpace\":1000000000000000,\"maxUsedSpace\":1000000000000000,\"minFreeSpace\":0,\"sweepSize\":0},\"registries\":{\"docker.io\":{\"mirrors\":[\"mirror.gcr.io\"],\"http\":null,\"insecure\":null,\"ca\":null}}}\n") 0.0s
✔ .asService(useEntrypoint: true, insecureRootCapabilities: true): Service! 48.4s

✔ Host.tunnel(
  ┆ service: Container.asService(useEntrypoint: true, insecureRootCapabilities: true): Service!
  ): Service! 0.0s
✔ .start: ID! 1.7s

✔ Service.endpoint(scheme: "tcp"): String! 0.0s

✔ .dagger-cli session --workdir /tmp/TestRemoteCacheTransferSuiteTestSchemaRecoverybefore2782910786/001 --label dagger.io/sdk.name:go --label dagger.io/sdk.version:n/a 24.2s

$ cacheProbe: CacheProbe! 0.0s CACHED
$ .report(seed: "same"): CacheProbeReport! 0.0s CACHED

✔ CacheProbe.report(seed: "different"): CacheProbeReport! 0.2s

✔ Service.stop: ID! 22.4s

✔ Service.stop(kill: true): ID! 0.0s

✔ Container.withDefaultArgs(args: ["--addr", "tcp://0.0.0.0:1234", "--network-name", "dagger2", "--network-cidr", "10.89.2.0/24"]): Container! 0.0s
✔ .directory(path: "/etc/dagger"): Directory! 0.0s
✔ .entries: [String!]! 0.0s

✔ Container.file(path: "/etc/dagger/engine.json"): File! 0.0s
✔ .contents: String! 0.0s

✔ withNewFile /etc/dagger/engine.json (contents: "{\"gc\":{\"enabled\":true,\"dagqlCache\":{},\"reservedSpace\":1000000000000000,\"maxUsedSpace\":1000000000000000,\"minFreeSpace\":0,\"sweepSize\":0},\"registries\":{\"docker.io\":{\"mirrors\":[\"mirror.gcr.io\"],\"http\":null,\"insecure\":null,\"ca\":null}}}\n") 0.0s
✔ .asService(useEntrypoint: true, insecureRootCapabilities: true): Service! 21.3s

✔ Host.tunnel(
  ┆ service: Container.asService(useEntrypoint: true, insecureRootCapabilities: true): Service!
  ): Service! 0.0s
✔ .start: ID! 1.0s

✔ Service.endpoint(scheme: "tcp"): String! 0.0s

✔ .dagger-cli session --workdir /tmp/TestRemoteCacheTransferSuiteTestSchemaRecoverybefore2782910786/001 --label dagger.io/sdk.name:go --label dagger.io/sdk.version:n/a 3.1s

$ cacheProbe: CacheProbe! 0.0s CACHED
✔ .report(seed: "native recorded control"): CacheProbeReport! 0.2s

✔ Service.stop: ID! 17.1s

✔ Service.stop(kill: true): ID! 0.0s

✔ after 1m5s

✔ Container.withMountedCache(
  ┆ path: "/transfer-fixture"
  ┆ cache: cacheVolume(key: "b2-transfer-b-vsphatep7uxvwliu73i2tv5cj", namespace: "mainClient"): CacheVolume!
  ): Container! 0.0s
✔ withEnvVariable _DAGGER_TEST_REMOTE_CACHE_FIXTURE_ROOT=/transfer-fixture 0.0s
✔ .withMountedCache(
  ┆ path: "/var/lib/dagger"
  ┆ cache: cacheVolume(key: "b2-transfer-b-state-1zfexr4mnmi0j26kbiaa709z7", namespace: "mainClient"): CacheVolume!
  ): Container! 0.0s
✔ .withExposedPort(port: 1234, protocol: TCP): Container! 0.0s
✔ .withDefaultArgs(args: ["--addr", "tcp://0.0.0.0:1234", "--network-name", "dagger3", "--network-cidr", "10.89.3.0/24"]): Container! 0.0s
✔ .directory(path: "/etc/dagger"): Directory! 0.0s
✔ .entries: [String!]! 0.0s

✔ Container.file(path: "/etc/dagger/engine.json"): File! 0.0s
✔ .contents: String! 0.0s

✔ withNewFile /etc/dagger/engine.json (contents: "{\"gc\":{\"enabled\":true,\"dagqlCache\":{},\"reservedSpace\":1000000000000000,\"maxUsedSpace\":1000000000000000,\"minFreeSpace\":0,\"sweepSize\":0},\"registries\":{\"docker.io\":{\"mirrors\":[\"mirror.gcr.io\"],\"http\":null,\"insecure\":null,\"ca\":null}}}\n") 0.0s
✔ .asService(useEntrypoint: true, insecureRootCapabilities: true): Service! 44.4s

✔ Host.tunnel(
  ┆ service: Container.asService(useEntrypoint: true, insecureRootCapabilities: true): Service!
  ): Service! 0.0s
✔ .start: ID! 0.6s

✔ Service.endpoint(scheme: "tcp"): String! 0.0s

✔ .dagger-cli session --workdir /tmp/TestRemoteCacheTransferSuiteTestSchemaRecoveryafter2593326299/001 --label dagger.io/sdk.name:go --label dagger.io/sdk.version:n/a 20.0s

$ cacheProbe: CacheProbe! 0.0s CACHED
$ .report(seed: "same"): CacheProbeReport! 0.0s CACHED

✔ CacheProbe.report(seed: "different"): CacheProbeReport! 0.2s

✔ Service.stop: ID! 23.7s

✔ Service.stop(kill: true): ID! 0.0s

✔ Container.withDefaultArgs(args: ["--addr", "tcp://0.0.0.0:1234", "--network-name", "dagger4", "--network-cidr", "10.89.4.0/24"]): Container! 0.0s
✔ .directory(path: "/etc/dagger"): Directory! 0.1s
✔ .entries: [String!]! 0.1s

✔ Container.file(path: "/etc/dagger/engine.json"): File! 0.0s
✔ .contents: String! 0.0s

✔ withNewFile /etc/dagger/engine.json (contents: "{\"gc\":{\"enabled\":true,\"dagqlCache\":{},\"reservedSpace\":1000000000000000,\"maxUsedSpace\":1000000000000000,\"minFreeSpace\":0,\"sweepSize\":0},\"registries\":{\"docker.io\":{\"mirrors\":[\"mirror.gcr.io\"],\"http\":null,\"insecure\":null,\"ca\":null}}}\n") 0.0s
✔ .asService(useEntrypoint: true, insecureRootCapabilities: true): Service! 20.0s

✔ Host.tunnel(
  ┆ service: Container.asService(useEntrypoint: true, insecureRootCapabilities: true): Service!
  ): Service! 0.0s
✔ .start: ID! 0.6s

✔ Service.endpoint(scheme: "tcp"): String! 0.0s

✔ .dagger-cli session --workdir /tmp/TestRemoteCacheTransferSuiteTestSchemaRecoveryafter2593326299/001 --label dagger.io/sdk.name:go --label dagger.io/sdk.version:n/a 3.1s

$ cacheProbe: CacheProbe! 0.0s CACHED
✔ .report(seed: "native recorded control"): CacheProbeReport! 0.2s

✔ Service.stop: ID! 16.2s

✔ Service.stop(kill: true): ID! 0.0s

✔ foreign_context 42.8s

✔ Container.withMountedCache(
  ┆ path: "/transfer-fixture"
  ┆ cache: cacheVolume(key: "b2-transfer-foreign-t1cojdqq8ymfyulb30lnvr57i", namespace: "mainClient"): CacheVolume!
  ): Container! 0.0s
✔ withEnvVariable _DAGGER_TEST_REMOTE_CACHE_FIXTURE_ROOT=/transfer-fixture 0.0s
✔ .withMountedCache(
  ┆ path: "/var/lib/dagger"
  ┆ cache: cacheVolume(key: "b2-transfer-foreign-state-vv8su2jvxs386wx3ln6lxdhxv", namespace: "mainClient"): CacheVolume!
  ): Container! 0.0s
✔ .withExposedPort(port: 1234, protocol: TCP): Container! 0.0s
✔ .withDefaultArgs(args: ["--addr", "tcp://0.0.0.0:1234", "--network-name", "dagger5", "--network-cidr", "10.89.5.0/24"]): Container! 0.0s
✔ .directory(path: "/etc/dagger"): Directory! 0.0s
✔ .entries: [String!]! 0.0s

✔ Container.file(path: "/etc/dagger/engine.json"): File! 0.0s
✔ .contents: String! 0.0s

✔ withNewFile /etc/dagger/engine.json (contents: "{\"gc\":{\"enabled\":true,\"dagqlCache\":{},\"reservedSpace\":1000000000000000,\"maxUsedSpace\":1000000000000000,\"minFreeSpace\":0,\"sweepSize\":0},\"registries\":{\"docker.io\":{\"mirrors\":[\"mirror.gcr.io\"],\"http\":null,\"insecure\":null,\"ca\":null}}}\n") 0.0s
✔ .asService(useEntrypoint: true, insecureRootCapabilities: true): Service! 42.6s

✔ Host.tunnel(
  ┆ service: Container.asService(useEntrypoint: true, insecureRootCapabilities: true): Service!
  ): Service! 0.0s
✔ .start: ID! 0.6s

✔ Service.endpoint(scheme: "tcp"): String! 0.0s

✔ .dagger-cli session --workdir /tmp/TestRemoteCacheTransferSuiteTestSchemaRecoveryforeign_context771640096/001 --label dagger.io/sdk.name:go --label dagger.io/sdk.version:n/a 19.6s

✔ Service.stop: ID! 22.3s

✔ Service.stop(kill: true): ID! 0.0s

✔ Service.stop: ID! 23.7s

✔ Service.stop(kill: true): ID! 0.0s

... 21038 earlier log lines ...
    testctx.go:198: 25  : [3m24s] | time=2026-09-16T09:05:17.001Z level=DEBUG msg="session removed" session=kfabzsxsdko0dd39qr27d2diq
    testctx.go:198: 25  : [3m24s] | time=2026-09-16T09:05:17.001Z level=DEBUG msg="session removed" session=kfabzsxsdko0dd39qr27d2diq
    testctx.go:198: 25  : [3m24s] | Received signal terminated, retries: 1/3
    testctx.go:198: 25  : [3m24s] | Received signal terminated, retries: 1/3
    testctx.go:198: 25  : [3m24s] | Received signal terminated, retries: 1/3
    testctx.go:198: 25  : [3m24s] | time="2026-09-16T09:05:17Z" level=error msg="server context canceled" error="context canceled" spanID=8e5b03256cd32708 traceID=0af83972d2b99132c009d701bd2292c2
    testctx.go:198: 25  : [3m24s] | time="2026-09-16T09:05:17Z" level=error msg="server context canceled" error="context canceled" spanID=8e5b03256cd32708 traceID=0af83972d2b99132c009d701bd2292c2
    testctx.go:198: 25  : [3m24s] | time="2026-09-16T09:05:17Z" level=error msg="server context canceled" error="context canceled" spanID=8e5b03256cd32708 traceID=0af83972d2b99132c009d701bd2292c2
    testctx.go:198: 25  : [3m24s] | time="2026-09-16T09:05:17Z" level=info msg="stopping server" spanID=8e5b03256cd32708 traceID=0af83972d2b99132c009d701bd2292c2
    testctx.go:198: 25  : [3m24s] | time="2026-09-16T09:05:17Z" level=info msg="stopping server" spanID=8e5b03256cd32708 traceID=0af83972d2b99132c009d701bd2292c2
    testctx.go:198: 25  : [3m24s] | time="2026-09-16T09:05:17Z" level=info msg="stopping server" spanID=8e5b03256cd32708 traceID=0af83972d2b99132c009d701bd2292c2
    testctx.go:198: 25  : [3m24s] | dnsmasq exited: signal: killed
    testctx.go:198: 25  : [3m24s] | dnsmasq exited: signal: killed
    testctx.go:198: 25  : [3m24s] | dnsmasq exited: signal: killed
time=2026-09-16T09:05:18.210Z level=DEBUG msg="dagql prune skip policy: no reclaim target" policyIndex=1 usedBytes=579293184
time=2026-09-16T09:05:18.217Z level=DEBUG msg="dagql prune skip policy: no reclaim target" policyIndex=2 usedBytes=579293184
time=2026-09-16T09:05:18.217Z level=INFO msg="starting dagql cache close" hasSQLDB=true hasPersistDB=true
    testctx.go:198: 25  : [3m25s] | time=2026-09-16T09:05:18.210Z level=DEBUG msg="dagql prune skip policy: no reclaim target" policyIndex=1 usedBytes=579293184
    testctx.go:198: 25  : [3m25s] | time=2026-09-16T09:05:18.210Z level=DEBUG msg="dagql prune skip policy: no reclaim target" policyIndex=1 usedBytes=579293184
    testctx.go:198: 25  : [3m25s] | time=2026-09-16T09:05:18.210Z level=DEBUG msg="dagql prune skip policy: no reclaim target" policyIndex=1 usedBytes=579293184
    testctx.go:198: 25  : [3m25s] | time=2026-09-16T09:05:18.217Z level=DEBUG msg="dagql prune skip policy: no reclaim target" policyIndex=2 usedBytes=579293184
    testctx.go:198: 25  : [3m25s] | time=2026-09-16T09:05:18.217Z level=DEBUG msg="dagql prune skip policy: no reclaim target" policyIndex=2 usedBytes=579293184
    testctx.go:198: 25  : [3m25s] | time=2026-09-16T09:05:18.217Z level=DEBUG msg="dagql prune skip policy: no reclaim target" policyIndex=2 usedBytes=579293184
    testctx.go:198: 25  : [3m25s] | time=2026-09-16T09:05:18.217Z level=INFO msg="starting dagql cache close" hasSQLDB=true hasPersistDB=true
    testctx.go:198: 25  : [3m25s] | time=2026-09-16T09:05:18.217Z level=INFO msg="starting dagql cache close" hasSQLDB=true hasPersistDB=true
    testctx.go:198: 25  : [3m25s] | time=2026-09-16T09:05:18.217Z level=INFO msg="starting dagql cache close" hasSQLDB=true hasPersistDB=true
time=2026-09-16T09:05:18.553Z level=INFO msg="marking dagql cache clean shutdown"
time=2026-09-16T09:05:18.553Z level=WARN msg="successfully marked clean shutdown in persistence metadata"
time=2026-09-16T09:05:18.555Z level=INFO msg="completed dagql cache close successfully"
    testctx.go:198: 25  : [3m26s] | time=2026-09-16T09:05:18.553Z level=INFO msg="marking dagql cache clean shutdown"
    testctx.go:198: 25  : [3m26s] | time=2026-09-16T09:05:18.553Z level=INFO msg="marking dagql cache clean shutdown"
    testctx.go:198: 25  : [3m26s] | time=2026-09-16T09:05:18.553Z level=INFO msg="marking dagql cache clean shutdown"
    testctx.go:198: 25  : [3m26s] | time=2026-09-16T09:05:18.553Z level=WARN msg="successfully marked clean shutdown in persistence metadata"
    testctx.go:198: 25  : [3m26s] | time=2026-09-16T09:05:18.553Z level=WARN msg="successfully marked clean shutdown in persistence metadata"
    testctx.go:198: 25  : [3m26s] | time=2026-09-16T09:05:18.553Z level=WARN msg="successfully marked clean shutdown in persistence metadata"
    testctx.go:198: 25  : [3m26s] | time=2026-09-16T09:05:18.555Z level=INFO msg="completed dagql cache close successfully"
    testctx.go:198: 25  : [3m26s] | time=2026-09-16T09:05:18.555Z level=INFO msg="completed dagql cache close successfully"
    testctx.go:198: 25  : [3m26s] | time=2026-09-16T09:05:18.555Z level=INFO msg="completed dagql cache close successfully"
shutting down telemetry...
telemetry shut down complete
    testctx.go:198: 
    testctx.go:198: 
    testctx.go:198: 
    testctx.go:198: 1   : .dagger-cli session --label dagger.io/sdk.name:go --label dagger.io/sdk.version:n/a DONE [4m0s]
    testctx.go:198: 1   : .dagger-cli session --label dagger.io/sdk.name:go --label dagger.io/sdk.version:n/a DONE [4m0s]
    testctx.go:198: 1   : .dagger-cli session --label dagger.io/sdk.name:go --label dagger.io/sdk.version:n/a DONE [4m0s]
    testctx.go:198: 
    testctx.go:198: 
    testctx.go:198: 
    testctx.go:198: 25  : Container.asService(useEntrypoint: true, insecureRootCapabilities: true): Service!
    testctx.go:198: 25  : Container.asService(useEntrypoint: true, insecureRootCapabilities: true): Service!
    testctx.go:198: 25  : Container.asService(useEntrypoint: true, insecureRootCapabilities: true): Service!
    testctx.go:198: 25  : [3m48s] | shutting down telemetry...
    testctx.go:198: 25  : [3m48s] | shutting down telemetry...
    testctx.go:198: 25  : [3m48s] | shutting down telemetry...
    testctx.go:198: 25  : [3m48s] | telemetry shut down complete
    testctx.go:198: 25  : [3m48s] | telemetry shut down complete
    testctx.go:198: 25  : [3m48s] | telemetry shut down complete
    testctx.go:198: 25  : Container.asService DONE [3m48s]
    testctx.go:198: 25  : Container.asService DONE [3m48s]
    testctx.go:198: 25  : Container.asService DONE [3m48s]
    testctx.go:198: 
    testctx.go:198: 
    testctx.go:198: 
    testctx.go:198: 26  : Host.tunnel DONE [3m48s]
    testctx.go:198: 26  : Host.tunnel DONE [3m48s]
    testctx.go:198: 26  : Host.tunnel DONE [3m48s]
    testctx.go:198: 
    testctx.go:198: 
    testctx.go:198: 
    testctx.go:198: 134 : Service.stop DONE [23.7s]
    testctx.go:198: 134 : Service.stop DONE [23.7s]
    testctx.go:198: 134 : Service.stop DONE [23.7s]
    testctx.go:198: 
    testctx.go:198: 
    testctx.go:198: 
    testctx.go:198: 135 : Service.stop(kill: true): ID!
    testctx.go:198: 135 : Service.stop(kill: true): ID!
    testctx.go:198: 135 : Service.stop(kill: true): ID!
    testctx.go:198: 135 : Service.stop DONE [0.0s]
    testctx.go:198: 135 : Service.stop DONE [0.0s]
    testctx.go:198: 135 : Service.stop DONE [0.0s]
    testctx.go:198: 
    testctx.go:198: 
    testctx.go:198: 
full: dagger cloud logs 0af83972d2b99132c009d701bd2292c2 --test "TestRemoteCacheTransferSuite/TestSchemaRecovery"
