[dagger] 30.0s elapsed · 3 steps running
[dagger] 1m0s elapsed · 9 steps running
[dagger] 1m30s elapsed · 26 steps running
[dagger] 2m0s elapsed · 12 steps running
[dagger] 2m30s elapsed · 12 steps running
[dagger] 3m0s elapsed · 13 steps running
[dagger] 3m30s elapsed · 13 steps running
[dagger] 4m0s elapsed · 14 steps running
[dagger] 4m30s elapsed · 12 steps running
== TRACE ==  ✔ PASSED
engine-dev test --pkg ./core/integration --run=RemoteCacheTransferSuite/TestSchemaRecovery --timeout=20m --test-verbose  4m47s

✔ connect 0.3s
✔ load workspace: . 2.1s
✔ parsing command line arguments 0.0s

✔ engineDev(
  ┆ ws: currentWorkspace: Workspace!
  ): EngineDev! 24.6s
✔ .test(run: "RemoteCacheTransferSuite/TestSchemaRecovery", pkg: "./core/integration", timeout: "20m", testVerbose: true): Void 4m17s
  ✔ 14 uploads, 6 unpacks, 1 pull 20.4s

== SERVICES ==
✔ rogct0dgr0vls.b0qctg2citmrs.dagger.local exec /entrypoint.sh /etc/docker/registry/config.yml 4m9s EXITED span=b31e647068d733f7
✔ h4avdn8nctrm4.b0qctg2citmrs.dagger.local exec /entrypoint.sh /etc/docker/registry/config.yml 4m9s EXITED span=e5f1dadac6571a27
✘ 5n6kmgkvi00dq.b0qctg2citmrs.dagger.local exec dagger-entrypoint.sh --addr unix:///run/dagger-engine.sock --addr tcp://0.0.0.0:1234 --network-name dagger-dev --network-cidr 10.88.0.0/16 --debugaddr 0.0.0.0:6060 4m9s ERROR span=0a42b57f8976cbc9

== TESTS ==
  ✔ github.com/dagger/dagger/core/integration  1 passed

  ✔ 1 passed

Full trace at https://dagger.cloud/dagger/traces/0af83972d2b99132c009d701bd2292c2
