=== RUN   TestValueTransferPartsGitTrees
=== RUN   TestValueTransferPartsGitTrees/local
2026/09/16 08:55:43 INFO discarding dagql cache without persistence hasSQLDB=true hasPersistDB=true
=== RUN   TestValueTransferPartsGitTrees/remote
2026/09/16 08:55:44 INFO discarding dagql cache without persistence hasSQLDB=true hasPersistDB=true
--- PASS: TestValueTransferPartsGitTrees (0.50s)
    --- PASS: TestValueTransferPartsGitTrees/local (0.25s)
    --- PASS: TestValueTransferPartsGitTrees/remote (0.25s)
=== RUN   TestValueTransferPartsSelectedChain
2026/09/16 08:55:44 INFO start lazy evaluation field=Directory.directory
2026/09/16 08:55:44 INFO end lazy evaluation field=Directory.directory duration=7.919141ms
2026/09/16 08:55:44 INFO start lazy evaluation field=File.file
2026/09/16 08:55:44 INFO end lazy evaluation field=File.file duration=8.75552ms
2026/09/16 08:55:44 INFO discarding dagql cache without persistence hasSQLDB=true hasPersistDB=true
2026/09/16 08:55:44 INFO discarding dagql cache without persistence hasSQLDB=true hasPersistDB=true
--- PASS: TestValueTransferPartsSelectedChain (0.27s)
=== RUN   TestValueTransferPartsContainerMount
2026/09/16 08:55:44 INFO discarding dagql cache without persistence hasSQLDB=true hasPersistDB=true
--- PASS: TestValueTransferPartsContainerMount (0.16s)
=== RUN   TestValueTransferParts
--- PASS: TestValueTransferParts (0.00s)
PASS
ok  	github.com/dagger/dagger/core	1.034s
