go test -p 1 -overlay cleanup-evidence/baseline-overlay.json ./dagql ./core -run '^(TestCapturePersistedRecordInitialAttachment|TestCapturePersistedContainer)' -count=1 -timeout=90s -v
=== RUN   TestCapturePersistedRecordInitialAttachment
=== RUN   TestCapturePersistedRecordInitialAttachment/clean
    cache_persistence_capture_test.go:466: 
        	Error Trace:	/home/exedev/.tailcall/worktrees/dagger-a7378ed8352b/remote-cache-cleanup-implementer-2f409eb3-1d445bb7/dagql/cache_persistence_capture_test.go:466
        	Error:      	Expected error with "persist state not ready" in chain but got nil.
        	Test:       	TestCapturePersistedRecordInitialAttachment/clean
=== RUN   TestCapturePersistedRecordInitialAttachment/failed
    cache_persistence_capture_test.go:466: 
        	Error Trace:	/home/exedev/.tailcall/worktrees/dagger-a7378ed8352b/remote-cache-cleanup-implementer-2f409eb3-1d445bb7/dagql/cache_persistence_capture_test.go:466
        	Error:      	Expected error with "persist state not ready" in chain but got nil.
        	Test:       	TestCapturePersistedRecordInitialAttachment/failed
--- FAIL: TestCapturePersistedRecordInitialAttachment (0.00s)
    --- FAIL: TestCapturePersistedRecordInitialAttachment/clean (0.00s)
    --- FAIL: TestCapturePersistedRecordInitialAttachment/failed (0.00s)
FAIL
FAIL	github.com/dagger/dagger/dagql	0.017s
=== RUN   TestCapturePersistedContainerDirectEvaluation
=== RUN   TestCapturePersistedContainerDirectEvaluation/metadata
2026/09/13 19:56:23 INFO start lazy group evaluation field=capture-test group=metadata
    container_capture_test.go:116: 
        	Error Trace:	/home/exedev/.tailcall/worktrees/dagger-a7378ed8352b/remote-cache-cleanup-implementer-2f409eb3-1d445bb7/core/container_capture_test.go:116
        	Error:      	Expected error with "persist state not ready" in chain but got nil.
        	Test:       	TestCapturePersistedContainerDirectEvaluation/metadata
2026/09/13 19:56:23 INFO discarding dagql cache without persistence hasSQLDB=false hasPersistDB=false
=== RUN   TestCapturePersistedContainerDirectEvaluation/snapshot
2026/09/13 19:56:23 INFO end lazy group evaluation field=capture-test group=metadata duration=382.609µs
2026/09/13 19:56:23 INFO start lazy group evaluation field=capture-test group=metadata
2026/09/13 19:56:23 INFO end lazy group evaluation field=capture-test group=metadata duration=22.959µs
2026/09/13 19:56:23 INFO start lazy group evaluation field=capture-test group=fs
    container_capture_test.go:116: 
        	Error Trace:	/home/exedev/.tailcall/worktrees/dagger-a7378ed8352b/remote-cache-cleanup-implementer-2f409eb3-1d445bb7/core/container_capture_test.go:116
        	Error:      	Expected error with "persist state not ready" in chain but got nil.
        	Test:       	TestCapturePersistedContainerDirectEvaluation/snapshot
2026/09/13 19:56:23 INFO discarding dagql cache without persistence hasSQLDB=false hasPersistDB=false
=== RUN   TestCapturePersistedContainerDirectEvaluation/whole
2026/09/13 19:56:23 INFO end lazy group evaluation field=capture-test group=fs duration=218.63µs
2026/09/13 19:56:23 INFO start lazy group evaluation field=capture-test group=metadata
    container_capture_test.go:116: 
        	Error Trace:	/home/exedev/.tailcall/worktrees/dagger-a7378ed8352b/remote-cache-cleanup-implementer-2f409eb3-1d445bb7/core/container_capture_test.go:116
        	Error:      	Expected error with "persist state not ready" in chain but got nil.
        	Test:       	TestCapturePersistedContainerDirectEvaluation/whole
2026/09/13 19:56:23 INFO discarding dagql cache without persistence hasSQLDB=false hasPersistDB=false
--- FAIL: TestCapturePersistedContainerDirectEvaluation (0.00s)
    --- FAIL: TestCapturePersistedContainerDirectEvaluation/metadata (0.00s)
    --- FAIL: TestCapturePersistedContainerDirectEvaluation/snapshot (0.00s)
    --- FAIL: TestCapturePersistedContainerDirectEvaluation/whole (0.00s)
=== RUN   TestCapturePersistedContainerExcludesNewDirectGroups
2026/09/13 19:56:23 INFO end lazy group evaluation field=capture-test group=metadata duration=177.74µs
2026/09/13 19:56:23 INFO start lazy group evaluation field=capture-test group=fs
2026/09/13 19:56:23 INFO end lazy group evaluation field=capture-test group=fs duration=4.45µs
2026/09/13 19:56:23 INFO start lazy group evaluation field=capture-test group=execMeta
2026/09/13 19:56:23 INFO end lazy group evaluation field=capture-test group=execMeta duration=3.12µs
2026/09/13 19:56:23 INFO start lazy group evaluation field=capture-test group=metadata
2026/09/13 19:56:23 INFO end lazy group evaluation field=capture-test group=metadata duration=27.35µs
    container_capture_test.go:170: 
        	Error Trace:	/home/exedev/.tailcall/worktrees/dagger-a7378ed8352b/remote-cache-cleanup-implementer-2f409eb3-1d445bb7/core/container_capture_test.go:170
        	Error:      	Should be false
        	Test:       	TestCapturePersistedContainerExcludesNewDirectGroups
2026/09/13 19:56:23 INFO discarding dagql cache without persistence hasSQLDB=false hasPersistDB=false
--- FAIL: TestCapturePersistedContainerExcludesNewDirectGroups (0.00s)
=== RUN   TestCapturePersistedContainerUnrefinedBody
=== RUN   TestCapturePersistedContainerUnrefinedBody/active
2026/09/13 19:56:23 INFO start lazy evaluation field=capture-whole-test
    container_capture_test.go:228: 
        	Error Trace:	/home/exedev/.tailcall/worktrees/dagger-a7378ed8352b/remote-cache-cleanup-implementer-2f409eb3-1d445bb7/core/container_capture_test.go:228
        	Error:      	Expected error with "persist state not ready" in chain but got nil.
        	Test:       	TestCapturePersistedContainerUnrefinedBody/active
2026/09/13 19:56:23 INFO discarding dagql cache without persistence hasSQLDB=false hasPersistDB=false
=== RUN   TestCapturePersistedContainerUnrefinedBody/consumed-before-return
2026/09/13 19:56:23 INFO end lazy evaluation field=capture-whole-test duration=285.09µs
2026/09/13 19:56:23 INFO start lazy evaluation field=capture-whole-test
    container_capture_test.go:228: 
        	Error Trace:	/home/exedev/.tailcall/worktrees/dagger-a7378ed8352b/remote-cache-cleanup-implementer-2f409eb3-1d445bb7/core/container_capture_test.go:228
        	Error:      	Expected error with "persist state not ready" in chain but got nil.
        	Test:       	TestCapturePersistedContainerUnrefinedBody/consumed-before-return
2026/09/13 19:56:23 INFO discarding dagql cache without persistence hasSQLDB=false hasPersistDB=false
--- FAIL: TestCapturePersistedContainerUnrefinedBody (0.00s)
    --- FAIL: TestCapturePersistedContainerUnrefinedBody/active (0.00s)
    --- FAIL: TestCapturePersistedContainerUnrefinedBody/consumed-before-return (0.00s)
2026/09/13 19:56:23 INFO end lazy evaluation field=capture-whole-test duration=235.87µs
=== RUN   TestCapturePersistedContainerReleasesLocksOnCodecError
2026/09/13 19:56:23 INFO start lazy group evaluation field=capture-test group=metadata
2026/09/13 19:56:23 INFO end lazy group evaluation field=capture-test group=metadata duration=17.46µs
2026/09/13 19:56:23 INFO start lazy group evaluation field=capture-test group=fs
2026/09/13 19:56:23 INFO end lazy group evaluation field=capture-test group=fs duration=11.31µs
2026/09/13 19:56:23 INFO start lazy group evaluation field=capture-test group=execMeta
2026/09/13 19:56:23 INFO end lazy group evaluation field=capture-test group=execMeta duration=3.56µs
2026/09/13 19:56:23 INFO discarding dagql cache without persistence hasSQLDB=false hasPersistDB=false
--- PASS: TestCapturePersistedContainerReleasesLocksOnCodecError (0.00s)
FAIL
FAIL	github.com/dagger/dagger/core	0.091s
FAIL
