go test -p 1 ./dagql ./core -run '^(TestCapturePersistedRecord|TestCapturePersistedContainer|TestContainerCompletedProducer|TestFilesystemCompletedProducerPersistence|TestContainerExecPersistsInputMetadata|TestContainerPersisted|TestContainerRestore|TestPersistedCoreLazyPayloadRelocation|TestContainerConcurrentGroupCompletionClearsLazyOnce|TestContainerExecEvaluatesParentMountsConcurrently|TestContainerGetVariantRefsEvaluatesImageParts)' -count=1 -timeout=90s -v
=== RUN   TestCapturePersistedRecordValuesAndColdCopies
--- PASS: TestCapturePersistedRecordValuesAndColdCopies (0.04s)
=== RUN   TestCapturePersistedRecordLazyReadiness
=== RUN   TestCapturePersistedRecordLazyReadiness/whole
=== RUN   TestCapturePersistedRecordLazyReadiness/parts
--- PASS: TestCapturePersistedRecordLazyReadiness (0.00s)
    --- PASS: TestCapturePersistedRecordLazyReadiness/whole (0.00s)
    --- PASS: TestCapturePersistedRecordLazyReadiness/parts (0.00s)
=== RUN   TestCapturePersistedRecordPendingBookkeeping
--- PASS: TestCapturePersistedRecordPendingBookkeeping (0.00s)
=== RUN   TestCapturePersistedRecordBlocksOnlyItsUnstartedEvaluation
--- PASS: TestCapturePersistedRecordBlocksOnlyItsUnstartedEvaluation (0.00s)
=== RUN   TestCapturePersistedRecordOwnershipAndCancellation
=== RUN   TestCapturePersistedRecordOwnershipAndCancellation/success
=== RUN   TestCapturePersistedRecordOwnershipAndCancellation/cancellation
--- PASS: TestCapturePersistedRecordOwnershipAndCancellation (0.00s)
    --- PASS: TestCapturePersistedRecordOwnershipAndCancellation/success (0.00s)
    --- PASS: TestCapturePersistedRecordOwnershipAndCancellation/cancellation (0.00s)
=== RUN   TestCapturePersistedRecordErrorsAndClose
--- PASS: TestCapturePersistedRecordErrorsAndClose (0.00s)
=== RUN   TestCapturePersistedRecordInitialAttachment
=== RUN   TestCapturePersistedRecordInitialAttachment/clean
=== RUN   TestCapturePersistedRecordInitialAttachment/failed
--- PASS: TestCapturePersistedRecordInitialAttachment (0.00s)
    --- PASS: TestCapturePersistedRecordInitialAttachment/clean (0.00s)
    --- PASS: TestCapturePersistedRecordInitialAttachment/failed (0.00s)
PASS
ok  	github.com/dagger/dagger/dagql	0.058s
=== RUN   TestCapturePersistedContainerDirectEvaluation
=== RUN   TestCapturePersistedContainerDirectEvaluation/metadata
2026/09/13 19:49:29 INFO start lazy group evaluation field=capture-test group=metadata
2026/09/13 19:49:29 INFO end lazy group evaluation field=capture-test group=metadata duration=206.879µs
2026/09/13 19:49:29 INFO discarding dagql cache without persistence hasSQLDB=false hasPersistDB=false
=== RUN   TestCapturePersistedContainerDirectEvaluation/snapshot
2026/09/13 19:49:29 INFO start lazy group evaluation field=capture-test group=metadata
2026/09/13 19:49:29 INFO end lazy group evaluation field=capture-test group=metadata duration=21.84µs
2026/09/13 19:49:29 INFO start lazy group evaluation field=capture-test group=fs
2026/09/13 19:49:29 INFO start lazy group evaluation field=capture-test group=execMeta
2026/09/13 19:49:29 INFO end lazy group evaluation field=capture-test group=execMeta duration=11.11µs
2026/09/13 19:49:29 INFO end lazy group evaluation field=capture-test group=fs duration=85.77µs
2026/09/13 19:49:29 INFO discarding dagql cache without persistence hasSQLDB=false hasPersistDB=false
=== RUN   TestCapturePersistedContainerDirectEvaluation/whole
2026/09/13 19:49:29 INFO start lazy group evaluation field=capture-test group=metadata
2026/09/13 19:49:29 INFO end lazy group evaluation field=capture-test group=metadata duration=51.25µs
2026/09/13 19:49:29 INFO start lazy group evaluation field=capture-test group=fs
2026/09/13 19:49:29 INFO end lazy group evaluation field=capture-test group=fs duration=3.94µs
2026/09/13 19:49:29 INFO start lazy group evaluation field=capture-test group=execMeta
2026/09/13 19:49:29 INFO end lazy group evaluation field=capture-test group=execMeta duration=3.26µs
2026/09/13 19:49:29 INFO discarding dagql cache without persistence hasSQLDB=false hasPersistDB=false
--- PASS: TestCapturePersistedContainerDirectEvaluation (0.00s)
    --- PASS: TestCapturePersistedContainerDirectEvaluation/metadata (0.00s)
    --- PASS: TestCapturePersistedContainerDirectEvaluation/snapshot (0.00s)
    --- PASS: TestCapturePersistedContainerDirectEvaluation/whole (0.00s)
=== RUN   TestCapturePersistedContainerExcludesNewDirectGroups
2026/09/13 19:49:29 INFO start lazy group evaluation field=capture-test group=metadata
2026/09/13 19:49:29 INFO end lazy group evaluation field=capture-test group=metadata duration=63.82µs
2026/09/13 19:49:29 INFO discarding dagql cache without persistence hasSQLDB=false hasPersistDB=false
--- PASS: TestCapturePersistedContainerExcludesNewDirectGroups (0.00s)
=== RUN   TestCapturePersistedContainerUnrefinedBody
=== RUN   TestCapturePersistedContainerUnrefinedBody/active
2026/09/13 19:49:29 INFO start lazy evaluation field=capture-whole-test
2026/09/13 19:49:29 INFO end lazy evaluation field=capture-whole-test duration=86.71µs
2026/09/13 19:49:29 INFO discarding dagql cache without persistence hasSQLDB=false hasPersistDB=false
=== RUN   TestCapturePersistedContainerUnrefinedBody/consumed-before-return
2026/09/13 19:49:29 INFO start lazy evaluation field=capture-whole-test
2026/09/13 19:49:29 INFO end lazy evaluation field=capture-whole-test duration=49.85µs
2026/09/13 19:49:29 INFO discarding dagql cache without persistence hasSQLDB=false hasPersistDB=false
--- PASS: TestCapturePersistedContainerUnrefinedBody (0.00s)
    --- PASS: TestCapturePersistedContainerUnrefinedBody/active (0.00s)
    --- PASS: TestCapturePersistedContainerUnrefinedBody/consumed-before-return (0.00s)
=== RUN   TestCapturePersistedContainerReleasesLocksOnCodecError
2026/09/13 19:49:29 INFO start lazy group evaluation field=capture-test group=metadata
2026/09/13 19:49:29 INFO end lazy group evaluation field=capture-test group=metadata duration=26.96µs
2026/09/13 19:49:29 INFO start lazy group evaluation field=capture-test group=fs
2026/09/13 19:49:29 INFO end lazy group evaluation field=capture-test group=fs duration=13.86µs
2026/09/13 19:49:29 INFO start lazy group evaluation field=capture-test group=execMeta
2026/09/13 19:49:29 INFO end lazy group evaluation field=capture-test group=execMeta duration=10.36µs
2026/09/13 19:49:29 INFO discarding dagql cache without persistence hasSQLDB=false hasPersistDB=false
--- PASS: TestCapturePersistedContainerReleasesLocksOnCodecError (0.00s)
=== RUN   TestContainerExecEvaluatesParentMountsConcurrently
=== PAUSE TestContainerExecEvaluatesParentMountsConcurrently
=== RUN   TestContainerExecPersistsInputMetadata
=== RUN   TestContainerExecPersistsInputMetadata/nil
2026/09/13 19:49:29 INFO discarding dagql cache without persistence hasSQLDB=true hasPersistDB=true
=== RUN   TestContainerExecPersistsInputMetadata/supplied
2026/09/13 19:49:29 INFO discarding dagql cache without persistence hasSQLDB=true hasPersistDB=true
--- PASS: TestContainerExecPersistsInputMetadata (0.03s)
    --- PASS: TestContainerExecPersistsInputMetadata/nil (0.02s)
    --- PASS: TestContainerExecPersistsInputMetadata/supplied (0.01s)
=== RUN   TestContainerGetVariantRefsEvaluatesImageParts
2026/09/13 19:49:29 INFO start lazy group evaluation field=test.base group=metadata
2026/09/13 19:49:29 INFO end lazy group evaluation field=test.base group=metadata duration=47.8µs
2026/09/13 19:49:29 INFO start lazy group evaluation field=test.base group=fs
2026/09/13 19:49:29 INFO end lazy group evaluation field=test.base group=fs duration=22.3µs
2026/09/13 19:49:29 INFO discarding dagql cache without persistence hasSQLDB=false hasPersistDB=false
--- PASS: TestContainerGetVariantRefsEvaluatesImageParts (0.00s)
=== RUN   TestContainerConcurrentGroupCompletionClearsLazyOnce
=== PAUSE TestContainerConcurrentGroupCompletionClearsLazyOnce
=== RUN   TestContainerPersistedUnsupportedTargetPreservesConsumedExecMeta
=== RUN   TestContainerPersistedUnsupportedTargetPreservesConsumedExecMeta/tmpfs
2026/09/13 19:49:29 INFO start lazy group evaluation field=Container.withDirectory group=metadata
2026/09/13 19:49:29 INFO end lazy group evaluation field=Container.withDirectory group=metadata duration=54.32µs
2026/09/13 19:49:29 INFO start lazy group evaluation field=Container.withDirectory group=execMeta
2026/09/13 19:49:29 INFO end lazy group evaluation field=Container.withDirectory group=execMeta duration=15.84µs
2026/09/13 19:49:29 INFO starting dagql cache close hasSQLDB=true hasPersistDB=true
2026/09/13 19:49:29 INFO marking dagql cache clean shutdown
2026/09/13 19:49:29 WARN successfully marked clean shutdown in persistence metadata
2026/09/13 19:49:29 INFO completed dagql cache close successfully
2026/09/13 19:49:29 INFO start lazy group evaluation field="Container stored part" group=open:execMeta
2026/09/13 19:49:29 INFO end lazy group evaluation field="Container stored part" group=open:execMeta duration=50.29µs
2026/09/13 19:49:29 INFO starting dagql cache close hasSQLDB=true hasPersistDB=true
2026/09/13 19:49:29 INFO marking dagql cache clean shutdown
2026/09/13 19:49:29 WARN successfully marked clean shutdown in persistence metadata
2026/09/13 19:49:29 INFO completed dagql cache close successfully
=== RUN   TestContainerPersistedUnsupportedTargetPreservesConsumedExecMeta/cache
2026/09/13 19:49:29 INFO start lazy group evaluation field=Container.withDirectory group=metadata
2026/09/13 19:49:29 INFO end lazy group evaluation field=Container.withDirectory group=metadata duration=38.68µs
2026/09/13 19:49:29 INFO start lazy group evaluation field=Container.withDirectory group=execMeta
2026/09/13 19:49:29 INFO end lazy group evaluation field=Container.withDirectory group=execMeta duration=12.9µs
2026/09/13 19:49:29 INFO starting dagql cache close hasSQLDB=true hasPersistDB=true
2026/09/13 19:49:29 INFO marking dagql cache clean shutdown
2026/09/13 19:49:29 WARN successfully marked clean shutdown in persistence metadata
2026/09/13 19:49:29 INFO completed dagql cache close successfully
2026/09/13 19:49:29 INFO start lazy group evaluation field="Container stored part" group=open:execMeta
2026/09/13 19:49:29 INFO end lazy group evaluation field="Container stored part" group=open:execMeta duration=36.36µs
2026/09/13 19:49:29 INFO starting dagql cache close hasSQLDB=true hasPersistDB=true
2026/09/13 19:49:29 INFO marking dagql cache clean shutdown
2026/09/13 19:49:29 WARN successfully marked clean shutdown in persistence metadata
2026/09/13 19:49:29 INFO completed dagql cache close successfully
--- PASS: TestContainerPersistedUnsupportedTargetPreservesConsumedExecMeta (0.03s)
    --- PASS: TestContainerPersistedUnsupportedTargetPreservesConsumedExecMeta/tmpfs (0.02s)
    --- PASS: TestContainerPersistedUnsupportedTargetPreservesConsumedExecMeta/cache (0.01s)
=== RUN   TestContainerRestoreIndependentParts
2026/09/13 19:49:29 INFO start lazy group evaluation field="Container stored part" group=open:fs
2026/09/13 19:49:29 INFO end lazy group evaluation field="Container stored part" group=open:fs duration=38.15µs
2026/09/13 19:49:29 INFO start lazy group evaluation field="Container stored part" group=open:execMeta
2026/09/13 19:49:29 INFO end lazy group evaluation field="Container stored part" group=open:execMeta duration=17.62µs
2026/09/13 19:49:29 INFO discarding dagql cache without persistence hasSQLDB=false hasPersistDB=false
--- PASS: TestContainerRestoreIndependentParts (0.00s)
=== RUN   TestContainerRestoreDirectMetadataSweep
2026/09/13 19:49:29 INFO start lazy group evaluation field=Container.withLabel group=execMeta
2026/09/13 19:49:29 INFO end lazy group evaluation field=Container.withLabel group=execMeta duration=27.56µs
2026/09/13 19:49:29 INFO start lazy group evaluation field="Container stored part" group=open:fs
2026/09/13 19:49:29 INFO end lazy group evaluation field="Container stored part" group=open:fs duration=22.26µs
2026/09/13 19:49:29 INFO start lazy group evaluation field=Container.withLabel group=fs
2026/09/13 19:49:29 INFO end lazy group evaluation field=Container.withLabel group=fs duration=13.71µs
2026/09/13 19:49:29 INFO discarding dagql cache without persistence hasSQLDB=false hasPersistDB=false
--- PASS: TestContainerRestoreDirectMetadataSweep (0.00s)
=== RUN   TestContainerRestoreConcurrentParts
2026/09/13 19:49:29 INFO start lazy group evaluation field="Container stored part" group=open:fs
2026/09/13 19:49:29 INFO start lazy group evaluation field="Container stored part" group=open:execMeta
2026/09/13 19:49:29 INFO end lazy group evaluation field="Container stored part" group=open:execMeta duration=10.57µs
2026/09/13 19:49:29 INFO end lazy group evaluation field="Container stored part" group=open:fs duration=82.81µs
2026/09/13 19:49:29 INFO discarding dagql cache without persistence hasSQLDB=false hasPersistDB=false
--- PASS: TestContainerRestoreConcurrentParts (0.00s)
=== RUN   TestContainerRestoreOpenFailureKeepsRecipeConsumed
2026/09/13 19:49:29 INFO start lazy group evaluation field="Container stored part" group=open:fs
2026/09/13 19:49:29 INFO end lazy group evaluation field="Container stored part" group=open:fs duration=57.74µs err="open stored container part \"fs\": stored snapshot temporarily unavailable"
2026/09/13 19:49:29 INFO start lazy group evaluation field="Container stored part" group=open:fs
2026/09/13 19:49:29 INFO end lazy group evaluation field="Container stored part" group=open:fs duration=50.73µs
2026/09/13 19:49:29 INFO start lazy group evaluation field=test.base group=execMeta
2026/09/13 19:49:29 INFO end lazy group evaluation field=test.base group=execMeta duration=24.34µs
2026/09/13 19:49:29 INFO discarding dagql cache without persistence hasSQLDB=false hasPersistDB=false
--- PASS: TestContainerRestoreOpenFailureKeepsRecipeConsumed (0.00s)
=== RUN   TestContainerPersistedPartsIgnorePendingAccessorSeeds
2026/09/13 19:49:29 INFO start lazy group evaluation field=test.base group=metadata
2026/09/13 19:49:29 INFO end lazy group evaluation field=test.base group=metadata duration=25.35µs
--- PASS: TestContainerPersistedPartsIgnorePendingAccessorSeeds (0.00s)
=== RUN   TestContainerPersistedJointOutputsSeedOriginalAndOpenIndependently
2026/09/13 19:49:29 INFO start lazy group evaluation field="Container stored part" group=open:execMeta
2026/09/13 19:49:29 INFO end lazy group evaluation field="Container stored part" group=open:execMeta duration=27.02µs
2026/09/13 19:49:29 INFO start lazy group evaluation field="Container stored part" group=open:fs
2026/09/13 19:49:29 INFO end lazy group evaluation field="Container stored part" group=open:fs duration=18.4µs
2026/09/13 19:49:29 INFO discarding dagql cache without persistence hasSQLDB=false hasPersistDB=false
--- PASS: TestContainerPersistedJointOutputsSeedOriginalAndOpenIndependently (0.00s)
=== RUN   TestContainerPersistedPartsRejectMissingCompletedValue
--- PASS: TestContainerPersistedPartsRejectMissingCompletedValue (0.00s)
=== RUN   TestContainerRestoreReportingAndBookkeepingRetry
=== RUN   TestContainerRestoreReportingAndBookkeepingRetry/stored_only
2026/09/13 19:49:29 INFO start lazy group evaluation field="Container stored part" group=open:fs
2026/09/13 19:49:29 INFO end lazy group evaluation field="Container stored part" group=open:fs duration=31.31µs
2026/09/13 19:49:29 INFO discarding dagql cache without persistence hasSQLDB=false hasPersistDB=false
=== RUN   TestContainerRestoreReportingAndBookkeepingRetry/pending_sibling
2026/09/13 19:49:29 INFO start lazy group evaluation field="Container stored part" group=open:fs
2026/09/13 19:49:29 INFO end lazy group evaluation field="Container stored part" group=open:fs duration=28.33µs
2026/09/13 19:49:29 INFO start lazy group evaluation field=test.base group=execMeta
2026/09/13 19:49:29 INFO end lazy group evaluation field=test.base group=execMeta duration=17.52µs
2026/09/13 19:49:29 INFO discarding dagql cache without persistence hasSQLDB=false hasPersistDB=false
--- PASS: TestContainerRestoreReportingAndBookkeepingRetry (0.00s)
    --- PASS: TestContainerRestoreReportingAndBookkeepingRetry/stored_only (0.00s)
    --- PASS: TestContainerRestoreReportingAndBookkeepingRetry/pending_sibling (0.00s)
=== RUN   TestContainerRestoreSnapshotOwnershipAndRelease
2000/01/01 00:00:00 INFO start lazy group evaluation field="Container stored part" group=open:fs
2000/01/01 00:00:00 INFO end lazy group evaluation field="Container stored part" group=open:fs duration=0s
2000/01/01 00:00:00 INFO start lazy group evaluation field="Container stored part" group=open:fs
2000/01/01 00:00:00 INFO end lazy group evaluation field="Container stored part" group=open:fs duration=0s
2000/01/01 00:00:00 INFO discarding dagql cache without persistence hasSQLDB=false hasPersistDB=false
--- PASS: TestContainerRestoreSnapshotOwnershipAndRelease (0.00s)
=== RUN   TestContainerPersistedDetachedFileAndDirectoryPaths
2026/09/13 19:49:29 INFO starting dagql cache close hasSQLDB=true hasPersistDB=true
2026/09/13 19:49:29 INFO marking dagql cache clean shutdown
2026/09/13 19:49:29 WARN successfully marked clean shutdown in persistence metadata
2026/09/13 19:49:29 INFO completed dagql cache close successfully
2026/09/13 19:49:29 INFO start lazy group evaluation field="Container stored part" group=open:mount:/file
2026/09/13 19:49:29 INFO end lazy group evaluation field="Container stored part" group=open:mount:/file duration=36.2µs
2026/09/13 19:49:29 INFO start lazy group evaluation field="Container stored part" group=open:mount:/dir
2026/09/13 19:49:29 INFO end lazy group evaluation field="Container stored part" group=open:mount:/dir duration=20.119µs
2026/09/13 19:49:29 INFO start lazy group evaluation field="Container stored part" group=open:fs
2026/09/13 19:49:29 INFO end lazy group evaluation field="Container stored part" group=open:fs duration=47.03µs
2026/09/13 19:49:29 INFO discarding dagql cache without persistence hasSQLDB=true hasPersistDB=true
--- PASS: TestContainerPersistedDetachedFileAndDirectoryPaths (0.01s)
=== RUN   TestContainerRestoreAttemptLifetime
=== RUN   TestContainerRestoreAttemptLifetime/cancel_leader_with_healthy_waiter
2000/01/01 00:00:00 INFO start lazy group evaluation field="Container stored part" group=open:fs
2000/01/01 00:00:00 INFO end lazy group evaluation field="Container stored part" group=open:fs duration=0s
2000/01/01 00:00:00 INFO discarding dagql cache without persistence hasSQLDB=false hasPersistDB=false
=== RUN   TestContainerRestoreAttemptLifetime/release_during_open
2000/01/01 00:00:00 INFO start lazy group evaluation field="Container stored part" group=open:fs
2000/01/01 00:00:00 INFO end lazy group evaluation field="Container stored part" group=open:fs duration=0s
2000/01/01 00:00:00 INFO discarding dagql cache without persistence hasSQLDB=false hasPersistDB=false
--- PASS: TestContainerRestoreAttemptLifetime (0.00s)
    --- PASS: TestContainerRestoreAttemptLifetime/cancel_leader_with_healthy_waiter (0.00s)
    --- PASS: TestContainerRestoreAttemptLifetime/release_during_open (0.00s)
=== RUN   TestContainerCompletedProducerPersistsWithoutLoadingParents
2026/09/13 19:49:29 INFO start lazy group evaluation field=Container.withLabel group=metadata
2026/09/13 19:49:29 INFO end lazy group evaluation field=Container.withLabel group=metadata duration=40.279µs
2026/09/13 19:49:29 INFO start lazy group evaluation field=Container.withLabel group=fs
2026/09/13 19:49:29 INFO end lazy group evaluation field=Container.withLabel group=fs duration=18.8µs
2026/09/13 19:49:29 INFO start lazy group evaluation field=Container.withLabel group=execMeta
2026/09/13 19:49:29 INFO end lazy group evaluation field=Container.withLabel group=execMeta duration=5.49µs
2026/09/13 19:49:29 INFO starting dagql cache close hasSQLDB=true hasPersistDB=true
2026/09/13 19:49:29 INFO marking dagql cache clean shutdown
2026/09/13 19:49:29 WARN successfully marked clean shutdown in persistence metadata
2026/09/13 19:49:29 INFO completed dagql cache close successfully
2026/09/13 19:49:29 INFO start lazy group evaluation field="Container stored part" group=open:fs
2026/09/13 19:49:29 INFO end lazy group evaluation field="Container stored part" group=open:fs duration=41.18µs err="open stored container part \"fs\": local snapshot unavailable"
2026/09/13 19:49:29 INFO start lazy group evaluation field="Container stored part" group=open:execMeta
2026/09/13 19:49:29 INFO end lazy group evaluation field="Container stored part" group=open:execMeta duration=18.63µs
2026/09/13 19:49:29 INFO start lazy group evaluation field="Container stored part" group=open:fs
2026/09/13 19:49:29 INFO end lazy group evaluation field="Container stored part" group=open:fs duration=46.64µs
=== RUN   TestContainerCompletedProducerPersistsWithoutLoadingParents/completed_producer_references_relocate_without_loading
=== RUN   TestContainerCompletedProducerPersistsWithoutLoadingParents/old_complete_rows_without_producer_bytes
2026/09/13 19:49:29 INFO discarding dagql cache without persistence hasSQLDB=true hasPersistDB=true
--- PASS: TestContainerCompletedProducerPersistsWithoutLoadingParents (0.01s)
    --- PASS: TestContainerCompletedProducerPersistsWithoutLoadingParents/completed_producer_references_relocate_without_loading (0.00s)
    --- PASS: TestContainerCompletedProducerPersistsWithoutLoadingParents/old_complete_rows_without_producer_bytes (0.00s)
=== RUN   TestFilesystemCompletedProducerPersistence
=== RUN   TestFilesystemCompletedProducerPersistence/Directory
2026/09/13 19:49:29 INFO start lazy evaluation field=Directory.directory
2026/09/13 19:49:29 INFO end lazy evaluation field=Directory.directory duration=141.7µs
2026/09/13 19:49:29 INFO starting dagql cache close hasSQLDB=true hasPersistDB=true
2026/09/13 19:49:29 INFO marking dagql cache clean shutdown
2026/09/13 19:49:29 WARN successfully marked clean shutdown in persistence metadata
2026/09/13 19:49:29 INFO completed dagql cache close successfully
2026/09/13 19:49:29 INFO start lazy evaluation field=Directory.restore
2026/09/13 19:49:29 INFO end lazy evaluation field=Directory.restore duration=49.81µs err="local snapshot unavailable"
2026/09/13 19:49:29 INFO start lazy evaluation field=Directory.restore
2026/09/13 19:49:29 INFO end lazy evaluation field=Directory.restore duration=21.51µs
2026/09/13 19:49:29 INFO discarding dagql cache without persistence hasSQLDB=true hasPersistDB=true
=== RUN   TestFilesystemCompletedProducerPersistence/File
2026/09/13 19:49:29 INFO start lazy evaluation field=File.file
2026/09/13 19:49:29 INFO end lazy evaluation field=File.file duration=95.04µs
2026/09/13 19:49:29 INFO starting dagql cache close hasSQLDB=true hasPersistDB=true
2026/09/13 19:49:29 INFO marking dagql cache clean shutdown
2026/09/13 19:49:29 WARN successfully marked clean shutdown in persistence metadata
2026/09/13 19:49:29 INFO completed dagql cache close successfully
2026/09/13 19:49:29 INFO start lazy evaluation field=File.restore
2026/09/13 19:49:29 INFO end lazy evaluation field=File.restore duration=49.8µs err="local snapshot unavailable"
2026/09/13 19:49:29 INFO start lazy evaluation field=File.restore
2026/09/13 19:49:29 INFO end lazy evaluation field=File.restore duration=28.73µs
2026/09/13 19:49:29 INFO discarding dagql cache without persistence hasSQLDB=true hasPersistDB=true
=== RUN   TestFilesystemCompletedProducerPersistence/Container.rootfs
2026/09/13 19:49:29 INFO start lazy evaluation field=Container.rootfs
2026/09/13 19:49:29 INFO end lazy evaluation field=Container.rootfs duration=50.05µs
2026/09/13 19:49:29 INFO starting dagql cache close hasSQLDB=true hasPersistDB=true
2026/09/13 19:49:29 INFO marking dagql cache clean shutdown
2026/09/13 19:49:29 WARN successfully marked clean shutdown in persistence metadata
2026/09/13 19:49:29 INFO completed dagql cache close successfully
2026/09/13 19:49:29 INFO start lazy evaluation field=Directory.restore
2026/09/13 19:49:29 INFO end lazy evaluation field=Directory.restore duration=43.84µs err="local snapshot unavailable"
2026/09/13 19:49:29 INFO start lazy evaluation field=Directory.restore
2026/09/13 19:49:29 INFO end lazy evaluation field=Directory.restore duration=18.89µs
2026/09/13 19:49:29 INFO discarding dagql cache without persistence hasSQLDB=true hasPersistDB=true
--- PASS: TestFilesystemCompletedProducerPersistence (0.05s)
    --- PASS: TestFilesystemCompletedProducerPersistence/Directory (0.01s)
    --- PASS: TestFilesystemCompletedProducerPersistence/File (0.02s)
    --- PASS: TestFilesystemCompletedProducerPersistence/Container.rootfs (0.02s)
=== RUN   TestPersistedCoreLazyPayloadRelocation
=== RUN   TestPersistedCoreLazyPayloadRelocation/an_omitted_mapping_fails_without_partial_writes
2026/09/13 19:49:29 INFO discarding dagql cache without persistence hasSQLDB=true hasPersistDB=true
--- PASS: TestPersistedCoreLazyPayloadRelocation (0.01s)
    --- PASS: TestPersistedCoreLazyPayloadRelocation/an_omitted_mapping_fails_without_partial_writes (0.00s)
=== RUN   TestContainerPersistedObjectRoundTripsVolumeMount
=== PAUSE TestContainerPersistedObjectRoundTripsVolumeMount
=== CONT  TestContainerExecEvaluatesParentMountsConcurrently
=== CONT  TestContainerPersistedObjectRoundTripsVolumeMount
=== CONT  TestContainerConcurrentGroupCompletionClearsLazyOnce
2026/09/13 19:49:29 INFO start lazy group evaluation field=test.base group=metadata
2026/09/13 19:49:29 INFO end lazy group evaluation field=test.base group=metadata duration=56.549µs
2026/09/13 19:49:29 INFO start lazy group evaluation field=test.base group=fs
2026/09/13 19:49:29 INFO end lazy group evaluation field=test.base group=fs duration=24.57µs
2026/09/13 19:49:29 INFO start lazy group evaluation field=test.base group=execMeta
2026/09/13 19:49:29 INFO end lazy group evaluation field=test.base group=execMeta duration=14.43µs
--- PASS: TestContainerPersistedObjectRoundTripsVolumeMount (0.00s)
2026/09/13 19:49:29 INFO start lazy group evaluation field=Container.withExec group=metadata
2026/09/13 19:49:29 INFO start lazy group evaluation field=test.base group=mount:/b
2026/09/13 19:49:29 INFO start lazy group evaluation field=test.base group=metadata
2026/09/13 19:49:29 INFO end lazy group evaluation field=test.base group=metadata duration=22.98µs
2026/09/13 19:49:29 INFO start lazy group evaluation field=test.base group=mount:/a
2026/09/13 19:49:29 INFO end lazy group evaluation field=Container.withExec group=metadata duration=132.84µs
2026/09/13 19:49:29 INFO end lazy group evaluation field=test.base group=mount:/a duration=50.31µs
2026/09/13 19:49:29 INFO start lazy group evaluation field=Container.withExec group=execOutputs
2026/09/13 19:49:29 INFO end lazy group evaluation field=test.base group=mount:/b duration=106.31µs
2026/09/13 19:49:29 INFO discarding dagql cache without persistence hasSQLDB=false hasPersistDB=false
--- PASS: TestContainerConcurrentGroupCompletionClearsLazyOnce (0.00s)
2026/09/13 19:49:29 INFO start lazy group evaluation field=test.base group=mount:/two
2026/09/13 19:49:29 INFO start lazy group evaluation field=test.base group=fs
2026/09/13 19:49:29 INFO end lazy group evaluation field=test.base group=fs duration=18.29µs
2026/09/13 19:49:29 INFO start lazy group evaluation field=test.base group=mount:/one
2026/09/13 19:49:29 INFO end lazy group evaluation field=test.base group=mount:/two duration=81.25µs
2026/09/13 19:49:29 INFO end lazy group evaluation field=test.base group=mount:/one duration=67.989µs
2026/09/13 19:49:29 INFO end lazy group evaluation field=Container.withExec group=execOutputs duration=254.559µs err="get current query: no query in context"
2026/09/13 19:49:29 INFO discarding dagql cache without persistence hasSQLDB=false hasPersistDB=false
--- PASS: TestContainerExecEvaluatesParentMountsConcurrently (0.00s)
PASS
ok  	github.com/dagger/dagger/core	0.242s
