go test -race -p 1 ./dagql ./core -run '^(TestCapturePersistedRecord|TestCapturePersistedContainer|TestContainerCompletedProducer|TestFilesystemCompletedProducerPersistence|TestContainerRestoreConcurrentParts|TestContainerConcurrentGroupCompletionClearsLazyOnce|TestContainerExecEvaluatesParentMountsConcurrently)' -count=1 -timeout=120s -v
=== RUN   TestCapturePersistedRecordValuesAndColdCopies
--- PASS: TestCapturePersistedRecordValuesAndColdCopies (0.10s)
=== RUN   TestCapturePersistedRecordLazyReadiness
=== RUN   TestCapturePersistedRecordLazyReadiness/whole
=== RUN   TestCapturePersistedRecordLazyReadiness/parts
--- PASS: TestCapturePersistedRecordLazyReadiness (0.00s)
    --- PASS: TestCapturePersistedRecordLazyReadiness/whole (0.00s)
    --- PASS: TestCapturePersistedRecordLazyReadiness/parts (0.00s)
=== RUN   TestCapturePersistedRecordPendingBookkeeping
--- PASS: TestCapturePersistedRecordPendingBookkeeping (0.00s)
=== RUN   TestCapturePersistedRecordBlocksOnlyItsUnstartedEvaluation
--- PASS: TestCapturePersistedRecordBlocksOnlyItsUnstartedEvaluation (0.00s)
=== RUN   TestCapturePersistedRecordOwnershipAndCancellation
=== RUN   TestCapturePersistedRecordOwnershipAndCancellation/success
=== RUN   TestCapturePersistedRecordOwnershipAndCancellation/cancellation
--- PASS: TestCapturePersistedRecordOwnershipAndCancellation (0.00s)
    --- PASS: TestCapturePersistedRecordOwnershipAndCancellation/success (0.00s)
    --- PASS: TestCapturePersistedRecordOwnershipAndCancellation/cancellation (0.00s)
=== RUN   TestCapturePersistedRecordErrorsAndClose
--- PASS: TestCapturePersistedRecordErrorsAndClose (0.00s)
=== RUN   TestCapturePersistedRecordInitialAttachment
=== RUN   TestCapturePersistedRecordInitialAttachment/clean
=== RUN   TestCapturePersistedRecordInitialAttachment/failed
--- PASS: TestCapturePersistedRecordInitialAttachment (0.00s)
    --- PASS: TestCapturePersistedRecordInitialAttachment/clean (0.00s)
    --- PASS: TestCapturePersistedRecordInitialAttachment/failed (0.00s)
PASS
ok  	github.com/dagger/dagger/dagql	1.173s
=== RUN   TestCapturePersistedContainerDirectEvaluation
=== RUN   TestCapturePersistedContainerDirectEvaluation/metadata
2026/09/13 19:54:36 INFO start lazy group evaluation field=capture-test group=metadata
2026/09/13 19:54:36 INFO end lazy group evaluation field=capture-test group=metadata duration=285.499µs
2026/09/13 19:54:36 INFO discarding dagql cache without persistence hasSQLDB=false hasPersistDB=false
=== RUN   TestCapturePersistedContainerDirectEvaluation/snapshot
2026/09/13 19:54:36 INFO start lazy group evaluation field=capture-test group=metadata
2026/09/13 19:54:36 INFO end lazy group evaluation field=capture-test group=metadata duration=47.76µs
2026/09/13 19:54:36 INFO start lazy group evaluation field=capture-test group=fs
2026/09/13 19:54:36 INFO start lazy group evaluation field=capture-test group=execMeta
2026/09/13 19:54:36 INFO end lazy group evaluation field=capture-test group=execMeta duration=37.53µs
2026/09/13 19:54:36 INFO end lazy group evaluation field=capture-test group=fs duration=228.509µs
2026/09/13 19:54:36 INFO discarding dagql cache without persistence hasSQLDB=false hasPersistDB=false
=== RUN   TestCapturePersistedContainerDirectEvaluation/whole
2026/09/13 19:54:36 INFO start lazy group evaluation field=capture-test group=metadata
2026/09/13 19:54:36 INFO end lazy group evaluation field=capture-test group=metadata duration=141.08µs
2026/09/13 19:54:36 INFO start lazy group evaluation field=capture-test group=fs
2026/09/13 19:54:36 INFO end lazy group evaluation field=capture-test group=fs duration=24.05µs
2026/09/13 19:54:36 INFO start lazy group evaluation field=capture-test group=execMeta
2026/09/13 19:54:36 INFO end lazy group evaluation field=capture-test group=execMeta duration=21.11µs
2026/09/13 19:54:36 INFO discarding dagql cache without persistence hasSQLDB=false hasPersistDB=false
--- PASS: TestCapturePersistedContainerDirectEvaluation (0.01s)
    --- PASS: TestCapturePersistedContainerDirectEvaluation/metadata (0.01s)
    --- PASS: TestCapturePersistedContainerDirectEvaluation/snapshot (0.00s)
    --- PASS: TestCapturePersistedContainerDirectEvaluation/whole (0.00s)
=== RUN   TestCapturePersistedContainerExcludesNewDirectGroups
2026/09/13 19:54:36 INFO start lazy group evaluation field=capture-test group=metadata
2026/09/13 19:54:36 INFO end lazy group evaluation field=capture-test group=metadata duration=122.949µs
2026/09/13 19:54:36 INFO discarding dagql cache without persistence hasSQLDB=false hasPersistDB=false
--- PASS: TestCapturePersistedContainerExcludesNewDirectGroups (0.00s)
=== RUN   TestCapturePersistedContainerUnrefinedBody
=== RUN   TestCapturePersistedContainerUnrefinedBody/active
2026/09/13 19:54:36 INFO start lazy evaluation field=capture-whole-test
2026/09/13 19:54:36 INFO end lazy evaluation field=capture-whole-test duration=193.789µs
2026/09/13 19:54:36 INFO discarding dagql cache without persistence hasSQLDB=false hasPersistDB=false
=== RUN   TestCapturePersistedContainerUnrefinedBody/consumed-before-return
2026/09/13 19:54:36 INFO start lazy evaluation field=capture-whole-test
2026/09/13 19:54:36 INFO end lazy evaluation field=capture-whole-test duration=169.069µs
2026/09/13 19:54:36 INFO discarding dagql cache without persistence hasSQLDB=false hasPersistDB=false
--- PASS: TestCapturePersistedContainerUnrefinedBody (0.00s)
    --- PASS: TestCapturePersistedContainerUnrefinedBody/active (0.00s)
    --- PASS: TestCapturePersistedContainerUnrefinedBody/consumed-before-return (0.00s)
=== RUN   TestCapturePersistedContainerReleasesLocksOnCodecError
2026/09/13 19:54:36 INFO start lazy group evaluation field=capture-test group=metadata
2026/09/13 19:54:36 INFO end lazy group evaluation field=capture-test group=metadata duration=100.15µs
2026/09/13 19:54:36 INFO start lazy group evaluation field=capture-test group=fs
2026/09/13 19:54:36 INFO end lazy group evaluation field=capture-test group=fs duration=42.16µs
2026/09/13 19:54:36 INFO start lazy group evaluation field=capture-test group=execMeta
2026/09/13 19:54:36 INFO end lazy group evaluation field=capture-test group=execMeta duration=32.71µs
2026/09/13 19:54:36 INFO discarding dagql cache without persistence hasSQLDB=false hasPersistDB=false
--- PASS: TestCapturePersistedContainerReleasesLocksOnCodecError (0.00s)
=== RUN   TestContainerExecEvaluatesParentMountsConcurrently
=== PAUSE TestContainerExecEvaluatesParentMountsConcurrently
=== RUN   TestContainerConcurrentGroupCompletionClearsLazyOnce
=== PAUSE TestContainerConcurrentGroupCompletionClearsLazyOnce
=== RUN   TestContainerRestoreConcurrentParts
2026/09/13 19:54:36 INFO start lazy group evaluation field="Container stored part" group=open:fs
2026/09/13 19:54:36 INFO start lazy group evaluation field="Container stored part" group=open:execMeta
2026/09/13 19:54:36 INFO end lazy group evaluation field="Container stored part" group=open:execMeta duration=27.35µs
2026/09/13 19:54:36 INFO end lazy group evaluation field="Container stored part" group=open:fs duration=210.32µs
2026/09/13 19:54:36 INFO discarding dagql cache without persistence hasSQLDB=false hasPersistDB=false
--- PASS: TestContainerRestoreConcurrentParts (0.00s)
=== RUN   TestContainerCompletedProducerPersistsWithoutLoadingParents
2026/09/13 19:54:36 INFO start lazy group evaluation field=Container.withLabel group=metadata
2026/09/13 19:54:36 INFO end lazy group evaluation field=Container.withLabel group=metadata duration=74.139µs
2026/09/13 19:54:36 INFO start lazy group evaluation field=Container.withLabel group=fs
2026/09/13 19:54:36 INFO end lazy group evaluation field=Container.withLabel group=fs duration=30.93µs
2026/09/13 19:54:36 INFO start lazy group evaluation field=Container.withLabel group=execMeta
2026/09/13 19:54:36 INFO end lazy group evaluation field=Container.withLabel group=execMeta duration=21.85µs
2026/09/13 19:54:36 INFO starting dagql cache close hasSQLDB=true hasPersistDB=true
2026/09/13 19:54:36 INFO marking dagql cache clean shutdown
2026/09/13 19:54:36 WARN successfully marked clean shutdown in persistence metadata
2026/09/13 19:54:36 INFO completed dagql cache close successfully
2026/09/13 19:54:36 INFO start lazy group evaluation field="Container stored part" group=open:fs
2026/09/13 19:54:36 INFO end lazy group evaluation field="Container stored part" group=open:fs duration=78.33µs err="open stored container part \"fs\": local snapshot unavailable"
2026/09/13 19:54:36 INFO start lazy group evaluation field="Container stored part" group=open:execMeta
2026/09/13 19:54:36 INFO end lazy group evaluation field="Container stored part" group=open:execMeta duration=36.119µs
2026/09/13 19:54:36 INFO start lazy group evaluation field="Container stored part" group=open:fs
2026/09/13 19:54:36 INFO end lazy group evaluation field="Container stored part" group=open:fs duration=31.6µs
=== RUN   TestContainerCompletedProducerPersistsWithoutLoadingParents/completed_producer_references_relocate_without_loading
=== RUN   TestContainerCompletedProducerPersistsWithoutLoadingParents/old_complete_rows_without_producer_bytes
2026/09/13 19:54:36 INFO discarding dagql cache without persistence hasSQLDB=true hasPersistDB=true
--- PASS: TestContainerCompletedProducerPersistsWithoutLoadingParents (0.07s)
    --- PASS: TestContainerCompletedProducerPersistsWithoutLoadingParents/completed_producer_references_relocate_without_loading (0.00s)
    --- PASS: TestContainerCompletedProducerPersistsWithoutLoadingParents/old_complete_rows_without_producer_bytes (0.00s)
=== RUN   TestFilesystemCompletedProducerPersistence
=== RUN   TestFilesystemCompletedProducerPersistence/Directory
2026/09/13 19:54:36 INFO start lazy evaluation field=Directory.directory
2026/09/13 19:54:36 INFO end lazy evaluation field=Directory.directory duration=209.289µs
2026/09/13 19:54:36 INFO starting dagql cache close hasSQLDB=true hasPersistDB=true
2026/09/13 19:54:36 INFO marking dagql cache clean shutdown
2026/09/13 19:54:36 WARN successfully marked clean shutdown in persistence metadata
2026/09/13 19:54:36 INFO completed dagql cache close successfully
2026/09/13 19:54:36 INFO start lazy evaluation field=Directory.restore
2026/09/13 19:54:36 INFO end lazy evaluation field=Directory.restore duration=51.02µs err="local snapshot unavailable"
2026/09/13 19:54:36 INFO start lazy evaluation field=Directory.restore
2026/09/13 19:54:36 INFO end lazy evaluation field=Directory.restore duration=29.19µs
2026/09/13 19:54:36 INFO discarding dagql cache without persistence hasSQLDB=true hasPersistDB=true
=== RUN   TestFilesystemCompletedProducerPersistence/File
2026/09/13 19:54:36 INFO start lazy evaluation field=File.file
2026/09/13 19:54:36 INFO end lazy evaluation field=File.file duration=300.41µs
2026/09/13 19:54:36 INFO starting dagql cache close hasSQLDB=true hasPersistDB=true
2026/09/13 19:54:36 INFO marking dagql cache clean shutdown
2026/09/13 19:54:36 WARN successfully marked clean shutdown in persistence metadata
2026/09/13 19:54:36 INFO completed dagql cache close successfully
2026/09/13 19:54:36 INFO start lazy evaluation field=File.restore
2026/09/13 19:54:36 INFO end lazy evaluation field=File.restore duration=115.91µs err="local snapshot unavailable"
2026/09/13 19:54:36 INFO start lazy evaluation field=File.restore
2026/09/13 19:54:36 INFO end lazy evaluation field=File.restore duration=73.04µs
2026/09/13 19:54:36 INFO discarding dagql cache without persistence hasSQLDB=true hasPersistDB=true
=== RUN   TestFilesystemCompletedProducerPersistence/Container.rootfs
2026/09/13 19:54:36 INFO start lazy evaluation field=Container.rootfs
2026/09/13 19:54:36 INFO end lazy evaluation field=Container.rootfs duration=80.989µs
2026/09/13 19:54:36 INFO starting dagql cache close hasSQLDB=true hasPersistDB=true
2026/09/13 19:54:36 INFO marking dagql cache clean shutdown
2026/09/13 19:54:36 WARN successfully marked clean shutdown in persistence metadata
2026/09/13 19:54:36 INFO completed dagql cache close successfully
2026/09/13 19:54:36 INFO start lazy evaluation field=Directory.restore
2026/09/13 19:54:36 INFO end lazy evaluation field=Directory.restore duration=157.829µs err="local snapshot unavailable"
2026/09/13 19:54:36 INFO start lazy evaluation field=Directory.restore
2026/09/13 19:54:36 INFO end lazy evaluation field=Directory.restore duration=68.29µs
2026/09/13 19:54:36 INFO discarding dagql cache without persistence hasSQLDB=true hasPersistDB=true
--- PASS: TestFilesystemCompletedProducerPersistence (0.26s)
    --- PASS: TestFilesystemCompletedProducerPersistence/Directory (0.06s)
    --- PASS: TestFilesystemCompletedProducerPersistence/File (0.12s)
    --- PASS: TestFilesystemCompletedProducerPersistence/Container.rootfs (0.08s)
=== CONT  TestContainerConcurrentGroupCompletionClearsLazyOnce
=== CONT  TestContainerExecEvaluatesParentMountsConcurrently
2026/09/13 19:54:36 INFO start lazy group evaluation field=test.base group=metadata
2026/09/13 19:54:36 INFO end lazy group evaluation field=test.base group=metadata duration=85.93µs
2026/09/13 19:54:36 INFO start lazy group evaluation field=test.base group=fs
2026/09/13 19:54:36 INFO end lazy group evaluation field=test.base group=fs duration=68.59µs
2026/09/13 19:54:36 INFO start lazy group evaluation field=test.base group=execMeta
2026/09/13 19:54:36 INFO end lazy group evaluation field=test.base group=execMeta duration=61.2µs
2026/09/13 19:54:36 INFO start lazy group evaluation field=test.base group=mount:/b
2026/09/13 19:54:36 INFO start lazy group evaluation field=test.base group=mount:/a
2026/09/13 19:54:36 INFO end lazy group evaluation field=test.base group=mount:/a duration=249.94µs
2026/09/13 19:54:36 INFO end lazy group evaluation field=test.base group=mount:/b duration=333.56µs
2026/09/13 19:54:36 INFO start lazy group evaluation field=Container.withExec group=metadata
2026/09/13 19:54:36 INFO start lazy group evaluation field=test.base group=metadata
2026/09/13 19:54:36 INFO end lazy group evaluation field=test.base group=metadata duration=23.079µs
2026/09/13 19:54:36 INFO end lazy group evaluation field=Container.withExec group=metadata duration=159.019µs
2026/09/13 19:54:36 INFO start lazy group evaluation field=Container.withExec group=execOutputs
2026/09/13 19:54:36 INFO discarding dagql cache without persistence hasSQLDB=false hasPersistDB=false
2026/09/13 19:54:36 INFO start lazy group evaluation field=test.base group=mount:/one
--- PASS: TestContainerConcurrentGroupCompletionClearsLazyOnce (0.00s)
2026/09/13 19:54:36 INFO start lazy group evaluation field=test.base group=mount:/two
2026/09/13 19:54:36 INFO start lazy group evaluation field=test.base group=fs
2026/09/13 19:54:36 INFO end lazy group evaluation field=test.base group=mount:/one duration=197.04µs
2026/09/13 19:54:36 INFO end lazy group evaluation field=test.base group=fs duration=108.71µs
2026/09/13 19:54:36 INFO end lazy group evaluation field=test.base group=mount:/two duration=142.64µs
2026/09/13 19:54:36 INFO end lazy group evaluation field=Container.withExec group=execOutputs duration=1.504847ms err="get current query: no query in context"
2026/09/13 19:54:36 INFO discarding dagql cache without persistence hasSQLDB=false hasPersistDB=false
--- PASS: TestContainerExecEvaluatesParentMountsConcurrently (0.00s)
PASS
ok  	github.com/dagger/dagger/core	1.808s
