=== RUN   TestRemoteCacheExtraDigestMetadata
=== RUN   TestRemoteCacheExtraDigestMetadata/unmarked
=== RUN   TestRemoteCacheExtraDigestMetadata/detached
=== RUN   TestRemoteCacheExtraDigestMetadata/attached
--- PASS: TestRemoteCacheExtraDigestMetadata (0.19s)
    --- PASS: TestRemoteCacheExtraDigestMetadata/unmarked (0.16s)
    --- PASS: TestRemoteCacheExtraDigestMetadata/detached (0.01s)
    --- PASS: TestRemoteCacheExtraDigestMetadata/attached (0.02s)
=== RUN   TestOfferPartsPreparationWindow
=== RUN   TestOfferPartsPreparationWindow/preparation_holds_references_across_collection
=== RUN   TestOfferPartsPreparationWindow/new_offer_refused_after_preparation
=== RUN   TestOfferPartsPreparationWindow/same-owner_refresh_refused_after_preparation
=== RUN   TestOfferPartsPreparationWindow/different-owner_replacement_refused_after_preparation
--- PASS: TestOfferPartsPreparationWindow (0.04s)
    --- PASS: TestOfferPartsPreparationWindow/preparation_holds_references_across_collection (0.01s)
    --- PASS: TestOfferPartsPreparationWindow/new_offer_refused_after_preparation (0.01s)
    --- PASS: TestOfferPartsPreparationWindow/same-owner_refresh_refused_after_preparation (0.01s)
    --- PASS: TestOfferPartsPreparationWindow/different-owner_replacement_refused_after_preparation (0.01s)
=== RUN   TestOfferSettlementReplacement
=== RUN   TestOfferSettlementReplacement/replacement_during_the_winning_acquisition_is_retired
    cache_offer_matrix_test.go:239: real native snapshot transfer requires read-only bind mount privileges: mount source: "/tmp/TestOfferSettlementReplacementreplacement_during_the_winning_ac2762385104/001", target: "/tmp/snapshot-transfer-mount2627270288", fstype: bind, flags: 20481, data: "", err: operation not permitted
=== RUN   TestOfferSettlementReplacement/acceptance_after_commit_is_already_complete
    cache_offer_matrix_test.go:262: real native snapshot transfer requires read-only bind mount privileges: mount source: "/tmp/TestOfferSettlementReplacementacceptance_after_commit_is_alread1371374592/001", target: "/tmp/snapshot-transfer-mount3314223765", fstype: bind, flags: 20481, data: "", err: operation not permitted
=== RUN   TestOfferSettlementReplacement/failed_sync_keeps_the_output,_not_the_acquisition_hold
    cache_offer_matrix_test.go:286: real native snapshot transfer requires read-only bind mount privileges: mount source: "/tmp/TestOfferSettlementReplacementfailed_sync_keeps_the_output,_not3755944459/001", target: "/tmp/snapshot-transfer-mount1123806914", fstype: bind, flags: 20481, data: "", err: operation not permitted
=== RUN   TestOfferSettlementReplacement/failed_sync_keeps_the_output,_not_the_acquisition_hold,_with_a_back-reference_to_the_receiver
    cache_offer_matrix_test.go:286: real native snapshot transfer requires read-only bind mount privileges: mount source: "/tmp/TestOfferSettlementReplacementfailed_sync_keeps_the_output,_not1161210450/001", target: "/tmp/snapshot-transfer-mount1145648496", fstype: bind, flags: 20481, data: "", err: operation not permitted
--- PASS: TestOfferSettlementReplacement (0.00s)
    --- SKIP: TestOfferSettlementReplacement/replacement_during_the_winning_acquisition_is_retired (0.00s)
    --- SKIP: TestOfferSettlementReplacement/acceptance_after_commit_is_already_complete (0.00s)
    --- SKIP: TestOfferSettlementReplacement/failed_sync_keeps_the_output,_not_the_acquisition_hold (0.00s)
    --- SKIP: TestOfferSettlementReplacement/failed_sync_keeps_the_output,_not_the_acquisition_hold,_with_a_back-reference_to_the_receiver (0.00s)
=== RUN   TestOfferResourcesDoNotGateLookup
    cache_offer_matrix_test.go:331: real native snapshot transfer requires read-only bind mount privileges: mount source: "/tmp/TestOfferResourcesDoNotGateLookup2313603162/001", target: "/tmp/snapshot-transfer-mount1391551362", fstype: bind, flags: 20481, data: "", err: operation not permitted
--- SKIP: TestOfferResourcesDoNotGateLookup (0.00s)
=== RUN   TestCacheCloseWithShutdownError
=== RUN   TestCacheCloseWithShutdownError/seeded_cause_keeps_the_checkpoint_dirty
=== RUN   TestCacheCloseWithShutdownError/nil_cause_closes_cleanly
=== RUN   TestCacheCloseWithShutdownError/discarded_cache_ignores_a_later_cause
--- PASS: TestCacheCloseWithShutdownError (0.04s)
    --- PASS: TestCacheCloseWithShutdownError/seeded_cause_keeps_the_checkpoint_dirty (0.02s)
    --- PASS: TestCacheCloseWithShutdownError/nil_cause_closes_cleanly (0.02s)
    --- PASS: TestCacheCloseWithShutdownError/discarded_cache_ignores_a_later_cause (0.01s)
=== RUN   TestRenewalShutdownDrainsOwnership
    cache_offer_matrix_test.go:434: real native snapshot transfer requires read-only bind mount privileges: mount source: "/tmp/TestRenewalShutdownDrainsOwnership270674077/001", target: "/tmp/snapshot-transfer-mount2783572771", fstype: bind, flags: 20481, data: "", err: operation not permitted
--- SKIP: TestRenewalShutdownDrainsOwnership (0.00s)
=== RUN   TestOfferPendingRestartAndForward
    cache_offer_restart_test.go:58: real native snapshot transfer requires read-only bind mount privileges: mount source: "/tmp/TestOfferPendingRestartAndForward3131555853/001", target: "/tmp/snapshot-transfer-mount1489922055", fstype: bind, flags: 20481, data: "", err: operation not permitted
--- SKIP: TestOfferPendingRestartAndForward (0.00s)
=== RUN   TestRemoteCacheUnusedRanking
--- PASS: TestRemoteCacheUnusedRanking (0.01s)
=== RUN   TestRemoteCacheUnusedCost
    cache_offer_restart_test.go:169: real native snapshot transfer requires read-only bind mount privileges: mount source: "/tmp/TestRemoteCacheUnusedCost358646941/001", target: "/tmp/snapshot-transfer-mount1997916305", fstype: bind, flags: 20481, data: "", err: operation not permitted
--- SKIP: TestRemoteCacheUnusedCost (0.00s)
=== RUN   TestOfferPartsBeforeStart
=== RUN   TestOfferPartsBeforeStart/open
=== RUN   TestOfferPartsBeforeStart/preparing
=== RUN   TestOfferPartsBeforeStart/running
=== RUN   TestOfferPartsBeforeStart/evaluated
--- PASS: TestOfferPartsBeforeStart (0.07s)
    --- PASS: TestOfferPartsBeforeStart/open (0.01s)
    --- PASS: TestOfferPartsBeforeStart/preparing (0.01s)
    --- PASS: TestOfferPartsBeforeStart/running (0.02s)
    --- PASS: TestOfferPartsBeforeStart/evaluated (0.01s)
=== RUN   TestOfferPartsInvalidatesSourceCheck
--- PASS: TestOfferPartsInvalidatesSourceCheck (0.01s)
=== RUN   TestOfferPartsOwnership
--- PASS: TestOfferPartsOwnership (0.01s)
=== RUN   TestOfferPartsResourcesAndSettlement
--- PASS: TestOfferPartsResourcesAndSettlement (0.01s)
=== RUN   TestOfferPartsInlineAndReferencedRows
--- PASS: TestOfferPartsInlineAndReferencedRows (0.01s)
=== RUN   TestOfferPartsClosesNativeAdmission
--- PASS: TestOfferPartsClosesNativeAdmission (0.01s)
=== RUN   TestOfferPartsAcceptedCleanupFailure
--- PASS: TestOfferPartsAcceptedCleanupFailure (0.01s)
=== RUN   TestPartContentSourceAvailability
=== RUN   TestPartContentSourceAvailability/empty_chain_is_scratch
=== RUN   TestPartContentSourceAvailability/fixed_address
=== RUN   TestPartContentSourceAvailability/unexpired_address
=== RUN   TestPartContentSourceAvailability/expired_address
=== RUN   TestPartContentSourceAvailability/missing_address
=== RUN   TestPartContentSourceAvailability/non-HTTP_address
=== RUN   TestPartContentSourceAvailability/relative_address
=== RUN   TestPartContentSourceAvailability/renewal_key_needs_a_bridge
=== RUN   TestPartContentSourceAvailability/renewal_key_with_non-HTTP_address
--- PASS: TestPartContentSourceAvailability (0.01s)
    --- PASS: TestPartContentSourceAvailability/empty_chain_is_scratch (0.00s)
    --- PASS: TestPartContentSourceAvailability/fixed_address (0.00s)
    --- PASS: TestPartContentSourceAvailability/unexpired_address (0.00s)
    --- PASS: TestPartContentSourceAvailability/expired_address (0.00s)
    --- PASS: TestPartContentSourceAvailability/missing_address (0.00s)
    --- PASS: TestPartContentSourceAvailability/non-HTTP_address (0.00s)
    --- PASS: TestPartContentSourceAvailability/relative_address (0.00s)
    --- PASS: TestPartContentSourceAvailability/renewal_key_needs_a_bridge (0.00s)
    --- PASS: TestPartContentSourceAvailability/renewal_key_with_non-HTTP_address (0.00s)
=== RUN   TestPartContentIdleReader
=== RUN   TestPartContentIdleReader/header_stall
=== RUN   TestPartContentIdleReader/blocked_read_and_progress
=== RUN   TestPartContentIdleReader/close_unblocks_read
=== RUN   TestPartContentIdleReader/caller_cancellation
=== RUN   TestPartContentIdleReader/descriptor_checks
=== RUN   TestPartContentIdleReader/ranges
--- PASS: TestPartContentIdleReader (0.00s)
    --- PASS: TestPartContentIdleReader/header_stall (0.00s)
    --- PASS: TestPartContentIdleReader/blocked_read_and_progress (0.00s)
    --- PASS: TestPartContentIdleReader/close_unblocks_read (0.00s)
    --- PASS: TestPartContentIdleReader/caller_cancellation (0.00s)
    --- PASS: TestPartContentIdleReader/descriptor_checks (0.00s)
    --- PASS: TestPartContentIdleReader/ranges (0.00s)
=== RUN   TestPartContentBodyClosedOnce
=== RUN   TestPartContentBodyClosedOnce/end_of_blob
=== RUN   TestPartContentBodyClosedOnce/reader_close
=== RUN   TestPartContentBodyClosedOnce/concurrent_cancellation
=== RUN   TestPartContentBodyClosedOnce/idle_expiry_and_status
--- PASS: TestPartContentBodyClosedOnce (0.00s)
    --- PASS: TestPartContentBodyClosedOnce/end_of_blob (0.00s)
    --- PASS: TestPartContentBodyClosedOnce/reader_close (0.00s)
    --- PASS: TestPartContentBodyClosedOnce/concurrent_cancellation (0.00s)
    --- PASS: TestPartContentBodyClosedOnce/idle_expiry_and_status (0.00s)
=== RUN   TestRenewalChainControls
    cache_part_content_test.go:699: real native snapshot transfer requires read-only bind mount privileges: mount source: "/tmp/TestRenewalChainControls835260599/001", target: "/tmp/snapshot-transfer-mount1543185982", fstype: bind, flags: 20481, data: "", err: operation not permitted
--- SKIP: TestRenewalChainControls (0.00s)
=== RUN   TestRenewalExhaustion
    cache_part_content_test.go:962: real native snapshot transfer requires read-only bind mount privileges: mount source: "/tmp/TestRenewalExhaustion3445069340/001", target: "/tmp/snapshot-transfer-mount1333188375", fstype: bind, flags: 20481, data: "", err: operation not permitted
--- SKIP: TestRenewalExhaustion (0.00s)
=== RUN   TestPartUnusedHostAllocatesNoGate
--- PASS: TestPartUnusedHostAllocatesNoGate (0.00s)
=== RUN   TestPartFixedProviderAndContentExhaustion
--- PASS: TestPartFixedProviderAndContentExhaustion (0.01s)
=== RUN   TestPartFixedProviderMultiBuffer
=== RUN   TestPartFixedProviderMultiBuffer/ranges
    cache_part_provider_test.go:163: bytes=320000 buffer=16384 reads=20 requests=3 initial-path-requests=1
=== RUN   TestPartFixedProviderMultiBuffer/full-body
    cache_part_provider_test.go:163: bytes=320000 buffer=16384 reads=20 requests=3 initial-path-requests=1
--- PASS: TestPartFixedProviderMultiBuffer (0.01s)
    --- PASS: TestPartFixedProviderMultiBuffer/ranges (0.00s)
    --- PASS: TestPartFixedProviderMultiBuffer/full-body (0.00s)
=== RUN   TestPartFixedProviderCancellationClosesStream
--- PASS: TestPartFixedProviderCancellationClosesStream (0.00s)
=== RUN   TestRenewalMailbox
=== RUN   TestRenewalMailbox/capacity_and_deadline
=== RUN   TestRenewalMailbox/cancellation
=== RUN   TestRenewalMailbox/cancellation_seen_before_the_requester_runs
=== RUN   TestRenewalMailbox/replies
=== RUN   TestRenewalMailbox/detach
--- PASS: TestRenewalMailbox (0.00s)
    --- PASS: TestRenewalMailbox/capacity_and_deadline (0.00s)
    --- PASS: TestRenewalMailbox/cancellation (0.00s)
    --- PASS: TestRenewalMailbox/cancellation_seen_before_the_requester_runs (0.00s)
    --- PASS: TestRenewalMailbox/replies (0.00s)
    --- PASS: TestRenewalMailbox/detach (0.00s)
=== RUN   TestRenewalEpisodeSet
--- PASS: TestRenewalEpisodeSet (0.00s)
=== RUN   TestRenewalSettledEpisodeAfterDeadline
--- PASS: TestRenewalSettledEpisodeAfterDeadline (0.00s)
=== RUN   TestRenewalClaimKeepsSourceCheck
--- PASS: TestRenewalClaimKeepsSourceCheck (0.01s)
=== RUN   TestRemoteCacheBridgeAttachment
--- PASS: TestRemoteCacheBridgeAttachment (0.01s)
PASS
ok  	github.com/dagger/dagger/dagql	0.546s
