=== RUN   TestRemoteCacheFixturePruneReport
=== RUN   TestRemoteCacheFixturePruneReport/disk
2026/09/17 03:44:05 INFO dagql pruned result resultID=1 call=Query.fixtureRoot digest=xxh3:aaf9fb7989491a72 args=[] description=fixtureRoot measuredSizeBytes=0 reclaimedBytes=0
=== RUN   TestRemoteCacheFixturePruneReport/metadata
2026/09/17 03:44:05 INFO dagql metadata prune finished triggered=true maximumEstimatedBytes=4351 targetEstimatedBytes=1 beforeEstimatedBytes=4352 beforeResults=1 beforeTerms=1 beforeClassSlots=1 afterInitialCompactionEstimatedBytes=4352 afterInitialCompactionResults=1 afterInitialCompactionTerms=1 afterInitialCompactionClassSlots=1 afterPruneEstimatedBytes=0 afterPruneResults=0 afterPruneTerms=0 afterPruneClassSlots=0 initialCompactionOldClassSlots=1 initialCompactionNewClassSlots=1 finalCompactionOldClassSlots=0 finalCompactionNewClassSlots=0 candidateCount=1 plannedRootCount=1 simulatedCollectedResultCount=1 simulatedStructuralBytes=4352 removedPersistedRootCount=1 candidatesExhausted=false snapshotGCAttempted=false snapshotGCSucceeded=false duration=70.38µs
--- PASS: TestRemoteCacheFixturePruneReport (0.13s)
    --- PASS: TestRemoteCacheFixturePruneReport/disk (0.12s)
    --- PASS: TestRemoteCacheFixturePruneReport/metadata (0.00s)
=== RUN   TestRemoteCacheIntegrationConfig
--- PASS: TestRemoteCacheIntegrationConfig (0.00s)
=== RUN   TestRemoteCacheAdapterLifetime
=== RUN   TestRemoteCacheAdapterLifetime/stop_cancels_a_cooperative_run
=== RUN   TestRemoteCacheAdapterLifetime/shutdown_context_cancels_run
=== RUN   TestRemoteCacheAdapterLifetime/run_exit_detaches_without_failing_ordinary_work
2026/09/17 03:44:05 ERROR remote cache integration exited error="integration channel closed"
=== RUN   TestRemoteCacheAdapterLifetime/an_exited_run_has_stopped_under_an_expired_context
=== RUN   TestRemoteCacheAdapterLifetime/noncooperative_run_is_reported
--- PASS: TestRemoteCacheAdapterLifetime (0.00s)
    --- PASS: TestRemoteCacheAdapterLifetime/stop_cancels_a_cooperative_run (0.00s)
    --- PASS: TestRemoteCacheAdapterLifetime/shutdown_context_cancels_run (0.00s)
    --- PASS: TestRemoteCacheAdapterLifetime/run_exit_detaches_without_failing_ordinary_work (0.00s)
    --- PASS: TestRemoteCacheAdapterLifetime/an_exited_run_has_stopped_under_an_expired_context (0.00s)
    --- PASS: TestRemoteCacheAdapterLifetime/noncooperative_run_is_reported (0.00s)
=== RUN   TestRemoteCacheGracefulStop
=== RUN   TestRemoteCacheGracefulStop/noncooperative_run_leaves_the_checkpoint_dirty
2026/09/17 03:44:05 ERROR failed to stop remote cache integration error="remote cache integration did not stop: context canceled"
2026/09/17 03:44:05 INFO starting dagql cache close hasSQLDB=true hasPersistDB=true
2026/09/17 03:44:05 ERROR dagql cache close exiting with error err="remote cache integration did not stop: context canceled"
2026/09/17 03:44:05 ERROR failed to close base dagql cache error="remote cache integration did not stop: context canceled"
2026/09/17 03:44:05 WARN dagql persistence store marked unclean; wiping and cold-starting cleanShutdown=0
2026/09/17 03:44:07 INFO discarding dagql cache without persistence hasSQLDB=true hasPersistDB=true
=== RUN   TestRemoteCacheGracefulStop/cooperative_run_closes_cleanly
2026/09/17 03:44:07 INFO starting dagql cache close hasSQLDB=true hasPersistDB=true
2026/09/17 03:44:07 INFO marking dagql cache clean shutdown
2026/09/17 03:44:07 WARN successfully marked clean shutdown in persistence metadata
2026/09/17 03:44:07 INFO completed dagql cache close successfully
2026/09/17 03:44:07 INFO discarding dagql cache without persistence hasSQLDB=true hasPersistDB=true
=== RUN   TestRemoteCacheGracefulStop/earlier_shutdown_errors_are_returned
2026/09/17 03:44:07 INFO starting dagql cache close hasSQLDB=true hasPersistDB=true
2026/09/17 03:44:07 INFO marking dagql cache clean shutdown
2026/09/17 03:44:07 WARN successfully marked clean shutdown in persistence metadata
2026/09/17 03:44:07 INFO completed dagql cache close successfully
--- PASS: TestRemoteCacheGracefulStop (2.22s)
    --- PASS: TestRemoteCacheGracefulStop/noncooperative_run_leaves_the_checkpoint_dirty (2.06s)
    --- PASS: TestRemoteCacheGracefulStop/cooperative_run_closes_cleanly (0.08s)
    --- PASS: TestRemoteCacheGracefulStop/earlier_shutdown_errors_are_returned (0.07s)
PASS
ok  	github.com/dagger/dagger/engine/server	3.746s
