[dagger] 30.0s elapsed · 7 steps running
[dagger] 1m0s elapsed · 5 steps running
[dagger] 1m30s elapsed · 10 steps running
[dagger] 2m0s elapsed · 23 steps running
[dagger] 2m30s elapsed · 12 steps running
[dagger] 3m0s elapsed · 12 steps running
[dagger] 3m30s elapsed · 10 steps running
== TRACE ==  ✔ PASSED
engine-dev test --pkg ./core/integration --run=RemoteCacheTransferSuite/TestSchemaRecovery$/after$ --timeout=20m --test-verbose  3m48s

✔ connect 0.3s
✔ load workspace: . 2.0s
✔ parsing command line arguments 0.0s

✔ engineDev(
  ┆ ws: currentWorkspace: Workspace!
  ): EngineDev! 21.7s
✔ .test(run: "RemoteCacheTransferSuite/TestSchemaRecovery$/after$", pkg: "./core/integration", timeout: "20m", testVerbose: true): Void 3m24s
  ✔ 8 uploads, 4 unpacks, 1 pull 15.8s

== SERVICES ==
✔ rogct0dgr0vls.ms5av8ga76gra.dagger.local exec /entrypoint.sh /etc/docker/registry/config.yml 2m59s EXITED span=233cd16ed94e87ad
✔ h4avdn8nctrm4.ms5av8ga76gra.dagger.local exec /entrypoint.sh /etc/docker/registry/config.yml 2m59s EXITED span=192f11b2526e7b24
✔ d09b8lbiegva0.ms5av8ga76gra.dagger.local exec dagger-entrypoint.sh --addr unix:///run/dagger-engine.sock --addr tcp://0.0.0.0:1234 --network-name dagger-dev --network-cidr 10.88.0.0/16 --debugaddr 0.0.0.0:6060 2m58s EXITED span=e4c3f9dc2354c369

== TESTS ==
  ✔ github.com/dagger/dagger/core/integration  1 passed

  ✔ 1 passed

Full trace at https://dagger.cloud/dagger/traces/a4741cff18beba5c83e0e32eeb4619d9
