[dagger] 30.0s elapsed · 14 steps running
[dagger] 1m0s elapsed · 5 steps running
[dagger] 1m30s elapsed · 14 steps running
[dagger] 2m0s elapsed · 12 steps running
[dagger] 2m30s elapsed · 12 steps running
[dagger] 3m0s elapsed · 12 steps running
[dagger] 3m30s elapsed · 15 steps running
[dagger] 4m0s elapsed · 27 steps running
[dagger] 4m30s elapsed · 13 steps running
[dagger] 5m0s elapsed · 13 steps running
[dagger] 5m30s elapsed · 14 steps running
[dagger] 6m0s elapsed · 14 steps running
[dagger] 6m30s elapsed · 15 steps running
[dagger] 7m0s elapsed · 13 steps running
== TRACE ==  ✔ PASSED
engine-dev test --pkg ./core/integration --run=RemoteCacheTransferSuite/(TestSchemaRecovery|TestDefaultGCPruneDiagnostic) --timeout=20m --test-verbose  7m13s

✔ connect 0.3s
✔ load workspace: . 1.8s
✔ parsing command line arguments 0.0s

✔ engineDev(
  ┆ ws: currentWorkspace: Workspace!
  ): EngineDev! 25.8s
  ✔ uploading /home/exedev/.tailcall/worktrees/dagger-a7378ed8352b/remote-cache-b2-transfer-implementer-26387947-ab517fbe 1.8s ████████████ 22 kB
✔ .test(run: "RemoteCacheTransferSuite/(TestSchemaRecovery|TestDefaultGCPruneDiagnostic)", pkg: "./core/integration", timeout: "20m", testVerbose: true): Void 6m45s
  ✔ 20 uploads, 8 unpacks, 1 pull 26.7s

== SERVICES ==
✔ rogct0dgr0vls.vrn526ferhji4.dagger.local exec /entrypoint.sh /etc/docker/registry/config.yml 6m24s EXITED span=502378a0607d8202
✔ h4avdn8nctrm4.vrn526ferhji4.dagger.local exec /entrypoint.sh /etc/docker/registry/config.yml 6m24s EXITED span=be6c950f93b3b9f2
✔ 2370k7n37c2nu.vrn526ferhji4.dagger.local exec dagger-entrypoint.sh --addr unix:///run/dagger-engine.sock --addr tcp://0.0.0.0:1234 --network-name dagger-dev --network-cidr 10.88.0.0/16 --debugaddr 0.0.0.0:6060 6m23s EXITED span=096aee63c33e1af3

== TESTS ==
  ✔ github.com/dagger/dagger/core/integration  1 passed

  ✔ 1 passed

Full trace at https://dagger.cloud/dagger/traces/93fe691e87443f2482042f0f6961baf2
