=== RUN   TestCapturePersistedContainerDirectEvaluation
=== RUN   TestCapturePersistedContainerDirectEvaluation/metadata
2026/09/16 08:07:53 INFO start lazy group evaluation field=capture-test group=metadata
2026/09/16 08:07:53 INFO end lazy group evaluation field=capture-test group=metadata duration=141.87µs
2026/09/16 08:07:53 INFO discarding dagql cache without persistence hasSQLDB=false hasPersistDB=false
=== RUN   TestCapturePersistedContainerDirectEvaluation/snapshot
2026/09/16 08:07:53 INFO start lazy group evaluation field=capture-test group=metadata
2026/09/16 08:07:53 INFO end lazy group evaluation field=capture-test group=metadata duration=10.83µs
2026/09/16 08:07:53 INFO start lazy group evaluation field=capture-test group=fs
2026/09/16 08:07:53 INFO start lazy group evaluation field=capture-test group=execMeta
2026/09/16 08:07:53 INFO end lazy group evaluation field=capture-test group=execMeta duration=6.96µs
2026/09/16 08:07:53 INFO end lazy group evaluation field=capture-test group=fs duration=43.06µs
2026/09/16 08:07:53 INFO discarding dagql cache without persistence hasSQLDB=false hasPersistDB=false
=== RUN   TestCapturePersistedContainerDirectEvaluation/whole
2026/09/16 08:07:53 INFO start lazy group evaluation field=capture-test group=metadata
2026/09/16 08:07:53 INFO end lazy group evaluation field=capture-test group=metadata duration=23.08µs
2026/09/16 08:07:53 INFO start lazy group evaluation field=capture-test group=fs
2026/09/16 08:07:53 INFO end lazy group evaluation field=capture-test group=fs duration=1.98µs
2026/09/16 08:07:53 INFO start lazy group evaluation field=capture-test group=execMeta
2026/09/16 08:07:53 INFO end lazy group evaluation field=capture-test group=execMeta duration=1.69µs
2026/09/16 08:07:53 INFO discarding dagql cache without persistence hasSQLDB=false hasPersistDB=false
--- PASS: TestCapturePersistedContainerDirectEvaluation (0.00s)
    --- PASS: TestCapturePersistedContainerDirectEvaluation/metadata (0.00s)
    --- PASS: TestCapturePersistedContainerDirectEvaluation/snapshot (0.00s)
    --- PASS: TestCapturePersistedContainerDirectEvaluation/whole (0.00s)
=== RUN   TestCapturePersistedFilesystemDirectEvaluation
=== RUN   TestCapturePersistedFilesystemDirectEvaluation/File
2026/09/16 08:07:53 INFO start lazy evaluation field=File
2026/09/16 08:07:53 INFO end lazy evaluation field=File duration=100.16µs
    filesystem_capture_test.go:45: capture while File producer body latch held: err=capture persisted record 2: persist state not ready: filesystem body in use payload=
2026/09/16 08:07:53 INFO discarding dagql cache without persistence hasSQLDB=true hasPersistDB=true
=== RUN   TestCapturePersistedFilesystemDirectEvaluation/Directory
2026/09/16 08:07:53 INFO start lazy evaluation field=Directory
2026/09/16 08:07:53 INFO end lazy evaluation field=Directory duration=87.34µs
    filesystem_capture_test.go:45: capture while Directory producer body latch held: err=capture persisted record 2: persist state not ready: filesystem body in use payload=
2026/09/16 08:07:53 INFO discarding dagql cache without persistence hasSQLDB=true hasPersistDB=true
--- PASS: TestCapturePersistedFilesystemDirectEvaluation (0.05s)
    --- PASS: TestCapturePersistedFilesystemDirectEvaluation/File (0.04s)
    --- PASS: TestCapturePersistedFilesystemDirectEvaluation/Directory (0.01s)
=== RUN   TestFilesystemOutputRevision
=== RUN   TestFilesystemOutputRevision/File
=== RUN   TestFilesystemOutputRevision/Directory
--- PASS: TestFilesystemOutputRevision (0.00s)
    --- PASS: TestFilesystemOutputRevision/File (0.00s)
    --- PASS: TestFilesystemOutputRevision/Directory (0.00s)
=== RUN   TestFilesystemPersistenceRetainsBodyLatch
=== RUN   TestFilesystemPersistenceRetainsBodyLatch/File
=== RUN   TestFilesystemPersistenceRetainsBodyLatch/Directory
--- PASS: TestFilesystemPersistenceRetainsBodyLatch (0.00s)
    --- PASS: TestFilesystemPersistenceRetainsBodyLatch/File (0.00s)
    --- PASS: TestFilesystemPersistenceRetainsBodyLatch/Directory (0.00s)
=== RUN   TestValueTransferPartsGitTrees
=== RUN   TestValueTransferPartsGitTrees/local
2026/09/16 08:07:53 INFO discarding dagql cache without persistence hasSQLDB=true hasPersistDB=true
=== RUN   TestValueTransferPartsGitTrees/remote
2026/09/16 08:07:54 INFO discarding dagql cache without persistence hasSQLDB=true hasPersistDB=true
--- PASS: TestValueTransferPartsGitTrees (0.49s)
    --- PASS: TestValueTransferPartsGitTrees/local (0.25s)
    --- PASS: TestValueTransferPartsGitTrees/remote (0.24s)
=== RUN   TestValueTransferPartsSelectedChain
2026/09/16 08:07:54 INFO start lazy evaluation field=Directory.directory
2026/09/16 08:07:54 INFO end lazy evaluation field=Directory.directory duration=8.347416ms
2026/09/16 08:07:54 INFO start lazy evaluation field=File.file
2026/09/16 08:07:54 INFO end lazy evaluation field=File.file duration=9.752326ms
2026/09/16 08:07:54 INFO discarding dagql cache without persistence hasSQLDB=true hasPersistDB=true
2026/09/16 08:07:54 INFO discarding dagql cache without persistence hasSQLDB=true hasPersistDB=true
--- PASS: TestValueTransferPartsSelectedChain (0.26s)
=== RUN   TestValueTransferPartsContainerMount
2026/09/16 08:07:54 INFO discarding dagql cache without persistence hasSQLDB=true hasPersistDB=true
--- PASS: TestValueTransferPartsContainerMount (0.17s)
=== RUN   TestValueTransferPersistenceFinalOfferRestart
2026/09/16 08:07:54 INFO starting dagql cache close hasSQLDB=true hasPersistDB=true
2026/09/16 08:07:54 INFO marking dagql cache clean shutdown
2026/09/16 08:07:54 WARN successfully marked clean shutdown in persistence metadata
2026/09/16 08:07:54 INFO completed dagql cache close successfully
2026/09/16 08:07:54 INFO start lazy evaluation field=File.restore
2026/09/16 08:07:54 INFO end lazy evaluation field=File.restore duration=96.82µs
2026/09/16 08:07:54 INFO discarding dagql cache without persistence hasSQLDB=true hasPersistDB=true
2026/09/16 08:07:54 INFO discarding dagql cache without persistence hasSQLDB=true hasPersistDB=true
--- PASS: TestValueTransferPersistenceFinalOfferRestart (0.14s)
=== RUN   TestValueTransferParts
--- PASS: TestValueTransferParts (0.00s)
PASS
ok  	github.com/dagger/dagger/core	1.223s
