=== RUN   TestGitCompletedProducersEvaluate
2026/09/16 05:04:07 INFO start lazy evaluation field=GitRepository.__cleaned
2026/09/16 05:04:07 INFO end lazy evaluation field=GitRepository.__cleaned duration=26.210096ms
=== RUN   TestGitCompletedProducersEvaluate/false-false-false
2026/09/16 05:04:07 INFO start lazy evaluation field=GitRef.tree
2026/09/16 05:04:07 INFO end lazy evaluation field=GitRef.tree duration=91.763202ms
=== RUN   TestGitCompletedProducersEvaluate/false-false-true
2026/09/16 05:04:07 INFO start lazy evaluation field=GitCommit.tree
2026/09/16 05:04:07 INFO end lazy evaluation field=GitCommit.tree duration=97.700145ms
=== RUN   TestGitCompletedProducersEvaluate/false-true-false
2026/09/16 05:04:07 INFO start lazy evaluation field=GitRef.tree
2026/09/16 05:04:07 INFO end lazy evaluation field=GitRef.tree duration=91.585363ms
=== RUN   TestGitCompletedProducersEvaluate/false-true-true
2026/09/16 05:04:07 INFO start lazy evaluation field=GitCommit.tree
2026/09/16 05:04:08 INFO end lazy evaluation field=GitCommit.tree duration=96.477066ms
=== RUN   TestGitCompletedProducersEvaluate/true-false-false
2026/09/16 05:04:08 INFO start lazy evaluation field=GitRef.tree
2026/09/16 05:04:08 INFO end lazy evaluation field=GitRef.tree duration=94.496028ms
=== RUN   TestGitCompletedProducersEvaluate/true-false-true
2026/09/16 05:04:08 INFO start lazy evaluation field=GitCommit.tree
2026/09/16 05:04:08 INFO end lazy evaluation field=GitCommit.tree duration=93.5089ms
=== RUN   TestGitCompletedProducersEvaluate/true-true-false
2026/09/16 05:04:08 INFO start lazy evaluation field=GitRef.tree
2026/09/16 05:04:08 INFO end lazy evaluation field=GitRef.tree duration=94.068969ms
=== RUN   TestGitCompletedProducersEvaluate/true-true-true
2026/09/16 05:04:08 INFO start lazy evaluation field=GitCommit.tree
2026/09/16 05:04:08 INFO end lazy evaluation field=GitCommit.tree duration=80.060588ms
2026/09/16 05:04:08 INFO start lazy evaluation field=GitRepository.__cleaned
2026/09/16 05:04:08 INFO end lazy evaluation field=GitRepository.__cleaned duration=8.946019ms err="git cleaned producer: saved input has no worktree"
2026/09/16 05:04:08 INFO discarding dagql cache without persistence hasSQLDB=false hasPersistDB=false
--- PASS: TestGitCompletedProducersEvaluate (2.03s)
    --- PASS: TestGitCompletedProducersEvaluate/false-false-false (0.23s)
    --- PASS: TestGitCompletedProducersEvaluate/false-false-true (0.24s)
    --- PASS: TestGitCompletedProducersEvaluate/false-true-false (0.22s)
    --- PASS: TestGitCompletedProducersEvaluate/false-true-true (0.22s)
    --- PASS: TestGitCompletedProducersEvaluate/true-false-false (0.23s)
    --- PASS: TestGitCompletedProducersEvaluate/true-false-true (0.22s)
    --- PASS: TestGitCompletedProducersEvaluate/true-true-false (0.23s)
    --- PASS: TestGitCompletedProducersEvaluate/true-true-true (0.20s)
PASS
