=== RUN   TestGitBundleCompletedProducerEvaluate
=== RUN   TestGitBundleCompletedProducerEvaluate/false
2026/09/16 05:40:09 INFO start lazy evaluation field=GitRepository.__withBundleDirectory
2026/09/16 05:40:09 INFO end lazy evaluation field=GitRepository.__withBundleDirectory duration=70.770889ms
2026/09/16 05:40:09 INFO start lazy evaluation field=GitRepository.__withBundleDirectory
2026/09/16 05:40:09 INFO end lazy evaluation field=GitRepository.__withBundleDirectory duration=24.066027ms err="git bundle header changed after parsing"
=== RUN   TestGitBundleCompletedProducerEvaluate/false/ref_order
2026/09/16 05:40:09 INFO start lazy evaluation field=GitRepository.__withBundleDirectory
2026/09/16 05:40:09 INFO end lazy evaluation field=GitRepository.__withBundleDirectory duration=22.993376ms err="git bundle header changed after parsing"
=== RUN   TestGitBundleCompletedProducerEvaluate/false/object_format
2026/09/16 05:40:09 INFO start lazy evaluation field=GitRepository.__withBundleDirectory
2026/09/16 05:40:09 INFO end lazy evaluation field=GitRepository.__withBundleDirectory duration=40.873426ms err="import git bundle prerequisites : git bundle object format is sha1, repository object format is sha256"
=== RUN   TestGitBundleCompletedProducerEvaluate/false/malformed
2026/09/16 05:40:09 INFO start lazy evaluation field=GitRepository.__withBundleDirectory
2026/09/16 05:40:09 INFO end lazy evaluation field=GitRepository.__withBundleDirectory duration=20.956808ms err="invalid git bundle signature \"invalid bundle\""
=== RUN   TestGitBundleCompletedProducerEvaluate/false/oversize
2026/09/16 05:40:09 INFO start lazy evaluation field=GitRepository.__withBundleDirectory
2026/09/16 05:40:09 INFO end lazy evaluation field=GitRepository.__withBundleDirectory duration=9.934954ms err="git bundle size 134217729 exceeds limit 134217728"
=== RUN   TestGitBundleCompletedProducerEvaluate/true
2026/09/16 05:40:10 INFO start lazy evaluation field=GitRepository.__withBundleDirectory
2026/09/16 05:40:10 INFO end lazy evaluation field=GitRepository.__withBundleDirectory duration=90.822348ms
2026/09/16 05:40:10 INFO start lazy evaluation field=GitRepository.__withBundleDirectory
2026/09/16 05:40:10 INFO end lazy evaluation field=GitRepository.__withBundleDirectory duration=42.277166ms err="import git bundle prerequisites 6bc2649d8d89f190b34b7ab4cc5d2e5bfd2ecb34: git bundle prerequisite 6bc2649d8d89f190b34b7ab4cc5d2e5bfd2ecb34 is not available from the repository"
2026/09/16 05:40:10 INFO start lazy evaluation field=GitRepository.__withBundleDirectory
2026/09/16 05:40:10 INFO end lazy evaluation field=GitRepository.__withBundleDirectory duration=27.786334ms err="git bundle header changed after parsing"
2026/09/16 05:40:10 INFO discarding dagql cache without persistence hasSQLDB=false hasPersistDB=false
--- PASS: TestGitBundleCompletedProducerEvaluate (0.90s)
    --- PASS: TestGitBundleCompletedProducerEvaluate/false (0.46s)
        --- PASS: TestGitBundleCompletedProducerEvaluate/false/ref_order (0.05s)
        --- PASS: TestGitBundleCompletedProducerEvaluate/false/object_format (0.09s)
        --- PASS: TestGitBundleCompletedProducerEvaluate/false/malformed (0.05s)
        --- PASS: TestGitBundleCompletedProducerEvaluate/false/oversize (0.03s)
    --- PASS: TestGitBundleCompletedProducerEvaluate/true (0.36s)
PASS
