=== RUN   TestProducerResolverCleanup
=== RUN   TestProducerResolverCleanup/ref_wrapping
=== RUN   TestProducerResolverCleanup/ref_digest
=== RUN   TestProducerResolverCleanup/commit_wrapping
2026/09/16 05:42:15 INFO discarding dagql cache without persistence hasSQLDB=false hasPersistDB=false
=== RUN   TestProducerResolverCleanup/ref_recording
=== RUN   TestProducerResolverCleanup/commit_recording
2026/09/16 05:42:15 INFO discarding dagql cache without persistence hasSQLDB=false hasPersistDB=false
--- PASS: TestProducerResolverCleanup (0.00s)
    --- PASS: TestProducerResolverCleanup/ref_wrapping (0.00s)
    --- PASS: TestProducerResolverCleanup/ref_digest (0.00s)
    --- PASS: TestProducerResolverCleanup/commit_wrapping (0.00s)
    --- PASS: TestProducerResolverCleanup/ref_recording (0.00s)
    --- PASS: TestProducerResolverCleanup/commit_recording (0.00s)
=== RUN   TestProducerResolverOutputCleanup
=== RUN   TestProducerResolverOutputCleanup/http_state_sync
2026/09/16 05:42:15 INFO discarding dagql cache without persistence hasSQLDB=false hasPersistDB=false
=== RUN   TestProducerResolverOutputCleanup/schema_wrapping
2026/09/16 05:42:15 INFO discarding dagql cache without persistence hasSQLDB=false hasPersistDB=false
=== RUN   TestProducerResolverOutputCleanup/builtin_wrapping
2026/09/16 05:42:15 INFO discarding dagql cache without persistence hasSQLDB=false hasPersistDB=false
=== RUN   TestProducerResolverOutputCleanup/bundle_wrapping
2026/09/16 05:42:15 INFO discarding dagql cache without persistence hasSQLDB=false hasPersistDB=false
--- PASS: TestProducerResolverOutputCleanup (0.12s)
    --- PASS: TestProducerResolverOutputCleanup/http_state_sync (0.01s)
    --- PASS: TestProducerResolverOutputCleanup/schema_wrapping (0.00s)
    --- PASS: TestProducerResolverOutputCleanup/builtin_wrapping (0.07s)
    --- PASS: TestProducerResolverOutputCleanup/bundle_wrapping (0.03s)
=== RUN   TestProducerResolverCapture
=== RUN   TestProducerResolverCapture/http_state_sync
2026/09/16 05:42:15 INFO discarding dagql cache without persistence hasSQLDB=false hasPersistDB=false
=== RUN   TestProducerResolverCapture/schema_wrapping
2026/09/16 05:42:15 INFO discarding dagql cache without persistence hasSQLDB=false hasPersistDB=false
=== RUN   TestProducerResolverCapture/builtin_wrapping
2026/09/16 05:42:15 INFO discarding dagql cache without persistence hasSQLDB=false hasPersistDB=false
=== RUN   TestProducerResolverCapture/bundle_wrapping
2026/09/16 05:42:15 INFO discarding dagql cache without persistence hasSQLDB=false hasPersistDB=false
=== RUN   TestProducerResolverCapture/gitCleaned
2026/09/16 05:42:15 INFO discarding dagql cache without persistence hasSQLDB=false hasPersistDB=false
=== RUN   TestProducerResolverCapture/gitTree
2026/09/16 05:42:15 INFO discarding dagql cache without persistence hasSQLDB=false hasPersistDB=false
=== RUN   TestProducerResolverCapture/gitCommitTree
2026/09/16 05:42:15 INFO discarding dagql cache without persistence hasSQLDB=false hasPersistDB=false
--- PASS: TestProducerResolverCapture (0.26s)
    --- PASS: TestProducerResolverCapture/http_state_sync (0.00s)
    --- PASS: TestProducerResolverCapture/schema_wrapping (0.00s)
    --- PASS: TestProducerResolverCapture/builtin_wrapping (0.02s)
    --- PASS: TestProducerResolverCapture/bundle_wrapping (0.04s)
    --- PASS: TestProducerResolverCapture/gitCleaned (0.03s)
    --- PASS: TestProducerResolverCapture/gitTree (0.09s)
    --- PASS: TestProducerResolverCapture/gitCommitTree (0.09s)
PASS
ok  	github.com/dagger/dagger/core/schema	0.467s
