[dagger] 30.0s elapsed · 27 steps running
[dagger] 1m0s elapsed · 6 steps running
[dagger] 1m30s elapsed · 11 steps running
[dagger] 2m0s elapsed · 6 steps running
[dagger] 2m30s elapsed · 30 steps running
== TRACE ==  ✔ PASSED
engine-dev test --pkg ./core/integration --run=TestGit/(TestGitUncommittedLocal|TestGitUncommittedRemote|TestGitBundleRoundTripAndStockInterop|TestGitBundleImportAfterPrerequisiteRefAdvances|TestGitCommit|TestDiscardGitDir|TestGitDepth|TestGitTags)$  2m32s

✔ connect 0.3s
✔ load workspace: . 2.2s
✔ parsing command line arguments 0.0s

✔ engineDev(
  ┆ ws: currentWorkspace: Workspace!
  ): EngineDev! 24.4s
  ✔ uploading /home/exedev/.tailcall/worktrees/dagger-a7378ed8352b/remote-cache-integration-b1-b2-36d54e12-c4fb4f07 2.1s ████████████ 270 kB
✔ .test(run: "TestGit/(TestGitUncommittedLocal|TestGitUncommittedRemote|TestGitBundleRoundTripAndStockInterop|TestGitBundleImportAfterPrerequisiteRefAdvances|TestGitCommit|TestDiscardGitDir|TestGitDepth|TestGitTags)$", pkg: "./core/integration"): Void 2m5s
  ✔ 2 fetches, 1 pull, 1 unpack 4.5s

== SERVICES ==
✔ h4avdn8nctrm4.5ineumfk6oc9k.dagger.local exec /entrypoint.sh /etc/docker/registry/config.yml 1m8s EXITED span=4773d4ceca0aa519
✔ rogct0dgr0vls.5ineumfk6oc9k.dagger.local exec /entrypoint.sh /etc/docker/registry/config.yml 1m8s EXITED span=e839b59fbca3e833
✘ 9cffohe2vnh1k.5ineumfk6oc9k.dagger.local exec dagger-entrypoint.sh --addr unix:///run/dagger-engine.sock --addr tcp://0.0.0.0:1234 --network-name dagger-dev --network-cidr 10.88.0.0/16 --debugaddr 0.0.0.0:6060 1m8s ERROR span=89721a635b3cac4d

== TESTS ==
  ✔ github.com/dagger/dagger/core/integration  2 passed

  ✔ 2 passed

Full trace at https://dagger.cloud/dagger/traces/07c157e60b4e003e01e6b4a58c1ea3f2
