[dagger] 30.0s elapsed · 3 steps running
[dagger] 1m0s elapsed · 13 steps running
[dagger] 1m30s elapsed · 12 steps running
== TRACE ==  ✔ PASSED
engine-dev test --pkg ./core/integration --run=TestCachePersistence/TestDiskPersistenceAcrossRestart/eager_producers_survive_restart$  1m37s

✔ connect 0.3s
✔ load workspace: . 2.3s
✔ parsing command line arguments 0.0s

✔ engineDev(
  ┆ ws: currentWorkspace: Workspace!
  ): EngineDev! 23.4s
✔ .test(run: "TestCachePersistence/TestDiskPersistenceAcrossRestart/eager_producers_survive_restart$", pkg: "./core/integration"): Void 1m10s
  ✔ 1 upload, 3 unpacks, 1 fetch, 1 pull 11.0s

== SERVICES ==
✔ h4avdn8nctrm4.1f2elt955hr7e.dagger.local exec /entrypoint.sh /etc/docker/registry/config.yml 1m4s EXITED span=ee07454b99c6ee7b
✔ rogct0dgr0vls.1f2elt955hr7e.dagger.local exec /entrypoint.sh /etc/docker/registry/config.yml 1m4s EXITED span=3a2496ad72da445b
✘ k1joemc8j9sa6.1f2elt955hr7e.dagger.local exec dagger-entrypoint.sh --addr unix:///run/dagger-engine.sock --addr tcp://0.0.0.0:1234 --network-name dagger-dev --network-cidr 10.88.0.0/16 --debugaddr 0.0.0.0:6060 1m4s ERROR span=707130e87db628a2

== TESTS ==
  ✔ github.com/dagger/dagger/core/integration  1 passed

  ✔ 1 passed

Full trace at https://dagger.cloud/dagger/traces/69954e21dcfc1a38dbf4f6c14d54222c
