✔ TestSchemaRecovery 3m58s

✔ .dagger-cli session --label dagger.io/sdk.name:go --label dagger.io/sdk.version:n/a 3m58s

✔ host: Host! 0.0s
✔ .file(path: "/dagger-dev/engine.tar"): File! 2.1s

✔ container(platform: "linux/amd64"): Container! 0.0s
✔ .import(
  ┆ source: Host.file(path: "/dagger-dev/engine.tar"): File!
  ): Container! 8.8s
✔ .withMountedCache(
  ┆ path: "/transfer-fixture"
  ┆ cache: cacheVolume(key: "b2-transfer-a-j4wipnkoqruzgvbv45yle66qo", namespace: "mainClient"): CacheVolume!
  ): Container! 0.0s
✔ withEnvVariable _DAGGER_TEST_REMOTE_CACHE_FIXTURE_ROOT=/transfer-fixture 0.0s
✔ .withMountedCache(
  ┆ path: "/var/lib/dagger"
  ┆ cache: cacheVolume(key: "b2-transfer-a-state-lytvfvx1mlih79hf0hjsc9b8l", namespace: "mainClient"): CacheVolume!
  ): Container! 0.0s
✔ .withExposedPort(port: 1234, protocol: TCP): Container! 0.0s
✔ .withDefaultArgs(args: ["--addr", "tcp://0.0.0.0:1234", "--network-name", "dagger0", "--network-cidr", "10.89.0.0/24"]): Container! 0.0s
✔ .directory(path: "/etc/dagger"): Directory! 0.0s
✔ .entries: [String!]! 0.0s

✔ Container.file(path: "/etc/dagger/engine.json"): File! 0.0s
✔ .contents: String! 0.0s

✔ withNewFile /etc/dagger/engine.json (contents: "{\"gc\":{\"enabled\":true,\"dagqlCache\":{},\"reservedSpace\":1000000000000000,\"maxUsedSpace\":1000000000000000,\"minFreeSpace\":0,\"sweepSize\":0},\"registries\":{\"docker.io\":{\"mirrors\":[\"mirror.gcr.io\"],\"http\":null,\"insecure\":null,\"ca\":null}}}\n") 0.0s
✔ .asService(useEntrypoint: true, insecureRootCapabilities: true): Service! 3m47s

✔ Host.tunnel(
  ┆ service: Container.asService(useEntrypoint: true, insecureRootCapabilities: true): Service!
  ): Service! 0.0s
✔ .start: ID! 2.4s

✔ Service.endpoint(scheme: "tcp"): String! 0.0s

✔ .dagger-cli session --workdir /tmp/TestRemoteCacheTransferSuiteTestSchemaRecovery3063546260/001 --label dagger.io/sdk.name:go --label dagger.io/sdk.version:n/a 3m21s

✔ moduleSource(refString: "."): ModuleSource! 0.0s
✔ .asModule: Module! 20.3s
✔ .serve: Void 0.0s

✔ cacheProbe: CacheProbe! 0.0s
✔ .report(seed: "same"): CacheProbeReport! 0.3s
✔ .noteFile(
  ┆ file: Host.file(path: "/tmp/TestRemoteCacheTransferSuiteTestSchemaRecovery3063546260/001/notes.txt", noCache: true): File!
  ): String! 0.3s

✔ before 1m9s

✔ Container.withMountedCache(
  ┆ path: "/transfer-fixture"
  ┆ cache: cacheVolume(key: "b2-transfer-b-9i1dottrnylig3v02nxm07rlh", namespace: "mainClient"): CacheVolume!
  ): Container! 0.0s
✔ withEnvVariable _DAGGER_TEST_REMOTE_CACHE_FIXTURE_ROOT=/transfer-fixture 0.0s
✔ .withMountedCache(
  ┆ path: "/var/lib/dagger"
  ┆ cache: cacheVolume(key: "b2-transfer-b-state-ztajclhhx7otfvd9vrupptqxs", namespace: "mainClient"): CacheVolume!
  ): Container! 0.0s
✔ .withExposedPort(port: 1234, protocol: TCP): Container! 0.0s
✔ .withDefaultArgs(args: ["--addr", "tcp://0.0.0.0:1234", "--network-name", "dagger1", "--network-cidr", "10.89.1.0/24"]): Container! 0.0s
✔ .directory(path: "/etc/dagger"): Directory! 0.0s
✔ .entries: [String!]! 0.0s

✔ Container.file(path: "/etc/dagger/engine.json"): File! 0.0s
✔ .contents: String! 0.0s

✔ withNewFile /etc/dagger/engine.json (contents: "{\"gc\":{\"enabled\":true,\"dagqlCache\":{},\"reservedSpace\":1000000000000000,\"maxUsedSpace\":1000000000000000,\"minFreeSpace\":0,\"sweepSize\":0},\"registries\":{\"docker.io\":{\"mirrors\":[\"mirror.gcr.io\"],\"http\":null,\"insecure\":null,\"ca\":null}}}\n") 0.0s
✔ .asService(useEntrypoint: true, insecureRootCapabilities: true): Service! 49.1s

✔ Host.tunnel(
  ┆ service: Container.asService(useEntrypoint: true, insecureRootCapabilities: true): Service!
  ): Service! 0.0s
✔ .start: ID! 2.1s

✔ Service.endpoint(scheme: "tcp"): String! 0.0s

✔ .dagger-cli session --workdir /tmp/TestRemoteCacheTransferSuiteTestSchemaRecoverybefore3218409179/001 --label dagger.io/sdk.name:go --label dagger.io/sdk.version:n/a 23.9s

$ cacheProbe: CacheProbe! 0.0s CACHED
$ .report(seed: "same"): CacheProbeReport! 0.0s CACHED

✔ CacheProbe.report(seed: "different"): CacheProbeReport! 0.2s

✔ Service.stop: ID! 23.1s

✔ Service.stop(kill: true): ID! 0.0s

✔ Container.withDefaultArgs(args: ["--addr", "tcp://0.0.0.0:1234", "--network-name", "dagger2", "--network-cidr", "10.89.2.0/24"]): Container! 0.0s
✔ .directory(path: "/etc/dagger"): Directory! 0.0s
✔ .entries: [String!]! 0.1s

✔ Container.file(path: "/etc/dagger/engine.json"): File! 0.0s
✔ .contents: String! 0.0s

✔ withNewFile /etc/dagger/engine.json (contents: "{\"gc\":{\"enabled\":true,\"dagqlCache\":{},\"reservedSpace\":1000000000000000,\"maxUsedSpace\":1000000000000000,\"minFreeSpace\":0,\"sweepSize\":0},\"registries\":{\"docker.io\":{\"mirrors\":[\"mirror.gcr.io\"],\"http\":null,\"insecure\":null,\"ca\":null}}}\n") 0.0s
✔ .asService(useEntrypoint: true, insecureRootCapabilities: true): Service! 19.4s

✔ Host.tunnel(
  ┆ service: Container.asService(useEntrypoint: true, insecureRootCapabilities: true): Service!
  ): Service! 0.0s
✔ .start: ID! 0.9s

✔ Service.endpoint(scheme: "tcp"): String! 0.0s

✔ .dagger-cli session --workdir /tmp/TestRemoteCacheTransferSuiteTestSchemaRecoverybefore3218409179/001 --label dagger.io/sdk.name:go --label dagger.io/sdk.version:n/a 3.2s

$ cacheProbe: CacheProbe! 0.0s CACHED
✔ .report(seed: "native recorded control"): CacheProbeReport! 0.2s

✔ Service.stop: ID! 15.2s

✔ Service.stop(kill: true): ID! 0.0s

✔ after 1m6s

✔ Container.withMountedCache(
  ┆ path: "/transfer-fixture"
  ┆ cache: cacheVolume(key: "b2-transfer-b-wno0o8qd3h6oc0mb17cys8xgz", namespace: "mainClient"): CacheVolume!
  ): Container! 0.0s
✔ withEnvVariable _DAGGER_TEST_REMOTE_CACHE_FIXTURE_ROOT=/transfer-fixture 0.0s
✔ .withMountedCache(
  ┆ path: "/var/lib/dagger"
  ┆ cache: cacheVolume(key: "b2-transfer-b-state-s5enr6wfpev6yu6zkyi47x69k", namespace: "mainClient"): CacheVolume!
  ): Container! 0.0s
✔ .withExposedPort(port: 1234, protocol: TCP): Container! 0.0s
✔ .withDefaultArgs(args: ["--addr", "tcp://0.0.0.0:1234", "--network-name", "dagger3", "--network-cidr", "10.89.3.0/24"]): Container! 0.0s
✔ .directory(path: "/etc/dagger"): Directory! 0.0s
✔ .entries: [String!]! 0.0s

✔ Container.file(path: "/etc/dagger/engine.json"): File! 0.0s
✔ .contents: String! 0.0s

✔ withNewFile /etc/dagger/engine.json (contents: "{\"gc\":{\"enabled\":true,\"dagqlCache\":{},\"reservedSpace\":1000000000000000,\"maxUsedSpace\":1000000000000000,\"minFreeSpace\":0,\"sweepSize\":0},\"registries\":{\"docker.io\":{\"mirrors\":[\"mirror.gcr.io\"],\"http\":null,\"insecure\":null,\"ca\":null}}}\n") 0.0s
✔ .asService(useEntrypoint: true, insecureRootCapabilities: true): Service! 45.3s

✔ Host.tunnel(
  ┆ service: Container.asService(useEntrypoint: true, insecureRootCapabilities: true): Service!
  ): Service! 0.0s
✔ .start: ID! 0.6s

✔ Service.endpoint(scheme: "tcp"): String! 0.0s

✔ .dagger-cli session --workdir /tmp/TestRemoteCacheTransferSuiteTestSchemaRecoveryafter1134994525/001 --label dagger.io/sdk.name:go --label dagger.io/sdk.version:n/a 21.0s

$ cacheProbe: CacheProbe! 0.0s CACHED
$ .report(seed: "same"): CacheProbeReport! 0.0s CACHED

✔ CacheProbe.report(seed: "different"): CacheProbeReport! 0.3s

✔ Service.stop: ID! 23.7s

✔ Service.stop(kill: true): ID! 0.0s

✔ Container.withDefaultArgs(args: ["--addr", "tcp://0.0.0.0:1234", "--network-name", "dagger4", "--network-cidr", "10.89.4.0/24"]): Container! 0.0s
✔ .directory(path: "/etc/dagger"): Directory! 0.0s
✔ .entries: [String!]! 0.0s

✔ Container.file(path: "/etc/dagger/engine.json"): File! 0.0s
✔ .contents: String! 0.0s

✔ withNewFile /etc/dagger/engine.json (contents: "{\"gc\":{\"enabled\":true,\"dagqlCache\":{},\"reservedSpace\":1000000000000000,\"maxUsedSpace\":1000000000000000,\"minFreeSpace\":0,\"sweepSize\":0},\"registries\":{\"docker.io\":{\"mirrors\":[\"mirror.gcr.io\"],\"http\":null,\"insecure\":null,\"ca\":null}}}\n") 0.0s
✔ .asService(useEntrypoint: true, insecureRootCapabilities: true): Service! 20.2s

✔ Host.tunnel(
  ┆ service: Container.asService(useEntrypoint: true, insecureRootCapabilities: true): Service!
  ): Service! 0.0s
✔ .start: ID! 0.9s

✔ Service.endpoint(scheme: "tcp"): String! 0.0s

✔ .dagger-cli session --workdir /tmp/TestRemoteCacheTransferSuiteTestSchemaRecoveryafter1134994525/001 --label dagger.io/sdk.name:go --label dagger.io/sdk.version:n/a 3.3s

$ cacheProbe: CacheProbe! 0.0s CACHED
✔ .report(seed: "native recorded control"): CacheProbeReport! 0.3s

✔ Service.stop: ID! 15.9s

✔ Service.stop(kill: true): ID! 0.0s

✔ foreign_context 44.8s

✔ Container.withMountedCache(
  ┆ path: "/transfer-fixture"
  ┆ cache: cacheVolume(key: "b2-transfer-foreign-j1v09a3ipjlev217a53v36xgw", namespace: "mainClient"): CacheVolume!
  ): Container! 0.0s
✔ withEnvVariable _DAGGER_TEST_REMOTE_CACHE_FIXTURE_ROOT=/transfer-fixture 0.0s
✔ .withMountedCache(
  ┆ path: "/var/lib/dagger"
  ┆ cache: cacheVolume(key: "b2-transfer-foreign-state-2f4c74qai3kev8op2joqlgm9q", namespace: "mainClient"): CacheVolume!
  ): Container! 0.0s
✔ .withExposedPort(port: 1234, protocol: TCP): Container! 0.0s
✔ .withDefaultArgs(args: ["--addr", "tcp://0.0.0.0:1234", "--network-name", "dagger5", "--network-cidr", "10.89.5.0/24"]): Container! 0.0s
✔ .directory(path: "/etc/dagger"): Directory! 0.0s
✔ .entries: [String!]! 0.0s

✔ Container.file(path: "/etc/dagger/engine.json"): File! 0.0s
✔ .contents: String! 0.0s

✔ withNewFile /etc/dagger/engine.json (contents: "{\"gc\":{\"enabled\":true,\"dagqlCache\":{},\"reservedSpace\":1000000000000000,\"maxUsedSpace\":1000000000000000,\"minFreeSpace\":0,\"sweepSize\":0},\"registries\":{\"docker.io\":{\"mirrors\":[\"mirror.gcr.io\"],\"http\":null,\"insecure\":null,\"ca\":null}}}\n") 0.0s
✔ .asService(useEntrypoint: true, insecureRootCapabilities: true): Service! 44.5s

✔ Host.tunnel(
  ┆ service: Container.asService(useEntrypoint: true, insecureRootCapabilities: true): Service!
  ): Service! 0.0s
✔ .start: ID! 0.5s

✔ Service.endpoint(scheme: "tcp"): String! 0.0s

✔ .dagger-cli session --workdir /tmp/TestRemoteCacheTransferSuiteTestSchemaRecoveryforeign_context3807057245/001 --label dagger.io/sdk.name:go --label dagger.io/sdk.version:n/a 20.2s

✔ Service.stop: ID! 23.8s

✔ Service.stop(kill: true): ID! 0.0s

✔ Service.stop: ID! 22.6s

✔ Service.stop(kill: true): ID! 0.0s

... 15337 earlier log lines ...
    testctx.go:198: 1   : .dagger-cli session --workdir /tmp/TestRemoteCacheTransferSuiteTestSchemaRecovery3063546260/001 --label dagger.io/sdk.name:go --label dagger.io/sdk.version:n/a DONE [3m21s]
time=2026-09-16T09:40:28.072Z level=DEBUG msg="released dagql cache refs for session" session=urdgn2o6nyfjbw2fy6tbvg7po beforeEntries=4492 afterEntries=4303 beforeRetainedCalls=137 afterRetainedCalls=137
    testctx.go:198: 
    testctx.go:198: 
Received signal terminated, retries: 1/3
time="2026-09-16T09:40:28Z" level=error msg="server context canceled" error="context canceled" spanID=667daae2942aefc4 traceID=acdf3cd08ed0e4715b5c31582fdc65e8
time="2026-09-16T09:40:28Z" level=info msg="stopping server" spanID=667daae2942aefc4 traceID=acdf3cd08ed0e4715b5c31582fdc65e8
dnsmasq exited: signal: killed
time=2026-09-16T09:40:28.096Z level=DEBUG msg="session removed" session=urdgn2o6nyfjbw2fy6tbvg7po
    testctx.go:198: 117 : Container.asService DONE [44.5s]
    testctx.go:198: 117 : Container.asService DONE [44.5s]
    testctx.go:198: 
    testctx.go:198: 
    testctx.go:198: 118 : Host.tunnel DONE [44.5s]
    testctx.go:198: 118 : Host.tunnel DONE [44.5s]
    testctx.go:198: 
    testctx.go:198: 
    testctx.go:198: 132 : Service.stop DONE [23.8s]
    testctx.go:198: 132 : Service.stop DONE [23.8s]
    testctx.go:198: 
    testctx.go:198: 
    testctx.go:198: 133 : Service.stop(kill: true): ID!
    testctx.go:198: 133 : Service.stop(kill: true): ID!
    testctx.go:198: 133 : Service.stop DONE [0.0s]
    testctx.go:198: 133 : Service.stop DONE [0.0s]
    testctx.go:198: 
    testctx.go:198: 
    testctx.go:198: 134 : Service.stop: ID!
    testctx.go:198: 134 : Service.stop: ID!
    testctx.go:198: 
    testctx.go:198: 
    testctx.go:198: 117 : Container.asService DONE [44.5s]
    testctx.go:198: 117 : Container.asService DONE [44.5s]
    testctx.go:198: 117 : [44.4s] | shutting down telemetry...
    testctx.go:198: 117 : [44.4s] | shutting down telemetry...
    testctx.go:198: 117 : [44.4s] | telemetry shut down complete
    testctx.go:198: 117 : [44.4s] | telemetry shut down complete
time=2026-09-16T09:40:29.276Z level=DEBUG msg="dagql prune skip policy: no reclaim target" policyIndex=1 usedBytes=579231744
time=2026-09-16T09:40:29.284Z level=DEBUG msg="dagql prune skip policy: no reclaim target" policyIndex=2 usedBytes=579231744
time=2026-09-16T09:40:29.284Z level=INFO msg="starting dagql cache close" hasSQLDB=true hasPersistDB=true
time=2026-09-16T09:40:29.632Z level=INFO msg="marking dagql cache clean shutdown"
time=2026-09-16T09:40:29.632Z level=WARN msg="successfully marked clean shutdown in persistence metadata"
time=2026-09-16T09:40:29.634Z level=INFO msg="completed dagql cache close successfully"
shutting down telemetry...
telemetry shut down complete
    testctx.go:198: 
    testctx.go:198: 
    testctx.go:198: 1   : .dagger-cli session --label dagger.io/sdk.name:go --label dagger.io/sdk.version:n/a DONE [3m58s]
    testctx.go:198: 1   : .dagger-cli session --label dagger.io/sdk.name:go --label dagger.io/sdk.version:n/a DONE [3m58s]
    testctx.go:198: 
    testctx.go:198: 
    testctx.go:198: 134 : Service.stop DONE [22.6s]
    testctx.go:198: 134 : Service.stop DONE [22.6s]
    testctx.go:198: 
    testctx.go:198: 
    testctx.go:198: 135 : Service.stop(kill: true): ID!
    testctx.go:198: 135 : Service.stop(kill: true): ID!
    testctx.go:198: 135 : Service.stop DONE [0.0s]
    testctx.go:198: 135 : Service.stop DONE [0.0s]
    testctx.go:198: 
    testctx.go:198: 
full: dagger cloud logs acdf3cd08ed0e4715b5c31582fdc65e8 --test "TestRemoteCacheTransferSuite/TestSchemaRecovery"
