1866:    testctx.go:206: before the release: linked row=4314 field=directory imported=true persisted=false leased=true links=[{s7bbxtkyf3m8zwe6lfz52vqpj snapshot }]
1867:    testctx.go:206: before the release: linked row=4316 field=_builtinContainer imported=true persisted=true leased=true links=[{piiast3dxhypkg93dgpo41os1 fs }]
1868:    testctx.go:206: before the release: linked row=4317 field=directory imported=true persisted=false leased=true links=[{piiast3dxhypkg93dgpo41os1 snapshot }]
1869:    testctx.go:206: before the release: linked row=4319 field=directory imported=true persisted=false leased=true links=[{piiast3dxhypkg93dgpo41os1 snapshot }]
1870:    testctx.go:206: before the release: linked row=4321 field=withMountedCache imported=true persisted=false leased=true links=[{piiast3dxhypkg93dgpo41os1 fs }]
1871:    testctx.go:206: before the release: linked row=4322 field=withMountedCache imported=true persisted=false leased=true links=[{piiast3dxhypkg93dgpo41os1 fs }]
1872:    testctx.go:206: before the release: linked row=4323 field=__withSystemEnvVariable imported=true persisted=false leased=true links=[{piiast3dxhypkg93dgpo41os1 fs }]
1873:    testctx.go:206: before the release: linked row=4324 field=__withSystemEnvVariable imported=true persisted=false leased=true links=[{piiast3dxhypkg93dgpo41os1 fs }]
1874:    testctx.go:206: before the release: linked row=4325 field=__schemaJSONFile imported=true persisted=true leased=true links=[{5466gl3853v1jjsz2rfdlga30 snapshot }]
1875:    testctx.go:206: before the release: linked row=4326 field=withMountedFile imported=true persisted=false leased=true links=[{5466gl3853v1jjsz2rfdlga30 mount_file:2 } {piiast3dxhypkg93dgpo41os1 fs }]
1876:    testctx.go:206: before the release: linked row=4327 field=withoutFile imported=true persisted=true leased=true links=[{voa0petaak1ttt1ae4ctclj5l snapshot }]
1877:    testctx.go:206: before the release: linked row=4328 field=withMountedDirectory imported=true persisted=false leased=true links=[{voa0petaak1ttt1ae4ctclj5l mount_dir:3 } {5466gl3853v1jjsz2rfdlga30 mount_file:2 } {piiast3dxhypkg93dgpo41os1 fs }]
1878:    testctx.go:206: before the release: linked row=4329 field=withWorkdir imported=true persisted=false leased=true links=[{piiast3dxhypkg93dgpo41os1 fs } {voa0petaak1ttt1ae4ctclj5l mount_dir:3 } {5466gl3853v1jjsz2rfdlga30 mount_file:2 }]
1879:    testctx.go:206: before the release: linked row=4330 field=withEnvVariable imported=true persisted=false leased=true links=[{piiast3dxhypkg93dgpo41os1 fs } {voa0petaak1ttt1ae4ctclj5l mount_dir:3 } {5466gl3853v1jjsz2rfdlga30 mount_file:2 }]
1880:    testctx.go:206: before the release: linked row=4331 field=withoutDefaultArgs imported=true persisted=false leased=true links=[{voa0petaak1ttt1ae4ctclj5l mount_dir:3 } {5466gl3853v1jjsz2rfdlga30 mount_file:2 } {piiast3dxhypkg93dgpo41os1 fs }]
1881:    testctx.go:206: before the release: linked row=4332 field=withExec imported=true persisted=true leased=true links=[{ltihcfms2g3x3kcuf7lr8i7td fs } {pg8co3w5w73q9riwnb17ehyc2 meta } {29rhcemqr9ut9nphjqben6vhu mount_file:2 } {ne6osmmzi3d8mkgzmekil2x4u mount_dir:3 }]
1882:    testctx.go:206: before the release: linked row=4333 field=withExec imported=true persisted=true leased=true links=[{2iu7n7drbe1alwlbxrj1c7k7v fs } {y3f4h3afgcuio3bvugend9nn8 meta } {8nfue3yrmx1nszflulerls35u mount_file:2 } {i72x2cxsoss4s4oi0dcpygb55 mount_dir:3 }]
1883:    testctx.go:206: before the release: linked row=4334 field=withEntrypoint imported=true persisted=false leased=true links=[{i72x2cxsoss4s4oi0dcpygb55 mount_dir:3 } {8nfue3yrmx1nszflulerls35u mount_file:2 } {2iu7n7drbe1alwlbxrj1c7k7v fs }]
1884:    testctx.go:206: before the release: linked row=4335 field=withWorkdir imported=true persisted=false leased=true links=[{i72x2cxsoss4s4oi0dcpygb55 mount_dir:3 } {8nfue3yrmx1nszflulerls35u mount_file:2 } {2iu7n7drbe1alwlbxrj1c7k7v fs }]
1885:    testctx.go:206: before the release: linked row=4336 field=withoutMount imported=true persisted=false leased=true links=[{2iu7n7drbe1alwlbxrj1c7k7v fs } {i72x2cxsoss4s4oi0dcpygb55 mount_dir:2 } {8nfue3yrmx1nszflulerls35u mount_file:1 }]
1886:    testctx.go:206: before the release: linked row=4337 field=withoutMount imported=true persisted=false leased=true links=[{i72x2cxsoss4s4oi0dcpygb55 mount_dir:1 } {8nfue3yrmx1nszflulerls35u mount_file:0 } {2iu7n7drbe1alwlbxrj1c7k7v fs }]
1887:    testctx.go:206: before the release: linked row=4342 field=from imported=true persisted=true leased=true links=[{hny2dzyjia1srr094y9nczjxz fs }]
1888:    testctx.go:206: before the release: linked row=4343 field=directory imported=true persisted=false leased=true links=[{ts8jsz4rubdybt5kyanxgavum snapshot }]
1889:    testctx.go:206: before the release: linked row=4344 field=withMountedDirectory imported=true persisted=false leased=true links=[{ts8jsz4rubdybt5kyanxgavum mount_dir:0 } {hny2dzyjia1srr094y9nczjxz fs }]
1890:    testctx.go:206: before the release: linked row=4345 field=withExec imported=true persisted=true leased=true links=[{dbi4hhxlzexzzdac6ckj2aedr fs } {8660rq15bdqsr031hce9h5a1g meta } {gp3lkuhwnk5fv36u5gvh0lhtx mount_dir:0 }]
1891:    testctx.go:206: before the release: linked row=4346 field=directory imported=true persisted=false leased=true links=[{dbi4hhxlzexzzdac6ckj2aedr snapshot }]
1892:    testctx.go:206: before the release: persistence={PersistenceResetReason: LocalCacheResetReason: RemovedPersistedRootCount:0 DiskPrunedResults:[]} snapshots=61
1893:    testctx.go:206: before the release: describe row=4348 imported=true persisted=true links=0 deps=[4339 4347]
1894:    testctx.go:206: before the release: source row=4343 imported=true persisted=false links=1 deps=[4313]
1895:    testctx.go:206: before the release: built row=4346 imported=true persisted=false links=1 deps=[4345]
1960:    testctx.go:206: after the session ended: linked row=4314 field=directory imported=true persisted=false leased=true links=[{s7bbxtkyf3m8zwe6lfz52vqpj snapshot }]
1961:    testctx.go:206: after the session ended: linked row=4316 field=_builtinContainer imported=true persisted=true leased=true links=[{piiast3dxhypkg93dgpo41os1 fs }]
1962:    testctx.go:206: after the session ended: linked row=4317 field=directory imported=true persisted=false leased=true links=[{piiast3dxhypkg93dgpo41os1 snapshot }]
1963:    testctx.go:206: after the session ended: linked row=4319 field=directory imported=true persisted=false leased=true links=[{piiast3dxhypkg93dgpo41os1 snapshot }]
1964:    testctx.go:206: after the session ended: linked row=4321 field=withMountedCache imported=true persisted=false leased=true links=[{piiast3dxhypkg93dgpo41os1 fs }]
1965:    testctx.go:206: after the session ended: linked row=4322 field=withMountedCache imported=true persisted=false leased=true links=[{piiast3dxhypkg93dgpo41os1 fs }]
1966:    testctx.go:206: after the session ended: linked row=4323 field=__withSystemEnvVariable imported=true persisted=false leased=true links=[{piiast3dxhypkg93dgpo41os1 fs }]
1967:    testctx.go:206: after the session ended: linked row=4324 field=__withSystemEnvVariable imported=true persisted=false leased=true links=[{piiast3dxhypkg93dgpo41os1 fs }]
1968:    testctx.go:206: after the session ended: linked row=4325 field=__schemaJSONFile imported=true persisted=true leased=true links=[{5466gl3853v1jjsz2rfdlga30 snapshot }]
1969:    testctx.go:206: after the session ended: linked row=4326 field=withMountedFile imported=true persisted=false leased=true links=[{5466gl3853v1jjsz2rfdlga30 mount_file:2 } {piiast3dxhypkg93dgpo41os1 fs }]
1970:    testctx.go:206: after the session ended: linked row=4327 field=withoutFile imported=true persisted=true leased=true links=[{voa0petaak1ttt1ae4ctclj5l snapshot }]
1971:    testctx.go:206: after the session ended: linked row=4328 field=withMountedDirectory imported=true persisted=false leased=true links=[{voa0petaak1ttt1ae4ctclj5l mount_dir:3 } {5466gl3853v1jjsz2rfdlga30 mount_file:2 } {piiast3dxhypkg93dgpo41os1 fs }]
1972:    testctx.go:206: after the session ended: linked row=4329 field=withWorkdir imported=true persisted=false leased=true links=[{piiast3dxhypkg93dgpo41os1 fs } {voa0petaak1ttt1ae4ctclj5l mount_dir:3 } {5466gl3853v1jjsz2rfdlga30 mount_file:2 }]
1973:    testctx.go:206: after the session ended: linked row=4330 field=withEnvVariable imported=true persisted=false leased=true links=[{piiast3dxhypkg93dgpo41os1 fs } {voa0petaak1ttt1ae4ctclj5l mount_dir:3 } {5466gl3853v1jjsz2rfdlga30 mount_file:2 }]
1974:    testctx.go:206: after the session ended: linked row=4331 field=withoutDefaultArgs imported=true persisted=false leased=true links=[{voa0petaak1ttt1ae4ctclj5l mount_dir:3 } {5466gl3853v1jjsz2rfdlga30 mount_file:2 } {piiast3dxhypkg93dgpo41os1 fs }]
1975:    testctx.go:206: after the session ended: linked row=4332 field=withExec imported=true persisted=true leased=true links=[{ltihcfms2g3x3kcuf7lr8i7td fs } {pg8co3w5w73q9riwnb17ehyc2 meta } {29rhcemqr9ut9nphjqben6vhu mount_file:2 } {ne6osmmzi3d8mkgzmekil2x4u mount_dir:3 }]
1976:    testctx.go:206: after the session ended: linked row=4333 field=withExec imported=true persisted=true leased=true links=[{2iu7n7drbe1alwlbxrj1c7k7v fs } {y3f4h3afgcuio3bvugend9nn8 meta } {8nfue3yrmx1nszflulerls35u mount_file:2 } {i72x2cxsoss4s4oi0dcpygb55 mount_dir:3 }]
1977:    testctx.go:206: after the session ended: linked row=4334 field=withEntrypoint imported=true persisted=false leased=true links=[{i72x2cxsoss4s4oi0dcpygb55 mount_dir:3 } {8nfue3yrmx1nszflulerls35u mount_file:2 } {2iu7n7drbe1alwlbxrj1c7k7v fs }]
1978:    testctx.go:206: after the session ended: linked row=4335 field=withWorkdir imported=true persisted=false leased=true links=[{i72x2cxsoss4s4oi0dcpygb55 mount_dir:3 } {8nfue3yrmx1nszflulerls35u mount_file:2 } {2iu7n7drbe1alwlbxrj1c7k7v fs }]
1979:    testctx.go:206: after the session ended: linked row=4336 field=withoutMount imported=true persisted=false leased=true links=[{2iu7n7drbe1alwlbxrj1c7k7v fs } {i72x2cxsoss4s4oi0dcpygb55 mount_dir:2 } {8nfue3yrmx1nszflulerls35u mount_file:1 }]
1980:    testctx.go:206: after the session ended: linked row=4337 field=withoutMount imported=true persisted=false leased=true links=[{i72x2cxsoss4s4oi0dcpygb55 mount_dir:1 } {8nfue3yrmx1nszflulerls35u mount_file:0 } {2iu7n7drbe1alwlbxrj1c7k7v fs }]
1981:    testctx.go:206: after the session ended: linked row=4342 field=from imported=true persisted=true leased=true links=[{hny2dzyjia1srr094y9nczjxz fs }]
1982:    testctx.go:206: after the session ended: linked row=4343 field=directory imported=true persisted=false leased=true links=[{ts8jsz4rubdybt5kyanxgavum snapshot }]
1983:    testctx.go:206: after the session ended: linked row=4344 field=withMountedDirectory imported=true persisted=false leased=true links=[{ts8jsz4rubdybt5kyanxgavum mount_dir:0 } {hny2dzyjia1srr094y9nczjxz fs }]
1984:    testctx.go:206: after the session ended: linked row=4345 field=withExec imported=true persisted=true leased=true links=[{dbi4hhxlzexzzdac6ckj2aedr fs } {8660rq15bdqsr031hce9h5a1g meta } {gp3lkuhwnk5fv36u5gvh0lhtx mount_dir:0 }]
1985:    testctx.go:206: after the session ended: linked row=4346 field=directory imported=true persisted=false leased=true links=[{dbi4hhxlzexzzdac6ckj2aedr snapshot }]
1986:    testctx.go:206: after the session ended: persistence={PersistenceResetReason: LocalCacheResetReason: RemovedPersistedRootCount:0 DiskPrunedResults:[]} snapshots=61
1987:    testctx.go:206: after the session ended: describe row=4348 imported=true persisted=true links=0 deps=[4339 4347]
1988:    testctx.go:206: after the session ended: source row=4343 imported=true persisted=false links=1 deps=[4313]
1989:    testctx.go:206: after the session ended: built row=4346 imported=true persisted=false links=1 deps=[4345]
2065:    testctx.go:206: after the collection: linked row=4314 field=directory imported=true persisted=false leased=true links=[{s7bbxtkyf3m8zwe6lfz52vqpj snapshot }]
2066:    testctx.go:206: after the collection: linked row=4316 field=_builtinContainer imported=true persisted=true leased=true links=[{piiast3dxhypkg93dgpo41os1 fs }]
2067:    testctx.go:206: after the collection: linked row=4317 field=directory imported=true persisted=false leased=true links=[{piiast3dxhypkg93dgpo41os1 snapshot }]
2068:    testctx.go:206: after the collection: linked row=4319 field=directory imported=true persisted=false leased=true links=[{piiast3dxhypkg93dgpo41os1 snapshot }]
2069:    testctx.go:206: after the collection: linked row=4321 field=withMountedCache imported=true persisted=false leased=true links=[{piiast3dxhypkg93dgpo41os1 fs }]
2070:    testctx.go:206: after the collection: linked row=4322 field=withMountedCache imported=true persisted=false leased=true links=[{piiast3dxhypkg93dgpo41os1 fs }]
2071:    testctx.go:206: after the collection: linked row=4323 field=__withSystemEnvVariable imported=true persisted=false leased=true links=[{piiast3dxhypkg93dgpo41os1 fs }]
2072:    testctx.go:206: after the collection: linked row=4324 field=__withSystemEnvVariable imported=true persisted=false leased=true links=[{piiast3dxhypkg93dgpo41os1 fs }]
2073:    testctx.go:206: after the collection: linked row=4325 field=__schemaJSONFile imported=true persisted=true leased=true links=[{5466gl3853v1jjsz2rfdlga30 snapshot }]
2074:    testctx.go:206: after the collection: linked row=4326 field=withMountedFile imported=true persisted=false leased=true links=[{5466gl3853v1jjsz2rfdlga30 mount_file:2 } {piiast3dxhypkg93dgpo41os1 fs }]
2075:    testctx.go:206: after the collection: linked row=4327 field=withoutFile imported=true persisted=true leased=true links=[{voa0petaak1ttt1ae4ctclj5l snapshot }]
2076:    testctx.go:206: after the collection: linked row=4328 field=withMountedDirectory imported=true persisted=false leased=true links=[{voa0petaak1ttt1ae4ctclj5l mount_dir:3 } {5466gl3853v1jjsz2rfdlga30 mount_file:2 } {piiast3dxhypkg93dgpo41os1 fs }]
2077:    testctx.go:206: after the collection: linked row=4329 field=withWorkdir imported=true persisted=false leased=true links=[{piiast3dxhypkg93dgpo41os1 fs } {voa0petaak1ttt1ae4ctclj5l mount_dir:3 } {5466gl3853v1jjsz2rfdlga30 mount_file:2 }]
2078:    testctx.go:206: after the collection: linked row=4330 field=withEnvVariable imported=true persisted=false leased=true links=[{piiast3dxhypkg93dgpo41os1 fs } {voa0petaak1ttt1ae4ctclj5l mount_dir:3 } {5466gl3853v1jjsz2rfdlga30 mount_file:2 }]
2079:    testctx.go:206: after the collection: linked row=4331 field=withoutDefaultArgs imported=true persisted=false leased=true links=[{voa0petaak1ttt1ae4ctclj5l mount_dir:3 } {5466gl3853v1jjsz2rfdlga30 mount_file:2 } {piiast3dxhypkg93dgpo41os1 fs }]
2080:    testctx.go:206: after the collection: linked row=4332 field=withExec imported=true persisted=true leased=true links=[{ltihcfms2g3x3kcuf7lr8i7td fs } {pg8co3w5w73q9riwnb17ehyc2 meta } {29rhcemqr9ut9nphjqben6vhu mount_file:2 } {ne6osmmzi3d8mkgzmekil2x4u mount_dir:3 }]
2081:    testctx.go:206: after the collection: linked row=4333 field=withExec imported=true persisted=true leased=true links=[{2iu7n7drbe1alwlbxrj1c7k7v fs } {y3f4h3afgcuio3bvugend9nn8 meta } {8nfue3yrmx1nszflulerls35u mount_file:2 } {i72x2cxsoss4s4oi0dcpygb55 mount_dir:3 }]
2082:    testctx.go:206: after the collection: linked row=4334 field=withEntrypoint imported=true persisted=false leased=true links=[{i72x2cxsoss4s4oi0dcpygb55 mount_dir:3 } {8nfue3yrmx1nszflulerls35u mount_file:2 } {2iu7n7drbe1alwlbxrj1c7k7v fs }]
2083:    testctx.go:206: after the collection: linked row=4335 field=withWorkdir imported=true persisted=false leased=true links=[{i72x2cxsoss4s4oi0dcpygb55 mount_dir:3 } {8nfue3yrmx1nszflulerls35u mount_file:2 } {2iu7n7drbe1alwlbxrj1c7k7v fs }]
2084:    testctx.go:206: after the collection: linked row=4336 field=withoutMount imported=true persisted=false leased=true links=[{2iu7n7drbe1alwlbxrj1c7k7v fs } {i72x2cxsoss4s4oi0dcpygb55 mount_dir:2 } {8nfue3yrmx1nszflulerls35u mount_file:1 }]
2085:    testctx.go:206: after the collection: linked row=4337 field=withoutMount imported=true persisted=false leased=true links=[{i72x2cxsoss4s4oi0dcpygb55 mount_dir:1 } {8nfue3yrmx1nszflulerls35u mount_file:0 } {2iu7n7drbe1alwlbxrj1c7k7v fs }]
2086:    testctx.go:206: after the collection: linked row=4342 field=from imported=true persisted=true leased=true links=[{hny2dzyjia1srr094y9nczjxz fs }]
2087:    testctx.go:206: after the collection: linked row=4343 field=directory imported=true persisted=false leased=true links=[{ts8jsz4rubdybt5kyanxgavum snapshot }]
2088:    testctx.go:206: after the collection: linked row=4344 field=withMountedDirectory imported=true persisted=false leased=true links=[{ts8jsz4rubdybt5kyanxgavum mount_dir:0 } {hny2dzyjia1srr094y9nczjxz fs }]
2089:    testctx.go:206: after the collection: linked row=4345 field=withExec imported=true persisted=true leased=true links=[{dbi4hhxlzexzzdac6ckj2aedr fs } {8660rq15bdqsr031hce9h5a1g meta } {gp3lkuhwnk5fv36u5gvh0lhtx mount_dir:0 }]
2090:    testctx.go:206: after the collection: linked row=4346 field=directory imported=true persisted=false leased=true links=[{dbi4hhxlzexzzdac6ckj2aedr snapshot }]
2091:    testctx.go:206: after the collection: persistence={PersistenceResetReason: LocalCacheResetReason: RemovedPersistedRootCount:0 DiskPrunedResults:[]} snapshots=29
2092:    testctx.go:206: after the collection: source row=4343 imported=true persisted=false links=1 deps=[4313]
2093:    testctx.go:206: after the collection: built row=4346 imported=true persisted=false links=1 deps=[4345]
2094:    testctx.go:206: after the collection: describe row=4348 imported=true persisted=true links=0 deps=[4339 4347]
2221:    testctx.go:198: 70  : [0.7s] | time=2026-09-17T22:16:09.090Z level=WARN msg="dagql persistence import failed; wiping and cold-starting" err="attach imported result 4320 owner lease \"snapshot\": fpxtpltl5slq9i8pqfmz09uaq: not found"
2222:    testctx.go:198: 70  : [0.7s] | time=2026-09-17T22:16:09.108Z level=WARN msg="local cache state invalid; resetting worker and dagql persistence state" reason=dagql_import_failure error=<nil>
2276:    testctx.go:206: after the restart: persistence={PersistenceResetReason:import_failure LocalCacheResetReason:dagql_import_failure RemovedPersistedRootCount:0 DiskPrunedResults:[]} snapshots=0
2277:    testctx.go:206: after the restart: built row=4346 MISSING
2278:    testctx.go:206: after the restart: describe row=4348 MISSING
2279:    testctx.go:206: after the restart: source row=4343 MISSING
