=== RUN   TestCapturePersistedContainerDirectEvaluation
=== RUN   TestCapturePersistedContainerDirectEvaluation/metadata
2026/09/16 06:26:11 INFO start lazy group evaluation field=capture-test group=metadata
2026/09/16 06:26:11 INFO end lazy group evaluation field=capture-test group=metadata duration=234.559µs
2026/09/16 06:26:11 INFO discarding dagql cache without persistence hasSQLDB=false hasPersistDB=false
=== RUN   TestCapturePersistedContainerDirectEvaluation/snapshot
2026/09/16 06:26:11 INFO start lazy group evaluation field=capture-test group=metadata
2026/09/16 06:26:11 INFO end lazy group evaluation field=capture-test group=metadata duration=28.9µs
2026/09/16 06:26:11 INFO start lazy group evaluation field=capture-test group=fs
2026/09/16 06:26:11 INFO start lazy group evaluation field=capture-test group=execMeta
2026/09/16 06:26:11 INFO end lazy group evaluation field=capture-test group=execMeta duration=3.28µs
2026/09/16 06:26:11 INFO end lazy group evaluation field=capture-test group=fs duration=64.06µs
2026/09/16 06:26:11 INFO discarding dagql cache without persistence hasSQLDB=false hasPersistDB=false
=== RUN   TestCapturePersistedContainerDirectEvaluation/whole
2026/09/16 06:26:11 INFO start lazy group evaluation field=capture-test group=metadata
2026/09/16 06:26:11 INFO end lazy group evaluation field=capture-test group=metadata duration=38.06µs
2026/09/16 06:26:11 INFO start lazy group evaluation field=capture-test group=fs
2026/09/16 06:26:11 INFO end lazy group evaluation field=capture-test group=fs duration=2.55µs
2026/09/16 06:26:11 INFO start lazy group evaluation field=capture-test group=execMeta
2026/09/16 06:26:11 INFO end lazy group evaluation field=capture-test group=execMeta duration=12.97µs
2026/09/16 06:26:11 INFO discarding dagql cache without persistence hasSQLDB=false hasPersistDB=false
--- PASS: TestCapturePersistedContainerDirectEvaluation (0.01s)
    --- PASS: TestCapturePersistedContainerDirectEvaluation/metadata (0.00s)
    --- PASS: TestCapturePersistedContainerDirectEvaluation/snapshot (0.00s)
    --- PASS: TestCapturePersistedContainerDirectEvaluation/whole (0.00s)
=== RUN   TestCapturePersistedFilesystemDirectEvaluation
=== RUN   TestCapturePersistedFilesystemDirectEvaluation/File
2026/09/16 06:26:11 INFO start lazy evaluation field=File
2026/09/16 06:26:11 INFO end lazy evaluation field=File duration=99.55µs
    filesystem_capture_test.go:45: capture while File producer body latch held: err=capture persisted record 2: persist state not ready: filesystem body in use payload=
2026/09/16 06:26:11 INFO discarding dagql cache without persistence hasSQLDB=true hasPersistDB=true
=== RUN   TestCapturePersistedFilesystemDirectEvaluation/Directory
2026/09/16 06:26:11 INFO start lazy evaluation field=Directory
2026/09/16 06:26:11 INFO end lazy evaluation field=Directory duration=87.15µs
    filesystem_capture_test.go:45: capture while Directory producer body latch held: err=capture persisted record 2: persist state not ready: filesystem body in use payload=
2026/09/16 06:26:11 INFO discarding dagql cache without persistence hasSQLDB=true hasPersistDB=true
--- PASS: TestCapturePersistedFilesystemDirectEvaluation (0.04s)
    --- PASS: TestCapturePersistedFilesystemDirectEvaluation/File (0.03s)
    --- PASS: TestCapturePersistedFilesystemDirectEvaluation/Directory (0.01s)
=== RUN   TestFilesystemOutputRevision
=== RUN   TestFilesystemOutputRevision/File
=== RUN   TestFilesystemOutputRevision/Directory
--- PASS: TestFilesystemOutputRevision (0.00s)
    --- PASS: TestFilesystemOutputRevision/File (0.00s)
    --- PASS: TestFilesystemOutputRevision/Directory (0.00s)
=== RUN   TestFilesystemPersistenceRetainsBodyLatch
=== RUN   TestFilesystemPersistenceRetainsBodyLatch/File
=== RUN   TestFilesystemPersistenceRetainsBodyLatch/Directory
--- PASS: TestFilesystemPersistenceRetainsBodyLatch (0.00s)
    --- PASS: TestFilesystemPersistenceRetainsBodyLatch/File (0.00s)
    --- PASS: TestFilesystemPersistenceRetainsBodyLatch/Directory (0.00s)
=== RUN   TestForeignModuleContextReaders
=== RUN   TestForeignModuleContextReaders/exists
=== RUN   TestForeignModuleContextReaders/directory
=== RUN   TestForeignModuleContextReaders/file
=== RUN   TestForeignModuleContextReaders/git
=== RUN   TestForeignModuleContextReaders/env
=== RUN   TestForeignModuleContextReaders/dependency
=== RUN   TestForeignModuleContextReaders/stat
2026/09/16 06:26:11 INFO discarding dagql cache without persistence hasSQLDB=true hasPersistDB=true
--- PASS: TestForeignModuleContextReaders (0.02s)
    --- PASS: TestForeignModuleContextReaders/exists (0.00s)
    --- PASS: TestForeignModuleContextReaders/directory (0.00s)
    --- PASS: TestForeignModuleContextReaders/file (0.00s)
    --- PASS: TestForeignModuleContextReaders/git (0.00s)
    --- PASS: TestForeignModuleContextReaders/env (0.00s)
    --- PASS: TestForeignModuleContextReaders/dependency (0.00s)
    --- PASS: TestForeignModuleContextReaders/stat (0.00s)
=== RUN   TestBoundToolsUseTheirDefiningSchemaAuthoritatively
=== RUN   TestBoundToolsUseTheirDefiningSchemaAuthoritatively/lazy
=== RUN   TestBoundToolsUseTheirDefiningSchemaAuthoritatively/dispatch
=== RUN   TestBoundToolsUseTheirDefiningSchemaAuthoritatively/dispatch/eager
=== RUN   TestBoundToolsUseTheirDefiningSchemaAuthoritatively/dispatch/lazy_load
=== RUN   TestBoundToolsUseTheirDefiningSchemaAuthoritatively/dispatch/state_return
=== RUN   TestBoundToolsUseTheirDefiningSchemaAuthoritatively/dispatch/dependency_attachment
--- PASS: TestBoundToolsUseTheirDefiningSchemaAuthoritatively (0.00s)
    --- PASS: TestBoundToolsUseTheirDefiningSchemaAuthoritatively/lazy (0.00s)
    --- PASS: TestBoundToolsUseTheirDefiningSchemaAuthoritatively/dispatch (0.00s)
        --- PASS: TestBoundToolsUseTheirDefiningSchemaAuthoritatively/dispatch/eager (0.00s)
        --- PASS: TestBoundToolsUseTheirDefiningSchemaAuthoritatively/dispatch/lazy_load (0.00s)
        --- PASS: TestBoundToolsUseTheirDefiningSchemaAuthoritatively/dispatch/state_return (0.00s)
        --- PASS: TestBoundToolsUseTheirDefiningSchemaAuthoritatively/dispatch/dependency_attachment (0.00s)
=== RUN   TestModDepsForCallInstalledPreference
=== RUN   TestModDepsForCallInstalledPreference/import_before_installation
=== RUN   TestModDepsForCallInstalledPreference/import_before_installation/module
=== RUN   TestModDepsForCallInstalledPreference/import_before_installation/receiver
=== RUN   TestModDepsForCallInstalledPreference/import_before_installation/argument
=== RUN   TestModDepsForCallInstalledPreference/import_before_installation/implicit
=== RUN   TestModDepsForCallInstalledPreference/import_before_installation/ancestor
2026/09/16 06:26:11 INFO discarding dagql cache without persistence hasSQLDB=true hasPersistDB=true
2026/09/16 06:26:11 INFO discarding dagql cache without persistence hasSQLDB=true hasPersistDB=true
=== RUN   TestModDepsForCallInstalledPreference/import_after_installation
=== RUN   TestModDepsForCallInstalledPreference/import_after_installation/module
=== RUN   TestModDepsForCallInstalledPreference/import_after_installation/receiver
=== RUN   TestModDepsForCallInstalledPreference/import_after_installation/argument
=== RUN   TestModDepsForCallInstalledPreference/import_after_installation/implicit
=== RUN   TestModDepsForCallInstalledPreference/import_after_installation/ancestor
2026/09/16 06:26:11 INFO discarding dagql cache without persistence hasSQLDB=true hasPersistDB=true
2026/09/16 06:26:11 INFO discarding dagql cache without persistence hasSQLDB=true hasPersistDB=true
--- PASS: TestModDepsForCallInstalledPreference (0.06s)
    --- PASS: TestModDepsForCallInstalledPreference/import_before_installation (0.03s)
        --- PASS: TestModDepsForCallInstalledPreference/import_before_installation/module (0.00s)
        --- PASS: TestModDepsForCallInstalledPreference/import_before_installation/receiver (0.00s)
        --- PASS: TestModDepsForCallInstalledPreference/import_before_installation/argument (0.00s)
        --- PASS: TestModDepsForCallInstalledPreference/import_before_installation/implicit (0.00s)
        --- PASS: TestModDepsForCallInstalledPreference/import_before_installation/ancestor (0.00s)
    --- PASS: TestModDepsForCallInstalledPreference/import_after_installation (0.03s)
        --- PASS: TestModDepsForCallInstalledPreference/import_after_installation/module (0.00s)
        --- PASS: TestModDepsForCallInstalledPreference/import_after_installation/receiver (0.00s)
        --- PASS: TestModDepsForCallInstalledPreference/import_after_installation/argument (0.00s)
        --- PASS: TestModDepsForCallInstalledPreference/import_after_installation/implicit (0.00s)
        --- PASS: TestModDepsForCallInstalledPreference/import_after_installation/ancestor (0.00s)
=== RUN   TestModDepsForCallInstalledPreferenceTraversal
2026/09/16 06:26:11 INFO discarding dagql cache without persistence hasSQLDB=true hasPersistDB=true
--- PASS: TestModDepsForCallInstalledPreferenceTraversal (0.01s)
=== RUN   TestValueTransferPartsSelectedChain
    value_transfer_chain_test.go:37: real native snapshot transfer requires read-only bind mount privileges: mount source: "/tmp/TestValueTransferPartsSelectedChain1133005561/001", target: "/tmp/snapshot-transfer-mount2092230926", fstype: bind, flags: 20481, data: "", err: operation not permitted
--- SKIP: TestValueTransferPartsSelectedChain (0.00s)
=== RUN   TestValueTransferPartsContainerMount
    value_transfer_chain_test.go:97: real native snapshot transfer requires read-only bind mount privileges: mount source: "/tmp/TestValueTransferPartsContainerMount666182537/001", target: "/tmp/snapshot-transfer-mount3551951292", fstype: bind, flags: 20481, data: "", err: operation not permitted
--- SKIP: TestValueTransferPartsContainerMount (0.00s)
=== RUN   TestValueTransferForeignFormsImport
=== RUN   TestValueTransferForeignFormsImport/File
2026/09/16 06:26:11 INFO discarding dagql cache without persistence hasSQLDB=true hasPersistDB=true
=== RUN   TestValueTransferForeignFormsImport/Directory
2026/09/16 06:26:11 INFO discarding dagql cache without persistence hasSQLDB=true hasPersistDB=true
=== RUN   TestValueTransferForeignFormsImport/Container
2026/09/16 06:26:11 INFO discarding dagql cache without persistence hasSQLDB=true hasPersistDB=true
=== RUN   TestValueTransferForeignFormsImport/HTTPState
2026/09/16 06:26:11 INFO discarding dagql cache without persistence hasSQLDB=true hasPersistDB=true
=== RUN   TestValueTransferForeignFormsImport/CacheVolume
2026/09/16 06:26:11 INFO discarding dagql cache without persistence hasSQLDB=true hasPersistDB=true
=== RUN   TestValueTransferForeignFormsImport/ClientFilesyncMirror
2026/09/16 06:26:11 INFO discarding dagql cache without persistence hasSQLDB=true hasPersistDB=true
=== RUN   TestValueTransferForeignFormsImport/RemoteGitMirror
2026/09/16 06:26:11 INFO discarding dagql cache without persistence hasSQLDB=true hasPersistDB=true
=== RUN   TestValueTransferForeignFormsImport/ModuleSource
2026/09/16 06:26:11 INFO discarding dagql cache without persistence hasSQLDB=true hasPersistDB=true
--- PASS: TestValueTransferForeignFormsImport (0.09s)
    --- PASS: TestValueTransferForeignFormsImport/File (0.01s)
    --- PASS: TestValueTransferForeignFormsImport/Directory (0.01s)
    --- PASS: TestValueTransferForeignFormsImport/Container (0.01s)
    --- PASS: TestValueTransferForeignFormsImport/HTTPState (0.01s)
    --- PASS: TestValueTransferForeignFormsImport/CacheVolume (0.01s)
    --- PASS: TestValueTransferForeignFormsImport/ClientFilesyncMirror (0.01s)
    --- PASS: TestValueTransferForeignFormsImport/RemoteGitMirror (0.01s)
    --- PASS: TestValueTransferForeignFormsImport/ModuleSource (0.01s)
=== RUN   TestValueTransferForeignForms
=== RUN   TestValueTransferForeignForms/File
=== RUN   TestValueTransferForeignForms/Directory
=== RUN   TestValueTransferForeignForms/HTTPState
=== RUN   TestValueTransferForeignForms/CacheVolume
=== RUN   TestValueTransferForeignForms/ClientFilesyncMirror
=== RUN   TestValueTransferForeignForms/RemoteGitMirror
=== RUN   TestValueTransferForeignForms/ModuleSource
=== RUN   TestValueTransferForeignForms/Container
--- PASS: TestValueTransferForeignForms (0.00s)
    --- PASS: TestValueTransferForeignForms/File (0.00s)
    --- PASS: TestValueTransferForeignForms/Directory (0.00s)
    --- PASS: TestValueTransferForeignForms/HTTPState (0.00s)
    --- PASS: TestValueTransferForeignForms/CacheVolume (0.00s)
    --- PASS: TestValueTransferForeignForms/ClientFilesyncMirror (0.00s)
    --- PASS: TestValueTransferForeignForms/RemoteGitMirror (0.00s)
    --- PASS: TestValueTransferForeignForms/ModuleSource (0.00s)
    --- PASS: TestValueTransferForeignForms/Container (0.00s)
=== RUN   TestValueTransferParts
--- PASS: TestValueTransferParts (0.00s)
PASS
ok  	github.com/dagger/dagger/core	0.320s
