[dagger] 30.0s elapsed · 2 steps running
[dagger] 1m0s elapsed · 19 steps running
[dagger] 1m30s elapsed · 120 steps running
[dagger] 2m0s elapsed · 6 steps running
[dagger] 2m30s elapsed · 6 steps running
[dagger] 3m0s elapsed · 7 steps running
[dagger] 3m30s elapsed · 6 steps running
[dagger] 4m0s elapsed · 10 steps running
[dagger] 4m30s elapsed · 12 steps running
[dagger] 5m0s elapsed · 10 steps running
== TRACE ==  ✔ PASSED
engine-dev test --pkg ./core/integration --run=TestRemoteCacheTransferSuite/TestSharedHostDirectoryLifetime$ --test-verbose --timeout=4m  5m15s

✔ connect 0.3s
✔ load workspace: . 26.1s
  ✔ 12 uploads 0.2s
✔ parsing command line arguments 0.0s

✔ engineDev(
  ┆ ws: currentWorkspace: Workspace!
  ): EngineDev! 25.6s
  ✔ uploading /home/exedev/.tailcall/worktrees/dagger-a7378ed8352b/sharing-implementer-fable-impl-07b90299-afea3c83 1.9s ████████████ 57 MB
✔ .test(run: "TestRemoteCacheTransferSuite/TestSharedHostDirectoryLifetime$", pkg: "./core/integration", timeout: "4m", testVerbose: true): Void 4m23s
  ✔ 10 pulls, 10 unpacks, 146 fetches, 4 uploads 25.4s

== SERVICES ==
✔ rogct0dgr0vls.jlrv6e42n73ni.dagger.local exec /entrypoint.sh /etc/docker/registry/config.yml 2m18s EXITED span=1bfe053ca5a2e702
✔ h4avdn8nctrm4.jlrv6e42n73ni.dagger.local exec /entrypoint.sh /etc/docker/registry/config.yml 2m18s EXITED span=c6adb38fa4571662
✘ 4mm1gtkjshipe.jlrv6e42n73ni.dagger.local exec dagger-entrypoint.sh --addr unix:///run/dagger-engine.sock --addr tcp://0.0.0.0:1234 --network-name dagger-dev --network-cidr 10.88.0.0/16 --debugaddr 0.0.0.0:6060 2m18s ERROR span=943560e7aa118afb

== TESTS ==
  ✔ github.com/dagger/dagger/core/integration  1 passed

  ✔ 1 passed

Full trace at https://dagger.cloud/dagger/traces/b8756e2261b12d4c4e2cbf365022628b
exit=0 wall=316s
