[dagger] 30.0s elapsed · 8 steps running
[dagger] 1m0s elapsed · 81 steps running
[dagger] 1m30s elapsed · 165 steps running
[dagger] 2m0s elapsed · 7 steps running
[dagger] 2m30s elapsed · 6 steps running
[dagger] 3m0s elapsed · 13 steps running
[dagger] 3m30s elapsed · 6 steps running
[dagger] 4m0s elapsed · 14 steps running
[dagger] 4m30s elapsed · 20 steps running
[dagger] 5m0s elapsed · 65 steps running
[dagger] 5m30s elapsed · 19 steps running
[dagger] 6m0s elapsed · 17 steps running
== TRACE ==  ✔ PASSED
engine-dev test --pkg ./core/integration --run=TestRemoteCacheTransferSuite/(TestSharedHostDirectoryLifetime|TestPartMixedExecOutputs|TestSchemaRecovery)$ --test-verbose --timeout=7m  6m8s

✔ connect 0.4s
✔ load workspace: . 31.3s
  ✔ 12 uploads, 1 unpack 3.4s
✔ parsing command line arguments 0.0s

✔ engineDev(
  ┆ ws: currentWorkspace: Workspace!
  ): EngineDev! 24.7s
  ✔ uploading /home/exedev/.tailcall/worktrees/dagger-a7378ed8352b/sharing-implementer-fable-impl-07b90299-afea3c83 2.0s ████████████ 57 MB
✔ .test(run: "TestRemoteCacheTransferSuite/(TestSharedHostDirectoryLifetime|TestPartMixedExecOutputs|TestSchemaRecovery)$", pkg: "./core/integration", timeout: "7m", testVerbose: true): Void 5m11s
  ✔ 11 pulls, 15 unpacks, 146 fetches, 19 uploads, 3 transfers 37.4s

== SERVICES ==
✔ h4avdn8nctrm4.lqe55ktn7q136.dagger.local exec /entrypoint.sh /etc/docker/registry/config.yml 3m7s EXITED span=a0234ad70f7a0e3a
✔ rogct0dgr0vls.lqe55ktn7q136.dagger.local exec /entrypoint.sh /etc/docker/registry/config.yml 3m7s EXITED span=4d4382d43a114fe9
✘ hnqeao5vornum.lqe55ktn7q136.dagger.local exec dagger-entrypoint.sh --addr unix:///run/dagger-engine.sock --addr tcp://0.0.0.0:1234 --network-name dagger-dev --network-cidr 10.88.0.0/16 --debugaddr 0.0.0.0:6060 3m6s ERROR span=2ffd4bbb8db944ef

== TESTS ==
  ✔ github.com/dagger/dagger/core/integration  1 passed

  ✔ 1 passed

Full trace at https://dagger.cloud/dagger/traces/d0dcde49df2870e51f08f020b72e93d5
exit=0 wall=370s
