=== RUN   TestPartSessionlessOwnSubset
=== RUN   TestPartSessionlessOwnSubset/offer-only
=== RUN   TestPartSessionlessOwnSubset/own
=== RUN   TestPartSessionlessOwnSubset/revoked-before-commit
=== RUN   TestPartSessionlessOwnSubset/native-receiver
--- PASS: TestPartSessionlessOwnSubset (0.20s)
    --- PASS: TestPartSessionlessOwnSubset/offer-only (0.08s)
    --- PASS: TestPartSessionlessOwnSubset/own (0.03s)
    --- PASS: TestPartSessionlessOwnSubset/revoked-before-commit (0.05s)
    --- PASS: TestPartSessionlessOwnSubset/native-receiver (0.04s)
=== RUN   TestPartReadyRevalidationAndCanceledFinish
=== RUN   TestPartReadyRevalidationAndCanceledFinish/stale-donor
=== RUN   TestPartReadyRevalidationAndCanceledFinish/cancel-commit
=== RUN   TestPartReadyRevalidationAndCanceledFinish/cancel-finish
--- PASS: TestPartReadyRevalidationAndCanceledFinish (0.11s)
    --- PASS: TestPartReadyRevalidationAndCanceledFinish/stale-donor (0.05s)
    --- PASS: TestPartReadyRevalidationAndCanceledFinish/cancel-commit (0.04s)
    --- PASS: TestPartReadyRevalidationAndCanceledFinish/cancel-finish (0.03s)
=== RUN   TestPartLazyOperationMissingOutputStopsOnce
--- PASS: TestPartLazyOperationMissingOutputStopsOnce (0.03s)
=== RUN   TestPartLazyOperationPublishesOverObservedRepresentation
=== RUN   TestPartLazyOperationPublishesOverObservedRepresentation/encoded_receiver
=== RUN   TestPartLazyOperationPublishesOverObservedRepresentation/typed_receiver
--- PASS: TestPartLazyOperationPublishesOverObservedRepresentation (0.10s)
    --- PASS: TestPartLazyOperationPublishesOverObservedRepresentation/encoded_receiver (0.05s)
    --- PASS: TestPartLazyOperationPublishesOverObservedRepresentation/typed_receiver (0.04s)
=== RUN   TestCommitReadyPartRejectsBrokenPreparation
=== RUN   TestCommitReadyPartRejectsBrokenPreparation/unsealed
=== RUN   TestCommitReadyPartRejectsBrokenPreparation/encoded_without_envelope
--- PASS: TestCommitReadyPartRejectsBrokenPreparation (0.08s)
    --- PASS: TestCommitReadyPartRejectsBrokenPreparation/unsealed (0.04s)
    --- PASS: TestCommitReadyPartRejectsBrokenPreparation/encoded_without_envelope (0.04s)
=== RUN   TestPartReselectWatch
--- PASS: TestPartReselectWatch (0.00s)
=== RUN   TestReadyPartReceipt
--- PASS: TestReadyPartReceipt (0.03s)
=== RUN   TestSnapshotSharingTriggers
--- PASS: TestSnapshotSharingTriggers (0.04s)
=== RUN   TestSnapshotSharingInstallsFromEquivalent
--- PASS: TestSnapshotSharingInstallsFromEquivalent (0.04s)
=== RUN   TestSnapshotSharingPreparedSequence
--- PASS: TestSnapshotSharingPreparedSequence (0.05s)
=== RUN   TestSnapshotSharingPreparedSequenceThreeParts
--- PASS: TestSnapshotSharingPreparedSequenceThreeParts (0.04s)
=== RUN   TestSnapshotSharingIndependentParts
--- PASS: TestSnapshotSharingIndependentParts (0.05s)
=== RUN   TestSnapshotSharingDonorReceivesSibling
--- PASS: TestSnapshotSharingDonorReceivesSibling (0.04s)
=== RUN   TestSnapshotSharingTriggerSites
=== RUN   TestSnapshotSharingTriggerSites/new_membership_without_a_union
=== RUN   TestSnapshotSharingTriggerSites/no_enqueue_for_an_unregistered_row
=== RUN   TestSnapshotSharingTriggerSites/lazy_completion_notifies_after_a_successful_share
=== RUN   TestSnapshotSharingTriggerSites/admission_off_enqueues_nothing
--- PASS: TestSnapshotSharingTriggerSites (0.12s)
    --- PASS: TestSnapshotSharingTriggerSites/new_membership_without_a_union (0.03s)
    --- PASS: TestSnapshotSharingTriggerSites/no_enqueue_for_an_unregistered_row (0.03s)
    --- PASS: TestSnapshotSharingTriggerSites/lazy_completion_notifies_after_a_successful_share (0.03s)
    --- PASS: TestSnapshotSharingTriggerSites/admission_off_enqueues_nothing (0.03s)
=== RUN   TestSnapshotSharingCoalescing
--- PASS: TestSnapshotSharingCoalescing (0.03s)
=== RUN   TestSnapshotSharingNoJoinRefusal
--- PASS: TestSnapshotSharingNoJoinRefusal (0.06s)
=== RUN   TestSnapshotSharingReadinessAndExpiry
=== RUN   TestSnapshotSharingReadinessAndExpiry/a_desired-only_role_is_not_an_applied_role
=== RUN   TestSnapshotSharingReadinessAndExpiry/an_expired_receiver_is_skipped
=== RUN   TestSnapshotSharingReadinessAndExpiry/an_expired_donor_is_skipped
=== RUN   TestSnapshotSharingReadinessAndExpiry/a_native_receiver_is_never_filled
--- PASS: TestSnapshotSharingReadinessAndExpiry (0.17s)
    --- PASS: TestSnapshotSharingReadinessAndExpiry/a_desired-only_role_is_not_an_applied_role (0.07s)
    --- PASS: TestSnapshotSharingReadinessAndExpiry/an_expired_receiver_is_skipped (0.04s)
    --- PASS: TestSnapshotSharingReadinessAndExpiry/an_expired_donor_is_skipped (0.03s)
    --- PASS: TestSnapshotSharingReadinessAndExpiry/a_native_receiver_is_never_filled (0.03s)
=== RUN   TestSnapshotSharingStructuralRequirements
=== RUN   TestSnapshotSharingStructuralRequirements/own
=== RUN   TestSnapshotSharingStructuralRequirements/offer-only
=== RUN   TestSnapshotSharingStructuralRequirements/missing
--- PASS: TestSnapshotSharingStructuralRequirements (0.10s)
    --- PASS: TestSnapshotSharingStructuralRequirements/own (0.03s)
    --- PASS: TestSnapshotSharingStructuralRequirements/offer-only (0.03s)
    --- PASS: TestSnapshotSharingStructuralRequirements/missing (0.04s)
=== RUN   TestSnapshotSharingReleaseThenExternalFinish
--- PASS: TestSnapshotSharingReleaseThenExternalFinish (0.06s)
=== RUN   TestSnapshotSharingPreparationContextGuards
--- PASS: TestSnapshotSharingPreparationContextGuards (0.05s)
=== RUN   TestSnapshotSharingWorkerBaseIsMarked
--- PASS: TestSnapshotSharingWorkerBaseIsMarked (0.05s)
=== RUN   TestSnapshotSharingDecodeWhileFinishPaused
--- PASS: TestSnapshotSharingDecodeWhileFinishPaused (0.03s)
=== RUN   TestSnapshotSharingShutdown
--- PASS: TestSnapshotSharingShutdown (0.14s)
=== RUN   TestSnapshotSharingFailedFinishAndRetry
--- PASS: TestSnapshotSharingFailedFinishAndRetry (0.05s)
=== RUN   TestSnapshotSharingCompletionRegistrationRace
--- PASS: TestSnapshotSharingCompletionRegistrationRace (0.04s)
=== RUN   TestSnapshotSharingTypedServiceReceiverNeedsRegistration
--- PASS: TestSnapshotSharingTypedServiceReceiverNeedsRegistration (0.05s)
=== RUN   TestSnapshotSharingTypedReceiverFillsOnePartPerPass
--- PASS: TestSnapshotSharingTypedReceiverFillsOnePartPerPass (0.04s)
=== RUN   TestSnapshotSharingSelectsRestoredFrame
--- PASS: TestSnapshotSharingSelectsRestoredFrame (0.04s)
=== RUN   TestSnapshotSharingRefusedSlotReselectsJoinedDemand
--- PASS: TestSnapshotSharingRefusedSlotReselectsJoinedDemand (0.04s)
=== RUN   TestSnapshotSharingCancelDuringPreparation
--- PASS: TestSnapshotSharingCancelDuringPreparation (0.26s)
=== RUN   TestSnapshotSharingAbortReportsAfterCleanup
--- PASS: TestSnapshotSharingAbortReportsAfterCleanup (0.24s)
=== RUN   TestSnapshotSharingCancelAfterPublicationDeliversReceipt
--- PASS: TestSnapshotSharingCancelAfterPublicationDeliversReceipt (0.26s)
=== RUN   TestSnapshotSharingFailedFinishLastOwner
--- PASS: TestSnapshotSharingFailedFinishLastOwner (0.05s)
=== RUN   TestSnapshotSharingEncodedInstallRetryAfterDecode
=== RUN   TestSnapshotSharingEncodedInstallRetryAfterDecode/failed_attachment
=== RUN   TestSnapshotSharingEncodedInstallRetryAfterDecode/partial_attachment
--- PASS: TestSnapshotSharingEncodedInstallRetryAfterDecode (0.08s)
    --- PASS: TestSnapshotSharingEncodedInstallRetryAfterDecode/failed_attachment (0.05s)
    --- PASS: TestSnapshotSharingEncodedInstallRetryAfterDecode/partial_attachment (0.04s)
=== RUN   TestSnapshotSharingImportTriggers
=== RUN   TestSnapshotSharingImportTriggers/live_import_queues_the_imported_classes
=== RUN   TestSnapshotSharingImportTriggers/a_failed_identity_plan_queues_nothing
=== RUN   TestSnapshotSharingImportTriggers/a_failed_root_validation_queues_nothing
--- PASS: TestSnapshotSharingImportTriggers (0.13s)
    --- PASS: TestSnapshotSharingImportTriggers/live_import_queues_the_imported_classes (0.03s)
    --- PASS: TestSnapshotSharingImportTriggers/a_failed_identity_plan_queues_nothing (0.04s)
    --- PASS: TestSnapshotSharingImportTriggers/a_failed_root_validation_queues_nothing (0.03s)
=== RUN   TestSnapshotSharingPrefixCarriedOverRefusedAddress
--- PASS: TestSnapshotSharingPrefixCarriedOverRefusedAddress (0.05s)
=== RUN   TestSnapshotSharingTypedIneligibleFirstAddress
--- PASS: TestSnapshotSharingTypedIneligibleFirstAddress (0.03s)
=== RUN   TestSnapshotSharingTypedSuccessorHoldsTheDonor
--- PASS: TestSnapshotSharingTypedSuccessorHoldsTheDonor (0.04s)
=== RUN   TestSnapshotSharingDecodePreflight
--- PASS: TestSnapshotSharingDecodePreflight (0.04s)
=== RUN   TestSnapshotSharingDonorLeaseReconciliationIsBusy
--- PASS: TestSnapshotSharingDonorLeaseReconciliationIsBusy (0.07s)
=== RUN   TestSnapshotSharingPreparationContextIsSetOnce
--- PASS: TestSnapshotSharingPreparationContextIsSetOnce (0.12s)
=== RUN   TestPartSessionlessRestoredDirectory
    cache_part_admission_external_test.go:19: real native snapshot transfer requires read-only bind mount privileges: mount source: "/tmp/TestPartSessionlessRestoredDirectory3162773694/001", target: "/tmp/snapshot-transfer-mount3394151298", fstype: bind, flags: 20481, data: "", err: operation not permitted
--- SKIP: TestPartSessionlessRestoredDirectory (0.00s)
PASS
ok  	github.com/dagger/dagger/dagql	5.018s
=== RUN   TestPersistedDecodeDefaultDeps
=== RUN   TestPersistedDecodeDefaultDeps/marked_without_a_registered_factory_is_refused
=== RUN   TestPersistedDecodeDefaultDeps/marked_with_the_registered_root_returns_a_fresh_builder
=== RUN   TestPersistedDecodeDefaultDeps/a_decoding_server_with_another_root_is_refused
=== RUN   TestPersistedDecodeDefaultDeps/an_unmarked_context_keeps_the_ordinary_path
--- PASS: TestPersistedDecodeDefaultDeps (0.00s)
    --- PASS: TestPersistedDecodeDefaultDeps/marked_without_a_registered_factory_is_refused (0.00s)
    --- PASS: TestPersistedDecodeDefaultDeps/marked_with_the_registered_root_returns_a_fresh_builder (0.00s)
    --- PASS: TestPersistedDecodeDefaultDeps/a_decoding_server_with_another_root_is_refused (0.00s)
    --- PASS: TestPersistedDecodeDefaultDeps/an_unmarked_context_keeps_the_ordinary_path (0.00s)
=== RUN   TestSnapshotSharePreparationCoreGuards
2026/09/17 08:20:45 INFO start lazy evaluation field=TestValue
2026/09/17 08:20:45 INFO end lazy evaluation field=TestValue duration=156.82µs
--- PASS: TestSnapshotSharePreparationCoreGuards (0.00s)
=== RUN   TestCheckPersistedDecodeDefaults
--- PASS: TestCheckPersistedDecodeDefaults (0.00s)
PASS
ok  	github.com/dagger/dagger/core	1.553s
=== RUN   TestSnapshotSharingMarkedDecodeOfEncodedService
2026/09/17 08:21:02 INFO starting dagql cache close hasSQLDB=true hasPersistDB=true
2026/09/17 08:21:02 INFO marking dagql cache clean shutdown
2026/09/17 08:21:02 WARN successfully marked clean shutdown in persistence metadata
2026/09/17 08:21:02 INFO completed dagql cache close successfully
2026/09/17 08:21:02 INFO discarding dagql cache without persistence hasSQLDB=true hasPersistDB=true
--- PASS: TestSnapshotSharingMarkedDecodeOfEncodedService (0.09s)
=== RUN   TestSnapshotSharingReceivesImports
--- PASS: TestSnapshotSharingReceivesImports (0.00s)
=== RUN   TestSnapshotSharingSkipsOrdinaryEngine
--- PASS: TestSnapshotSharingSkipsOrdinaryEngine (0.00s)
=== RUN   TestSnapshotSharingPreparationContext
    snapshot_sharing_test.go:53: static core schema base construction: 43.443863ms
--- PASS: TestSnapshotSharingPreparationContext (0.05s)
PASS
ok  	github.com/dagger/dagger/engine/server	1.570s
exit=0 wall=91s
