[dagger] 30.0s elapsed · 8 steps running
[dagger] 1m0s elapsed · 25 steps running
[dagger] 1m30s elapsed · 128 steps running
[dagger] 2m0s elapsed · 8 steps running
[dagger] 2m30s elapsed · 6 steps running
[dagger] 3m0s elapsed · 5 steps running
[dagger] 3m30s elapsed · 6 steps running
[dagger] 4m0s elapsed · 13 steps running
[dagger] 4m30s elapsed · 16 steps running
[dagger] 5m0s elapsed · 67 steps running
[dagger] 5m30s elapsed · 18 steps running
[dagger] 6m0s elapsed · 16 steps running
== TRACE ==  ✔ PASSED
engine-dev test --pkg ./core/integration --run=TestRemoteCacheTransferSuite/(TestPartMixedExecOutputs|TestSchemaRecovery)$ --test-verbose --timeout=7m  6m5s

✔ connect 0.3s
✔ load workspace: . 31.7s
  ✔ 12 uploads, 1 unpack 3.0s
✔ parsing command line arguments 0.0s

✔ engineDev(
  ┆ ws: currentWorkspace: Workspace!
  ): EngineDev! 25.7s
  ✔ uploading /home/exedev/.tailcall/worktrees/dagger-a7378ed8352b/sharing-implementer-fable-impl-07b90299-afea3c83 2.0s ████████████ 57 MB
✔ .test(run: "TestRemoteCacheTransferSuite/(TestPartMixedExecOutputs|TestSchemaRecovery)$", pkg: "./core/integration", timeout: "7m", testVerbose: true): Void 5m7s (1.89% dropped)
  ✔ 12 pulls, 16 unpacks, 146 fetches, 17 uploads, 3 transfers 33.4s

== SERVICES ==
✔ rogct0dgr0vls.a1v20figvm46q.dagger.local exec /entrypoint.sh /etc/docker/registry/config.yml 3m7s EXITED span=c6bd7e1855869c18
✔ h4avdn8nctrm4.a1v20figvm46q.dagger.local exec /entrypoint.sh /etc/docker/registry/config.yml 3m7s EXITED span=e705e5d2f7a50537
✘ 36bh22vrfevoi.a1v20figvm46q.dagger.local exec dagger-entrypoint.sh --addr unix:///run/dagger-engine.sock --addr tcp://0.0.0.0:1234 --network-name dagger-dev --network-cidr 10.88.0.0/16 --debugaddr 0.0.0.0:6060 3m6s ERROR span=c284aed71710a247

== TESTS ==
  ✔ github.com/dagger/dagger/core/integration  1 passed

  ✔ 1 passed

Full trace at https://dagger.cloud/dagger/traces/0055bf644b10f36a9ff9eef16dcf7f44
exit=0 wall=365s
