[dagger] 30.0s elapsed · 8 steps running
[dagger] 1m0s elapsed · 2 steps running
[dagger] 1m30s elapsed · 12 steps running
[dagger] 2m0s elapsed · 31 steps running
[dagger] 2m30s elapsed · 6 steps running
[dagger] 3m0s elapsed · 6 steps running
[dagger] 3m30s elapsed · 63 steps running
[dagger] 4m0s elapsed · 5 steps running
[dagger] 4m30s elapsed · 6 steps running
[dagger] 5m0s elapsed · 9 steps running
[dagger] 5m30s elapsed · 10 steps running
[dagger] 6m0s elapsed · 40 steps running
[dagger] 6m30s elapsed · 12 steps running
[dagger] 7m0s elapsed · 14 steps running
[dagger] 7m30s elapsed · 13 steps running
[dagger] 8m0s elapsed · 11 steps running
== TRACE ==  ✔ PASSED
engine-dev test --pkg ./core/integration --run=TestRemoteCacheTransferSuite/TestSchemaRecoveryCold$ --timeout=5m --test-verbose  8m4s

✔ connect 0.3s
✔ load workspace: . 35.3s
  ✔ 12 uploads 0.2s
✔ parsing command line arguments 0.0s

✔ engineDev(
  ┆ ws: currentWorkspace: Workspace!
  ): EngineDev! 30.3s ◆ Disk Read: 6.2 MB ◆ Disk Write: 0 B ◆ IO Pressure: 668.742ms ◆ CPU Pressure (some): 187.523ms ◆ CPU Pressure (full): 184.89ms ◆ Memory Bytes (current): 7.1 MB ◆ Memory Bytes (peak): 35 MB
  ✔ uploading /home/exedev/.tailcall/worktrees/dagger-a7378ed8352b/remote-cache-b4-acquisition-implementer-a22b8169-585bbf9d 2.7s ████████████ 57 MB
✔ .test(run: "TestRemoteCacheTransferSuite/TestSchemaRecoveryCold$", pkg: "./core/integration", timeout: "5m", testVerbose: true): Void 6m58s ◆ Disk Read: 146 MB ◆ Disk Write: 0 B ◆ IO Pressure: 974.744ms ◆ CPU Pressure (some): 1.90059s ◆ CPU Pressure (full): 1.737663s ◆ Memory Bytes (current): 40 MB ◆ Memory Bytes (peak): 85 MB ◆ Network Tx: 3.7 kB
  ✔ 10 pulls, 13 unpacks, 146 fetches, 11 uploads, 1 transfer 40.6s

== SERVICES ==
✔ rogct0dgr0vls.jleo8ia0l3uoa.dagger.local exec /entrypoint.sh /etc/docker/registry/config.yml 4m29s EXITED span=c2e0182d505eede3
✔ h4avdn8nctrm4.jleo8ia0l3uoa.dagger.local exec /entrypoint.sh /etc/docker/registry/config.yml 4m29s EXITED span=2d7b7b254f17f265
✘ 86521qbsku1j8.jleo8ia0l3uoa.dagger.local exec dagger-entrypoint.sh --addr unix:///run/dagger-engine.sock --addr tcp://0.0.0.0:1234 --network-name dagger-dev --network-cidr 10.88.0.0/16 --debugaddr 0.0.0.0:6060 4m28s ERROR span=159d9bfeed7f12a0

== TESTS ==
  ✔ github.com/dagger/dagger/core/integration  1 passed

  ✔ 1 passed

Full trace at trace 2b27f7c4d377ce0352658e5f370d6f32
