=== RUN   TestContainerDirectEvaluateRunsRefinedGroups
=== PAUSE TestContainerDirectEvaluateRunsRefinedGroups
=== RUN   TestContainerConcurrentGroupCompletionRetainsLazy
=== PAUSE TestContainerConcurrentGroupCompletionRetainsLazy
=== RUN   TestContainerRoutingReadsRaceRefinedCompletion
=== PAUSE TestContainerRoutingReadsRaceRefinedCompletion
=== RUN   TestContainerRoutingReadsRaceUnrefinedCompletion
=== PAUSE TestContainerRoutingReadsRaceUnrefinedCompletion
=== RUN   TestPartAcquisitionRootRoutes
=== RUN   TestPartAcquisitionRootRoutes/ready
    part_acquisition_test.go:190: route=ready latency=15.877493ms pins=1 owner-sync-attempts=1 private-bodies=0
2026/09/16 21:51:25 INFO discarding dagql cache without persistence hasSQLDB=true hasPersistDB=true
2026/09/16 21:51:25 INFO discarding dagql cache without persistence hasSQLDB=true hasPersistDB=true
=== RUN   TestPartAcquisitionRootRoutes/chain
2026/09/16 21:51:25 INFO start lazy evaluation field=File.blob
2026/09/16 21:51:25 INFO end lazy evaluation field=File.blob duration=34.313095ms
    part_acquisition_test.go:190: route=chain latency=85.538564ms pins=1 owner-sync-attempts=1 private-bodies=0
2026/09/16 21:51:26 INFO discarding dagql cache without persistence hasSQLDB=true hasPersistDB=true
2026/09/16 21:51:26 INFO discarding dagql cache without persistence hasSQLDB=true hasPersistDB=true
=== RUN   TestPartAcquisitionRootRoutes/chain-sync-retry
2026/09/16 21:51:26 INFO start lazy evaluation field=File.blob
2026/09/16 21:51:26 INFO end lazy evaluation field=File.blob duration=43.399457ms
    part_acquisition_test.go:190: route=chain-sync-retry latency=87.138042ms pins=1 owner-sync-attempts=2 private-bodies=0
2026/09/16 21:51:26 INFO discarding dagql cache without persistence hasSQLDB=true hasPersistDB=true
2026/09/16 21:51:26 INFO discarding dagql cache without persistence hasSQLDB=true hasPersistDB=true
=== RUN   TestPartAcquisitionRootRoutes/chain-sync-restart
2026/09/16 21:51:26 INFO start lazy evaluation field=File.blob
2026/09/16 21:51:26 INFO end lazy evaluation field=File.blob duration=45.114654ms
2026/09/16 21:51:26 INFO starting dagql cache close hasSQLDB=true hasPersistDB=true
2026/09/16 21:51:26 INFO marking dagql cache clean shutdown
2026/09/16 21:51:26 WARN successfully marked clean shutdown in persistence metadata
2026/09/16 21:51:26 INFO completed dagql cache close successfully
    part_acquisition_test.go:190: route=chain-sync-restart latency=149.779139ms pins=0 owner-sync-attempts=1 private-bodies=0
2026/09/16 21:51:26 INFO discarding dagql cache without persistence hasSQLDB=true hasPersistDB=true
2026/09/16 21:51:26 INFO discarding dagql cache without persistence hasSQLDB=true hasPersistDB=true
=== RUN   TestPartAcquisitionRootRoutes/chain-pin-release-retry
2026/09/16 21:51:27 INFO start lazy evaluation field=File.blob
2026/09/16 21:51:27 INFO end lazy evaluation field=File.blob duration=28.86823ms
    part_acquisition_test.go:190: route=chain-pin-release-retry latency=93.136426ms pins=1 owner-sync-attempts=1 private-bodies=0
2026/09/16 21:51:27 INFO discarding dagql cache without persistence hasSQLDB=true hasPersistDB=true
2026/09/16 21:51:27 INFO discarding dagql cache without persistence hasSQLDB=true hasPersistDB=true
=== RUN   TestPartAcquisitionRootRoutes/chain-fallback
2026/09/16 21:51:27 INFO start lazy evaluation field=File.blob
2026/09/16 21:51:27 INFO end lazy evaluation field=File.blob duration=39.52612ms
2026/09/16 21:51:27 INFO start lazy evaluation field=File.blob
2026/09/16 21:51:27 INFO end lazy evaluation field=File.blob duration=48.260801ms
    part_acquisition_test.go:190: route=chain-fallback latency=99.451269ms pins=1 owner-sync-attempts=1 private-bodies=1
2026/09/16 21:51:27 INFO discarding dagql cache without persistence hasSQLDB=true hasPersistDB=true
2026/09/16 21:51:27 INFO discarding dagql cache without persistence hasSQLDB=true hasPersistDB=true
=== RUN   TestPartAcquisitionRootRoutes/chain-fallback-operation-failure
2026/09/16 21:51:27 INFO start lazy evaluation field=File.blob
2026/09/16 21:51:27 INFO end lazy evaluation field=File.blob duration=42.747677ms
2026/09/16 21:51:27 INFO start lazy evaluation field=File.blob
2026/09/16 21:51:27 INFO end lazy evaluation field=File.blob duration=21.520549ms err="create blob snapshot: private operation failed"
2026/09/16 21:51:27 INFO discarding dagql cache without persistence hasSQLDB=true hasPersistDB=true
2026/09/16 21:51:27 INFO discarding dagql cache without persistence hasSQLDB=true hasPersistDB=true
=== RUN   TestPartAcquisitionRootRoutes/operation
2026/09/16 21:51:27 INFO start lazy evaluation field=File.blob
2026/09/16 21:51:28 INFO end lazy evaluation field=File.blob duration=26.827604ms
    part_acquisition_test.go:190: route=operation latency=41.016288ms pins=1 owner-sync-attempts=1 private-bodies=1
2026/09/16 21:51:28 INFO discarding dagql cache without persistence hasSQLDB=true hasPersistDB=true
2026/09/16 21:51:28 INFO discarding dagql cache without persistence hasSQLDB=true hasPersistDB=true
--- PASS: TestPartAcquisitionRootRoutes (2.42s)
    --- PASS: TestPartAcquisitionRootRoutes/ready (0.23s)
    --- PASS: TestPartAcquisitionRootRoutes/chain (0.29s)
    --- PASS: TestPartAcquisitionRootRoutes/chain-sync-retry (0.33s)
    --- PASS: TestPartAcquisitionRootRoutes/chain-sync-restart (0.45s)
    --- PASS: TestPartAcquisitionRootRoutes/chain-pin-release-retry (0.33s)
    --- PASS: TestPartAcquisitionRootRoutes/chain-fallback (0.37s)
    --- PASS: TestPartAcquisitionRootRoutes/chain-fallback-operation-failure (0.27s)
    --- PASS: TestPartAcquisitionRootRoutes/operation (0.15s)
=== RUN   TestPartContainerMixedRestart
2026/09/16 21:51:28 INFO starting dagql cache close hasSQLDB=true hasPersistDB=true
2026/09/16 21:51:28 INFO marking dagql cache clean shutdown
2026/09/16 21:51:28 WARN successfully marked clean shutdown in persistence metadata
2026/09/16 21:51:28 INFO completed dagql cache close successfully
2026/09/16 21:51:28 INFO discarding dagql cache without persistence hasSQLDB=true hasPersistDB=true
2026/09/16 21:51:28 INFO discarding dagql cache without persistence hasSQLDB=true hasPersistDB=true
--- PASS: TestPartContainerMixedRestart (0.44s)
=== RUN   TestPartMountReceiverRoles
2026/09/16 21:51:28 INFO discarding dagql cache without persistence hasSQLDB=false hasPersistDB=false
2026/09/16 21:51:28 INFO discarding dagql cache without persistence hasSQLDB=false hasPersistDB=false
--- PASS: TestPartMountReceiverRoles (0.19s)
=== RUN   TestPartPrivateWholeBuiltin
2026/09/16 21:51:28 INFO start lazy evaluation field=Query._builtinContainer
2026/09/16 21:51:28 INFO end lazy evaluation field=Query._builtinContainer duration=63.403386ms
2026/09/16 21:51:28 INFO discarding dagql cache without persistence hasSQLDB=false hasPersistDB=false
--- PASS: TestPartPrivateWholeBuiltin (0.16s)
=== RUN   TestPartFixtureReleaseObserverPrivateFS
--- PASS: TestPartFixtureReleaseObserverPrivateFS (0.00s)
=== RUN   TestPartDelegationMountRoles
=== RUN   TestPartDelegationMountRoles/shifted-role
2026/09/16 21:51:29 INFO discarding dagql cache without persistence hasSQLDB=false hasPersistDB=false
2026/09/16 21:51:29 INFO discarding dagql cache without persistence hasSQLDB=false hasPersistDB=false
2026/09/16 21:51:29 INFO discarding dagql cache without persistence hasSQLDB=false hasPersistDB=false
=== RUN   TestPartDelegationMountRoles/wrong-kind
2026/09/16 21:51:29 INFO discarding dagql cache without persistence hasSQLDB=false hasPersistDB=false
2026/09/16 21:51:29 INFO discarding dagql cache without persistence hasSQLDB=false hasPersistDB=false
--- PASS: TestPartDelegationMountRoles (0.58s)
    --- PASS: TestPartDelegationMountRoles/shifted-role (0.40s)
    --- PASS: TestPartDelegationMountRoles/wrong-kind (0.18s)
=== RUN   TestPartDelegationPureRoutes
=== RUN   TestPartDelegationPureRoutes/withWorkdir
=== RUN   TestPartDelegationPureRoutes/withEnvVariable
=== RUN   TestPartDelegationPureRoutes/withoutDefaultArgs
=== RUN   TestPartDelegationPureRoutes/__withSystemEnvVariable
=== RUN   TestPartDelegationPureRoutes/withEntrypoint
=== RUN   TestPartDelegationPureRoutes/withMountedCache
=== RUN   TestPartDelegationPureRoutes/withoutMount
=== RUN   TestPartDelegationPureRoutes/withUnixSocket
=== RUN   TestPartDelegationPureRoutes/withoutUnixSocket
=== RUN   TestPartDelegationPureRoutes/withoutEnvVariable
--- PASS: TestPartDelegationPureRoutes (0.03s)
    --- PASS: TestPartDelegationPureRoutes/withWorkdir (0.00s)
    --- PASS: TestPartDelegationPureRoutes/withEnvVariable (0.00s)
    --- PASS: TestPartDelegationPureRoutes/withoutDefaultArgs (0.00s)
    --- PASS: TestPartDelegationPureRoutes/__withSystemEnvVariable (0.00s)
    --- PASS: TestPartDelegationPureRoutes/withEntrypoint (0.00s)
    --- PASS: TestPartDelegationPureRoutes/withMountedCache (0.00s)
    --- PASS: TestPartDelegationPureRoutes/withoutMount (0.00s)
    --- PASS: TestPartDelegationPureRoutes/withUnixSocket (0.00s)
    --- PASS: TestPartDelegationPureRoutes/withoutUnixSocket (0.00s)
    --- PASS: TestPartDelegationPureRoutes/withoutEnvVariable (0.00s)
=== RUN   TestPartDelegationRealStore
=== RUN   TestPartDelegationRealStore/ready-parent
2026/09/16 21:51:29 INFO discarding dagql cache without persistence hasSQLDB=true hasPersistDB=true
2026/09/16 21:51:29 INFO discarding dagql cache without persistence hasSQLDB=false hasPersistDB=false
=== RUN   TestPartDelegationRealStore/pending-parent
2026/09/16 21:51:30 INFO discarding dagql cache without persistence hasSQLDB=true hasPersistDB=true
2026/09/16 21:51:30 INFO discarding dagql cache without persistence hasSQLDB=false hasPersistDB=false
=== RUN   TestPartDelegationRealStore/sync-retry
2026/09/16 21:51:30 INFO discarding dagql cache without persistence hasSQLDB=true hasPersistDB=true
2026/09/16 21:51:30 INFO discarding dagql cache without persistence hasSQLDB=false hasPersistDB=false
=== RUN   TestPartDelegationRealStore/native-restart
=== RUN   TestPartDelegationRealStore/native-restart/1
2026/09/16 21:51:30 INFO starting dagql cache close hasSQLDB=true hasPersistDB=true
2026/09/16 21:51:30 INFO marking dagql cache clean shutdown
2026/09/16 21:51:30 WARN successfully marked clean shutdown in persistence metadata
2026/09/16 21:51:30 INFO completed dagql cache close successfully
    part_delegation_test.go:289: native delegation depth=1 bookkeeping latency=17.395983ms pins=1 owner-syncs=1 independent-accessor-refs=1
2026/09/16 21:51:30 INFO discarding dagql cache without persistence hasSQLDB=true hasPersistDB=true
=== RUN   TestPartDelegationRealStore/native-restart/8
2026/09/16 21:51:30 INFO starting dagql cache close hasSQLDB=true hasPersistDB=true
2026/09/16 21:51:30 INFO marking dagql cache clean shutdown
2026/09/16 21:51:30 WARN successfully marked clean shutdown in persistence metadata
2026/09/16 21:51:30 INFO completed dagql cache close successfully
    part_delegation_test.go:289: native delegation depth=8 bookkeeping latency=191.474777ms pins=8 owner-syncs=8 independent-accessor-refs=8
2026/09/16 21:51:30 INFO discarding dagql cache without persistence hasSQLDB=true hasPersistDB=true
=== RUN   TestPartDelegationRealStore/native-restart/32
2026/09/16 21:51:30 INFO starting dagql cache close hasSQLDB=true hasPersistDB=true
2026/09/16 21:51:31 INFO marking dagql cache clean shutdown
2026/09/16 21:51:31 WARN successfully marked clean shutdown in persistence metadata
2026/09/16 21:51:31 INFO completed dagql cache close successfully
    part_delegation_test.go:289: native delegation depth=32 bookkeeping latency=614.274129ms pins=32 owner-syncs=32 independent-accessor-refs=32
2026/09/16 21:51:31 INFO discarding dagql cache without persistence hasSQLDB=true hasPersistDB=true
2026/09/16 21:51:31 INFO discarding dagql cache without persistence hasSQLDB=false hasPersistDB=false
=== RUN   TestPartDelegationRealStore/ready-parent-over-chain
2026/09/16 21:51:32 INFO discarding dagql cache without persistence hasSQLDB=true hasPersistDB=true
2026/09/16 21:51:32 INFO discarding dagql cache without persistence hasSQLDB=false hasPersistDB=false
=== RUN   TestPartDelegationRealStore/ordinary-ready-tie
2026/09/16 21:51:32 INFO discarding dagql cache without persistence hasSQLDB=true hasPersistDB=true
2026/09/16 21:51:32 INFO discarding dagql cache without persistence hasSQLDB=false hasPersistDB=false
=== RUN   TestPartDelegationRealStore/child-chain-first
2026/09/16 21:51:32 INFO discarding dagql cache without persistence hasSQLDB=true hasPersistDB=true
2026/09/16 21:51:32 INFO discarding dagql cache without persistence hasSQLDB=false hasPersistDB=false
=== RUN   TestPartDelegationRealStore/late-child
2026/09/16 21:51:33 INFO discarding dagql cache without persistence hasSQLDB=true hasPersistDB=true
2026/09/16 21:51:33 INFO discarding dagql cache without persistence hasSQLDB=false hasPersistDB=false
=== RUN   TestPartDelegationRealStore/child-and-parent-failure
2026/09/16 21:51:33 INFO discarding dagql cache without persistence hasSQLDB=true hasPersistDB=true
2026/09/16 21:51:33 INFO discarding dagql cache without persistence hasSQLDB=false hasPersistDB=false
--- PASS: TestPartDelegationRealStore (4.06s)
    --- PASS: TestPartDelegationRealStore/ready-parent (0.28s)
    --- PASS: TestPartDelegationRealStore/pending-parent (0.34s)
    --- PASS: TestPartDelegationRealStore/sync-retry (0.40s)
    --- PASS: TestPartDelegationRealStore/native-restart (1.27s)
        --- PASS: TestPartDelegationRealStore/native-restart/1 (0.12s)
        --- PASS: TestPartDelegationRealStore/native-restart/8 (0.27s)
        --- PASS: TestPartDelegationRealStore/native-restart/32 (0.82s)
    --- PASS: TestPartDelegationRealStore/ready-parent-over-chain (0.38s)
    --- PASS: TestPartDelegationRealStore/ordinary-ready-tie (0.30s)
    --- PASS: TestPartDelegationRealStore/child-chain-first (0.33s)
    --- PASS: TestPartDelegationRealStore/late-child (0.45s)
    --- PASS: TestPartDelegationRealStore/child-and-parent-failure (0.31s)
=== RUN   TestPartFilesystemPublicationRoles
=== RUN   TestPartFilesystemPublicationRoles/File
    part_filesystem_race_test.go:144: File coherent tuple/role samples=333 publications=2048
2026/09/16 21:51:33 INFO discarding dagql cache without persistence hasSQLDB=false hasPersistDB=false
=== RUN   TestPartFilesystemPublicationRoles/Directory
    part_filesystem_race_test.go:144: Directory coherent tuple/role samples=337 publications=2048
2026/09/16 21:51:34 INFO discarding dagql cache without persistence hasSQLDB=false hasPersistDB=false
--- PASS: TestPartFilesystemPublicationRoles (0.58s)
    --- PASS: TestPartFilesystemPublicationRoles/File (0.31s)
    --- PASS: TestPartFilesystemPublicationRoles/Directory (0.27s)
=== RUN   TestPartInlineAddress
=== RUN   TestPartInlineAddress/sequential
2026/09/16 21:51:34 INFO starting dagql cache close hasSQLDB=true hasPersistDB=true
2026/09/16 21:51:34 INFO marking dagql cache clean shutdown
2026/09/16 21:51:34 WARN successfully marked clean shutdown in persistence metadata
2026/09/16 21:51:34 INFO completed dagql cache close successfully
2026/09/16 21:51:34 INFO dagql pruned result resultID=2 call=Query.inlineDirectories digest="" args=[] description="dagql cache result 2" measuredSizeBytes=0 reclaimedBytes=0
2026/09/16 21:51:34 INFO discarding dagql cache without persistence hasSQLDB=true hasPersistDB=true
2026/09/16 21:51:34 INFO discarding dagql cache without persistence hasSQLDB=true hasPersistDB=true
=== RUN   TestPartInlineAddress/concurrent
2026/09/16 21:51:35 INFO starting dagql cache close hasSQLDB=true hasPersistDB=true
2026/09/16 21:51:35 INFO marking dagql cache clean shutdown
2026/09/16 21:51:35 WARN successfully marked clean shutdown in persistence metadata
2026/09/16 21:51:35 INFO completed dagql cache close successfully
2026/09/16 21:51:35 INFO dagql pruned result resultID=2 call=Query.inlineDirectories digest="" args=[] description="dagql cache result 2" measuredSizeBytes=0 reclaimedBytes=0
2026/09/16 21:51:35 INFO discarding dagql cache without persistence hasSQLDB=true hasPersistDB=true
2026/09/16 21:51:35 INFO discarding dagql cache without persistence hasSQLDB=true hasPersistDB=true
=== RUN   TestPartInlineAddress/shared-snapshot-sync-retry
2026/09/16 21:51:36 INFO starting dagql cache close hasSQLDB=true hasPersistDB=true
2026/09/16 21:51:36 INFO marking dagql cache clean shutdown
2026/09/16 21:51:36 WARN successfully marked clean shutdown in persistence metadata
2026/09/16 21:51:36 INFO completed dagql cache close successfully
2026/09/16 21:51:36 INFO dagql pruned result resultID=2 call=Query.inlineDirectories digest="" args=[] description="dagql cache result 2" measuredSizeBytes=0 reclaimedBytes=0
2026/09/16 21:51:36 INFO discarding dagql cache without persistence hasSQLDB=true hasPersistDB=true
2026/09/16 21:51:36 INFO discarding dagql cache without persistence hasSQLDB=true hasPersistDB=true
--- PASS: TestPartInlineAddress (2.58s)
    --- PASS: TestPartInlineAddress/sequential (0.68s)
    --- PASS: TestPartInlineAddress/concurrent (0.73s)
    --- PASS: TestPartInlineAddress/shared-snapshot-sync-retry (1.17s)
=== RUN   TestPartTypedPublicationRoles
    part_publication_race_test.go:98: coherent concurrent raw reader samples=323
2026/09/16 21:51:37 INFO discarding dagql cache without persistence hasSQLDB=false hasPersistDB=false
2026/09/16 21:51:37 INFO discarding dagql cache without persistence hasSQLDB=false hasPersistDB=false
--- PASS: TestPartTypedPublicationRoles (0.37s)
=== RUN   TestPartPureRoutes
=== RUN   TestPartPureRoutes/withExec
=== RUN   TestPartPureRoutes/withExec#01
=== RUN   TestPartPureRoutes/from
=== RUN   TestPartPureRoutes/withRootfs
=== RUN   TestPartPureRoutes/withWorkdir
=== RUN   TestPartPureRoutes/withDirectory
=== RUN   TestPartPureRoutes/withMountedFile
=== RUN   TestPartPureRoutes/withSymlink
--- PASS: TestPartPureRoutes (0.02s)
    --- PASS: TestPartPureRoutes/withExec (0.00s)
    --- PASS: TestPartPureRoutes/withExec#01 (0.00s)
    --- PASS: TestPartPureRoutes/from (0.00s)
    --- PASS: TestPartPureRoutes/withRootfs (0.00s)
    --- PASS: TestPartPureRoutes/withWorkdir (0.00s)
    --- PASS: TestPartPureRoutes/withDirectory (0.00s)
    --- PASS: TestPartPureRoutes/withMountedFile (0.00s)
    --- PASS: TestPartPureRoutes/withSymlink (0.00s)
=== RUN   TestPartScopeEmptyBoot
=== RUN   TestPartScopeEmptyBoot/old_schema_false
2026/09/16 21:51:37 INFO starting dagql cache close hasSQLDB=true hasPersistDB=true
2026/09/16 21:51:37 INFO marking dagql cache clean shutdown
2026/09/16 21:51:37 WARN successfully marked clean shutdown in persistence metadata
2026/09/16 21:51:37 INFO completed dagql cache close successfully
2026/09/16 21:51:37 INFO discarding dagql cache without persistence hasSQLDB=true hasPersistDB=true
=== RUN   TestPartScopeEmptyBoot/old_schema_true
2026/09/16 21:51:37 INFO starting dagql cache close hasSQLDB=true hasPersistDB=true
2026/09/16 21:51:37 INFO marking dagql cache clean shutdown
2026/09/16 21:51:37 WARN successfully marked clean shutdown in persistence metadata
2026/09/16 21:51:37 INFO completed dagql cache close successfully
2026/09/16 21:51:37 WARN dagql persistence import failed; wiping and cold-starting err="list mirror result_snapshot_links: SQL logic error: no such column: output_path (1)"
2026/09/16 21:51:37 INFO discarding dagql cache without persistence hasSQLDB=true hasPersistDB=true
--- PASS: TestPartScopeEmptyBoot (0.28s)
    --- PASS: TestPartScopeEmptyBoot/old_schema_false (0.11s)
    --- PASS: TestPartScopeEmptyBoot/old_schema_true (0.17s)
=== RUN   TestPartScopeRootRekeyCost
=== RUN   TestPartScopeRootRekeyCost/1
2026/09/16 21:51:37 INFO starting dagql cache close hasSQLDB=true hasPersistDB=true
2026/09/16 21:51:37 INFO marking dagql cache clean shutdown
2026/09/16 21:51:37 WARN successfully marked clean shutdown in persistence metadata
2026/09/16 21:51:37 INFO completed dagql cache close successfully
    part_scope_boot_test.go:133: root_rekey roots=1 attaches=1 stale_scans=1 stale_removes=1 peak_owner_leases=2 elapsed=38.706261ms
2026/09/16 21:51:37 INFO discarding dagql cache without persistence hasSQLDB=true hasPersistDB=true
=== RUN   TestPartScopeRootRekeyCost/32
2026/09/16 21:51:37 INFO starting dagql cache close hasSQLDB=true hasPersistDB=true
2026/09/16 21:51:37 INFO marking dagql cache clean shutdown
2026/09/16 21:51:37 WARN successfully marked clean shutdown in persistence metadata
2026/09/16 21:51:37 INFO completed dagql cache close successfully
    part_scope_boot_test.go:133: root_rekey roots=32 attaches=32 stale_scans=1 stale_removes=32 peak_owner_leases=64 elapsed=276.53806ms
2026/09/16 21:51:38 INFO discarding dagql cache without persistence hasSQLDB=true hasPersistDB=true
--- PASS: TestPartScopeRootRekeyCost (1.02s)
    --- PASS: TestPartScopeRootRekeyCost/1 (0.17s)
    --- PASS: TestPartScopeRootRekeyCost/32 (0.85s)
=== RUN   TestPartScopeBootScanFailure
--- PASS: TestPartScopeBootScanFailure (0.07s)
=== RUN   TestPartScopeNestedNullableRepresentation
2026/09/16 21:51:38 INFO starting dagql cache close hasSQLDB=true hasPersistDB=true
2026/09/16 21:51:38 INFO marking dagql cache clean shutdown
2026/09/16 21:51:38 WARN successfully marked clean shutdown in persistence metadata
2026/09/16 21:51:38 INFO completed dagql cache close successfully
2026/09/16 21:51:38 INFO discarding dagql cache without persistence hasSQLDB=true hasPersistDB=true
--- PASS: TestPartScopeNestedNullableRepresentation (0.11s)
=== RUN   TestPartWholeLazyOperationMixedRestart
2026/09/16 21:51:38 INFO start lazy evaluation field=Query._builtinContainer
2026/09/16 21:51:38 INFO end lazy evaluation field=Query._builtinContainer duration=67.598482ms
2026/09/16 21:51:38 INFO starting dagql cache close hasSQLDB=true hasPersistDB=true
2026/09/16 21:51:38 INFO marking dagql cache clean shutdown
2026/09/16 21:51:38 WARN successfully marked clean shutdown in persistence metadata
2026/09/16 21:51:38 INFO completed dagql cache close successfully
2026/09/16 21:51:38 INFO start lazy evaluation field=Query._builtinContainer
2026/09/16 21:51:38 INFO end lazy evaluation field=Query._builtinContainer duration=52.061757ms
2026/09/16 21:51:38 INFO discarding dagql cache without persistence hasSQLDB=true hasPersistDB=true
2026/09/16 21:51:38 INFO discarding dagql cache without persistence hasSQLDB=false hasPersistDB=false
2026/09/16 21:51:38 INFO discarding dagql cache without persistence hasSQLDB=false hasPersistDB=false
--- PASS: TestPartWholeLazyOperationMixedRestart (0.45s)
=== RUN   TestPartPendingImageMetadataStaysSelective
2026/09/16 21:51:39 INFO start lazy group evaluation field=Container.from group=metadata
2026/09/16 21:51:39 INFO end lazy group evaluation field=Container.from group=metadata duration=1.411599ms
2026/09/16 21:51:39 INFO start lazy group evaluation field=Container.from group=execMeta
2026/09/16 21:51:39 INFO end lazy group evaluation field=Container.from group=execMeta duration=981.898µs
2026/09/16 21:51:39 INFO discarding dagql cache without persistence hasSQLDB=false hasPersistDB=false
2026/09/16 21:51:39 INFO discarding dagql cache without persistence hasSQLDB=false hasPersistDB=false
--- PASS: TestPartPendingImageMetadataStaysSelective (0.05s)
=== RUN   TestPartNativePendingContainerRequiresRecipe
2026/09/16 21:51:39 INFO discarding dagql cache without persistence hasSQLDB=false hasPersistDB=false
--- PASS: TestPartNativePendingContainerRequiresRecipe (0.01s)
=== CONT  TestContainerConcurrentGroupCompletionRetainsLazy
=== CONT  TestContainerRoutingReadsRaceUnrefinedCompletion
=== CONT  TestContainerDirectEvaluateRunsRefinedGroups
=== CONT  TestContainerRoutingReadsRaceRefinedCompletion
2026/09/16 21:51:39 INFO start lazy evaluation field=test.unrefinedWriter
2026/09/16 21:51:39 INFO start lazy group evaluation field=test.base group=metadata
2026/09/16 21:51:39 INFO end lazy group evaluation field=test.base group=metadata duration=69.1µs
2026/09/16 21:51:39 INFO start lazy group evaluation field=Container.withUser group=metadata
2026/09/16 21:51:39 INFO start lazy group evaluation field=test.base group=metadata
2026/09/16 21:51:39 INFO end lazy group evaluation field=test.base group=metadata duration=61.13µs
2026/09/16 21:51:39 INFO start lazy group evaluation field=test.base group=execMeta
2026/09/16 21:51:39 INFO end lazy evaluation field=test.unrefinedWriter duration=433.459µs
2026/09/16 21:51:39 INFO end lazy group evaluation field=test.base group=execMeta duration=45.16µs
2026/09/16 21:51:39 INFO end lazy group evaluation field=Container.withUser group=metadata duration=461.18µs
2026/09/16 21:51:39 INFO start lazy group evaluation field=test.base group=metadata
2026/09/16 21:51:39 INFO end lazy group evaluation field=test.base group=metadata duration=142.14µs
2026/09/16 21:51:39 INFO start lazy group evaluation field=test.base group=fs
2026/09/16 21:51:39 INFO start lazy group evaluation field=Container.withUser group=execMeta
2026/09/16 21:51:39 INFO discarding dagql cache without persistence hasSQLDB=false hasPersistDB=false
2026/09/16 21:51:39 INFO start lazy group evaluation field=test.base group=execMeta
--- PASS: TestContainerRoutingReadsRaceUnrefinedCompletion (0.00s)
2026/09/16 21:51:39 INFO start lazy group evaluation field=test.base group=fs
2026/09/16 21:51:39 INFO end lazy group evaluation field=test.base group=execMeta duration=43.33µs
2026/09/16 21:51:39 INFO end lazy group evaluation field=test.base group=fs duration=62.18µs
2026/09/16 21:51:39 INFO end lazy group evaluation field=Container.withUser group=execMeta duration=354.479µs
2026/09/16 21:51:39 INFO start lazy group evaluation field=test.base group=execMeta
2026/09/16 21:51:39 INFO end lazy group evaluation field=test.base group=fs duration=607.659µs
2026/09/16 21:51:39 INFO start lazy group evaluation field=Container.withUser group=fs
2026/09/16 21:51:39 INFO end lazy group evaluation field=test.base group=execMeta duration=59.14µs
2026/09/16 21:51:39 INFO start lazy group evaluation field=test.base group=fs
2026/09/16 21:51:39 INFO end lazy group evaluation field=test.base group=fs duration=44.18µs
2026/09/16 21:51:39 INFO discarding dagql cache without persistence hasSQLDB=false hasPersistDB=false
--- PASS: TestContainerRoutingReadsRaceRefinedCompletion (0.00s)
2026/09/16 21:51:39 INFO start lazy group evaluation field=test.base group=mount:/a
2026/09/16 21:51:39 INFO end lazy group evaluation field=Container.withUser group=fs duration=384.92µs
2026/09/16 21:51:39 INFO start lazy group evaluation field=test.base group=mount:/b
2026/09/16 21:51:39 INFO end lazy group evaluation field=test.base group=mount:/b duration=79.51µs
2026/09/16 21:51:39 INFO discarding dagql cache without persistence hasSQLDB=false hasPersistDB=false
--- PASS: TestContainerDirectEvaluateRunsRefinedGroups (0.00s)
2026/09/16 21:51:39 INFO end lazy group evaluation field=test.base group=mount:/a duration=329.169µs
2026/09/16 21:51:39 INFO discarding dagql cache without persistence hasSQLDB=false hasPersistDB=false
--- PASS: TestContainerConcurrentGroupCompletionRetainsLazy (0.00s)
PASS
ok  	github.com/dagger/dagger/core	14.863s
