=== RUN   TestCapturePersistedFilesystemDirectEvaluation
=== RUN   TestCapturePersistedFilesystemDirectEvaluation/File
2026/09/16 21:50:47 INFO start lazy evaluation field=File
2026/09/16 21:50:47 INFO end lazy evaluation field=File duration=500.309µs
    filesystem_capture_test.go:45: capture while File operation body latch held: err=capture persisted record 2: persist state not ready: filesystem body in use payload=
2026/09/16 21:50:47 INFO discarding dagql cache without persistence hasSQLDB=true hasPersistDB=true
=== RUN   TestCapturePersistedFilesystemDirectEvaluation/Directory
2026/09/16 21:50:47 INFO start lazy evaluation field=Directory
2026/09/16 21:50:47 INFO end lazy evaluation field=Directory duration=93.2µs
    filesystem_capture_test.go:45: capture while Directory operation body latch held: err=capture persisted record 2: persist state not ready: filesystem body in use payload=
2026/09/16 21:50:47 INFO discarding dagql cache without persistence hasSQLDB=true hasPersistDB=true
--- PASS: TestCapturePersistedFilesystemDirectEvaluation (0.23s)
    --- PASS: TestCapturePersistedFilesystemDirectEvaluation/File (0.18s)
    --- PASS: TestCapturePersistedFilesystemDirectEvaluation/Directory (0.05s)
=== RUN   TestFilesystemPersistenceRetainsBodyLatch
=== RUN   TestFilesystemPersistenceRetainsBodyLatch/File
=== RUN   TestFilesystemPersistenceRetainsBodyLatch/Directory
--- PASS: TestFilesystemPersistenceRetainsBodyLatch (0.00s)
    --- PASS: TestFilesystemPersistenceRetainsBodyLatch/File (0.00s)
    --- PASS: TestFilesystemPersistenceRetainsBodyLatch/Directory (0.00s)
=== RUN   TestPartAcquisitionRootRoutes
=== RUN   TestPartAcquisitionRootRoutes/ready
    part_acquisition_test.go:190: route=ready latency=10.87246ms pins=1 owner-sync-attempts=1 private-bodies=0
2026/09/16 21:50:47 INFO discarding dagql cache without persistence hasSQLDB=true hasPersistDB=true
2026/09/16 21:50:47 INFO discarding dagql cache without persistence hasSQLDB=true hasPersistDB=true
=== RUN   TestPartAcquisitionRootRoutes/chain
2026/09/16 21:50:47 INFO start lazy evaluation field=File.blob
2026/09/16 21:50:47 INFO end lazy evaluation field=File.blob duration=36.995942ms
    part_acquisition_test.go:190: route=chain latency=84.725465ms pins=1 owner-sync-attempts=1 private-bodies=0
2026/09/16 21:50:47 INFO discarding dagql cache without persistence hasSQLDB=true hasPersistDB=true
2026/09/16 21:50:47 INFO discarding dagql cache without persistence hasSQLDB=true hasPersistDB=true
=== RUN   TestPartAcquisitionRootRoutes/chain-sync-retry
2026/09/16 21:50:47 INFO start lazy evaluation field=File.blob
2026/09/16 21:50:47 INFO end lazy evaluation field=File.blob duration=51.689988ms
    part_acquisition_test.go:190: route=chain-sync-retry latency=67.063632ms pins=1 owner-sync-attempts=2 private-bodies=0
2026/09/16 21:50:47 INFO discarding dagql cache without persistence hasSQLDB=true hasPersistDB=true
2026/09/16 21:50:47 INFO discarding dagql cache without persistence hasSQLDB=true hasPersistDB=true
=== RUN   TestPartAcquisitionRootRoutes/chain-sync-restart
2026/09/16 21:50:47 INFO start lazy evaluation field=File.blob
2026/09/16 21:50:48 INFO end lazy evaluation field=File.blob duration=43.077316ms
2026/09/16 21:50:48 INFO starting dagql cache close hasSQLDB=true hasPersistDB=true
2026/09/16 21:50:48 INFO marking dagql cache clean shutdown
2026/09/16 21:50:48 WARN successfully marked clean shutdown in persistence metadata
2026/09/16 21:50:48 INFO completed dagql cache close successfully
    part_acquisition_test.go:190: route=chain-sync-restart latency=140.839608ms pins=0 owner-sync-attempts=1 private-bodies=0
2026/09/16 21:50:48 INFO discarding dagql cache without persistence hasSQLDB=true hasPersistDB=true
2026/09/16 21:50:48 INFO discarding dagql cache without persistence hasSQLDB=true hasPersistDB=true
=== RUN   TestPartAcquisitionRootRoutes/chain-pin-release-retry
2026/09/16 21:50:48 INFO start lazy evaluation field=File.blob
2026/09/16 21:50:48 INFO end lazy evaluation field=File.blob duration=31.512669ms
    part_acquisition_test.go:190: route=chain-pin-release-retry latency=71.604448ms pins=1 owner-sync-attempts=1 private-bodies=0
2026/09/16 21:50:48 INFO discarding dagql cache without persistence hasSQLDB=true hasPersistDB=true
2026/09/16 21:50:48 INFO discarding dagql cache without persistence hasSQLDB=true hasPersistDB=true
=== RUN   TestPartAcquisitionRootRoutes/chain-fallback
2026/09/16 21:50:48 INFO start lazy evaluation field=File.blob
2026/09/16 21:50:48 INFO end lazy evaluation field=File.blob duration=30.58466ms
2026/09/16 21:50:48 INFO start lazy evaluation field=File.blob
2026/09/16 21:50:48 INFO end lazy evaluation field=File.blob duration=40.491129ms
    part_acquisition_test.go:190: route=chain-fallback latency=94.167745ms pins=1 owner-sync-attempts=1 private-bodies=1
2026/09/16 21:50:48 INFO discarding dagql cache without persistence hasSQLDB=true hasPersistDB=true
2026/09/16 21:50:48 INFO discarding dagql cache without persistence hasSQLDB=true hasPersistDB=true
=== RUN   TestPartAcquisitionRootRoutes/chain-fallback-operation-failure
2026/09/16 21:50:48 INFO start lazy evaluation field=File.blob
2026/09/16 21:50:49 INFO end lazy evaluation field=File.blob duration=35.083005ms
2026/09/16 21:50:49 INFO start lazy evaluation field=File.blob
2026/09/16 21:50:49 INFO end lazy evaluation field=File.blob duration=22.883997ms err="create blob snapshot: private operation failed"
2026/09/16 21:50:49 INFO discarding dagql cache without persistence hasSQLDB=true hasPersistDB=true
2026/09/16 21:50:49 INFO discarding dagql cache without persistence hasSQLDB=true hasPersistDB=true
=== RUN   TestPartAcquisitionRootRoutes/operation
2026/09/16 21:50:49 INFO start lazy evaluation field=File.blob
2026/09/16 21:50:49 INFO end lazy evaluation field=File.blob duration=30.183099ms
    part_acquisition_test.go:190: route=operation latency=47.331152ms pins=1 owner-sync-attempts=1 private-bodies=1
2026/09/16 21:50:49 INFO discarding dagql cache without persistence hasSQLDB=true hasPersistDB=true
2026/09/16 21:50:49 INFO discarding dagql cache without persistence hasSQLDB=true hasPersistDB=true
--- PASS: TestPartAcquisitionRootRoutes (2.26s)
    --- PASS: TestPartAcquisitionRootRoutes/ready (0.15s)
    --- PASS: TestPartAcquisitionRootRoutes/chain (0.31s)
    --- PASS: TestPartAcquisitionRootRoutes/chain-sync-retry (0.35s)
    --- PASS: TestPartAcquisitionRootRoutes/chain-sync-restart (0.42s)
    --- PASS: TestPartAcquisitionRootRoutes/chain-pin-release-retry (0.27s)
    --- PASS: TestPartAcquisitionRootRoutes/chain-fallback (0.30s)
    --- PASS: TestPartAcquisitionRootRoutes/chain-fallback-operation-failure (0.32s)
    --- PASS: TestPartAcquisitionRootRoutes/operation (0.15s)
=== RUN   TestPartFilesystemPublicationRoles
=== RUN   TestPartFilesystemPublicationRoles/File
    part_filesystem_race_test.go:144: File coherent tuple/role samples=329 publications=2048
2026/09/16 21:50:49 INFO discarding dagql cache without persistence hasSQLDB=false hasPersistDB=false
=== RUN   TestPartFilesystemPublicationRoles/Directory
    part_filesystem_race_test.go:144: Directory coherent tuple/role samples=274 publications=2048
2026/09/16 21:50:49 INFO discarding dagql cache without persistence hasSQLDB=false hasPersistDB=false
--- PASS: TestPartFilesystemPublicationRoles (0.61s)
    --- PASS: TestPartFilesystemPublicationRoles/File (0.32s)
    --- PASS: TestPartFilesystemPublicationRoles/Directory (0.29s)
=== RUN   TestPartTypedPublicationRoles
    part_publication_race_test.go:98: coherent concurrent raw reader samples=362
2026/09/16 21:50:50 INFO discarding dagql cache without persistence hasSQLDB=false hasPersistDB=false
2026/09/16 21:50:50 INFO discarding dagql cache without persistence hasSQLDB=false hasPersistDB=false
--- PASS: TestPartTypedPublicationRoles (0.42s)
PASS
ok  	github.com/dagger/dagger/core	5.008s
