=== RUN   TestPartReadyPreparationBoundaries
=== RUN   TestPartReadyPreparationBoundaries/cancel-during-pin
=== RUN   TestPartReadyPreparationBoundaries/missing-local-descriptor
--- PASS: TestPartReadyPreparationBoundaries (0.21s)
    --- PASS: TestPartReadyPreparationBoundaries/cancel-during-pin (0.13s)
    --- PASS: TestPartReadyPreparationBoundaries/missing-local-descriptor (0.08s)
=== RUN   TestPartDecisionPreparationArrival
=== RUN   TestPartDecisionPreparationArrival/ready
=== RUN   TestPartDecisionPreparationArrival/chain
=== RUN   TestPartDecisionPreparationArrival/second-refusal
--- PASS: TestPartDecisionPreparationArrival (0.67s)
    --- PASS: TestPartDecisionPreparationArrival/ready (0.19s)
    --- PASS: TestPartDecisionPreparationArrival/chain (0.27s)
    --- PASS: TestPartDecisionPreparationArrival/second-refusal (0.21s)
=== RUN   TestPartDecisionInlineAdmissionAndPendingSync
--- PASS: TestPartDecisionInlineAdmissionAndPendingSync (0.05s)
=== RUN   TestPartDecisionOfferAfterRunning
--- PASS: TestPartDecisionOfferAfterRunning (0.04s)
=== RUN   TestPartDecodeBeforeExternalFinish
--- PASS: TestPartDecodeBeforeExternalFinish (0.12s)
=== RUN   TestPartDecodeLosesToInstalledRevision
--- PASS: TestPartDecodeLosesToInstalledRevision (0.10s)
=== RUN   TestPartDecisionFinalSource
--- PASS: TestPartDecisionFinalSource (0.06s)
PASS
ok  	github.com/dagger/dagger/dagql	2.695s
