=== RUN   TestPartDelegationMountRoles
=== RUN   TestPartDelegationMountRoles/shifted-role
2026/09/16 21:53:56 INFO discarding dagql cache without persistence hasSQLDB=false hasPersistDB=false
2026/09/16 21:53:56 INFO discarding dagql cache without persistence hasSQLDB=false hasPersistDB=false
2026/09/16 21:53:56 INFO discarding dagql cache without persistence hasSQLDB=false hasPersistDB=false
=== RUN   TestPartDelegationMountRoles/wrong-kind
2026/09/16 21:53:56 INFO discarding dagql cache without persistence hasSQLDB=false hasPersistDB=false
2026/09/16 21:53:56 INFO discarding dagql cache without persistence hasSQLDB=false hasPersistDB=false
--- PASS: TestPartDelegationMountRoles (0.56s)
    --- PASS: TestPartDelegationMountRoles/shifted-role (0.38s)
    --- PASS: TestPartDelegationMountRoles/wrong-kind (0.18s)
=== RUN   TestPartDelegationPureRoutes
=== RUN   TestPartDelegationPureRoutes/withWorkdir
=== RUN   TestPartDelegationPureRoutes/withEnvVariable
=== RUN   TestPartDelegationPureRoutes/withoutDefaultArgs
=== RUN   TestPartDelegationPureRoutes/__withSystemEnvVariable
=== RUN   TestPartDelegationPureRoutes/withEntrypoint
=== RUN   TestPartDelegationPureRoutes/withMountedCache
=== RUN   TestPartDelegationPureRoutes/withoutMount
=== RUN   TestPartDelegationPureRoutes/withUnixSocket
=== RUN   TestPartDelegationPureRoutes/withoutUnixSocket
=== RUN   TestPartDelegationPureRoutes/withoutEnvVariable
--- PASS: TestPartDelegationPureRoutes (0.02s)
    --- PASS: TestPartDelegationPureRoutes/withWorkdir (0.00s)
    --- PASS: TestPartDelegationPureRoutes/withEnvVariable (0.00s)
    --- PASS: TestPartDelegationPureRoutes/withoutDefaultArgs (0.00s)
    --- PASS: TestPartDelegationPureRoutes/__withSystemEnvVariable (0.00s)
    --- PASS: TestPartDelegationPureRoutes/withEntrypoint (0.00s)
    --- PASS: TestPartDelegationPureRoutes/withMountedCache (0.00s)
    --- PASS: TestPartDelegationPureRoutes/withoutMount (0.00s)
    --- PASS: TestPartDelegationPureRoutes/withUnixSocket (0.00s)
    --- PASS: TestPartDelegationPureRoutes/withoutUnixSocket (0.00s)
    --- PASS: TestPartDelegationPureRoutes/withoutEnvVariable (0.00s)
=== RUN   TestPartDelegationRealStore
=== RUN   TestPartDelegationRealStore/ready-parent
2026/09/16 21:53:56 INFO discarding dagql cache without persistence hasSQLDB=true hasPersistDB=true
2026/09/16 21:53:56 INFO discarding dagql cache without persistence hasSQLDB=false hasPersistDB=false
=== RUN   TestPartDelegationRealStore/pending-parent
2026/09/16 21:53:57 INFO discarding dagql cache without persistence hasSQLDB=true hasPersistDB=true
2026/09/16 21:53:57 INFO discarding dagql cache without persistence hasSQLDB=false hasPersistDB=false
=== RUN   TestPartDelegationRealStore/sync-retry
2026/09/16 21:53:57 INFO discarding dagql cache without persistence hasSQLDB=true hasPersistDB=true
2026/09/16 21:53:57 INFO discarding dagql cache without persistence hasSQLDB=false hasPersistDB=false
=== RUN   TestPartDelegationRealStore/native-restart
=== RUN   TestPartDelegationRealStore/native-restart/1
2026/09/16 21:53:57 INFO starting dagql cache close hasSQLDB=true hasPersistDB=true
2026/09/16 21:53:57 INFO marking dagql cache clean shutdown
2026/09/16 21:53:57 WARN successfully marked clean shutdown in persistence metadata
2026/09/16 21:53:57 INFO completed dagql cache close successfully
    part_delegation_test.go:289: native delegation depth=1 bookkeeping latency=13.878475ms pins=1 owner-syncs=1 independent-accessor-refs=1
2026/09/16 21:53:57 INFO discarding dagql cache without persistence hasSQLDB=true hasPersistDB=true
=== RUN   TestPartDelegationRealStore/native-restart/8
2026/09/16 21:53:57 INFO starting dagql cache close hasSQLDB=true hasPersistDB=true
2026/09/16 21:53:57 INFO marking dagql cache clean shutdown
2026/09/16 21:53:57 WARN successfully marked clean shutdown in persistence metadata
2026/09/16 21:53:57 INFO completed dagql cache close successfully
    part_delegation_test.go:289: native delegation depth=8 bookkeeping latency=155.61041ms pins=8 owner-syncs=8 independent-accessor-refs=8
2026/09/16 21:53:57 INFO discarding dagql cache without persistence hasSQLDB=true hasPersistDB=true
=== RUN   TestPartDelegationRealStore/native-restart/32
2026/09/16 21:53:57 INFO starting dagql cache close hasSQLDB=true hasPersistDB=true
2026/09/16 21:53:57 INFO marking dagql cache clean shutdown
2026/09/16 21:53:57 WARN successfully marked clean shutdown in persistence metadata
2026/09/16 21:53:57 INFO completed dagql cache close successfully
    part_delegation_test.go:289: native delegation depth=32 bookkeeping latency=640.170905ms pins=32 owner-syncs=32 independent-accessor-refs=32
2026/09/16 21:53:58 INFO discarding dagql cache without persistence hasSQLDB=true hasPersistDB=true
2026/09/16 21:53:58 INFO discarding dagql cache without persistence hasSQLDB=false hasPersistDB=false
=== RUN   TestPartDelegationRealStore/ready-parent-over-chain
2026/09/16 21:53:58 INFO discarding dagql cache without persistence hasSQLDB=true hasPersistDB=true
2026/09/16 21:53:58 INFO discarding dagql cache without persistence hasSQLDB=false hasPersistDB=false
=== RUN   TestPartDelegationRealStore/ordinary-ready-tie
2026/09/16 21:53:59 INFO discarding dagql cache without persistence hasSQLDB=true hasPersistDB=true
2026/09/16 21:53:59 INFO discarding dagql cache without persistence hasSQLDB=false hasPersistDB=false
=== RUN   TestPartDelegationRealStore/child-chain-first
2026/09/16 21:53:59 INFO discarding dagql cache without persistence hasSQLDB=true hasPersistDB=true
2026/09/16 21:53:59 INFO discarding dagql cache without persistence hasSQLDB=false hasPersistDB=false
=== RUN   TestPartDelegationRealStore/late-child
2026/09/16 21:53:59 INFO discarding dagql cache without persistence hasSQLDB=true hasPersistDB=true
2026/09/16 21:53:59 INFO discarding dagql cache without persistence hasSQLDB=false hasPersistDB=false
=== RUN   TestPartDelegationRealStore/child-and-parent-failure
2026/09/16 21:54:00 INFO discarding dagql cache without persistence hasSQLDB=true hasPersistDB=true
2026/09/16 21:54:00 INFO discarding dagql cache without persistence hasSQLDB=false hasPersistDB=false
--- PASS: TestPartDelegationRealStore (3.68s)
    --- PASS: TestPartDelegationRealStore/ready-parent (0.30s)
    --- PASS: TestPartDelegationRealStore/pending-parent (0.28s)
    --- PASS: TestPartDelegationRealStore/sync-retry (0.24s)
    --- PASS: TestPartDelegationRealStore/native-restart (1.20s)
        --- PASS: TestPartDelegationRealStore/native-restart/1 (0.11s)
        --- PASS: TestPartDelegationRealStore/native-restart/8 (0.25s)
        --- PASS: TestPartDelegationRealStore/native-restart/32 (0.79s)
    --- PASS: TestPartDelegationRealStore/ready-parent-over-chain (0.29s)
    --- PASS: TestPartDelegationRealStore/ordinary-ready-tie (0.30s)
    --- PASS: TestPartDelegationRealStore/child-chain-first (0.32s)
    --- PASS: TestPartDelegationRealStore/late-child (0.45s)
    --- PASS: TestPartDelegationRealStore/child-and-parent-failure (0.31s)
PASS
ok  	github.com/dagger/dagger/core	5.707s
