=== RUN   TestLazyOperationCompatibilityCut
--- PASS: TestLazyOperationCompatibilityCut (0.00s)
=== RUN   TestPartSourceSelectionLaterRoute
--- PASS: TestPartSourceSelectionLaterRoute (0.18s)
=== RUN   TestPartSessionlessOwnSubset
=== RUN   TestPartSessionlessOwnSubset/offer-only
=== RUN   TestPartSessionlessOwnSubset/own
=== RUN   TestPartSessionlessOwnSubset/revoked-before-commit
=== RUN   TestPartSessionlessOwnSubset/native-receiver
--- PASS: TestPartSessionlessOwnSubset (0.16s)
    --- PASS: TestPartSessionlessOwnSubset/offer-only (0.03s)
    --- PASS: TestPartSessionlessOwnSubset/own (0.04s)
    --- PASS: TestPartSessionlessOwnSubset/revoked-before-commit (0.05s)
    --- PASS: TestPartSessionlessOwnSubset/native-receiver (0.04s)
=== RUN   TestPartReadyRevalidationAndCanceledFinish
=== RUN   TestPartReadyRevalidationAndCanceledFinish/stale-donor
=== RUN   TestPartReadyRevalidationAndCanceledFinish/cancel-commit
=== RUN   TestPartReadyRevalidationAndCanceledFinish/cancel-finish
--- PASS: TestPartReadyRevalidationAndCanceledFinish (0.12s)
    --- PASS: TestPartReadyRevalidationAndCanceledFinish/stale-donor (0.06s)
    --- PASS: TestPartReadyRevalidationAndCanceledFinish/cancel-commit (0.03s)
    --- PASS: TestPartReadyRevalidationAndCanceledFinish/cancel-finish (0.03s)
=== RUN   TestPartLazyOperationMissingOutputStopsOnce
--- PASS: TestPartLazyOperationMissingOutputStopsOnce (0.04s)
=== RUN   TestPartReadyPreparationBoundaries
=== RUN   TestPartReadyPreparationBoundaries/cancel-during-pin
    cache_part_boundary_test.go:85: real native snapshot transfer requires read-only bind mount privileges: mount source: "/tmp/TestPartReadyPreparationBoundariescancel-during-pin1372351668/001", target: "/tmp/snapshot-transfer-mount1132521157", fstype: bind, flags: 20481, data: "", err: operation not permitted
=== RUN   TestPartReadyPreparationBoundaries/missing-local-descriptor
    cache_part_boundary_test.go:85: real native snapshot transfer requires read-only bind mount privileges: mount source: "/tmp/TestPartReadyPreparationBoundariesmissing-local-descriptor1118647199/001", target: "/tmp/snapshot-transfer-mount3244717530", fstype: bind, flags: 20481, data: "", err: operation not permitted
--- PASS: TestPartReadyPreparationBoundaries (0.00s)
    --- SKIP: TestPartReadyPreparationBoundaries/cancel-during-pin (0.00s)
    --- SKIP: TestPartReadyPreparationBoundaries/missing-local-descriptor (0.00s)
=== RUN   TestPartDecisionPreparationArrival
=== RUN   TestPartDecisionPreparationArrival/ready
    cache_part_boundary_test.go:144: real native snapshot transfer requires read-only bind mount privileges: mount source: "/tmp/TestPartDecisionPreparationArrivalready1796200278/001", target: "/tmp/snapshot-transfer-mount2507903163", fstype: bind, flags: 20481, data: "", err: operation not permitted
=== RUN   TestPartDecisionPreparationArrival/chain
    cache_part_boundary_test.go:144: real native snapshot transfer requires read-only bind mount privileges: mount source: "/tmp/TestPartDecisionPreparationArrivalchain660166390/001", target: "/tmp/snapshot-transfer-mount3142508420", fstype: bind, flags: 20481, data: "", err: operation not permitted
=== RUN   TestPartDecisionPreparationArrival/second-refusal
    cache_part_boundary_test.go:144: real native snapshot transfer requires read-only bind mount privileges: mount source: "/tmp/TestPartDecisionPreparationArrivalsecond-refusal148704305/001", target: "/tmp/snapshot-transfer-mount3433235118", fstype: bind, flags: 20481, data: "", err: operation not permitted
--- PASS: TestPartDecisionPreparationArrival (0.00s)
    --- SKIP: TestPartDecisionPreparationArrival/ready (0.00s)
    --- SKIP: TestPartDecisionPreparationArrival/chain (0.00s)
    --- SKIP: TestPartDecisionPreparationArrival/second-refusal (0.00s)
=== RUN   TestPartDecisionInlineAdmissionAndPendingSync
--- PASS: TestPartDecisionInlineAdmissionAndPendingSync (0.03s)
=== RUN   TestPartDecisionOfferAfterRunning
--- PASS: TestPartDecisionOfferAfterRunning (0.05s)
=== RUN   TestPartAdmittedChainLifetime
=== RUN   TestPartAdmittedChainLifetime/donor-collected
    cache_part_chain_lifetime_test.go:45: real native snapshot transfer requires read-only bind mount privileges: mount source: "/tmp/TestPartAdmittedChainLifetimedonor-collected1191769958/001", target: "/tmp/snapshot-transfer-mount400888089", fstype: bind, flags: 20481, data: "", err: operation not permitted
=== RUN   TestPartAdmittedChainLifetime/slot-replaced
    cache_part_chain_lifetime_test.go:45: real native snapshot transfer requires read-only bind mount privileges: mount source: "/tmp/TestPartAdmittedChainLifetimeslot-replaced2666111572/001", target: "/tmp/snapshot-transfer-mount1906769211", fstype: bind, flags: 20481, data: "", err: operation not permitted
=== RUN   TestPartAdmittedChainLifetime/owner-backref-sync-failure
    cache_part_chain_lifetime_test.go:45: real native snapshot transfer requires read-only bind mount privileges: mount source: "/tmp/TestPartAdmittedChainLifetimeowner-backref-sync-failure528460211/001", target: "/tmp/snapshot-transfer-mount4089271414", fstype: bind, flags: 20481, data: "", err: operation not permitted
=== RUN   TestPartAdmittedChainLifetime/output-backref-rejected
    cache_part_chain_lifetime_test.go:45: real native snapshot transfer requires read-only bind mount privileges: mount source: "/tmp/TestPartAdmittedChainLifetimeoutput-backref-rejected759962233/001", target: "/tmp/snapshot-transfer-mount2884386146", fstype: bind, flags: 20481, data: "", err: operation not permitted
--- PASS: TestPartAdmittedChainLifetime (0.00s)
    --- SKIP: TestPartAdmittedChainLifetime/donor-collected (0.00s)
    --- SKIP: TestPartAdmittedChainLifetime/slot-replaced (0.00s)
    --- SKIP: TestPartAdmittedChainLifetime/owner-backref-sync-failure (0.00s)
    --- SKIP: TestPartAdmittedChainLifetime/output-backref-rejected (0.00s)
=== RUN   TestPartImportChainRefCleanupHandoff
=== RUN   TestPartImportChainRefCleanupHandoff/retry
    cache_part_chain_lifetime_test.go:224: real native snapshot transfer requires read-only bind mount privileges: mount source: "/tmp/TestPartImportChainRefCleanupHandoffretry4039102234/001", target: "/tmp/snapshot-transfer-mount2636784739", fstype: bind, flags: 20481, data: "", err: operation not permitted
=== RUN   TestPartImportChainRefCleanupHandoff/collect
    cache_part_chain_lifetime_test.go:224: real native snapshot transfer requires read-only bind mount privileges: mount source: "/tmp/TestPartImportChainRefCleanupHandoffcollect3056935877/001", target: "/tmp/snapshot-transfer-mount3124754716", fstype: bind, flags: 20481, data: "", err: operation not permitted
--- PASS: TestPartImportChainRefCleanupHandoff (0.00s)
    --- SKIP: TestPartImportChainRefCleanupHandoff/retry (0.00s)
    --- SKIP: TestPartImportChainRefCleanupHandoff/collect (0.00s)
=== RUN   TestPartDecodeBeforeExternalFinish
    cache_part_decode_test.go:15: real native snapshot transfer requires read-only bind mount privileges: mount source: "/tmp/TestPartDecodeBeforeExternalFinish3780663880/001", target: "/tmp/snapshot-transfer-mount2150636520", fstype: bind, flags: 20481, data: "", err: operation not permitted
--- SKIP: TestPartDecodeBeforeExternalFinish (0.00s)
=== RUN   TestReadyPartDonorBackreferenceReleasedBeforeSync
--- PASS: TestReadyPartDonorBackreferenceReleasedBeforeSync (0.04s)
=== RUN   TestPartDecodeLosesToInstalledRevision
    cache_part_decode_test.go:156: real native snapshot transfer requires read-only bind mount privileges: mount source: "/tmp/TestPartDecodeLosesToInstalledRevision840838526/001", target: "/tmp/snapshot-transfer-mount3999798594", fstype: bind, flags: 20481, data: "", err: operation not permitted
--- SKIP: TestPartDecodeLosesToInstalledRevision (0.00s)
=== RUN   TestPartDelegationPath
--- PASS: TestPartDelegationPath (0.00s)
=== RUN   TestPartDelegationProofAdmission
--- PASS: TestPartDelegationProofAdmission (0.05s)
=== RUN   TestPartUnusedHostAllocatesNoGate
--- PASS: TestPartUnusedHostAllocatesNoGate (0.00s)
=== RUN   TestPartFixedProviderAndContentExhaustion
--- PASS: TestPartFixedProviderAndContentExhaustion (0.03s)
=== RUN   TestPartOfferReplacementNotExhausted
--- PASS: TestPartOfferReplacementNotExhausted (0.05s)
=== RUN   TestPartFixedProviderMultiBuffer
=== RUN   TestPartFixedProviderMultiBuffer/ranges
    cache_part_provider_test.go:167: bytes=320000 buffer=16384 reads=20 requests=23 initial-path-requests=20
=== RUN   TestPartFixedProviderMultiBuffer/full-body
    cache_part_provider_test.go:167: bytes=320000 buffer=16384 reads=20 requests=3 initial-path-requests=1
--- PASS: TestPartFixedProviderMultiBuffer (0.04s)
    --- PASS: TestPartFixedProviderMultiBuffer/ranges (0.02s)
    --- PASS: TestPartFixedProviderMultiBuffer/full-body (0.01s)
=== RUN   TestPartFixedProviderCancellationClosesStream
--- PASS: TestPartFixedProviderCancellationClosesStream (0.00s)
=== RUN   TestPartSourceSelection
--- PASS: TestPartSourceSelection (0.06s)
=== RUN   TestPartOfferSessionAdmission
--- PASS: TestPartOfferSessionAdmission (0.06s)
=== RUN   TestReadyPartReceipt
--- PASS: TestReadyPartReceipt (0.06s)
=== RUN   TestPartSettlementRetiresReplacement
--- PASS: TestPartSettlementRetiresReplacement (0.03s)
=== RUN   TestPartDecisionFinalSource
--- PASS: TestPartDecisionFinalSource (0.07s)
=== RUN   TestPartSourceScanFailureReleasesWinner
=== RUN   TestPartSourceScanFailureReleasesWinner/ready
=== RUN   TestPartSourceScanFailureReleasesWinner/chain
--- PASS: TestPartSourceScanFailureReleasesWinner (0.10s)
    --- PASS: TestPartSourceScanFailureReleasesWinner/ready (0.06s)
    --- PASS: TestPartSourceScanFailureReleasesWinner/chain (0.04s)
=== RUN   TestPartNativeCompletionRetiresOffer
--- PASS: TestPartNativeCompletionRetiresOffer (0.00s)
=== RUN   TestPartTaskBodyIsolation
--- PASS: TestPartTaskBodyIsolation (0.00s)
=== RUN   TestPartTaskContinuation
--- PASS: TestPartTaskContinuation (0.00s)
=== RUN   TestPartTaskNoJoinBarrier
--- PASS: TestPartTaskNoJoinBarrier (0.00s)
=== RUN   TestPartGateFiniteDrain
--- PASS: TestPartGateFiniteDrain (0.00s)
=== RUN   TestCachePersistenceSchemaMismatchWipesStore
=== PAUSE TestCachePersistenceSchemaMismatchWipesStore
=== RUN   TestCachePersistenceWorkerUsesEncodedSnapshotLinks
=== PAUSE TestCachePersistenceWorkerUsesEncodedSnapshotLinks
=== RUN   TestPartSessionlessRestoredDirectory
    cache_part_admission_external_test.go:19: real native snapshot transfer requires read-only bind mount privileges: mount source: "/tmp/TestPartSessionlessRestoredDirectory2255792305/001", target: "/tmp/snapshot-transfer-mount2207634062", fstype: bind, flags: 20481, data: "", err: operation not permitted
--- SKIP: TestPartSessionlessRestoredDirectory (0.00s)
=== CONT  TestCachePersistenceWorkerUsesEncodedSnapshotLinks
=== CONT  TestCachePersistenceSchemaMismatchWipesStore
--- PASS: TestCachePersistenceWorkerUsesEncodedSnapshotLinks (0.05s)
--- PASS: TestCachePersistenceSchemaMismatchWipesStore (0.13s)
PASS
ok  	github.com/dagger/dagger/dagql	2.717s
