=== RUN   TestLazyEvaluatedFilesystemClones
2026/09/16 20:06:26 INFO start lazy evaluation field=Directory.directory
2026/09/16 20:06:26 INFO end lazy evaluation field=Directory.directory duration=186.77µs
2026/09/16 20:06:26 INFO discarding dagql cache without persistence hasSQLDB=true hasPersistDB=true
--- FAIL: TestLazyEvaluatedFilesystemClones (0.08s)
panic: unexpected Mount call [recovered, repanicked]

goroutine 38 [running]:
testing.tRunner.func1.2({0x5380aa0, 0x5fe7730})
	/home/exedev/go/pkg/mod/golang.org/toolchain@v0.0.1-go1.26.6.linux-amd64/src/testing/testing.go:1974 +0x419
testing.tRunner.func1()
	/home/exedev/go/pkg/mod/golang.org/toolchain@v0.0.1-go1.26.6.linux-amd64/src/testing/testing.go:1977 +0x67f
panic({0x5380aa0?, 0x5fe7730?})
	/home/exedev/go/pkg/mod/golang.org/toolchain@v0.0.1-go1.26.6.linux-amd64/src/runtime/panic.go:860 +0x13a
github.com/dagger/dagger/core.(*cacheVolumeTestImmutableRef).Mount(0x0?, {0x0?, 0x46c747?}, 0x30?)
	/home/exedev/.tailcall/worktrees/dagger-a7378ed8352b/remote-cache-b4-acquisition-implementer-a22b8169-585bbf9d/core/cache_test.go:199 +0x2b
github.com/dagger/dagger/core.MountRefCloser({0x603fe28, 0xc0003a2420}, {0x7f5f58365840, 0xc0001668d0}, {0x0, 0x0, 0x56fc260?})
	/home/exedev/.tailcall/worktrees/dagger-a7378ed8352b/remote-cache-b4-acquisition-implementer-a22b8169-585bbf9d/core/util.go:247 +0x150
github.com/dagger/dagger/core.MountRef({0x603fe28, 0xc0003a2420}, {0x7f5f58365840, 0xc0001668d0}, 0xc000753368, {0x0, 0x0, 0x0})
	/home/exedev/.tailcall/worktrees/dagger-a7378ed8352b/remote-cache-b4-acquisition-implementer-a22b8169-585bbf9d/core/util.go:212 +0xa5
github.com/dagger/dagger/core.(*Directory).Stat(0xc000884b40, {0x603fe28, 0xc0003a2420}, {{0xc0002a9188, 0x0, 0x0, 0x0}, {0x0, 0x1, 0xc0003a2870, ...}}, ...)
	/home/exedev/.tailcall/worktrees/dagger-a7378ed8352b/remote-cache-b4-acquisition-implementer-a22b8169-585bbf9d/core/directory.go:3601 +0x52b
github.com/dagger/dagger/core.(*DirectorySubdirectoryLazy).Evaluate.func1({0x603fe28, 0xc0003a2420})
	/home/exedev/.tailcall/worktrees/dagger-a7378ed8352b/remote-cache-b4-acquisition-implementer-a22b8169-585bbf9d/core/directory.go:1271 +0x59d
github.com/dagger/dagger/core.(*DirectorySubdirectoryLazy).Evaluate.(*Directory).evaluateLazy.func2({0x603fe28, 0xc0003a2420})
	/home/exedev/.tailcall/worktrees/dagger-a7378ed8352b/remote-cache-b4-acquisition-implementer-a22b8169-585bbf9d/core/filesystem_output.go:152 +0x82
github.com/dagger/dagger/core.(*LazyState).Evaluate(0xc00070cc60, {0x603fe28, 0xc0003a2420}, {0x5c8f107, 0x13}, 0xc000753968)
	/home/exedev/.tailcall/worktrees/dagger-a7378ed8352b/remote-cache-b4-acquisition-implementer-a22b8169-585bbf9d/core/lazy_state.go:97 +0x3ce
github.com/dagger/dagger/core.(*Directory).evaluateLazy(...)
	/home/exedev/.tailcall/worktrees/dagger-a7378ed8352b/remote-cache-b4-acquisition-implementer-a22b8169-585bbf9d/core/filesystem_output.go:150
github.com/dagger/dagger/core.(*DirectorySubdirectoryLazy).Evaluate(0xc00070cc60, {0x603fe28, 0xc0003a2420}, 0xc000885c20)
	/home/exedev/.tailcall/worktrees/dagger-a7378ed8352b/remote-cache-b4-acquisition-implementer-a22b8169-585bbf9d/core/directory.go:1242 +0x15f
github.com/dagger/dagger/core.(*Directory).LazyEvalFunc.func3({0x603fe28, 0xc0003a2420})
	/home/exedev/.tailcall/worktrees/dagger-a7378ed8352b/remote-cache-b4-acquisition-implementer-a22b8169-585bbf9d/core/directory.go:167 +0x5f
github.com/dagger/dagger/core.(*Directory).LazyEvalFunc.func4({0x603fe28, 0xc0003a2420})
	/home/exedev/.tailcall/worktrees/dagger-a7378ed8352b/remote-cache-b4-acquisition-implementer-a22b8169-585bbf9d/core/directory.go:172 +0x11f
github.com/dagger/dagger/core.TestLazyEvaluatedFilesystemClones(0xc00066c6c8)
	/home/exedev/.tailcall/worktrees/dagger-a7378ed8352b/remote-cache-b4-acquisition-implementer-a22b8169-585bbf9d/core/lazy_completion_test.go:141 +0x2d7
testing.tRunner(0xc00066c6c8, 0x5fcedb0)
	/home/exedev/go/pkg/mod/golang.org/toolchain@v0.0.1-go1.26.6.linux-amd64/src/testing/testing.go:2036 +0x21d
created by testing.(*T).Run in goroutine 1
	/home/exedev/go/pkg/mod/golang.org/toolchain@v0.0.1-go1.26.6.linux-amd64/src/testing/testing.go:2101 +0xb13
FAIL	github.com/dagger/dagger/core	0.547s
FAIL
