=== RUN   TestBuiltinLazyOperationEvaluate
2026/09/16 20:42:15 INFO start lazy evaluation field=Query._builtinContainer
2026/09/16 20:42:15 INFO end lazy evaluation field=Query._builtinContainer duration=54.721368ms
2026/09/16 20:42:15 INFO start lazy evaluation field=Query._builtinContainer
2026/09/16 20:42:15 INFO end lazy evaluation field=Query._builtinContainer duration=28.114727ms
2026/09/16 20:42:15 INFO start lazy evaluation field=Query._builtinContainer
2026/09/16 20:42:15 INFO end lazy evaluation field=Query._builtinContainer duration=1.549148ms err="lookup builtin image manifest sha256:90c48b875b1caba8ee7f40a7cc62d7934555e6366aac5f07e5d542b1d0fc32c9: content sha256:90c48b875b1caba8ee7f40a7cc62d7934555e6366aac5f07e5d542b1d0fc32c9: not found"
=== RUN   TestBuiltinLazyOperationEvaluate/empty_patch_without_operation
=== RUN   TestBuiltinLazyOperationEvaluate/saved_schema_bytes
2026/09/16 20:42:15 INFO start lazy evaluation field=File.blob
2026/09/16 20:42:15 INFO end lazy evaluation field=File.blob duration=17.775043ms
2026/09/16 20:42:15 INFO discarding dagql cache without persistence hasSQLDB=false hasPersistDB=false
--- PASS: TestBuiltinLazyOperationEvaluate (0.90s)
    --- PASS: TestBuiltinLazyOperationEvaluate/empty_patch_without_operation (0.13s)
    --- PASS: TestBuiltinLazyOperationEvaluate/saved_schema_bytes (0.03s)
=== RUN   TestMountedLazyRepresentations
=== RUN   TestMountedLazyRepresentations/Directory
=== RUN   TestMountedLazyRepresentations/Directory/pending
2026/09/16 20:42:15 INFO start lazy group evaluation field=Container.withMountedDirectory group=metadata
2026/09/16 20:42:15 INFO end lazy group evaluation field=Container.withMountedDirectory group=metadata duration=27.12µs
2026/09/16 20:42:15 INFO start lazy group evaluation field=Container.withMountedDirectory group=fs
2026/09/16 20:42:15 INFO end lazy group evaluation field=Container.withMountedDirectory group=fs duration=3.34µs
2026/09/16 20:42:15 INFO start lazy group evaluation field=Container.withMountedDirectory group=execMeta
2026/09/16 20:42:15 INFO end lazy group evaluation field=Container.withMountedDirectory group=execMeta duration=2.13µs
2026/09/16 20:42:15 INFO start lazy group evaluation field=Container.withMountedDirectory group=write
2026/09/16 20:42:15 INFO end lazy group evaluation field=Container.withMountedDirectory group=write duration=47.54µs
2026/09/16 20:42:15 INFO start lazy group evaluation field=Container.withMountedDirectory group=metadata
2026/09/16 20:42:15 INFO end lazy group evaluation field=Container.withMountedDirectory group=metadata duration=26.99µs
2026/09/16 20:42:15 INFO start lazy group evaluation field=Container.withMountedDirectory group=fs
2026/09/16 20:42:15 INFO end lazy group evaluation field=Container.withMountedDirectory group=fs duration=2.71µs
2026/09/16 20:42:15 INFO start lazy group evaluation field=Container.withMountedDirectory group=execMeta
2026/09/16 20:42:15 INFO end lazy group evaluation field=Container.withMountedDirectory group=execMeta duration=2.09µs
2026/09/16 20:42:15 INFO start lazy group evaluation field=Container.withMountedDirectory group=write
2026/09/16 20:42:15 INFO end lazy group evaluation field=Container.withMountedDirectory group=write duration=20.25µs
=== RUN   TestMountedLazyRepresentations/Directory/evaluated
2026/09/16 20:42:15 INFO start lazy group evaluation field=Container.withMountedDirectory group=metadata
2026/09/16 20:42:15 INFO end lazy group evaluation field=Container.withMountedDirectory group=metadata duration=13µs
2026/09/16 20:42:15 INFO start lazy group evaluation field=Container.withMountedDirectory group=fs
2026/09/16 20:42:15 INFO end lazy group evaluation field=Container.withMountedDirectory group=fs duration=2.58µs
2026/09/16 20:42:15 INFO start lazy group evaluation field=Container.withMountedDirectory group=execMeta
2026/09/16 20:42:15 INFO end lazy group evaluation field=Container.withMountedDirectory group=execMeta duration=1.92µs
2026/09/16 20:42:15 INFO start lazy group evaluation field=Container.withMountedDirectory group=write
2026/09/16 20:42:15 INFO end lazy group evaluation field=Container.withMountedDirectory group=write duration=68.17µs
2026/09/16 20:42:15 INFO start lazy group evaluation field=Container.withMountedDirectory group=metadata
2026/09/16 20:42:15 INFO end lazy group evaluation field=Container.withMountedDirectory group=metadata duration=8.2µs
2026/09/16 20:42:15 INFO start lazy group evaluation field=Container.withMountedDirectory group=fs
2026/09/16 20:42:15 INFO end lazy group evaluation field=Container.withMountedDirectory group=fs duration=2.28µs
2026/09/16 20:42:15 INFO start lazy group evaluation field=Container.withMountedDirectory group=execMeta
2026/09/16 20:42:15 INFO end lazy group evaluation field=Container.withMountedDirectory group=execMeta duration=1.89µs
2026/09/16 20:42:15 INFO start lazy group evaluation field=Container.withMountedDirectory group=write
2026/09/16 20:42:15 INFO end lazy group evaluation field=Container.withMountedDirectory group=write duration=15.54µs
2026/09/16 20:42:15 INFO start lazy group evaluation field=Container.withMountedDirectory group=metadata
2026/09/16 20:42:15 INFO end lazy group evaluation field=Container.withMountedDirectory group=metadata duration=18.92µs
2026/09/16 20:42:15 INFO start lazy group evaluation field=Container.withMountedDirectory group=fs
2026/09/16 20:42:15 INFO end lazy group evaluation field=Container.withMountedDirectory group=fs duration=3.76µs
2026/09/16 20:42:15 INFO start lazy group evaluation field=Container.withMountedDirectory group=execMeta
2026/09/16 20:42:15 INFO end lazy group evaluation field=Container.withMountedDirectory group=execMeta duration=2.01µs
2026/09/16 20:42:15 INFO start lazy group evaluation field=Container.withMountedDirectory group=write
2026/09/16 20:42:15 INFO end lazy group evaluation field=Container.withMountedDirectory group=write duration=23.8µs
2026/09/16 20:42:15 INFO discarding dagql cache without persistence hasSQLDB=false hasPersistDB=false
=== RUN   TestMountedLazyRepresentations/File
=== RUN   TestMountedLazyRepresentations/File/pending
2026/09/16 20:42:15 INFO start lazy group evaluation field=Container.withMountedFile group=metadata
2026/09/16 20:42:15 INFO end lazy group evaluation field=Container.withMountedFile group=metadata duration=26.82µs
2026/09/16 20:42:15 INFO start lazy group evaluation field=Container.withMountedFile group=fs
2026/09/16 20:42:15 INFO end lazy group evaluation field=Container.withMountedFile group=fs duration=2.71µs
2026/09/16 20:42:15 INFO start lazy group evaluation field=Container.withMountedFile group=execMeta
2026/09/16 20:42:15 INFO end lazy group evaluation field=Container.withMountedFile group=execMeta duration=3.17µs
2026/09/16 20:42:15 INFO start lazy group evaluation field=Container.withMountedFile group=write
2026/09/16 20:42:15 INFO end lazy group evaluation field=Container.withMountedFile group=write duration=21.39µs
2026/09/16 20:42:15 INFO start lazy group evaluation field=Container.withMountedFile group=metadata
2026/09/16 20:42:15 INFO end lazy group evaluation field=Container.withMountedFile group=metadata duration=21.08µs
2026/09/16 20:42:15 INFO start lazy group evaluation field=Container.withMountedFile group=fs
2026/09/16 20:42:15 INFO end lazy group evaluation field=Container.withMountedFile group=fs duration=3.01µs
2026/09/16 20:42:15 INFO start lazy group evaluation field=Container.withMountedFile group=execMeta
2026/09/16 20:42:15 INFO end lazy group evaluation field=Container.withMountedFile group=execMeta duration=1.99µs
2026/09/16 20:42:15 INFO start lazy group evaluation field=Container.withMountedFile group=write
2026/09/16 20:42:15 INFO end lazy group evaluation field=Container.withMountedFile group=write duration=18.83µs
=== RUN   TestMountedLazyRepresentations/File/evaluated
2026/09/16 20:42:15 INFO start lazy group evaluation field=Container.withMountedFile group=metadata
2026/09/16 20:42:15 INFO end lazy group evaluation field=Container.withMountedFile group=metadata duration=23.33µs
2026/09/16 20:42:15 INFO start lazy group evaluation field=Container.withMountedFile group=fs
2026/09/16 20:42:15 INFO end lazy group evaluation field=Container.withMountedFile group=fs duration=2.67µs
2026/09/16 20:42:15 INFO start lazy group evaluation field=Container.withMountedFile group=execMeta
2026/09/16 20:42:15 INFO end lazy group evaluation field=Container.withMountedFile group=execMeta duration=2.13µs
2026/09/16 20:42:15 INFO start lazy group evaluation field=Container.withMountedFile group=write
2026/09/16 20:42:15 INFO end lazy group evaluation field=Container.withMountedFile group=write duration=64.11µs
2026/09/16 20:42:15 INFO start lazy group evaluation field=Container.withMountedFile group=metadata
2026/09/16 20:42:15 INFO end lazy group evaluation field=Container.withMountedFile group=metadata duration=8.87µs
2026/09/16 20:42:15 INFO start lazy group evaluation field=Container.withMountedFile group=fs
2026/09/16 20:42:15 INFO end lazy group evaluation field=Container.withMountedFile group=fs duration=2.29µs
2026/09/16 20:42:15 INFO start lazy group evaluation field=Container.withMountedFile group=execMeta
2026/09/16 20:42:15 INFO end lazy group evaluation field=Container.withMountedFile group=execMeta duration=1.83µs
2026/09/16 20:42:15 INFO start lazy group evaluation field=Container.withMountedFile group=write
2026/09/16 20:42:15 INFO end lazy group evaluation field=Container.withMountedFile group=write duration=12.73µs
2026/09/16 20:42:15 INFO start lazy group evaluation field=Container.withMountedFile group=metadata
2026/09/16 20:42:15 INFO end lazy group evaluation field=Container.withMountedFile group=metadata duration=24.31µs
2026/09/16 20:42:15 INFO start lazy group evaluation field=Container.withMountedFile group=fs
2026/09/16 20:42:15 INFO end lazy group evaluation field=Container.withMountedFile group=fs duration=2.38µs
2026/09/16 20:42:15 INFO start lazy group evaluation field=Container.withMountedFile group=execMeta
2026/09/16 20:42:15 INFO end lazy group evaluation field=Container.withMountedFile group=execMeta duration=1.95µs
2026/09/16 20:42:15 INFO start lazy group evaluation field=Container.withMountedFile group=write
2026/09/16 20:42:15 INFO end lazy group evaluation field=Container.withMountedFile group=write duration=27.22µs
2026/09/16 20:42:15 INFO discarding dagql cache without persistence hasSQLDB=false hasPersistDB=false
--- PASS: TestMountedLazyRepresentations (0.13s)
    --- PASS: TestMountedLazyRepresentations/Directory (0.07s)
        --- PASS: TestMountedLazyRepresentations/Directory/pending (0.01s)
        --- PASS: TestMountedLazyRepresentations/Directory/evaluated (0.01s)
    --- PASS: TestMountedLazyRepresentations/File (0.06s)
        --- PASS: TestMountedLazyRepresentations/File/pending (0.02s)
        --- PASS: TestMountedLazyRepresentations/File/evaluated (0.01s)
=== RUN   TestLazyInputAttachment
=== RUN   TestLazyInputAttachment/existing_completed_kinds_attach
2026/09/16 20:42:15 INFO start lazy evaluation field="codec fixture"
2026/09/16 20:42:15 INFO end lazy evaluation field="codec fixture" duration=17.14µs
2026/09/16 20:42:15 INFO start lazy evaluation field="codec fixture"
2026/09/16 20:42:15 INFO end lazy evaluation field="codec fixture" duration=1.86µs
2026/09/16 20:42:15 INFO discarding dagql cache without persistence hasSQLDB=true hasPersistDB=true
--- PASS: TestLazyInputAttachment (0.01s)
    --- PASS: TestLazyInputAttachment/existing_completed_kinds_attach (0.01s)
=== RUN   TestEvaluatedLazyOperationAttachmentBeforePublication
2026/09/16 20:42:15 INFO start lazy evaluation field=Directory.directory
2026/09/16 20:42:15 INFO end lazy evaluation field=Directory.directory duration=44.05µs
2026/09/16 20:42:15 INFO start lazy evaluation field=File.file
2026/09/16 20:42:15 INFO end lazy evaluation field=File.file duration=13.16µs
2026/09/16 20:42:15 INFO discarding dagql cache without persistence hasSQLDB=true hasPersistDB=true
--- PASS: TestEvaluatedLazyOperationAttachmentBeforePublication (0.01s)
=== RUN   TestMoveProducedOutputs
--- PASS: TestMoveProducedOutputs (0.00s)
=== RUN   TestContainerMountedSourceWriterParts
=== RUN   TestContainerMountedSourceWriterParts/directory
=== PAUSE TestContainerMountedSourceWriterParts/directory
=== RUN   TestContainerMountedSourceWriterParts/file
=== PAUSE TestContainerMountedSourceWriterParts/file
=== RUN   TestContainerMountedSourceWriterParts/dockerfile_compatible_directory
=== PAUSE TestContainerMountedSourceWriterParts/dockerfile_compatible_directory
=== CONT  TestContainerMountedSourceWriterParts/directory
=== CONT  TestContainerMountedSourceWriterParts/file
2026/09/16 20:42:15 INFO start lazy group evaluation field=Container.withMountedFile group=metadata
2026/09/16 20:42:15 INFO start lazy group evaluation field=test.base group=metadata
2026/09/16 20:42:15 INFO end lazy group evaluation field=test.base group=metadata duration=11.23µs
2026/09/16 20:42:15 INFO end lazy group evaluation field=Container.withMountedFile group=metadata duration=62.06µs
2026/09/16 20:42:15 INFO start lazy group evaluation field=Container.withMountedDirectory group=metadata
2026/09/16 20:42:15 INFO start lazy group evaluation field=test.base group=metadata
2026/09/16 20:42:15 INFO start lazy group evaluation field=Container.withMountedFile group=write
2026/09/16 20:42:15 INFO end lazy group evaluation field=test.base group=metadata duration=8.71µs
2026/09/16 20:42:15 INFO end lazy group evaluation field=Container.withMountedDirectory group=metadata duration=76.79µs
2026/09/16 20:42:15 INFO start lazy evaluation field=test.fileSource
2026/09/16 20:42:15 INFO end lazy evaluation field=test.fileSource duration=18.27µs
2026/09/16 20:42:15 INFO end lazy group evaluation field=Container.withMountedFile group=write duration=48.34µs
2026/09/16 20:42:15 INFO start lazy group evaluation field=Container.withMountedDirectory group=write
2026/09/16 20:42:15 INFO start lazy group evaluation field=Container.withMountedFile group=mount:/existing
2026/09/16 20:42:15 INFO start lazy group evaluation field=test.base group=mount:/existing
2026/09/16 20:42:15 INFO start lazy evaluation field=test.directorySource
2026/09/16 20:42:15 INFO end lazy group evaluation field=test.base group=mount:/existing duration=7.76µs
2026/09/16 20:42:15 INFO end lazy evaluation field=test.directorySource duration=11.45µs
2026/09/16 20:42:15 INFO end lazy group evaluation field=Container.withMountedDirectory group=write duration=44.76µs
2026/09/16 20:42:15 INFO end lazy group evaluation field=Container.withMountedFile group=mount:/existing duration=36.29µs
2026/09/16 20:42:15 INFO start lazy group evaluation field=Container.withMountedDirectory group=mount:/existing
2026/09/16 20:42:15 INFO start lazy group evaluation field=Container.withMountedFile group=fs
2026/09/16 20:42:15 INFO start lazy group evaluation field=test.base group=fs
2026/09/16 20:42:15 INFO start lazy group evaluation field=test.base group=mount:/existing
2026/09/16 20:42:15 INFO end lazy group evaluation field=test.base group=fs duration=6.86µs
2026/09/16 20:42:15 INFO end lazy group evaluation field=test.base group=mount:/existing duration=24.73µs
2026/09/16 20:42:15 INFO end lazy group evaluation field=Container.withMountedFile group=fs duration=36.3µs
2026/09/16 20:42:15 INFO end lazy group evaluation field=Container.withMountedDirectory group=mount:/existing duration=48.94µs
2026/09/16 20:42:15 INFO start lazy group evaluation field=Container.withMountedDirectory group=execMeta
2026/09/16 20:42:15 INFO start lazy group evaluation field=Container.withMountedDirectory group=fs
2026/09/16 20:42:15 INFO start lazy group evaluation field=test.base group=execMeta
2026/09/16 20:42:15 INFO end lazy group evaluation field=test.base group=execMeta duration=9.41µs
2026/09/16 20:42:15 INFO start lazy group evaluation field=test.base group=fs
2026/09/16 20:42:15 INFO end lazy group evaluation field=test.base group=fs duration=6.51µs
2026/09/16 20:42:15 INFO end lazy group evaluation field=Container.withMountedDirectory group=execMeta duration=33.46µs
2026/09/16 20:42:15 INFO end lazy group evaluation field=Container.withMountedDirectory group=fs duration=32.83µs
2026/09/16 20:42:15 INFO discarding dagql cache without persistence hasSQLDB=false hasPersistDB=false
=== CONT  TestContainerMountedSourceWriterParts/dockerfile_compatible_directory
2026/09/16 20:42:15 INFO start lazy group evaluation field=Container.withMountedFile group=execMeta
2026/09/16 20:42:15 INFO start lazy group evaluation field=test.base group=execMeta
2026/09/16 20:42:15 INFO end lazy group evaluation field=test.base group=execMeta duration=12.59µs
2026/09/16 20:42:15 INFO end lazy group evaluation field=Container.withMountedFile group=execMeta duration=110.839µs
2026/09/16 20:42:15 INFO discarding dagql cache without persistence hasSQLDB=false hasPersistDB=false
2026/09/16 20:42:15 INFO start lazy group evaluation field=Container.withMountedPathDockerfileCompat group=metadata
2026/09/16 20:42:15 INFO start lazy group evaluation field=test.base group=metadata
2026/09/16 20:42:15 INFO end lazy group evaluation field=test.base group=metadata duration=6.99µs
2026/09/16 20:42:15 INFO end lazy group evaluation field=Container.withMountedPathDockerfileCompat group=metadata duration=56.98µs
2026/09/16 20:42:15 INFO start lazy group evaluation field=Container.withMountedPathDockerfileCompat group=write
2026/09/16 20:42:15 INFO start lazy evaluation field=test.directorySource
2026/09/16 20:42:15 INFO end lazy evaluation field=test.directorySource duration=8.93µs
2026/09/16 20:42:15 INFO end lazy group evaluation field=Container.withMountedPathDockerfileCompat group=write duration=52.92µs
2026/09/16 20:42:15 INFO start lazy group evaluation field=Container.withMountedPathDockerfileCompat group=mount:/existing
2026/09/16 20:42:15 INFO start lazy group evaluation field=test.base group=mount:/existing
2026/09/16 20:42:15 INFO end lazy group evaluation field=test.base group=mount:/existing duration=7.21µs
2026/09/16 20:42:15 INFO end lazy group evaluation field=Container.withMountedPathDockerfileCompat group=mount:/existing duration=47.31µs
2026/09/16 20:42:15 INFO start lazy group evaluation field=Container.withMountedPathDockerfileCompat group=execMeta
2026/09/16 20:42:15 INFO start lazy group evaluation field=test.base group=execMeta
2026/09/16 20:42:15 INFO end lazy group evaluation field=test.base group=execMeta duration=8.97µs
2026/09/16 20:42:15 INFO end lazy group evaluation field=Container.withMountedPathDockerfileCompat group=execMeta duration=58.61µs
2026/09/16 20:42:15 INFO start lazy group evaluation field=Container.withMountedPathDockerfileCompat group=fs
2026/09/16 20:42:15 INFO start lazy group evaluation field=test.base group=fs
2026/09/16 20:42:15 INFO end lazy group evaluation field=test.base group=fs duration=6.84µs
2026/09/16 20:42:15 INFO end lazy group evaluation field=Container.withMountedPathDockerfileCompat group=fs duration=200.739µs
2026/09/16 20:42:15 INFO discarding dagql cache without persistence hasSQLDB=false hasPersistDB=false
--- PASS: TestContainerMountedSourceWriterParts (0.00s)
    --- PASS: TestContainerMountedSourceWriterParts/directory (0.00s)
    --- PASS: TestContainerMountedSourceWriterParts/file (0.00s)
    --- PASS: TestContainerMountedSourceWriterParts/dockerfile_compatible_directory (0.00s)
=== RUN   TestContainerMountedSourceWriterNamedOwner
=== RUN   TestContainerMountedSourceWriterNamedOwner/directory
=== PAUSE TestContainerMountedSourceWriterNamedOwner/directory
=== RUN   TestContainerMountedSourceWriterNamedOwner/file
=== PAUSE TestContainerMountedSourceWriterNamedOwner/file
=== CONT  TestContainerMountedSourceWriterNamedOwner/directory
=== CONT  TestContainerMountedSourceWriterNamedOwner/file
2026/09/16 20:42:15 INFO start lazy group evaluation field=Container.withMountedFile group=metadata
2026/09/16 20:42:15 INFO start lazy group evaluation field=test.base group=metadata
2026/09/16 20:42:15 INFO end lazy group evaluation field=test.base group=metadata duration=7.13µs
2026/09/16 20:42:15 INFO end lazy group evaluation field=Container.withMountedFile group=metadata duration=56.64µs
2026/09/16 20:42:15 INFO start lazy group evaluation field=Container.withMountedFile group=write
2026/09/16 20:42:15 INFO start lazy group evaluation field=Container.withMountedDirectory group=metadata
2026/09/16 20:42:15 INFO start lazy group evaluation field=test.base group=metadata
2026/09/16 20:42:15 INFO end lazy group evaluation field=Container.withMountedFile group=write duration=38.54µs err="open /etc/passwd: failed to get server: current query: no query in context"
2026/09/16 20:42:15 INFO end lazy group evaluation field=test.base group=metadata duration=6.92µs
2026/09/16 20:42:15 INFO end lazy group evaluation field=Container.withMountedDirectory group=metadata duration=58.62µs
2026/09/16 20:42:15 INFO discarding dagql cache without persistence hasSQLDB=false hasPersistDB=false
2026/09/16 20:42:15 INFO start lazy group evaluation field=Container.withMountedDirectory group=write
2026/09/16 20:42:15 INFO end lazy group evaluation field=Container.withMountedDirectory group=write duration=21.15µs err="open /etc/passwd: failed to get server: current query: no query in context"
2026/09/16 20:42:15 INFO discarding dagql cache without persistence hasSQLDB=false hasPersistDB=false
--- PASS: TestContainerMountedSourceWriterNamedOwner (0.00s)
    --- PASS: TestContainerMountedSourceWriterNamedOwner/file (0.00s)
    --- PASS: TestContainerMountedSourceWriterNamedOwner/directory (0.00s)
=== RUN   TestContainerMountedSourceWriterShadowsNestedMount
2026/09/16 20:42:15 INFO start lazy group evaluation field=Container.withMountedDirectory group=metadata
2026/09/16 20:42:15 INFO start lazy group evaluation field=test.base group=metadata
2026/09/16 20:42:15 INFO end lazy group evaluation field=test.base group=metadata duration=6.05µs
2026/09/16 20:42:15 INFO end lazy group evaluation field=Container.withMountedDirectory group=metadata duration=41.02µs
2026/09/16 20:42:15 INFO start lazy group evaluation field=Container.withMountedDirectory group=execMeta
2026/09/16 20:42:15 INFO start lazy group evaluation field=Container.withMountedDirectory group=write
2026/09/16 20:42:15 INFO start lazy group evaluation field=test.base group=execMeta
2026/09/16 20:42:15 INFO end lazy group evaluation field=test.base group=execMeta duration=8.6µs
2026/09/16 20:42:15 INFO end lazy group evaluation field=Container.withMountedDirectory group=execMeta duration=29.33µs
2026/09/16 20:42:15 INFO start lazy evaluation field=test.directorySource
2026/09/16 20:42:15 INFO end lazy evaluation field=test.directorySource duration=6.82µs
2026/09/16 20:42:15 INFO end lazy group evaluation field=Container.withMountedDirectory group=write duration=40.62µs
2026/09/16 20:42:15 INFO start lazy group evaluation field=Container.withMountedDirectory group=fs
2026/09/16 20:42:15 INFO start lazy group evaluation field=test.base group=fs
2026/09/16 20:42:15 INFO end lazy group evaluation field=test.base group=fs duration=9.69µs
2026/09/16 20:42:15 INFO end lazy group evaluation field=Container.withMountedDirectory group=fs duration=57.15µs
2026/09/16 20:42:15 INFO discarding dagql cache without persistence hasSQLDB=false hasPersistDB=false
--- PASS: TestContainerMountedSourceWriterShadowsNestedMount (0.00s)
=== RUN   TestContainerEvaluatedLazyOperationAttachesParentAtPublication
2026/09/16 20:42:15 INFO start lazy group evaluation field=Container.withLabel group=metadata
2026/09/16 20:42:15 INFO end lazy group evaluation field=Container.withLabel group=metadata duration=28.09µs
2026/09/16 20:42:15 INFO start lazy group evaluation field=Container.withLabel group=fs
2026/09/16 20:42:15 INFO end lazy group evaluation field=Container.withLabel group=fs duration=2.34µs
2026/09/16 20:42:15 INFO start lazy group evaluation field=Container.withLabel group=execMeta
2026/09/16 20:42:15 INFO end lazy group evaluation field=Container.withLabel group=execMeta duration=2.09µs
2026/09/16 20:42:15 INFO discarding dagql cache without persistence hasSQLDB=true hasPersistDB=true
--- PASS: TestContainerEvaluatedLazyOperationAttachesParentAtPublication (0.01s)
=== RUN   TestContainerEvaluatedLazyOperationPersistsWithoutLoadingParents
2026/09/16 20:42:15 INFO start lazy group evaluation field=Container.withLabel group=metadata
2026/09/16 20:42:15 INFO end lazy group evaluation field=Container.withLabel group=metadata duration=28.61µs
2026/09/16 20:42:15 INFO start lazy group evaluation field=Container.withLabel group=fs
2026/09/16 20:42:15 INFO end lazy group evaluation field=Container.withLabel group=fs duration=4.48µs
2026/09/16 20:42:15 INFO start lazy group evaluation field=Container.withLabel group=execMeta
2026/09/16 20:42:15 INFO end lazy group evaluation field=Container.withLabel group=execMeta duration=2.82µs
2026/09/16 20:42:15 INFO starting dagql cache close hasSQLDB=true hasPersistDB=true
2026/09/16 20:42:15 INFO marking dagql cache clean shutdown
2026/09/16 20:42:15 WARN successfully marked clean shutdown in persistence metadata
2026/09/16 20:42:15 INFO completed dagql cache close successfully
2026/09/16 20:42:15 INFO start lazy group evaluation field="Container stored part" group=open:fs
2026/09/16 20:42:15 INFO end lazy group evaluation field="Container stored part" group=open:fs duration=27.53µs err="open stored container part \"fs\": local snapshot unavailable"
2026/09/16 20:42:15 INFO start lazy group evaluation field="Container stored part" group=open:execMeta
2026/09/16 20:42:15 INFO end lazy group evaluation field="Container stored part" group=open:execMeta duration=9.66µs
2026/09/16 20:42:15 INFO start lazy group evaluation field="Container stored part" group=open:fs
2026/09/16 20:42:15 INFO end lazy group evaluation field="Container stored part" group=open:fs duration=8.9µs
=== RUN   TestContainerEvaluatedLazyOperationPersistsWithoutLoadingParents/completed_operation_references_relocate_without_loading
=== RUN   TestContainerEvaluatedLazyOperationPersistsWithoutLoadingParents/old_complete_rows_without_operation_bytes
2026/09/16 20:42:15 INFO discarding dagql cache without persistence hasSQLDB=true hasPersistDB=true
--- PASS: TestContainerEvaluatedLazyOperationPersistsWithoutLoadingParents (0.01s)
    --- PASS: TestContainerEvaluatedLazyOperationPersistsWithoutLoadingParents/completed_operation_references_relocate_without_loading (0.00s)
    --- PASS: TestContainerEvaluatedLazyOperationPersistsWithoutLoadingParents/old_complete_rows_without_operation_bytes (0.00s)
=== RUN   TestEvaluatedLazyOperationConcurrentDemand
2026/09/16 20:42:15 INFO start lazy evaluation field=Query.__httpFile
2026/09/16 20:42:15 INFO end lazy evaluation field=Query.__httpFile duration=21.983537ms
2026/09/16 20:42:15 INFO start lazy evaluation field=Query.__httpFile
2026/09/16 20:42:16 INFO end lazy evaluation field=Query.__httpFile duration=15.979376ms
2026/09/16 20:42:16 INFO start lazy evaluation field=Query.__httpFile
2026/09/16 20:42:16 INFO end lazy evaluation field=Query.__httpFile duration=6.65608ms
2026/09/16 20:42:16 INFO discarding dagql cache without persistence hasSQLDB=false hasPersistDB=false
--- PASS: TestEvaluatedLazyOperationConcurrentDemand (0.05s)
=== RUN   TestLazyOperationCodecs
=== RUN   TestLazyOperationCodecs/*core.DirectoryGitCleanedLazy
2026/09/16 20:42:16 INFO start lazy evaluation field="codec fixture"
2026/09/16 20:42:16 INFO end lazy evaluation field="codec fixture" duration=40.77µs
=== RUN   TestLazyOperationCodecs/*core.DirectoryGitBundleImportLazy
2026/09/16 20:42:16 INFO start lazy evaluation field="codec fixture"
2026/09/16 20:42:16 INFO end lazy evaluation field="codec fixture" duration=10µs
=== RUN   TestLazyOperationCodecs/*core.DirectoryGitTreeLazy
2026/09/16 20:42:16 INFO start lazy evaluation field="codec fixture"
2026/09/16 20:42:16 INFO end lazy evaluation field="codec fixture" duration=9.66µs
=== RUN   TestLazyOperationCodecs/*core.DirectoryGitCommitTreeLazy
2026/09/16 20:42:16 INFO start lazy evaluation field="codec fixture"
2026/09/16 20:42:16 INFO end lazy evaluation field="codec fixture" duration=8.839µs
=== RUN   TestLazyOperationCodecs/*core.DirectoryScratchLazy
2026/09/16 20:42:16 INFO start lazy evaluation field="codec fixture"
2026/09/16 20:42:16 INFO end lazy evaluation field="codec fixture" duration=10.99µs
=== RUN   TestLazyOperationCodecs/HTTP_scalars
2026/09/16 20:42:16 INFO start lazy evaluation field="codec fixture"
2026/09/16 20:42:16 INFO end lazy evaluation field="codec fixture" duration=9.5µs
2026/09/16 20:42:16 INFO start lazy evaluation field="codec fixture"
2026/09/16 20:42:16 INFO end lazy evaluation field="codec fixture" duration=8.34µs
2026/09/16 20:42:16 INFO start lazy evaluation field="codec fixture"
2026/09/16 20:42:16 INFO end lazy evaluation field="codec fixture" duration=7.87µs
=== RUN   TestLazyOperationCodecs/builtin_field_pairing
2026/09/16 20:42:16 INFO start lazy evaluation field="codec fixture"
2026/09/16 20:42:16 INFO end lazy evaluation field="codec fixture" duration=25.929µs
2026/09/16 20:42:16 INFO discarding dagql cache without persistence hasSQLDB=true hasPersistDB=true
2026/09/16 20:42:16 INFO discarding dagql cache without persistence hasSQLDB=true hasPersistDB=true
=== RUN   TestLazyOperationCodecs/exact_equivalent_input
=== RUN   TestLazyOperationCodecs/snapshot_without_operation
2026/09/16 20:42:16 INFO discarding dagql cache without persistence hasSQLDB=true hasPersistDB=true
--- PASS: TestLazyOperationCodecs (0.03s)
    --- PASS: TestLazyOperationCodecs/*core.DirectoryGitCleanedLazy (0.00s)
    --- PASS: TestLazyOperationCodecs/*core.DirectoryGitBundleImportLazy (0.00s)
    --- PASS: TestLazyOperationCodecs/*core.DirectoryGitTreeLazy (0.00s)
    --- PASS: TestLazyOperationCodecs/*core.DirectoryGitCommitTreeLazy (0.00s)
    --- PASS: TestLazyOperationCodecs/*core.DirectoryScratchLazy (0.00s)
    --- PASS: TestLazyOperationCodecs/HTTP_scalars (0.00s)
    --- PASS: TestLazyOperationCodecs/builtin_field_pairing (0.02s)
    --- PASS: TestLazyOperationCodecs/exact_equivalent_input (0.00s)
    --- PASS: TestLazyOperationCodecs/snapshot_without_operation (0.00s)
=== RUN   TestLazyOperationRelocation
2026/09/16 20:42:16 INFO start lazy evaluation field="codec fixture"
2026/09/16 20:42:16 INFO end lazy evaluation field="codec fixture" duration=15.1µs
2026/09/16 20:42:16 INFO start lazy evaluation field="codec fixture"
2026/09/16 20:42:16 INFO end lazy evaluation field="codec fixture" duration=7.27µs
2026/09/16 20:42:16 INFO start lazy evaluation field="codec fixture"
2026/09/16 20:42:16 INFO end lazy evaluation field="codec fixture" duration=6.94µs
2026/09/16 20:42:16 INFO start lazy evaluation field="codec fixture"
2026/09/16 20:42:16 INFO end lazy evaluation field="codec fixture" duration=5.94µs
2026/09/16 20:42:16 INFO start lazy evaluation field="codec fixture"
2026/09/16 20:42:16 INFO end lazy evaluation field="codec fixture" duration=5.82µs
2026/09/16 20:42:16 INFO start lazy evaluation field="codec fixture"
2026/09/16 20:42:16 INFO end lazy evaluation field="codec fixture" duration=6.77µs
2026/09/16 20:42:16 INFO discarding dagql cache without persistence hasSQLDB=true hasPersistDB=true
--- PASS: TestLazyOperationRelocation (0.01s)
=== RUN   TestLazyOperationSaveReopen
2026/09/16 20:42:16 INFO start lazy evaluation field="codec fixture"
2026/09/16 20:42:16 INFO end lazy evaluation field="codec fixture" duration=19.91µs
2026/09/16 20:42:16 INFO start lazy evaluation field="codec fixture"
2026/09/16 20:42:16 INFO end lazy evaluation field="codec fixture" duration=2.66µs
2026/09/16 20:42:16 INFO start lazy evaluation field="codec fixture"
2026/09/16 20:42:16 INFO end lazy evaluation field="codec fixture" duration=5.33µs
2026/09/16 20:42:16 INFO start lazy evaluation field="codec fixture"
2026/09/16 20:42:16 INFO end lazy evaluation field="codec fixture" duration=2.48µs
2026/09/16 20:42:16 INFO start lazy evaluation field="codec fixture"
2026/09/16 20:42:16 INFO end lazy evaluation field="codec fixture" duration=4.58µs
2026/09/16 20:42:16 INFO start lazy evaluation field="codec fixture"
2026/09/16 20:42:16 INFO end lazy evaluation field="codec fixture" duration=5.03µs
2026/09/16 20:42:16 INFO start lazy evaluation field="codec fixture"
2026/09/16 20:42:16 INFO end lazy evaluation field="codec fixture" duration=4.96µs
2026/09/16 20:42:16 INFO start lazy evaluation field="codec fixture"
2026/09/16 20:42:16 INFO end lazy evaluation field="codec fixture" duration=7.1µs
2026/09/16 20:42:16 INFO starting dagql cache close hasSQLDB=true hasPersistDB=true
2026/09/16 20:42:16 INFO marking dagql cache clean shutdown
2026/09/16 20:42:16 WARN successfully marked clean shutdown in persistence metadata
2026/09/16 20:42:16 INFO completed dagql cache close successfully
2026/09/16 20:42:16 INFO starting dagql cache close hasSQLDB=true hasPersistDB=true
2026/09/16 20:42:16 INFO marking dagql cache clean shutdown
2026/09/16 20:42:16 WARN successfully marked clean shutdown in persistence metadata
2026/09/16 20:42:16 INFO completed dagql cache close successfully
2026/09/16 20:42:16 WARN failed to determine cache usage size resultID=3 usageIdentity=bundle-snapshot err="context canceled"
2026/09/16 20:42:16 WARN failed to determine cache usage size resultID=7 usageIdentity=saved-0 err="context canceled"
2026/09/16 20:42:16 WARN failed to determine cache usage size resultID=8 usageIdentity=saved-1 err="context canceled"
2026/09/16 20:42:16 WARN failed to determine cache usage size resultID=9 usageIdentity=saved-2 err="context canceled"
2026/09/16 20:42:16 WARN failed to determine cache usage size resultID=10 usageIdentity=saved-3 err="context canceled"
2026/09/16 20:42:16 WARN failed to determine cache usage size resultID=11 usageIdentity=saved-4 err="context canceled"
2026/09/16 20:42:16 WARN failed to determine cache usage size resultID=15 usageIdentity=saved-builtin err="context canceled"
2026/09/16 20:42:16 WARN failed to determine cache usage size resultID=13 usageIdentity=saved-http err="context canceled"
2026/09/16 20:42:16 WARN failed to determine cache usage size resultID=14 usageIdentity=saved-schema err="context canceled"
2026/09/16 20:42:16 WARN failed to determine cache usage size resultID=1 usageIdentity=source-snapshot err="context canceled"
2026/09/16 20:42:16 INFO dagql pruned result resultID=1 call=Query.source digest=xxh3:3c2e226aa6c269bf args=[] description=source measuredSizeBytes=0 reclaimedBytes=0
2026/09/16 20:42:16 INFO dagql pruned result resultID=3 call=Query.bundle-file digest=xxh3:1b1051a7f010896c args=[] description=bundle-file measuredSizeBytes=0 reclaimedBytes=0
2026/09/16 20:42:16 INFO dagql pruned result resultID=7 call=GitRepository.__cleaned digest=xxh3:b7e1bbcd4c596cf6 args=[] description=__cleaned measuredSizeBytes=0 reclaimedBytes=0
2026/09/16 20:42:16 INFO dagql pruned result resultID=2 call=Query.repo digest=xxh3:16dc6903e3f06350 args=[] description=repo measuredSizeBytes=0 reclaimedBytes=0
2026/09/16 20:42:16 INFO dagql pruned result resultID=4 call=Query.bundle digest=xxh3:3b4c0ba878b9d6c5 args=[] description=bundle measuredSizeBytes=0 reclaimedBytes=0
2026/09/16 20:42:16 INFO dagql pruned result resultID=8 call=GitRepository.__withBundleDirectory digest="" args="[bundle=result:4]" description=__withBundleDirectory measuredSizeBytes=0 reclaimedBytes=0
2026/09/16 20:42:16 INFO dagql pruned result resultID=5 call=Query.ref digest=xxh3:06409b9402fa5e16 args=[] description=ref measuredSizeBytes=0 reclaimedBytes=0
2026/09/16 20:42:16 INFO dagql pruned result resultID=9 call=GitRef.tree digest="" args=[] description=tree measuredSizeBytes=0 reclaimedBytes=0
2026/09/16 20:42:16 INFO dagql pruned result resultID=6 call=Query.commit digest=xxh3:87af3ded0e7b27f5 args=[] description=commit measuredSizeBytes=0 reclaimedBytes=0
2026/09/16 20:42:16 INFO dagql pruned result resultID=10 call=GitCommit.tree digest="" args=[] description=tree measuredSizeBytes=0 reclaimedBytes=0
2026/09/16 20:42:16 INFO dagql pruned result resultID=11 call=Query.directory digest=xxh3:d12c52a4ee1e4198 args=[] description=directory measuredSizeBytes=0 reclaimedBytes=0
2026/09/16 20:42:16 INFO dagql pruned result resultID=12 call=Query.saved-state digest=xxh3:13241ec1fd5393af args=[] description=saved-state measuredSizeBytes=0 reclaimedBytes=0
2026/09/16 20:42:16 INFO dagql pruned result resultID=13 call=HTTPState._resolve digest="" args=[] description=_resolve measuredSizeBytes=0 reclaimedBytes=0
2026/09/16 20:42:16 INFO dagql pruned result resultID=14 call=Query.saved-schema digest=xxh3:efe5f42da6ab32d9 args=[] description=saved-schema measuredSizeBytes=0 reclaimedBytes=0
2026/09/16 20:42:16 INFO dagql pruned result resultID=15 call=Query._builtinContainer digest=xxh3:60f5e1aac6746f44 args=[] description=_builtinContainer measuredSizeBytes=0 reclaimedBytes=0
2026/09/16 20:42:16 INFO discarding dagql cache without persistence hasSQLDB=true hasPersistDB=true
--- PASS: TestLazyOperationSaveReopen (0.02s)
=== RUN   TestFilesystemEvaluatedLazyOperationPersistence
=== RUN   TestFilesystemEvaluatedLazyOperationPersistence/Directory
2026/09/16 20:42:16 INFO start lazy evaluation field=Directory.directory
2026/09/16 20:42:16 INFO end lazy evaluation field=Directory.directory duration=48.35µs
2026/09/16 20:42:16 INFO starting dagql cache close hasSQLDB=true hasPersistDB=true
2026/09/16 20:42:16 INFO marking dagql cache clean shutdown
2026/09/16 20:42:16 WARN successfully marked clean shutdown in persistence metadata
2026/09/16 20:42:16 INFO completed dagql cache close successfully
2026/09/16 20:42:16 INFO start lazy evaluation field=Directory.restore
2026/09/16 20:42:16 INFO end lazy evaluation field=Directory.restore duration=94.22µs err="local snapshot unavailable"
2026/09/16 20:42:16 INFO start lazy evaluation field=Directory.restore
2026/09/16 20:42:16 INFO end lazy evaluation field=Directory.restore duration=39.67µs
2026/09/16 20:42:16 INFO discarding dagql cache without persistence hasSQLDB=true hasPersistDB=true
=== RUN   TestFilesystemEvaluatedLazyOperationPersistence/File
2026/09/16 20:42:16 INFO start lazy evaluation field=File.file
2026/09/16 20:42:16 INFO end lazy evaluation field=File.file duration=63.229µs
2026/09/16 20:42:16 INFO starting dagql cache close hasSQLDB=true hasPersistDB=true
2026/09/16 20:42:16 INFO marking dagql cache clean shutdown
2026/09/16 20:42:16 WARN successfully marked clean shutdown in persistence metadata
2026/09/16 20:42:16 INFO completed dagql cache close successfully
2026/09/16 20:42:16 INFO start lazy evaluation field=File.restore
2026/09/16 20:42:16 INFO end lazy evaluation field=File.restore duration=28.939µs err="local snapshot unavailable"
2026/09/16 20:42:16 INFO start lazy evaluation field=File.restore
2026/09/16 20:42:16 INFO end lazy evaluation field=File.restore duration=14.38µs
2026/09/16 20:42:16 INFO discarding dagql cache without persistence hasSQLDB=true hasPersistDB=true
=== RUN   TestFilesystemEvaluatedLazyOperationPersistence/Container.rootfs
2026/09/16 20:42:16 INFO start lazy evaluation field=Container.rootfs
2026/09/16 20:42:16 INFO end lazy evaluation field=Container.rootfs duration=53.42µs
2026/09/16 20:42:16 INFO starting dagql cache close hasSQLDB=true hasPersistDB=true
2026/09/16 20:42:16 INFO marking dagql cache clean shutdown
2026/09/16 20:42:16 WARN successfully marked clean shutdown in persistence metadata
2026/09/16 20:42:16 INFO completed dagql cache close successfully
2026/09/16 20:42:16 INFO start lazy evaluation field=Directory.restore
2026/09/16 20:42:16 INFO end lazy evaluation field=Directory.restore duration=26.47µs err="local snapshot unavailable"
2026/09/16 20:42:16 INFO start lazy evaluation field=Directory.restore
2026/09/16 20:42:16 INFO end lazy evaluation field=Directory.restore duration=13.92µs
2026/09/16 20:42:16 INFO discarding dagql cache without persistence hasSQLDB=true hasPersistDB=true
--- PASS: TestFilesystemEvaluatedLazyOperationPersistence (0.04s)
    --- PASS: TestFilesystemEvaluatedLazyOperationPersistence/Directory (0.01s)
    --- PASS: TestFilesystemEvaluatedLazyOperationPersistence/File (0.02s)
    --- PASS: TestFilesystemEvaluatedLazyOperationPersistence/Container.rootfs (0.01s)
=== RUN   TestPartWholeoperationMixedRestart
2026/09/16 20:42:16 INFO start lazy evaluation field=Query._builtinContainer
2026/09/16 20:42:16 INFO end lazy evaluation field=Query._builtinContainer duration=46.20901ms
2026/09/16 20:42:16 INFO starting dagql cache close hasSQLDB=true hasPersistDB=true
2026/09/16 20:42:16 INFO marking dagql cache clean shutdown
2026/09/16 20:42:16 WARN successfully marked clean shutdown in persistence metadata
2026/09/16 20:42:16 INFO completed dagql cache close successfully
2026/09/16 20:42:16 INFO start lazy evaluation field=Query._builtinContainer
2026/09/16 20:42:16 INFO end lazy evaluation field=Query._builtinContainer duration=46.24258ms
2026/09/16 20:42:16 INFO discarding dagql cache without persistence hasSQLDB=true hasPersistDB=true
2026/09/16 20:42:16 INFO discarding dagql cache without persistence hasSQLDB=false hasPersistDB=false
2026/09/16 20:42:16 INFO discarding dagql cache without persistence hasSQLDB=false hasPersistDB=false
--- PASS: TestPartWholeoperationMixedRestart (0.28s)
=== RUN   TestLazyOperationPathCleanup
=== RUN   TestLazyOperationPathCleanup/blob/mount
2026/09/16 20:42:16 INFO start lazy evaluation field=File.blob
2026/09/16 20:42:16 INFO end lazy evaluation field=File.blob duration=56.54µs err="injected path failure"
=== RUN   TestLazyOperationPathCleanup/blob/write
2026/09/16 20:42:16 INFO start lazy evaluation field=File.blob
2026/09/16 20:42:16 INFO end lazy evaluation field=File.blob duration=29.45µs err="open /tmp/TestLazyOperationPathCleanupblobwrite951570907/001/data: is a directory"
=== RUN   TestLazyOperationPathCleanup/blob/commit
2026/09/16 20:42:16 INFO start lazy evaluation field=File.blob
2026/09/16 20:42:16 INFO end lazy evaluation field=File.blob duration=45.65µs err="commit blob snapshot: injected path failure"
=== RUN   TestLazyOperationPathCleanup/blob/success
2026/09/16 20:42:16 INFO start lazy evaluation field=File.blob
2026/09/16 20:42:16 INFO end lazy evaluation field=File.blob duration=45.089µs
=== RUN   TestLazyOperationPathCleanup/http/mount
=== RUN   TestLazyOperationPathCleanup/http/write
=== RUN   TestLazyOperationPathCleanup/http/commit
=== RUN   TestLazyOperationPathCleanup/http/success
=== RUN   TestLazyOperationPathCleanup/cleaned_bare_alias
2026/09/16 20:42:16 INFO start lazy evaluation field="codec fixture"
2026/09/16 20:42:16 INFO end lazy evaluation field="codec fixture" duration=19.26µs
2026/09/16 20:42:16 INFO discarding dagql cache without persistence hasSQLDB=false hasPersistDB=false
--- PASS: TestLazyOperationPathCleanup (0.01s)
    --- PASS: TestLazyOperationPathCleanup/blob/mount (0.00s)
    --- PASS: TestLazyOperationPathCleanup/blob/write (0.00s)
    --- PASS: TestLazyOperationPathCleanup/blob/commit (0.00s)
    --- PASS: TestLazyOperationPathCleanup/blob/success (0.00s)
    --- PASS: TestLazyOperationPathCleanup/http/mount (0.00s)
    --- PASS: TestLazyOperationPathCleanup/http/write (0.00s)
    --- PASS: TestLazyOperationPathCleanup/http/commit (0.00s)
    --- PASS: TestLazyOperationPathCleanup/http/success (0.00s)
    --- PASS: TestLazyOperationPathCleanup/cleaned_bare_alias (0.01s)
=== RUN   TestLazyOperationTemporaryIndexCleanup
=== RUN   TestLazyOperationTemporaryIndexCleanup/copy
=== RUN   TestLazyOperationTemporaryIndexCleanup/close
=== RUN   TestLazyOperationTemporaryIndexCleanup/command
=== RUN   TestLazyOperationTemporaryIndexCleanup/success
--- PASS: TestLazyOperationTemporaryIndexCleanup (0.00s)
    --- PASS: TestLazyOperationTemporaryIndexCleanup/copy (0.00s)
    --- PASS: TestLazyOperationTemporaryIndexCleanup/close (0.00s)
    --- PASS: TestLazyOperationTemporaryIndexCleanup/command (0.00s)
    --- PASS: TestLazyOperationTemporaryIndexCleanup/success (0.00s)
PASS
ok  	github.com/dagger/dagger/core	1.598s
