=== RUN   TestCloneContainerForSchemaChildDisablesFromContentDigest
=== PAUSE TestCloneContainerForSchemaChildDisablesFromContentDigest
=== RUN   TestEagerContainerMountMetadataResolvers
=== RUN   TestEagerContainerMountMetadataResolvers/without_mount
    container_internal_test.go:321: 
        	Error Trace:	/home/exedev/.tailcall/worktrees/dagger-a7378ed8352b/remote-cache-b4-acquisition-implementer-a22b8169-585bbf9d/core/schema/container_internal_test.go:321
        	Error:      	Received unexpected error:
        	            	evaluate dagql.ObjectResult[*github.com/dagger/dagger/core.Container]: detached result
        	Test:       	TestEagerContainerMountMetadataResolvers/without_mount
=== RUN   TestEagerContainerMountMetadataResolvers/mounted_temp
    container_internal_test.go:336: 
        	Error Trace:	/home/exedev/.tailcall/worktrees/dagger-a7378ed8352b/remote-cache-b4-acquisition-implementer-a22b8169-585bbf9d/core/schema/container_internal_test.go:336
        	Error:      	Received unexpected error:
        	            	evaluate dagql.ObjectResult[*github.com/dagger/dagger/core.Container]: detached result
        	Test:       	TestEagerContainerMountMetadataResolvers/mounted_temp
=== RUN   TestEagerContainerMountMetadataResolvers/mounted_volume
    container_internal_test.go:359: 
        	Error Trace:	/home/exedev/.tailcall/worktrees/dagger-a7378ed8352b/remote-cache-b4-acquisition-implementer-a22b8169-585bbf9d/core/schema/container_internal_test.go:359
        	Error:      	Received unexpected error:
        	            	evaluate dagql.ObjectResult[*github.com/dagger/dagger/core.Container]: detached result
        	Test:       	TestEagerContainerMountMetadataResolvers/mounted_volume
=== RUN   TestEagerContainerMountMetadataResolvers/mounted_secret_without_owner
    container_internal_test.go:383: 
        	Error Trace:	/home/exedev/.tailcall/worktrees/dagger-a7378ed8352b/remote-cache-b4-acquisition-implementer-a22b8169-585bbf9d/core/schema/container_internal_test.go:383
        	Error:      	Received unexpected error:
        	            	evaluate dagql.ObjectResult[*github.com/dagger/dagger/core.Container]: detached result
        	Test:       	TestEagerContainerMountMetadataResolvers/mounted_secret_without_owner
=== RUN   TestEagerContainerMountMetadataResolvers/unix_socket_without_owner
    container_internal_test.go:406: 
        	Error Trace:	/home/exedev/.tailcall/worktrees/dagger-a7378ed8352b/remote-cache-b4-acquisition-implementer-a22b8169-585bbf9d/core/schema/container_internal_test.go:406
        	Error:      	Received unexpected error:
        	            	evaluate dagql.ObjectResult[*github.com/dagger/dagger/core.Container]: detached result
        	Test:       	TestEagerContainerMountMetadataResolvers/unix_socket_without_owner
=== RUN   TestEagerContainerMountMetadataResolvers/without_unix_socket
    container_internal_test.go:426: 
        	Error Trace:	/home/exedev/.tailcall/worktrees/dagger-a7378ed8352b/remote-cache-b4-acquisition-implementer-a22b8169-585bbf9d/core/schema/container_internal_test.go:426
        	Error:      	Received unexpected error:
        	            	evaluate dagql.ObjectResult[*github.com/dagger/dagger/core.Container]: detached result
        	Test:       	TestEagerContainerMountMetadataResolvers/without_unix_socket
2026/09/16 20:41:11 INFO discarding dagql cache without persistence hasSQLDB=false hasPersistDB=false
--- FAIL: TestEagerContainerMountMetadataResolvers (0.00s)
    --- FAIL: TestEagerContainerMountMetadataResolvers/without_mount (0.00s)
    --- FAIL: TestEagerContainerMountMetadataResolvers/mounted_temp (0.00s)
    --- FAIL: TestEagerContainerMountMetadataResolvers/mounted_volume (0.00s)
    --- FAIL: TestEagerContainerMountMetadataResolvers/mounted_secret_without_owner (0.00s)
    --- FAIL: TestEagerContainerMountMetadataResolvers/unix_socket_without_owner (0.00s)
    --- FAIL: TestEagerContainerMountMetadataResolvers/without_unix_socket (0.00s)
=== RUN   TestWithImageConfigMetadataMutatesContainerConfig
=== PAUSE TestWithImageConfigMetadataMutatesContainerConfig
=== RUN   TestWithImageConfigMetadataRejectsInvalidHealthcheckJSON
=== PAUSE TestWithImageConfigMetadataRejectsInvalidHealthcheckJSON
=== RUN   TestContainerTransferPendingChild
2026/09/16 20:41:12 INFO start call field=Query.loadContainerFromID digest=xxh3:c055544e125af8eb
2026/09/16 20:41:12 INFO end call field=Query.loadContainerFromID cached=false digest=xxh3:c055544e125af8eb
2026/09/16 20:41:12 INFO start call field=Container.withEnvVariable digest=xxh3:facae2ef58910071
2026/09/16 20:41:12 INFO end call field=Container.withEnvVariable cached=false digest=xxh3:facae2ef58910071
2026/09/16 20:41:12 INFO start call field=Container.envVariable digest=xxh3:3ccb372165564256
2026/09/16 20:41:12 INFO start lazy group evaluation field=Container.withEnvVariable group=metadata
2026/09/16 20:41:12 INFO end lazy group evaluation field=Container.withEnvVariable group=metadata duration=158.569µs
2026/09/16 20:41:12 INFO start lazy group evaluation field=Container.withEnvVariable group=execMeta
2026/09/16 20:41:12 INFO start call field=Container.workdir digest=xxh3:5cd9839dec976b6b
2026/09/16 20:41:12 INFO end lazy group evaluation field=Container.withEnvVariable group=execMeta duration=138.61µs
2026/09/16 20:41:12 INFO end call field=Container.envVariable cached=false digest=xxh3:3ccb372165564256
2026/09/16 20:41:12 INFO end call field=Container.workdir cached=false digest=xxh3:5cd9839dec976b6b
2026/09/16 20:41:12 INFO start call field=Query.loadContainerFromID digest=xxh3:c055544e125af8eb
2026/09/16 20:41:12 INFO end call field=Query.loadContainerFromID cached=true digest=xxh3:c055544e125af8eb
2026/09/16 20:41:12 INFO start call field=Container.withEnvVariable digest=xxh3:facae2ef58910071
2026/09/16 20:41:12 INFO end call field=Container.withEnvVariable cached=true digest=xxh3:facae2ef58910071
2026/09/16 20:41:12 INFO start call field=Container.rootfs digest=xxh3:3b879439deabaa29
2026/09/16 20:41:12 INFO end call field=Container.rootfs cached=false digest=xxh3:3b879439deabaa29
2026/09/16 20:41:12 INFO start call field=Directory.entries digest=xxh3:7c070de203f4e5ec
2026/09/16 20:41:12 INFO start lazy evaluation field=Container.rootfs
2026/09/16 20:41:12 INFO start lazy group evaluation field=Container.withEnvVariable group=fs
2026/09/16 20:41:12 INFO end lazy group evaluation field=Container.withEnvVariable group=fs duration=307.69µs err="imported filesystem part is unavailable: {\"part\":\"fs\"}"
2026/09/16 20:41:12 INFO end lazy evaluation field=Container.rootfs duration=356.73µs err="imported filesystem part is unavailable: {\"part\":\"fs\"}"
2026/09/16 20:41:12 INFO end call field=Directory.entries cached=false digest=xxh3:7c070de203f4e5ec
2026/09/16 20:41:12 INFO discarding dagql cache without persistence hasSQLDB=true hasPersistDB=true
--- PASS: TestContainerTransferPendingChild (0.41s)
=== RUN   TestScratchDirectoryoperation
    directory_scratch_test.go:176: scratch recipe-json-bytes=2 native-payload-added-bytes=35 construction-scratch-calls=0
2026/09/16 20:41:12 INFO start lazy evaluation field=Query.directory
2026/09/16 20:41:12 INFO end lazy evaluation field=Query.directory duration=32.927689ms
2026/09/16 20:41:12 INFO start lazy evaluation field=Query.directory
2026/09/16 20:41:12 INFO end lazy evaluation field=Query.directory duration=29.08µs err="operation receiver: Directory snapshot already installed"
2026/09/16 20:41:12 INFO start lazy evaluation field=Query.directory
2026/09/16 20:41:12 INFO end lazy evaluation field=Query.directory duration=2.503507ms
2026/09/16 20:41:12 INFO start lazy evaluation field=Query.directory
2026/09/16 20:41:12 INFO end lazy evaluation field=Query.directory duration=4.663603ms
2026/09/16 20:41:12 INFO start lazy evaluation field=Query.directory
2026/09/16 20:41:12 INFO end lazy evaluation field=Query.directory duration=9.935755ms err="context canceled"
2026/09/16 20:41:12 INFO discarding dagql cache without persistence hasSQLDB=false hasPersistDB=false
--- PASS: TestScratchDirectoryoperation (0.27s)
=== RUN   TestScratchDirectoryAcquisition
=== RUN   TestScratchDirectoryAcquisition/cold
2026/09/16 20:41:12 INFO start lazy evaluation field=Query.directory
2026/09/16 20:41:12 INFO end lazy evaluation field=Query.directory duration=30.972023ms
    directory_scratch_test.go:339: scratch mode=cold acquisition=42.070237ms scratch-calls=1 provider-reads=0
2026/09/16 20:41:12 INFO discarding dagql cache without persistence hasSQLDB=false hasPersistDB=false
2026/09/16 20:41:12 INFO dagql pruned result resultID=1 call=Query.directory digest=xxh3:66b3e3c82e7ec924 args=[] description="dagql cache result 1" measuredSizeBytes=4096 reclaimedBytes=4096
2026/09/16 20:41:12 INFO discarding dagql cache without persistence hasSQLDB=true hasPersistDB=true
=== RUN   TestScratchDirectoryAcquisition/canonical-only
2026/09/16 20:41:12 INFO start lazy evaluation field=Query.directory
2026/09/16 20:41:12 INFO end lazy evaluation field=Query.directory duration=1.904747ms
    directory_scratch_test.go:339: scratch mode=canonical-only acquisition=9.836815ms scratch-calls=1 provider-reads=0
2026/09/16 20:41:12 INFO discarding dagql cache without persistence hasSQLDB=false hasPersistDB=false
2026/09/16 20:41:12 INFO dagql pruned result resultID=1 call=Query.directory digest=xxh3:66b3e3c82e7ec924 args=[] description="dagql cache result 1" measuredSizeBytes=4096 reclaimedBytes=4096
2026/09/16 20:41:12 INFO discarding dagql cache without persistence hasSQLDB=true hasPersistDB=true
=== RUN   TestScratchDirectoryAcquisition/warm
2026/09/16 20:41:12 INFO start lazy evaluation field=Query.directory
2026/09/16 20:41:12 INFO end lazy evaluation field=Query.directory duration=29.137316ms
    directory_scratch_test.go:339: scratch mode=warm acquisition=12.263721ms scratch-calls=0 provider-reads=0
2026/09/16 20:41:12 INFO discarding dagql cache without persistence hasSQLDB=false hasPersistDB=false
2026/09/16 20:41:12 INFO dagql pruned result resultID=2 call=Query.directory digest=xxh3:66b3e3c82e7ec924 args=[] description="dagql cache result 2" measuredSizeBytes=4096 reclaimedBytes=4096
2026/09/16 20:41:12 INFO discarding dagql cache without persistence hasSQLDB=true hasPersistDB=true
=== RUN   TestScratchDirectoryAcquisition/pending-restart
2026/09/16 20:41:12 INFO starting dagql cache close hasSQLDB=true hasPersistDB=true
2026/09/16 20:41:12 INFO marking dagql cache clean shutdown
2026/09/16 20:41:12 WARN successfully marked clean shutdown in persistence metadata
2026/09/16 20:41:12 INFO completed dagql cache close successfully
2026/09/16 20:41:12 INFO start lazy evaluation field=Query.directory
2026/09/16 20:41:12 INFO end lazy evaluation field=Query.directory duration=25.195921ms
    directory_scratch_test.go:339: scratch mode=pending-restart acquisition=32.406081ms scratch-calls=1 provider-reads=0
2026/09/16 20:41:12 INFO discarding dagql cache without persistence hasSQLDB=false hasPersistDB=false
2026/09/16 20:41:12 INFO starting dagql cache close hasSQLDB=true hasPersistDB=true
2026/09/16 20:41:12 INFO marking dagql cache clean shutdown
2026/09/16 20:41:12 WARN successfully marked clean shutdown in persistence metadata
2026/09/16 20:41:12 INFO completed dagql cache close successfully
2026/09/16 20:41:12 INFO dagql pruned result resultID=1 call=Query.directory digest=xxh3:66b3e3c82e7ec924 args=[] description="dagql cache result 1" measuredSizeBytes=4096 reclaimedBytes=4096
2026/09/16 20:41:12 INFO discarding dagql cache without persistence hasSQLDB=true hasPersistDB=true
=== RUN   TestScratchDirectoryAcquisition/manager-failure
2026/09/16 20:41:12 INFO start lazy evaluation field=Query.directory
2026/09/16 20:41:12 INFO end lazy evaluation field=Query.directory duration=35.389µs err="injected scratch acquisition failure"
2026/09/16 20:41:12 INFO start lazy evaluation field=Query.directory
2026/09/16 20:41:12 INFO end lazy evaluation field=Query.directory duration=25.728012ms
    directory_scratch_test.go:339: scratch mode=manager-failure acquisition=37.015094ms scratch-calls=2 provider-reads=0
2026/09/16 20:41:12 INFO discarding dagql cache without persistence hasSQLDB=false hasPersistDB=false
2026/09/16 20:41:12 INFO dagql pruned result resultID=1 call=Query.directory digest=xxh3:66b3e3c82e7ec924 args=[] description="dagql cache result 1" measuredSizeBytes=4096 reclaimedBytes=4096
2026/09/16 20:41:12 INFO discarding dagql cache without persistence hasSQLDB=true hasPersistDB=true
=== RUN   TestScratchDirectoryAcquisition/manager-canceled
2026/09/16 20:41:12 INFO start lazy evaluation field=Query.directory
2026/09/16 20:41:12 INFO end lazy evaluation field=Query.directory duration=30.87µs err="context canceled"
2026/09/16 20:41:12 INFO start lazy evaluation field=Query.directory
2026/09/16 20:41:12 INFO end lazy evaluation field=Query.directory duration=17.617964ms
    directory_scratch_test.go:339: scratch mode=manager-canceled acquisition=33.23481ms scratch-calls=2 provider-reads=0
2026/09/16 20:41:13 INFO discarding dagql cache without persistence hasSQLDB=false hasPersistDB=false
2026/09/16 20:41:13 INFO dagql pruned result resultID=1 call=Query.directory digest=xxh3:66b3e3c82e7ec924 args=[] description="dagql cache result 1" measuredSizeBytes=4096 reclaimedBytes=4096
2026/09/16 20:41:13 INFO discarding dagql cache without persistence hasSQLDB=true hasPersistDB=true
=== RUN   TestScratchDirectoryAcquisition/prepare-failure
2026/09/16 20:41:13 INFO start lazy evaluation field=Query.directory
2026/09/16 20:41:13 INFO end lazy evaluation field=Query.directory duration=25.084882ms
2026/09/16 20:41:13 INFO start lazy evaluation field=Query.directory
2026/09/16 20:41:13 INFO end lazy evaluation field=Query.directory duration=1.218148ms
    directory_scratch_test.go:339: scratch mode=prepare-failure acquisition=45.313971ms scratch-calls=2 provider-reads=0
2026/09/16 20:41:13 INFO discarding dagql cache without persistence hasSQLDB=false hasPersistDB=false
2026/09/16 20:41:13 INFO dagql pruned result resultID=1 call=Query.directory digest=xxh3:66b3e3c82e7ec924 args=[] description="dagql cache result 1" measuredSizeBytes=4096 reclaimedBytes=4096
2026/09/16 20:41:13 INFO discarding dagql cache without persistence hasSQLDB=true hasPersistDB=true
=== RUN   TestScratchDirectoryAcquisition/sync-retry
2026/09/16 20:41:13 INFO start lazy evaluation field=Query.directory
2026/09/16 20:41:13 INFO end lazy evaluation field=Query.directory duration=23.504884ms
    directory_scratch_test.go:339: scratch mode=sync-retry acquisition=33.561549ms scratch-calls=1 provider-reads=0
2026/09/16 20:41:13 INFO discarding dagql cache without persistence hasSQLDB=false hasPersistDB=false
2026/09/16 20:41:13 INFO dagql pruned result resultID=1 call=Query.directory digest=xxh3:66b3e3c82e7ec924 args=[] description="dagql cache result 1" measuredSizeBytes=4096 reclaimedBytes=4096
2026/09/16 20:41:13 INFO discarding dagql cache without persistence hasSQLDB=true hasPersistDB=true
--- PASS: TestScratchDirectoryAcquisition (0.80s)
    --- PASS: TestScratchDirectoryAcquisition/cold (0.11s)
    --- PASS: TestScratchDirectoryAcquisition/canonical-only (0.11s)
    --- PASS: TestScratchDirectoryAcquisition/warm (0.10s)
    --- PASS: TestScratchDirectoryAcquisition/pending-restart (0.09s)
    --- PASS: TestScratchDirectoryAcquisition/manager-failure (0.09s)
    --- PASS: TestScratchDirectoryAcquisition/manager-canceled (0.10s)
    --- PASS: TestScratchDirectoryAcquisition/prepare-failure (0.12s)
    --- PASS: TestScratchDirectoryAcquisition/sync-retry (0.08s)
=== RUN   TestScratchDirectoryNativeReopen
2026/09/16 20:41:13 INFO start lazy evaluation field=Query.directory
2026/09/16 20:41:13 INFO end lazy evaluation field=Query.directory duration=20.779617ms
2026/09/16 20:41:13 INFO starting dagql cache close hasSQLDB=true hasPersistDB=true
2026/09/16 20:41:13 INFO marking dagql cache clean shutdown
2026/09/16 20:41:13 WARN successfully marked clean shutdown in persistence metadata
2026/09/16 20:41:13 INFO completed dagql cache close successfully
2026/09/16 20:41:13 INFO start lazy evaluation field=Directory.restore
2026/09/16 20:41:13 INFO end lazy evaluation field=Directory.restore duration=55.14µs
2026/09/16 20:41:13 INFO starting dagql cache close hasSQLDB=true hasPersistDB=true
2026/09/16 20:41:13 INFO marking dagql cache clean shutdown
2026/09/16 20:41:13 WARN successfully marked clean shutdown in persistence metadata
2026/09/16 20:41:13 INFO completed dagql cache close successfully
2026/09/16 20:41:13 INFO start lazy evaluation field=Directory.restore
2026/09/16 20:41:13 INFO end lazy evaluation field=Directory.restore duration=71.19µs
2026/09/16 20:41:13 INFO discarding dagql cache without persistence hasSQLDB=true hasPersistDB=true
--- PASS: TestScratchDirectoryNativeReopen (0.04s)
=== RUN   TestHTTPResolvedCall
2026/09/16 20:41:13 INFO start lazy evaluation field=Query.__httpFile
2026/09/16 20:41:13 INFO end lazy evaluation field=Query.__httpFile duration=23.809104ms
2026/09/16 20:41:13 INFO start lazy evaluation field=Query.__httpFile
2026/09/16 20:41:13 INFO end lazy evaluation field=Query.__httpFile duration=55.007616ms
    http_lazy_test.go:94: HTTP requests: miss outer=1 operation=0; pending hit outer=1 operation=0; completed hit outer=1 operation=0
2026/09/16 20:41:13 INFO discarding dagql cache without persistence hasSQLDB=false hasPersistDB=false
--- PASS: TestHTTPResolvedCall (0.22s)
=== RUN   TestLazyOperationResolverCleanup
=== RUN   TestLazyOperationResolverCleanup/ref_wrapping
=== RUN   TestLazyOperationResolverCleanup/ref_digest
=== RUN   TestLazyOperationResolverCleanup/commit_wrapping
2026/09/16 20:41:13 INFO discarding dagql cache without persistence hasSQLDB=false hasPersistDB=false
--- PASS: TestLazyOperationResolverCleanup (0.00s)
    --- PASS: TestLazyOperationResolverCleanup/ref_wrapping (0.00s)
    --- PASS: TestLazyOperationResolverCleanup/ref_digest (0.00s)
    --- PASS: TestLazyOperationResolverCleanup/commit_wrapping (0.00s)
=== RUN   TestLazyOperationResolverOutputCleanup
=== RUN   TestLazyOperationResolverOutputCleanup/scratch_wrapping
2026/09/16 20:41:13 INFO discarding dagql cache without persistence hasSQLDB=false hasPersistDB=false
=== RUN   TestLazyOperationResolverOutputCleanup/http_state_sync
2026/09/16 20:41:13 INFO discarding dagql cache without persistence hasSQLDB=false hasPersistDB=false
=== RUN   TestLazyOperationResolverOutputCleanup/schema_wrapping
2026/09/16 20:41:13 INFO discarding dagql cache without persistence hasSQLDB=false hasPersistDB=false
=== RUN   TestLazyOperationResolverOutputCleanup/builtin_wrapping
2026/09/16 20:41:13 INFO discarding dagql cache without persistence hasSQLDB=false hasPersistDB=false
=== RUN   TestLazyOperationResolverOutputCleanup/bundle_wrapping
2026/09/16 20:41:13 INFO discarding dagql cache without persistence hasSQLDB=false hasPersistDB=false
--- PASS: TestLazyOperationResolverOutputCleanup (0.07s)
    --- PASS: TestLazyOperationResolverOutputCleanup/scratch_wrapping (0.00s)
    --- PASS: TestLazyOperationResolverOutputCleanup/http_state_sync (0.00s)
    --- PASS: TestLazyOperationResolverOutputCleanup/schema_wrapping (0.00s)
    --- PASS: TestLazyOperationResolverOutputCleanup/builtin_wrapping (0.04s)
    --- PASS: TestLazyOperationResolverOutputCleanup/bundle_wrapping (0.03s)
=== RUN   TestLazyOperationResolverCapture
=== RUN   TestLazyOperationResolverCapture/scratch_wrapping
2026/09/16 20:41:13 INFO discarding dagql cache without persistence hasSQLDB=false hasPersistDB=false
=== RUN   TestLazyOperationResolverCapture/http_state_sync
2026/09/16 20:41:13 INFO discarding dagql cache without persistence hasSQLDB=false hasPersistDB=false
=== RUN   TestLazyOperationResolverCapture/schema_wrapping
2026/09/16 20:41:13 INFO discarding dagql cache without persistence hasSQLDB=false hasPersistDB=false
=== RUN   TestLazyOperationResolverCapture/builtin_wrapping
2026/09/16 20:41:13 INFO discarding dagql cache without persistence hasSQLDB=false hasPersistDB=false
=== RUN   TestLazyOperationResolverCapture/bundle_wrapping
2026/09/16 20:41:13 INFO discarding dagql cache without persistence hasSQLDB=false hasPersistDB=false
=== RUN   TestLazyOperationResolverCapture/gitCleaned
2026/09/16 20:41:13 INFO start lazy evaluation field=GitRepository.__cleaned
2026/09/16 20:41:13 INFO end lazy evaluation field=GitRepository.__cleaned duration=8.902286ms
2026/09/16 20:41:13 INFO discarding dagql cache without persistence hasSQLDB=false hasPersistDB=false
=== RUN   TestLazyOperationResolverCapture/gitTree
2026/09/16 20:41:13 INFO start lazy evaluation field=GitRef.tree
2026/09/16 20:41:13 INFO end lazy evaluation field=GitRef.tree duration=55.371496ms
2026/09/16 20:41:13 INFO discarding dagql cache without persistence hasSQLDB=false hasPersistDB=false
=== RUN   TestLazyOperationResolverCapture/gitCommitTree
2026/09/16 20:41:13 INFO start lazy evaluation field=GitCommit.tree
2026/09/16 20:41:13 INFO end lazy evaluation field=GitCommit.tree duration=47.379928ms
2026/09/16 20:41:13 INFO discarding dagql cache without persistence hasSQLDB=false hasPersistDB=false
--- PASS: TestLazyOperationResolverCapture (0.19s)
    --- PASS: TestLazyOperationResolverCapture/scratch_wrapping (0.00s)
    --- PASS: TestLazyOperationResolverCapture/http_state_sync (0.00s)
    --- PASS: TestLazyOperationResolverCapture/schema_wrapping (0.00s)
    --- PASS: TestLazyOperationResolverCapture/builtin_wrapping (0.03s)
    --- PASS: TestLazyOperationResolverCapture/bundle_wrapping (0.01s)
    --- PASS: TestLazyOperationResolverCapture/gitCleaned (0.02s)
    --- PASS: TestLazyOperationResolverCapture/gitTree (0.07s)
    --- PASS: TestLazyOperationResolverCapture/gitCommitTree (0.06s)
=== RUN   TestSchemaFileLazy
2026/09/16 20:41:13 INFO starting dagql cache close hasSQLDB=true hasPersistDB=true
2026/09/16 20:41:13 INFO marking dagql cache clean shutdown
2026/09/16 20:41:13 WARN successfully marked clean shutdown in persistence metadata
2026/09/16 20:41:13 INFO completed dagql cache close successfully
2026/09/16 20:41:13 INFO start lazy evaluation field=File.blob
2026/09/16 20:41:13 INFO end lazy evaluation field=File.blob duration=44.036603ms
    query_lazy_test.go:75: schema bytes=8120 pending payload bytes=10961 scratch calls before first use=0 after first use=1
2026/09/16 20:41:13 INFO discarding dagql cache without persistence hasSQLDB=true hasPersistDB=true
--- PASS: TestSchemaFileLazy (0.11s)
=== CONT  TestWithImageConfigMetadataRejectsInvalidHealthcheckJSON
--- PASS: TestWithImageConfigMetadataRejectsInvalidHealthcheckJSON (0.00s)
=== CONT  TestCloneContainerForSchemaChildDisablesFromContentDigest
    container_internal_test.go:278: 
        	Error Trace:	/home/exedev/.tailcall/worktrees/dagger-a7378ed8352b/remote-cache-b4-acquisition-implementer-a22b8169-585bbf9d/core/schema/container_internal_test.go:278
        	Error:      	Received unexpected error:
        	            	evaluate dagql.ObjectResult[*github.com/dagger/dagger/core.Container]: detached result
        	Test:       	TestCloneContainerForSchemaChildDisablesFromContentDigest
2026/09/16 20:41:13 INFO discarding dagql cache without persistence hasSQLDB=false hasPersistDB=false
--- FAIL: TestCloneContainerForSchemaChildDisablesFromContentDigest (0.00s)
=== CONT  TestWithImageConfigMetadataMutatesContainerConfig
--- PASS: TestWithImageConfigMetadataMutatesContainerConfig (0.00s)
FAIL
FAIL	github.com/dagger/dagger/core/schema	2.245s
FAIL
