=== RUN   TestContainerPersistedUnsupportedTargetPreservesConsumedExecMeta
=== RUN   TestContainerPersistedUnsupportedTargetPreservesConsumedExecMeta/tmpfs
2026/09/16 21:26:57 INFO start lazy group evaluation field=Container.withDirectory group=metadata
2026/09/16 21:26:57 INFO end lazy group evaluation field=Container.withDirectory group=metadata duration=138.36µs
2026/09/16 21:26:57 INFO start lazy group evaluation field=Container.withDirectory group=execMeta
2026/09/16 21:26:57 INFO end lazy group evaluation field=Container.withDirectory group=execMeta duration=20.14µs
2026/09/16 21:26:57 INFO starting dagql cache close hasSQLDB=true hasPersistDB=true
2026/09/16 21:26:57 INFO marking dagql cache clean shutdown
2026/09/16 21:26:57 WARN successfully marked clean shutdown in persistence metadata
2026/09/16 21:26:57 INFO completed dagql cache close successfully
    container_persistence_test.go:180: 
        	Error Trace:	/home/exedev/.tailcall/worktrees/dagger-a7378ed8352b/remote-cache-b4-acquisition-implementer-a22b8169-585bbf9d/core/container_persistence_test.go:180
        	Error:      	Not equal: 
        	            	expected: 1
        	            	actual  : 0
        	Test:       	TestContainerPersistedUnsupportedTargetPreservesConsumedExecMeta/tmpfs
2026/09/16 21:26:57 INFO discarding dagql cache without persistence hasSQLDB=true hasPersistDB=true
=== RUN   TestContainerPersistedUnsupportedTargetPreservesConsumedExecMeta/cache
2026/09/16 21:26:57 INFO start lazy group evaluation field=Container.withDirectory group=metadata
2026/09/16 21:26:57 INFO end lazy group evaluation field=Container.withDirectory group=metadata duration=57.49µs
2026/09/16 21:26:57 INFO start lazy group evaluation field=Container.withDirectory group=execMeta
2026/09/16 21:26:57 INFO end lazy group evaluation field=Container.withDirectory group=execMeta duration=12.12µs
2026/09/16 21:26:57 INFO starting dagql cache close hasSQLDB=true hasPersistDB=true
2026/09/16 21:26:57 INFO marking dagql cache clean shutdown
2026/09/16 21:26:57 WARN successfully marked clean shutdown in persistence metadata
2026/09/16 21:26:57 INFO completed dagql cache close successfully
    container_persistence_test.go:180: 
        	Error Trace:	/home/exedev/.tailcall/worktrees/dagger-a7378ed8352b/remote-cache-b4-acquisition-implementer-a22b8169-585bbf9d/core/container_persistence_test.go:180
        	Error:      	Not equal: 
        	            	expected: 1
        	            	actual  : 0
        	Test:       	TestContainerPersistedUnsupportedTargetPreservesConsumedExecMeta/cache
2026/09/16 21:26:57 INFO discarding dagql cache without persistence hasSQLDB=true hasPersistDB=true
--- FAIL: TestContainerPersistedUnsupportedTargetPreservesConsumedExecMeta (0.04s)
    --- FAIL: TestContainerPersistedUnsupportedTargetPreservesConsumedExecMeta/tmpfs (0.02s)
    --- FAIL: TestContainerPersistedUnsupportedTargetPreservesConsumedExecMeta/cache (0.02s)
=== RUN   TestContainerPersistedDetachedFileAndDirectoryPaths
2026/09/16 21:26:57 INFO starting dagql cache close hasSQLDB=true hasPersistDB=true
2026/09/16 21:26:57 INFO marking dagql cache clean shutdown
2026/09/16 21:26:57 WARN successfully marked clean shutdown in persistence metadata
2026/09/16 21:26:57 INFO completed dagql cache close successfully
2026/09/16 21:26:57 INFO start lazy group evaluation field="Container stored part" group=open:mount:/file
2026/09/16 21:26:57 INFO end lazy group evaluation field="Container stored part" group=open:mount:/file duration=25.44µs
2026/09/16 21:26:57 INFO start lazy group evaluation field="Container stored part" group=open:mount:/dir
2026/09/16 21:26:57 INFO end lazy group evaluation field="Container stored part" group=open:mount:/dir duration=25.91µs
2026/09/16 21:26:57 INFO start lazy group evaluation field="Container stored part" group=open:fs
2026/09/16 21:26:57 INFO end lazy group evaluation field="Container stored part" group=open:fs duration=73.09µs
2026/09/16 21:26:57 INFO discarding dagql cache without persistence hasSQLDB=true hasPersistDB=true
--- PASS: TestContainerPersistedDetachedFileAndDirectoryPaths (0.02s)
FAIL
FAIL	github.com/dagger/dagger/core	0.155s
FAIL
