=== RUN   TestPartSourceSelectionLaterRoute
--- PASS: TestPartSourceSelectionLaterRoute (0.04s)
=== RUN   TestPartSessionlessOwnSubset
=== RUN   TestPartSessionlessOwnSubset/offer-only
=== RUN   TestPartSessionlessOwnSubset/own
=== RUN   TestPartSessionlessOwnSubset/revoked-before-commit
=== RUN   TestPartSessionlessOwnSubset/native-receiver
--- PASS: TestPartSessionlessOwnSubset (0.03s)
    --- PASS: TestPartSessionlessOwnSubset/offer-only (0.01s)
    --- PASS: TestPartSessionlessOwnSubset/own (0.01s)
    --- PASS: TestPartSessionlessOwnSubset/revoked-before-commit (0.01s)
    --- PASS: TestPartSessionlessOwnSubset/native-receiver (0.01s)
=== RUN   TestPartReadyRevalidationAndCanceledFinish
=== RUN   TestPartReadyRevalidationAndCanceledFinish/stale-donor
=== RUN   TestPartReadyRevalidationAndCanceledFinish/cancel-commit
=== RUN   TestPartReadyRevalidationAndCanceledFinish/cancel-finish
--- PASS: TestPartReadyRevalidationAndCanceledFinish (0.03s)
    --- PASS: TestPartReadyRevalidationAndCanceledFinish/stale-donor (0.01s)
    --- PASS: TestPartReadyRevalidationAndCanceledFinish/cancel-commit (0.01s)
    --- PASS: TestPartReadyRevalidationAndCanceledFinish/cancel-finish (0.01s)
=== RUN   TestPartLazyOperationMissingOutputStopsOnce
--- PASS: TestPartLazyOperationMissingOutputStopsOnce (0.01s)
=== RUN   TestPartReadyPreparationBoundaries
=== RUN   TestPartReadyPreparationBoundaries/cancel-during-pin
    cache_part_boundary_test.go:85: real native snapshot transfer requires read-only bind mount privileges: mount source: "/tmp/TestPartReadyPreparationBoundariescancel-during-pin2764775684/001", target: "/tmp/snapshot-transfer-mount1312635571", fstype: bind, flags: 20481, data: "", err: operation not permitted
=== RUN   TestPartReadyPreparationBoundaries/missing-local-descriptor
    cache_part_boundary_test.go:85: real native snapshot transfer requires read-only bind mount privileges: mount source: "/tmp/TestPartReadyPreparationBoundariesmissing-local-descriptor446049811/001", target: "/tmp/snapshot-transfer-mount263866384", fstype: bind, flags: 20481, data: "", err: operation not permitted
--- PASS: TestPartReadyPreparationBoundaries (0.00s)
    --- SKIP: TestPartReadyPreparationBoundaries/cancel-during-pin (0.00s)
    --- SKIP: TestPartReadyPreparationBoundaries/missing-local-descriptor (0.00s)
=== RUN   TestPartDecisionPreparationArrival
=== RUN   TestPartDecisionPreparationArrival/ready
    cache_part_boundary_test.go:144: real native snapshot transfer requires read-only bind mount privileges: mount source: "/tmp/TestPartDecisionPreparationArrivalready2586856499/001", target: "/tmp/snapshot-transfer-mount1904431150", fstype: bind, flags: 20481, data: "", err: operation not permitted
=== RUN   TestPartDecisionPreparationArrival/chain
    cache_part_boundary_test.go:144: real native snapshot transfer requires read-only bind mount privileges: mount source: "/tmp/TestPartDecisionPreparationArrivalchain3670022742/001", target: "/tmp/snapshot-transfer-mount1203554812", fstype: bind, flags: 20481, data: "", err: operation not permitted
=== RUN   TestPartDecisionPreparationArrival/second-refusal
    cache_part_boundary_test.go:144: real native snapshot transfer requires read-only bind mount privileges: mount source: "/tmp/TestPartDecisionPreparationArrivalsecond-refusal3105938902/001", target: "/tmp/snapshot-transfer-mount3541620093", fstype: bind, flags: 20481, data: "", err: operation not permitted
--- PASS: TestPartDecisionPreparationArrival (0.00s)
    --- SKIP: TestPartDecisionPreparationArrival/ready (0.00s)
    --- SKIP: TestPartDecisionPreparationArrival/chain (0.00s)
    --- SKIP: TestPartDecisionPreparationArrival/second-refusal (0.00s)
=== RUN   TestPartDecisionInlineAdmissionAndPendingSync
--- PASS: TestPartDecisionInlineAdmissionAndPendingSync (0.01s)
=== RUN   TestPartDecisionOfferAfterRunning
--- PASS: TestPartDecisionOfferAfterRunning (0.01s)
=== RUN   TestPartAdmittedChainLifetime
=== RUN   TestPartAdmittedChainLifetime/donor-collected
    cache_part_chain_lifetime_test.go:45: real native snapshot transfer requires read-only bind mount privileges: mount source: "/tmp/TestPartAdmittedChainLifetimedonor-collected592701389/001", target: "/tmp/snapshot-transfer-mount2511224628", fstype: bind, flags: 20481, data: "", err: operation not permitted
=== RUN   TestPartAdmittedChainLifetime/slot-replaced
    cache_part_chain_lifetime_test.go:45: real native snapshot transfer requires read-only bind mount privileges: mount source: "/tmp/TestPartAdmittedChainLifetimeslot-replaced1733647592/001", target: "/tmp/snapshot-transfer-mount2484207371", fstype: bind, flags: 20481, data: "", err: operation not permitted
=== RUN   TestPartAdmittedChainLifetime/owner-backref-sync-failure
    cache_part_chain_lifetime_test.go:45: real native snapshot transfer requires read-only bind mount privileges: mount source: "/tmp/TestPartAdmittedChainLifetimeowner-backref-sync-failure246643220/001", target: "/tmp/snapshot-transfer-mount1245424036", fstype: bind, flags: 20481, data: "", err: operation not permitted
=== RUN   TestPartAdmittedChainLifetime/output-backref-rejected
    cache_part_chain_lifetime_test.go:45: real native snapshot transfer requires read-only bind mount privileges: mount source: "/tmp/TestPartAdmittedChainLifetimeoutput-backref-rejected1292095318/001", target: "/tmp/snapshot-transfer-mount2289042806", fstype: bind, flags: 20481, data: "", err: operation not permitted
--- PASS: TestPartAdmittedChainLifetime (0.00s)
    --- SKIP: TestPartAdmittedChainLifetime/donor-collected (0.00s)
    --- SKIP: TestPartAdmittedChainLifetime/slot-replaced (0.00s)
    --- SKIP: TestPartAdmittedChainLifetime/owner-backref-sync-failure (0.00s)
    --- SKIP: TestPartAdmittedChainLifetime/output-backref-rejected (0.00s)
=== RUN   TestPartImportChainRefCleanupHandoff
=== RUN   TestPartImportChainRefCleanupHandoff/retry
    cache_part_chain_lifetime_test.go:224: real native snapshot transfer requires read-only bind mount privileges: mount source: "/tmp/TestPartImportChainRefCleanupHandoffretry3118181462/001", target: "/tmp/snapshot-transfer-mount549006602", fstype: bind, flags: 20481, data: "", err: operation not permitted
=== RUN   TestPartImportChainRefCleanupHandoff/collect
    cache_part_chain_lifetime_test.go:224: real native snapshot transfer requires read-only bind mount privileges: mount source: "/tmp/TestPartImportChainRefCleanupHandoffcollect623338507/001", target: "/tmp/snapshot-transfer-mount2428976850", fstype: bind, flags: 20481, data: "", err: operation not permitted
--- PASS: TestPartImportChainRefCleanupHandoff (0.00s)
    --- SKIP: TestPartImportChainRefCleanupHandoff/retry (0.00s)
    --- SKIP: TestPartImportChainRefCleanupHandoff/collect (0.00s)
=== RUN   TestPartDecodeBeforeExternalFinish
    cache_part_decode_test.go:15: real native snapshot transfer requires read-only bind mount privileges: mount source: "/tmp/TestPartDecodeBeforeExternalFinish432438950/001", target: "/tmp/snapshot-transfer-mount1020257952", fstype: bind, flags: 20481, data: "", err: operation not permitted
--- SKIP: TestPartDecodeBeforeExternalFinish (0.00s)
=== RUN   TestPartDecodeLosesToInstalledRevision
    cache_part_decode_test.go:156: real native snapshot transfer requires read-only bind mount privileges: mount source: "/tmp/TestPartDecodeLosesToInstalledRevision919332111/001", target: "/tmp/snapshot-transfer-mount1858311098", fstype: bind, flags: 20481, data: "", err: operation not permitted
--- SKIP: TestPartDecodeLosesToInstalledRevision (0.00s)
=== RUN   TestPartDelegationPath
--- PASS: TestPartDelegationPath (0.00s)
=== RUN   TestPartDelegationProofAdmission
--- PASS: TestPartDelegationProofAdmission (0.01s)
=== RUN   TestPartUnusedHostAllocatesNoGate
--- PASS: TestPartUnusedHostAllocatesNoGate (0.00s)
=== RUN   TestPartFixedProviderAndContentExhaustion
--- PASS: TestPartFixedProviderAndContentExhaustion (0.01s)
=== RUN   TestPartOfferReplacementNotExhausted
--- PASS: TestPartOfferReplacementNotExhausted (0.01s)
=== RUN   TestPartFixedProviderMultiBuffer
=== RUN   TestPartFixedProviderMultiBuffer/ranges
    cache_part_provider_test.go:167: bytes=320000 buffer=16384 reads=20 requests=23 initial-path-requests=20
=== RUN   TestPartFixedProviderMultiBuffer/full-body
    cache_part_provider_test.go:167: bytes=320000 buffer=16384 reads=20 requests=3 initial-path-requests=1
--- PASS: TestPartFixedProviderMultiBuffer (0.01s)
    --- PASS: TestPartFixedProviderMultiBuffer/ranges (0.01s)
    --- PASS: TestPartFixedProviderMultiBuffer/full-body (0.00s)
=== RUN   TestPartFixedProviderCancellationClosesStream
--- PASS: TestPartFixedProviderCancellationClosesStream (0.00s)
=== RUN   TestPartSourceSelection
--- PASS: TestPartSourceSelection (0.01s)
=== RUN   TestPartOfferSessionAdmission
--- PASS: TestPartOfferSessionAdmission (0.01s)
=== RUN   TestPartSettlementRetiresReplacement
--- PASS: TestPartSettlementRetiresReplacement (0.01s)
=== RUN   TestPartDecisionFinalSource
--- PASS: TestPartDecisionFinalSource (0.01s)
=== RUN   TestPartSourceScanFailureReleasesWinner
=== RUN   TestPartSourceScanFailureReleasesWinner/ready
=== RUN   TestPartSourceScanFailureReleasesWinner/chain
--- PASS: TestPartSourceScanFailureReleasesWinner (0.02s)
    --- PASS: TestPartSourceScanFailureReleasesWinner/ready (0.01s)
    --- PASS: TestPartSourceScanFailureReleasesWinner/chain (0.01s)
=== RUN   TestPartNativeCompletionRetiresOffer
--- PASS: TestPartNativeCompletionRetiresOffer (0.00s)
=== RUN   TestPartTaskBodyIsolation
--- PASS: TestPartTaskBodyIsolation (0.00s)
=== RUN   TestPartTaskContinuation
--- PASS: TestPartTaskContinuation (0.00s)
=== RUN   TestPartTaskNoJoinBarrier
--- PASS: TestPartTaskNoJoinBarrier (0.00s)
=== RUN   TestPartGateFiniteDrain
--- PASS: TestPartGateFiniteDrain (0.00s)
=== RUN   TestCachePersistenceImportRoundTripAcrossRestart
=== PAUSE TestCachePersistenceImportRoundTripAcrossRestart
=== RUN   TestCachePersistenceImportRoundTripObjectResult
=== PAUSE TestCachePersistenceImportRoundTripObjectResult
=== RUN   TestCachePersistenceImportedObjectHitWithoutServerErrors
=== PAUSE TestCachePersistenceImportedObjectHitWithoutServerErrors
=== RUN   TestCachePersistenceImportedObjectAliasSupportsChainedSelect
=== PAUSE TestCachePersistenceImportedObjectAliasSupportsChainedSelect
=== RUN   TestCachePersistenceImportedObjectLoadSerializesPersistedDecode
--- PASS: TestCachePersistenceImportedObjectLoadSerializesPersistedDecode (0.06s)
=== RUN   TestCachePersistenceUncleanMarkerWipesStore
=== PAUSE TestCachePersistenceUncleanMarkerWipesStore
=== RUN   TestCachePersistenceSchemaMismatchWipesStore
=== PAUSE TestCachePersistenceSchemaMismatchWipesStore
=== RUN   TestCacheCloseDiscardingPersistenceDoesNotMarkClean
=== PAUSE TestCacheCloseDiscardingPersistenceDoesNotMarkClean
=== RUN   TestCachePersistenceImportFailureWipesStore
=== PAUSE TestCachePersistenceImportFailureWipesStore
=== RUN   TestCachePersistenceImportedDecodeLeaderCancelRetriesJoiner
--- PASS: TestCachePersistenceImportedDecodeLeaderCancelRetriesJoiner (0.02s)
=== RUN   TestCachePersistenceImportedDecodeLeaseSyncCancelRetriesSync
--- PASS: TestCachePersistenceImportedDecodeLeaseSyncCancelRetriesSync (0.01s)
=== RUN   TestCachePersistenceImportedDecodeJoinerOwnCancelReturnsOwnCause
--- PASS: TestCachePersistenceImportedDecodeJoinerOwnCancelReturnsOwnCause (0.01s)
=== RUN   TestCachePersistenceImportedDecodeFailurePropagatesToJoiners
--- PASS: TestCachePersistenceImportedDecodeFailurePropagatesToJoiners (0.01s)
=== RUN   TestCachePersistenceImportedDecodeStaleReaderDoesNotLeadAfterSuccess
--- PASS: TestCachePersistenceImportedDecodeStaleReaderDoesNotLeadAfterSuccess (0.01s)
=== RUN   TestCachePersistenceImportRecomputesRequiredDepsFirst
=== PAUSE TestCachePersistenceImportRecomputesRequiredDepsFirst
=== RUN   TestCachePersistenceDecodeInstallPreservesRequiredSessionResources
=== PAUSE TestCachePersistenceDecodeInstallPreservesRequiredSessionResources
=== RUN   TestCachePersistenceWorkerMirrorsRetainedPersistableResult
=== PAUSE TestCachePersistenceWorkerMirrorsRetainedPersistableResult
=== RUN   TestCachePersistenceWorkerMirrorsUnpruneablePersistedEdge
=== PAUSE TestCachePersistenceWorkerMirrorsUnpruneablePersistedEdge
=== RUN   TestCachePersistenceDoesNotWriteDuringRuntime
=== PAUSE TestCachePersistenceDoesNotWriteDuringRuntime
=== RUN   TestCachePersistenceWorkerMirrorsPrunedStateAfterRelease
=== PAUSE TestCachePersistenceWorkerMirrorsPrunedStateAfterRelease
=== RUN   TestCachePersistenceWorkerMirrorsAuthoritativeEgraphState
=== PAUSE TestCachePersistenceWorkerMirrorsAuthoritativeEgraphState
=== RUN   TestCachePersistenceSnapshotOmitsSessionOnlyResult
=== PAUSE TestCachePersistenceSnapshotOmitsSessionOnlyResult
=== RUN   TestCachePersistenceSnapshotKeepsOnlyCompletePersistedRootClosures
--- PASS: TestCachePersistenceSnapshotKeepsOnlyCompletePersistedRootClosures (0.01s)
=== RUN   TestCachePersistenceCleanShutdownToggleOnClose
=== PAUSE TestCachePersistenceCleanShutdownToggleOnClose
=== RUN   TestCacheRefusedFinalWaiterCommitsPersistenceBeforeHandoffRelease
--- PASS: TestCacheRefusedFinalWaiterCommitsPersistenceBeforeHandoffRelease (0.00s)
=== RUN   TestCachePersistenceWorkerMirrorsSnapshotManagerMetadataRows
=== PAUSE TestCachePersistenceWorkerMirrorsSnapshotManagerMetadataRows
=== RUN   TestCachePersistenceImportHydratesSnapshotMetadataAndSyncsOwnerLeases
=== PAUSE TestCachePersistenceImportHydratesSnapshotMetadataAndSyncsOwnerLeases
=== RUN   TestCachePersistenceImportedSnapshotLinksContributeUsageBeforeDecode
=== PAUSE TestCachePersistenceImportedSnapshotLinksContributeUsageBeforeDecode
=== RUN   TestCachePersistenceWorkerUsesEncodedSnapshotLinks
=== PAUSE TestCachePersistenceWorkerUsesEncodedSnapshotLinks
=== RUN   TestPartSessionlessRestoredDirectory
    cache_part_admission_external_test.go:19: real native snapshot transfer requires read-only bind mount privileges: mount source: "/tmp/TestPartSessionlessRestoredDirectory1897881770/001", target: "/tmp/snapshot-transfer-mount3836673013", fstype: bind, flags: 20481, data: "", err: operation not permitted
--- SKIP: TestPartSessionlessRestoredDirectory (0.00s)
=== CONT  TestCachePersistenceWorkerMirrorsUnpruneablePersistedEdge
=== CONT  TestCachePersistenceImportRoundTripAcrossRestart
=== CONT  TestCachePersistenceWorkerMirrorsRetainedPersistableResult
=== CONT  TestCachePersistenceImportedObjectAliasSupportsChainedSelect
=== CONT  TestCachePersistenceImportedObjectHitWithoutServerErrors
=== CONT  TestCachePersistenceImportRoundTripObjectResult
=== CONT  TestCachePersistenceCleanShutdownToggleOnClose
=== CONT  TestCacheCloseDiscardingPersistenceDoesNotMarkClean
=== CONT  TestCachePersistenceSchemaMismatchWipesStore
=== CONT  TestCachePersistenceDecodeInstallPreservesRequiredSessionResources
=== CONT  TestCachePersistenceImportedSnapshotLinksContributeUsageBeforeDecode
=== CONT  TestCachePersistenceImportRecomputesRequiredDepsFirst
=== CONT  TestCachePersistenceWorkerMirrorsPrunedStateAfterRelease
=== CONT  TestCachePersistenceDoesNotWriteDuringRuntime
=== CONT  TestCachePersistenceImportHydratesSnapshotMetadataAndSyncsOwnerLeases
=== CONT  TestCachePersistenceImportFailureWipesStore
--- PASS: TestCachePersistenceWorkerMirrorsRetainedPersistableResult (0.02s)
=== CONT  TestCachePersistenceWorkerUsesEncodedSnapshotLinks
--- PASS: TestCachePersistenceImportedObjectAliasSupportsChainedSelect (0.04s)
=== CONT  TestCachePersistenceWorkerMirrorsSnapshotManagerMetadataRows
--- PASS: TestCachePersistenceWorkerMirrorsPrunedStateAfterRelease (0.05s)
=== CONT  TestCachePersistenceSnapshotOmitsSessionOnlyResult
--- PASS: TestCachePersistenceDoesNotWriteDuringRuntime (0.05s)
=== CONT  TestCachePersistenceWorkerMirrorsAuthoritativeEgraphState
--- PASS: TestCacheCloseDiscardingPersistenceDoesNotMarkClean (0.05s)
=== CONT  TestCachePersistenceUncleanMarkerWipesStore
--- PASS: TestCachePersistenceCleanShutdownToggleOnClose (0.05s)
--- PASS: TestCachePersistenceWorkerMirrorsUnpruneablePersistedEdge (0.05s)
--- PASS: TestCachePersistenceImportHydratesSnapshotMetadataAndSyncsOwnerLeases (0.06s)
=== RUN   TestCachePersistenceImportedObjectHitWithoutServerErrors/request_lookup
--- PASS: TestCachePersistenceImportRoundTripObjectResult (0.06s)
=== RUN   TestCachePersistenceImportedObjectHitWithoutServerErrors/digest_lookup
--- PASS: TestCachePersistenceImportedSnapshotLinksContributeUsageBeforeDecode (0.06s)
=== RUN   TestCachePersistenceImportedObjectHitWithoutServerErrors/result_ID_lookup
--- PASS: TestCachePersistenceImportedObjectHitWithoutServerErrors (0.06s)
    --- PASS: TestCachePersistenceImportedObjectHitWithoutServerErrors/request_lookup (0.00s)
    --- PASS: TestCachePersistenceImportedObjectHitWithoutServerErrors/digest_lookup (0.00s)
    --- PASS: TestCachePersistenceImportedObjectHitWithoutServerErrors/result_ID_lookup (0.00s)
--- PASS: TestCachePersistenceImportRoundTripAcrossRestart (0.07s)
=== NAME  TestCachePersistenceWorkerUsesEncodedSnapshotLinks
    cache_snapshot_persistence_test.go:462: assertion failed: 
        --- rows
        +++ →
          []persistdb.MirrorResultSnapshotLink{
          	{
        - 		OutputPath: "[]",
        + 		OutputPath: "",
          		ResultID:   1,
          		RefKey:     "snapshot-after",
          		Role:       "snapshot",
          	},
          }
        
--- PASS: TestCachePersistenceDecodeInstallPreservesRequiredSessionResources (0.07s)
--- FAIL: TestCachePersistenceWorkerUsesEncodedSnapshotLinks (0.05s)
--- PASS: TestCachePersistenceWorkerMirrorsSnapshotManagerMetadataRows (0.03s)
--- PASS: TestCachePersistenceWorkerMirrorsAuthoritativeEgraphState (0.03s)
--- PASS: TestCachePersistenceImportRecomputesRequiredDepsFirst (0.07s)
--- PASS: TestCachePersistenceSnapshotOmitsSessionOnlyResult (0.03s)
--- PASS: TestCachePersistenceSchemaMismatchWipesStore (0.08s)
--- PASS: TestCachePersistenceImportFailureWipesStore (0.08s)
--- PASS: TestCachePersistenceUncleanMarkerWipesStore (0.04s)
FAIL
FAIL	github.com/dagger/dagger/dagql	0.564s
FAIL
