=== RUN   TestLazyOperationResolverOutputCleanup
=== RUN   TestLazyOperationResolverOutputCleanup/scratch_wrapping
2026/09/16 20:25:01 INFO discarding dagql cache without persistence hasSQLDB=false hasPersistDB=false
=== RUN   TestLazyOperationResolverOutputCleanup/http_state_sync
2026/09/16 20:25:01 INFO discarding dagql cache without persistence hasSQLDB=false hasPersistDB=false
=== RUN   TestLazyOperationResolverOutputCleanup/schema_wrapping
2026/09/16 20:25:01 INFO discarding dagql cache without persistence hasSQLDB=false hasPersistDB=false
=== RUN   TestLazyOperationResolverOutputCleanup/builtin_wrapping
2026/09/16 20:25:01 INFO discarding dagql cache without persistence hasSQLDB=false hasPersistDB=false
=== RUN   TestLazyOperationResolverOutputCleanup/bundle_wrapping
2026/09/16 20:25:01 INFO discarding dagql cache without persistence hasSQLDB=false hasPersistDB=false
--- PASS: TestLazyOperationResolverOutputCleanup (0.42s)
    --- PASS: TestLazyOperationResolverOutputCleanup/scratch_wrapping (0.00s)
    --- PASS: TestLazyOperationResolverOutputCleanup/http_state_sync (0.01s)
    --- PASS: TestLazyOperationResolverOutputCleanup/schema_wrapping (0.00s)
    --- PASS: TestLazyOperationResolverOutputCleanup/builtin_wrapping (0.36s)
    --- PASS: TestLazyOperationResolverOutputCleanup/bundle_wrapping (0.05s)
=== RUN   TestLazyOperationResolverCapture
=== RUN   TestLazyOperationResolverCapture/scratch_wrapping
2026/09/16 20:25:01 INFO discarding dagql cache without persistence hasSQLDB=false hasPersistDB=false
=== RUN   TestLazyOperationResolverCapture/http_state_sync
2026/09/16 20:25:01 INFO discarding dagql cache without persistence hasSQLDB=false hasPersistDB=false
=== RUN   TestLazyOperationResolverCapture/schema_wrapping
2026/09/16 20:25:01 INFO discarding dagql cache without persistence hasSQLDB=false hasPersistDB=false
=== RUN   TestLazyOperationResolverCapture/builtin_wrapping
2026/09/16 20:25:01 INFO discarding dagql cache without persistence hasSQLDB=false hasPersistDB=false
=== RUN   TestLazyOperationResolverCapture/bundle_wrapping
2026/09/16 20:25:01 INFO discarding dagql cache without persistence hasSQLDB=false hasPersistDB=false
=== RUN   TestLazyOperationResolverCapture/gitCleaned
2026/09/16 20:25:01 INFO discarding dagql cache without persistence hasSQLDB=false hasPersistDB=false
=== RUN   TestLazyOperationResolverCapture/gitTree
2026/09/16 20:25:01 INFO discarding dagql cache without persistence hasSQLDB=false hasPersistDB=false
=== RUN   TestLazyOperationResolverCapture/gitCommitTree
2026/09/16 20:25:01 INFO discarding dagql cache without persistence hasSQLDB=false hasPersistDB=false
--- PASS: TestLazyOperationResolverCapture (0.19s)
    --- PASS: TestLazyOperationResolverCapture/scratch_wrapping (0.00s)
    --- PASS: TestLazyOperationResolverCapture/http_state_sync (0.00s)
    --- PASS: TestLazyOperationResolverCapture/schema_wrapping (0.00s)
    --- PASS: TestLazyOperationResolverCapture/builtin_wrapping (0.01s)
    --- PASS: TestLazyOperationResolverCapture/bundle_wrapping (0.04s)
    --- PASS: TestLazyOperationResolverCapture/gitCleaned (0.03s)
    --- PASS: TestLazyOperationResolverCapture/gitTree (0.06s)
    --- PASS: TestLazyOperationResolverCapture/gitCommitTree (0.05s)
=== RUN   TestSchemaFileLazy
2026/09/16 20:25:02 INFO starting dagql cache close hasSQLDB=true hasPersistDB=true
2026/09/16 20:25:02 INFO marking dagql cache clean shutdown
2026/09/16 20:25:02 WARN successfully marked clean shutdown in persistence metadata
2026/09/16 20:25:02 INFO completed dagql cache close successfully
2026/09/16 20:25:02 INFO start lazy evaluation field=File.blob
2026/09/16 20:25:02 INFO end lazy evaluation field=File.blob duration=20.301826ms
    query_lazy_test.go:75: schema bytes=8120 pending payload bytes=10961 scratch calls before first use=0 after first use=1
2026/09/16 20:25:02 INFO discarding dagql cache without persistence hasSQLDB=true hasPersistDB=true
--- PASS: TestSchemaFileLazy (0.05s)
=== RUN   TestSchemaJSONScrubbing
=== RUN   TestSchemaJSONScrubbing/module_and_client_policies
=== RUN   TestSchemaJSONScrubbing/individual_field
=== RUN   TestSchemaJSONScrubbing/different_fields
=== RUN   TestSchemaJSONScrubbing/whole_type
=== RUN   TestSchemaJSONScrubbing/invalid_field
--- PASS: TestSchemaJSONScrubbing (0.44s)
    --- PASS: TestSchemaJSONScrubbing/module_and_client_policies (0.01s)
    --- PASS: TestSchemaJSONScrubbing/individual_field (0.03s)
    --- PASS: TestSchemaJSONScrubbing/different_fields (0.02s)
    --- PASS: TestSchemaJSONScrubbing/whole_type (0.01s)
    --- PASS: TestSchemaJSONScrubbing/invalid_field (0.00s)
=== RUN   TestSchemaJSONRejectsInvalidHiddenFields
--- PASS: TestSchemaJSONRejectsInvalidHiddenFields (0.35s)
PASS
ok  	github.com/dagger/dagger/core/schema	1.550s
