=== RUN   TestBuiltinMetadataSelectors
=== RUN   TestBuiltinMetadataSelectors/Directory
2026/09/16 20:52:19 INFO start lazy evaluation field=Query._builtinContainer
2026/09/16 20:52:19 INFO end lazy evaluation field=Query._builtinContainer duration=698.109µs
2026/09/16 20:52:19 INFO start lazy evaluation field=Container.directory
2026/09/16 20:52:19 INFO start lazy evaluation field=Directory.directory
2026/09/16 20:52:19 INFO start lazy evaluation field=Container.rootfs
2026/09/16 20:52:19 INFO end lazy evaluation field=Container.rootfs duration=48.62µs
2026/09/16 20:52:19 INFO end lazy evaluation field=Directory.directory duration=7.388781ms
2026/09/16 20:52:19 INFO end lazy evaluation field=Container.directory duration=7.84229ms
2026/09/16 20:52:19 INFO discarding dagql cache without persistence hasSQLDB=false hasPersistDB=false
=== RUN   TestBuiltinMetadataSelectors/File
2026/09/16 20:52:19 INFO start lazy evaluation field=Query._builtinContainer
2026/09/16 20:52:19 INFO end lazy evaluation field=Query._builtinContainer duration=408.69µs
2026/09/16 20:52:19 INFO start lazy evaluation field=Container.file
2026/09/16 20:52:19 INFO start lazy evaluation field=File.file
2026/09/16 20:52:19 INFO start lazy evaluation field=Container.rootfs
2026/09/16 20:52:19 INFO end lazy evaluation field=Container.rootfs duration=74.26µs
2026/09/16 20:52:19 INFO end lazy evaluation field=File.file duration=8.851558ms
2026/09/16 20:52:19 INFO end lazy evaluation field=Container.file duration=17.423228ms
2026/09/16 20:52:19 INFO discarding dagql cache without persistence hasSQLDB=false hasPersistDB=false
=== RUN   TestBuiltinMetadataSelectors/relative_Directory
2026/09/16 20:52:19 INFO start lazy evaluation field=Query._builtinContainer
2026/09/16 20:52:19 INFO end lazy evaluation field=Query._builtinContainer duration=545.259µs
2026/09/16 20:52:19 INFO start lazy evaluation field=Container.directory
2026/09/16 20:52:19 INFO start lazy evaluation field=Directory.directory
2026/09/16 20:52:19 INFO start lazy evaluation field=Container.rootfs
2026/09/16 20:52:19 INFO end lazy evaluation field=Container.rootfs duration=49.38µs
2026/09/16 20:52:19 INFO end lazy evaluation field=Directory.directory duration=12.553974ms
2026/09/16 20:52:19 INFO end lazy evaluation field=Container.directory duration=13.079744ms
2026/09/16 20:52:19 INFO discarding dagql cache without persistence hasSQLDB=false hasPersistDB=false
=== RUN   TestBuiltinMetadataSelectors/relative_File
2026/09/16 20:52:19 INFO start lazy evaluation field=Query._builtinContainer
2026/09/16 20:52:19 INFO end lazy evaluation field=Query._builtinContainer duration=338.44µs
2026/09/16 20:52:19 INFO start lazy evaluation field=Container.file
2026/09/16 20:52:19 INFO start lazy evaluation field=File.file
2026/09/16 20:52:19 INFO start lazy evaluation field=Container.rootfs
2026/09/16 20:52:19 INFO end lazy evaluation field=Container.rootfs duration=34.48µs
2026/09/16 20:52:19 INFO end lazy evaluation field=File.file duration=14.746991ms
2026/09/16 20:52:19 INFO end lazy evaluation field=Container.file duration=29.527603ms
2026/09/16 20:52:19 INFO discarding dagql cache without persistence hasSQLDB=false hasPersistDB=false
=== RUN   TestBuiltinMetadataSelectors/platform_fallback
2026/09/16 20:52:19 INFO start lazy evaluation field=Query._builtinContainer
2026/09/16 20:52:19 INFO end lazy evaluation field=Query._builtinContainer duration=259.91µs
2026/09/16 20:52:19 INFO start lazy evaluation field=Container.directory
2026/09/16 20:52:19 INFO start lazy evaluation field=Directory.directory
2026/09/16 20:52:19 INFO start lazy evaluation field=Container.rootfs
2026/09/16 20:52:19 INFO end lazy evaluation field=Container.rootfs duration=162.32µs
2026/09/16 20:52:19 INFO end lazy evaluation field=Directory.directory duration=8.876929ms
2026/09/16 20:52:19 INFO end lazy evaluation field=Container.directory duration=10.294187ms
2026/09/16 20:52:19 INFO discarding dagql cache without persistence hasSQLDB=false hasPersistDB=false
--- PASS: TestBuiltinMetadataSelectors (0.51s)
    --- PASS: TestBuiltinMetadataSelectors/Directory (0.10s)
    --- PASS: TestBuiltinMetadataSelectors/File (0.09s)
    --- PASS: TestBuiltinMetadataSelectors/relative_Directory (0.08s)
    --- PASS: TestBuiltinMetadataSelectors/relative_File (0.13s)
    --- PASS: TestBuiltinMetadataSelectors/platform_fallback (0.11s)
=== RUN   TestBuiltinMetadataConsumersStopOnFailure
=== RUN   TestBuiltinMetadataConsumersStopOnFailure/from
2026/09/16 20:52:19 INFO start lazy evaluation field=Query._builtinContainer
2026/09/16 20:52:19 INFO end lazy evaluation field=Query._builtinContainer duration=39.549µs err="lookup builtin image manifest sha256:656a2d58259ab3861f78e1bced0371f00d75e10e6891cb9d71efbd807dde7d6a: content sha256:656a2d58259ab3861f78e1bced0371f00d75e10e6891cb9d71efbd807dde7d6a: not found"
2026/09/16 20:52:19 INFO discarding dagql cache without persistence hasSQLDB=false hasPersistDB=false
=== RUN   TestBuiltinMetadataConsumersStopOnFailure/withRootfs
2026/09/16 20:52:19 INFO start lazy evaluation field=Query._builtinContainer
2026/09/16 20:52:19 INFO end lazy evaluation field=Query._builtinContainer duration=19.75µs err="lookup builtin image manifest sha256:656a2d58259ab3861f78e1bced0371f00d75e10e6891cb9d71efbd807dde7d6a: content sha256:656a2d58259ab3861f78e1bced0371f00d75e10e6891cb9d71efbd807dde7d6a: not found"
2026/09/16 20:52:19 INFO discarding dagql cache without persistence hasSQLDB=false hasPersistDB=false
=== RUN   TestBuiltinMetadataConsumersStopOnFailure/rootfs
2026/09/16 20:52:19 INFO start lazy evaluation field=Query._builtinContainer
2026/09/16 20:52:19 INFO end lazy evaluation field=Query._builtinContainer duration=25.93µs err="lookup builtin image manifest sha256:656a2d58259ab3861f78e1bced0371f00d75e10e6891cb9d71efbd807dde7d6a: content sha256:656a2d58259ab3861f78e1bced0371f00d75e10e6891cb9d71efbd807dde7d6a: not found"
2026/09/16 20:52:19 INFO discarding dagql cache without persistence hasSQLDB=false hasPersistDB=false
=== RUN   TestBuiltinMetadataConsumersStopOnFailure/build
2026/09/16 20:52:19 INFO start lazy evaluation field=Query._builtinContainer
2026/09/16 20:52:19 INFO end lazy evaluation field=Query._builtinContainer duration=25.01µs err="lookup builtin image manifest sha256:656a2d58259ab3861f78e1bced0371f00d75e10e6891cb9d71efbd807dde7d6a: content sha256:656a2d58259ab3861f78e1bced0371f00d75e10e6891cb9d71efbd807dde7d6a: not found"
2026/09/16 20:52:19 INFO discarding dagql cache without persistence hasSQLDB=false hasPersistDB=false
=== RUN   TestBuiltinMetadataConsumersStopOnFailure/withSymlink
2026/09/16 20:52:19 INFO start lazy evaluation field=Query._builtinContainer
2026/09/16 20:52:19 INFO end lazy evaluation field=Query._builtinContainer duration=21.2µs err="lookup builtin image manifest sha256:656a2d58259ab3861f78e1bced0371f00d75e10e6891cb9d71efbd807dde7d6a: content sha256:656a2d58259ab3861f78e1bced0371f00d75e10e6891cb9d71efbd807dde7d6a: not found"
2026/09/16 20:52:19 INFO discarding dagql cache without persistence hasSQLDB=false hasPersistDB=false
=== RUN   TestBuiltinMetadataConsumersStopOnFailure/withWorkdir
2026/09/16 20:52:19 INFO start lazy evaluation field=Query._builtinContainer
2026/09/16 20:52:19 INFO end lazy evaluation field=Query._builtinContainer duration=26.53µs err="lookup builtin image manifest sha256:656a2d58259ab3861f78e1bced0371f00d75e10e6891cb9d71efbd807dde7d6a: content sha256:656a2d58259ab3861f78e1bced0371f00d75e10e6891cb9d71efbd807dde7d6a: not found"
2026/09/16 20:52:19 INFO discarding dagql cache without persistence hasSQLDB=false hasPersistDB=false
=== RUN   TestBuiltinMetadataConsumersStopOnFailure/withMountedDirectory
2026/09/16 20:52:19 INFO start lazy evaluation field=Query._builtinContainer
2026/09/16 20:52:19 INFO end lazy evaluation field=Query._builtinContainer duration=18.13µs err="lookup builtin image manifest sha256:656a2d58259ab3861f78e1bced0371f00d75e10e6891cb9d71efbd807dde7d6a: content sha256:656a2d58259ab3861f78e1bced0371f00d75e10e6891cb9d71efbd807dde7d6a: not found"
2026/09/16 20:52:19 INFO discarding dagql cache without persistence hasSQLDB=false hasPersistDB=false
=== RUN   TestBuiltinMetadataConsumersStopOnFailure/withMountedFile
2026/09/16 20:52:19 INFO start lazy evaluation field=Query._builtinContainer
2026/09/16 20:52:19 INFO end lazy evaluation field=Query._builtinContainer duration=62.83µs err="lookup builtin image manifest sha256:656a2d58259ab3861f78e1bced0371f00d75e10e6891cb9d71efbd807dde7d6a: content sha256:656a2d58259ab3861f78e1bced0371f00d75e10e6891cb9d71efbd807dde7d6a: not found"
2026/09/16 20:52:19 INFO discarding dagql cache without persistence hasSQLDB=false hasPersistDB=false
=== RUN   TestBuiltinMetadataConsumersStopOnFailure/withMountedCache
2026/09/16 20:52:19 INFO start lazy evaluation field=Query._builtinContainer
2026/09/16 20:52:19 INFO end lazy evaluation field=Query._builtinContainer duration=29.8µs err="lookup builtin image manifest sha256:656a2d58259ab3861f78e1bced0371f00d75e10e6891cb9d71efbd807dde7d6a: content sha256:656a2d58259ab3861f78e1bced0371f00d75e10e6891cb9d71efbd807dde7d6a: not found"
2026/09/16 20:52:19 INFO discarding dagql cache without persistence hasSQLDB=false hasPersistDB=false
=== RUN   TestBuiltinMetadataConsumersStopOnFailure/withMountedVolume
2026/09/16 20:52:19 INFO start lazy evaluation field=Query._builtinContainer
2026/09/16 20:52:19 INFO end lazy evaluation field=Query._builtinContainer duration=18.58µs err="lookup builtin image manifest sha256:656a2d58259ab3861f78e1bced0371f00d75e10e6891cb9d71efbd807dde7d6a: content sha256:656a2d58259ab3861f78e1bced0371f00d75e10e6891cb9d71efbd807dde7d6a: not found"
2026/09/16 20:52:19 INFO discarding dagql cache without persistence hasSQLDB=false hasPersistDB=false
=== RUN   TestBuiltinMetadataConsumersStopOnFailure/withMountedTemp
2026/09/16 20:52:19 INFO start lazy evaluation field=Query._builtinContainer
2026/09/16 20:52:19 INFO end lazy evaluation field=Query._builtinContainer duration=20.44µs err="lookup builtin image manifest sha256:656a2d58259ab3861f78e1bced0371f00d75e10e6891cb9d71efbd807dde7d6a: content sha256:656a2d58259ab3861f78e1bced0371f00d75e10e6891cb9d71efbd807dde7d6a: not found"
2026/09/16 20:52:19 INFO discarding dagql cache without persistence hasSQLDB=false hasPersistDB=false
=== RUN   TestBuiltinMetadataConsumersStopOnFailure/withoutMount
2026/09/16 20:52:19 INFO start lazy evaluation field=Query._builtinContainer
2026/09/16 20:52:19 INFO end lazy evaluation field=Query._builtinContainer duration=24.41µs err="lookup builtin image manifest sha256:656a2d58259ab3861f78e1bced0371f00d75e10e6891cb9d71efbd807dde7d6a: content sha256:656a2d58259ab3861f78e1bced0371f00d75e10e6891cb9d71efbd807dde7d6a: not found"
2026/09/16 20:52:19 INFO discarding dagql cache without persistence hasSQLDB=false hasPersistDB=false
=== RUN   TestBuiltinMetadataConsumersStopOnFailure/directory
2026/09/16 20:52:19 INFO start lazy evaluation field=Query._builtinContainer
2026/09/16 20:52:19 INFO end lazy evaluation field=Query._builtinContainer duration=24.9µs err="lookup builtin image manifest sha256:656a2d58259ab3861f78e1bced0371f00d75e10e6891cb9d71efbd807dde7d6a: content sha256:656a2d58259ab3861f78e1bced0371f00d75e10e6891cb9d71efbd807dde7d6a: not found"
2026/09/16 20:52:19 INFO discarding dagql cache without persistence hasSQLDB=false hasPersistDB=false
=== RUN   TestBuiltinMetadataConsumersStopOnFailure/file
2026/09/16 20:52:19 INFO start lazy evaluation field=Query._builtinContainer
2026/09/16 20:52:19 INFO end lazy evaluation field=Query._builtinContainer duration=15.21µs err="lookup builtin image manifest sha256:656a2d58259ab3861f78e1bced0371f00d75e10e6891cb9d71efbd807dde7d6a: content sha256:656a2d58259ab3861f78e1bced0371f00d75e10e6891cb9d71efbd807dde7d6a: not found"
2026/09/16 20:52:19 INFO discarding dagql cache without persistence hasSQLDB=false hasPersistDB=false
=== RUN   TestBuiltinMetadataConsumersStopOnFailure/withMountedSecret
2026/09/16 20:52:19 INFO start lazy evaluation field=Query._builtinContainer
2026/09/16 20:52:19 INFO end lazy evaluation field=Query._builtinContainer duration=17.75µs err="lookup builtin image manifest sha256:656a2d58259ab3861f78e1bced0371f00d75e10e6891cb9d71efbd807dde7d6a: content sha256:656a2d58259ab3861f78e1bced0371f00d75e10e6891cb9d71efbd807dde7d6a: not found"
2026/09/16 20:52:19 INFO discarding dagql cache without persistence hasSQLDB=false hasPersistDB=false
=== RUN   TestBuiltinMetadataConsumersStopOnFailure/withUnixSocket
2026/09/16 20:52:19 INFO start lazy evaluation field=Query._builtinContainer
2026/09/16 20:52:19 INFO end lazy evaluation field=Query._builtinContainer duration=17.33µs err="lookup builtin image manifest sha256:656a2d58259ab3861f78e1bced0371f00d75e10e6891cb9d71efbd807dde7d6a: content sha256:656a2d58259ab3861f78e1bced0371f00d75e10e6891cb9d71efbd807dde7d6a: not found"
2026/09/16 20:52:19 INFO discarding dagql cache without persistence hasSQLDB=false hasPersistDB=false
=== RUN   TestBuiltinMetadataConsumersStopOnFailure/withoutUnixSocket
2026/09/16 20:52:19 INFO start lazy evaluation field=Query._builtinContainer
2026/09/16 20:52:19 INFO end lazy evaluation field=Query._builtinContainer duration=18.26µs err="lookup builtin image manifest sha256:656a2d58259ab3861f78e1bced0371f00d75e10e6891cb9d71efbd807dde7d6a: content sha256:656a2d58259ab3861f78e1bced0371f00d75e10e6891cb9d71efbd807dde7d6a: not found"
2026/09/16 20:52:19 INFO discarding dagql cache without persistence hasSQLDB=false hasPersistDB=false
=== RUN   TestBuiltinMetadataConsumersStopOnFailure/withDirectory
2026/09/16 20:52:19 INFO start lazy evaluation field=Query._builtinContainer
2026/09/16 20:52:19 INFO end lazy evaluation field=Query._builtinContainer duration=16.36µs err="lookup builtin image manifest sha256:656a2d58259ab3861f78e1bced0371f00d75e10e6891cb9d71efbd807dde7d6a: content sha256:656a2d58259ab3861f78e1bced0371f00d75e10e6891cb9d71efbd807dde7d6a: not found"
2026/09/16 20:52:19 INFO discarding dagql cache without persistence hasSQLDB=false hasPersistDB=false
=== RUN   TestBuiltinMetadataConsumersStopOnFailure/withFile
2026/09/16 20:52:19 INFO start lazy evaluation field=Query._builtinContainer
2026/09/16 20:52:19 INFO end lazy evaluation field=Query._builtinContainer duration=16.32µs err="lookup builtin image manifest sha256:656a2d58259ab3861f78e1bced0371f00d75e10e6891cb9d71efbd807dde7d6a: content sha256:656a2d58259ab3861f78e1bced0371f00d75e10e6891cb9d71efbd807dde7d6a: not found"
2026/09/16 20:52:19 INFO discarding dagql cache without persistence hasSQLDB=false hasPersistDB=false
=== RUN   TestBuiltinMetadataConsumersStopOnFailure/withFiles
2026/09/16 20:52:19 INFO start lazy evaluation field=Query._builtinContainer
2026/09/16 20:52:19 INFO end lazy evaluation field=Query._builtinContainer duration=16.35µs err="lookup builtin image manifest sha256:656a2d58259ab3861f78e1bced0371f00d75e10e6891cb9d71efbd807dde7d6a: content sha256:656a2d58259ab3861f78e1bced0371f00d75e10e6891cb9d71efbd807dde7d6a: not found"
2026/09/16 20:52:19 INFO discarding dagql cache without persistence hasSQLDB=false hasPersistDB=false
=== RUN   TestBuiltinMetadataConsumersStopOnFailure/withoutDirectory
2026/09/16 20:52:19 INFO start lazy evaluation field=Query._builtinContainer
2026/09/16 20:52:19 INFO end lazy evaluation field=Query._builtinContainer duration=20.07µs err="lookup builtin image manifest sha256:656a2d58259ab3861f78e1bced0371f00d75e10e6891cb9d71efbd807dde7d6a: content sha256:656a2d58259ab3861f78e1bced0371f00d75e10e6891cb9d71efbd807dde7d6a: not found"
2026/09/16 20:52:19 INFO discarding dagql cache without persistence hasSQLDB=false hasPersistDB=false
=== RUN   TestBuiltinMetadataConsumersStopOnFailure/withoutFile
2026/09/16 20:52:19 INFO start lazy evaluation field=Query._builtinContainer
2026/09/16 20:52:19 INFO end lazy evaluation field=Query._builtinContainer duration=15.48µs err="lookup builtin image manifest sha256:656a2d58259ab3861f78e1bced0371f00d75e10e6891cb9d71efbd807dde7d6a: content sha256:656a2d58259ab3861f78e1bced0371f00d75e10e6891cb9d71efbd807dde7d6a: not found"
2026/09/16 20:52:19 INFO discarding dagql cache without persistence hasSQLDB=false hasPersistDB=false
=== RUN   TestBuiltinMetadataConsumersStopOnFailure/withoutFiles
2026/09/16 20:52:19 INFO start lazy evaluation field=Query._builtinContainer
2026/09/16 20:52:19 INFO end lazy evaluation field=Query._builtinContainer duration=15.35µs err="lookup builtin image manifest sha256:656a2d58259ab3861f78e1bced0371f00d75e10e6891cb9d71efbd807dde7d6a: content sha256:656a2d58259ab3861f78e1bced0371f00d75e10e6891cb9d71efbd807dde7d6a: not found"
2026/09/16 20:52:19 INFO discarding dagql cache without persistence hasSQLDB=false hasPersistDB=false
=== RUN   TestBuiltinMetadataConsumersStopOnFailure/withNewFile
2026/09/16 20:52:19 INFO start lazy evaluation field=Query._builtinContainer
2026/09/16 20:52:19 INFO end lazy evaluation field=Query._builtinContainer duration=19.84µs err="lookup builtin image manifest sha256:656a2d58259ab3861f78e1bced0371f00d75e10e6891cb9d71efbd807dde7d6a: content sha256:656a2d58259ab3861f78e1bced0371f00d75e10e6891cb9d71efbd807dde7d6a: not found"
2026/09/16 20:52:19 INFO discarding dagql cache without persistence hasSQLDB=false hasPersistDB=false
=== RUN   TestBuiltinMetadataConsumersStopOnFailure/withUser
2026/09/16 20:52:19 INFO start lazy evaluation field=Query._builtinContainer
2026/09/16 20:52:19 INFO end lazy evaluation field=Query._builtinContainer duration=19.78µs err="lookup builtin image manifest sha256:656a2d58259ab3861f78e1bced0371f00d75e10e6891cb9d71efbd807dde7d6a: content sha256:656a2d58259ab3861f78e1bced0371f00d75e10e6891cb9d71efbd807dde7d6a: not found"
2026/09/16 20:52:19 INFO discarding dagql cache without persistence hasSQLDB=false hasPersistDB=false
=== RUN   TestBuiltinMetadataConsumersStopOnFailure/withEnvVariable
2026/09/16 20:52:19 INFO start lazy evaluation field=Query._builtinContainer
2026/09/16 20:52:19 INFO end lazy evaluation field=Query._builtinContainer duration=16.91µs err="lookup builtin image manifest sha256:656a2d58259ab3861f78e1bced0371f00d75e10e6891cb9d71efbd807dde7d6a: content sha256:656a2d58259ab3861f78e1bced0371f00d75e10e6891cb9d71efbd807dde7d6a: not found"
2026/09/16 20:52:19 INFO discarding dagql cache without persistence hasSQLDB=false hasPersistDB=false
=== RUN   TestBuiltinMetadataConsumersStopOnFailure/withAnnotation
2026/09/16 20:52:19 INFO start lazy evaluation field=Query._builtinContainer
2026/09/16 20:52:19 INFO end lazy evaluation field=Query._builtinContainer duration=17.94µs err="lookup builtin image manifest sha256:656a2d58259ab3861f78e1bced0371f00d75e10e6891cb9d71efbd807dde7d6a: content sha256:656a2d58259ab3861f78e1bced0371f00d75e10e6891cb9d71efbd807dde7d6a: not found"
2026/09/16 20:52:19 INFO discarding dagql cache without persistence hasSQLDB=false hasPersistDB=false
=== RUN   TestBuiltinMetadataConsumersStopOnFailure/withLabel
2026/09/16 20:52:19 INFO start lazy evaluation field=Query._builtinContainer
2026/09/16 20:52:19 INFO end lazy evaluation field=Query._builtinContainer duration=19.549µs err="lookup builtin image manifest sha256:656a2d58259ab3861f78e1bced0371f00d75e10e6891cb9d71efbd807dde7d6a: content sha256:656a2d58259ab3861f78e1bced0371f00d75e10e6891cb9d71efbd807dde7d6a: not found"
2026/09/16 20:52:19 INFO discarding dagql cache without persistence hasSQLDB=false hasPersistDB=false
=== RUN   TestBuiltinMetadataConsumersStopOnFailure/withExec
2026/09/16 20:52:19 INFO start lazy evaluation field=Query._builtinContainer
2026/09/16 20:52:19 INFO end lazy evaluation field=Query._builtinContainer duration=16.82µs err="lookup builtin image manifest sha256:656a2d58259ab3861f78e1bced0371f00d75e10e6891cb9d71efbd807dde7d6a: content sha256:656a2d58259ab3861f78e1bced0371f00d75e10e6891cb9d71efbd807dde7d6a: not found"
2026/09/16 20:52:19 INFO discarding dagql cache without persistence hasSQLDB=false hasPersistDB=false
=== RUN   TestBuiltinMetadataConsumersStopOnFailure/user
2026/09/16 20:52:19 INFO start lazy evaluation field=Query._builtinContainer
2026/09/16 20:52:19 INFO end lazy evaluation field=Query._builtinContainer duration=49.7µs err="lookup builtin image manifest sha256:656a2d58259ab3861f78e1bced0371f00d75e10e6891cb9d71efbd807dde7d6a: content sha256:656a2d58259ab3861f78e1bced0371f00d75e10e6891cb9d71efbd807dde7d6a: not found"
2026/09/16 20:52:19 INFO discarding dagql cache without persistence hasSQLDB=false hasPersistDB=false
=== RUN   TestBuiltinMetadataConsumersStopOnFailure/platform
2026/09/16 20:52:19 INFO start lazy evaluation field=Query._builtinContainer
2026/09/16 20:52:19 INFO end lazy evaluation field=Query._builtinContainer duration=32.55µs err="lookup builtin image manifest sha256:656a2d58259ab3861f78e1bced0371f00d75e10e6891cb9d71efbd807dde7d6a: content sha256:656a2d58259ab3861f78e1bced0371f00d75e10e6891cb9d71efbd807dde7d6a: not found"
2026/09/16 20:52:19 INFO discarding dagql cache without persistence hasSQLDB=false hasPersistDB=false
=== RUN   TestBuiltinMetadataConsumersStopOnFailure/healthcheck
2026/09/16 20:52:19 INFO start lazy evaluation field=Query._builtinContainer
2026/09/16 20:52:19 INFO end lazy evaluation field=Query._builtinContainer duration=36.47µs err="lookup builtin image manifest sha256:656a2d58259ab3861f78e1bced0371f00d75e10e6891cb9d71efbd807dde7d6a: content sha256:656a2d58259ab3861f78e1bced0371f00d75e10e6891cb9d71efbd807dde7d6a: not found"
2026/09/16 20:52:19 INFO discarding dagql cache without persistence hasSQLDB=false hasPersistDB=false
=== RUN   TestBuiltinMetadataConsumersStopOnFailure/cache_dynamic_input
2026/09/16 20:52:19 INFO start lazy evaluation field=Query._builtinContainer
2026/09/16 20:52:19 INFO end lazy evaluation field=Query._builtinContainer duration=35.27µs err="lookup builtin image manifest sha256:656a2d58259ab3861f78e1bced0371f00d75e10e6891cb9d71efbd807dde7d6a: content sha256:656a2d58259ab3861f78e1bced0371f00d75e10e6891cb9d71efbd807dde7d6a: not found"
2026/09/16 20:52:19 INFO discarding dagql cache without persistence hasSQLDB=false hasPersistDB=false
--- PASS: TestBuiltinMetadataConsumersStopOnFailure (0.02s)
    --- PASS: TestBuiltinMetadataConsumersStopOnFailure/from (0.00s)
    --- PASS: TestBuiltinMetadataConsumersStopOnFailure/withRootfs (0.00s)
    --- PASS: TestBuiltinMetadataConsumersStopOnFailure/rootfs (0.00s)
    --- PASS: TestBuiltinMetadataConsumersStopOnFailure/build (0.00s)
    --- PASS: TestBuiltinMetadataConsumersStopOnFailure/withSymlink (0.00s)
    --- PASS: TestBuiltinMetadataConsumersStopOnFailure/withWorkdir (0.00s)
    --- PASS: TestBuiltinMetadataConsumersStopOnFailure/withMountedDirectory (0.00s)
    --- PASS: TestBuiltinMetadataConsumersStopOnFailure/withMountedFile (0.00s)
    --- PASS: TestBuiltinMetadataConsumersStopOnFailure/withMountedCache (0.00s)
    --- PASS: TestBuiltinMetadataConsumersStopOnFailure/withMountedVolume (0.00s)
    --- PASS: TestBuiltinMetadataConsumersStopOnFailure/withMountedTemp (0.00s)
    --- PASS: TestBuiltinMetadataConsumersStopOnFailure/withoutMount (0.00s)
    --- PASS: TestBuiltinMetadataConsumersStopOnFailure/directory (0.00s)
    --- PASS: TestBuiltinMetadataConsumersStopOnFailure/file (0.00s)
    --- PASS: TestBuiltinMetadataConsumersStopOnFailure/withMountedSecret (0.00s)
    --- PASS: TestBuiltinMetadataConsumersStopOnFailure/withUnixSocket (0.00s)
    --- PASS: TestBuiltinMetadataConsumersStopOnFailure/withoutUnixSocket (0.00s)
    --- PASS: TestBuiltinMetadataConsumersStopOnFailure/withDirectory (0.00s)
    --- PASS: TestBuiltinMetadataConsumersStopOnFailure/withFile (0.00s)
    --- PASS: TestBuiltinMetadataConsumersStopOnFailure/withFiles (0.00s)
    --- PASS: TestBuiltinMetadataConsumersStopOnFailure/withoutDirectory (0.00s)
    --- PASS: TestBuiltinMetadataConsumersStopOnFailure/withoutFile (0.00s)
    --- PASS: TestBuiltinMetadataConsumersStopOnFailure/withoutFiles (0.00s)
    --- PASS: TestBuiltinMetadataConsumersStopOnFailure/withNewFile (0.00s)
    --- PASS: TestBuiltinMetadataConsumersStopOnFailure/withUser (0.00s)
    --- PASS: TestBuiltinMetadataConsumersStopOnFailure/withEnvVariable (0.00s)
    --- PASS: TestBuiltinMetadataConsumersStopOnFailure/withAnnotation (0.00s)
    --- PASS: TestBuiltinMetadataConsumersStopOnFailure/withLabel (0.00s)
    --- PASS: TestBuiltinMetadataConsumersStopOnFailure/withExec (0.00s)
    --- PASS: TestBuiltinMetadataConsumersStopOnFailure/user (0.00s)
    --- PASS: TestBuiltinMetadataConsumersStopOnFailure/platform (0.00s)
    --- PASS: TestBuiltinMetadataConsumersStopOnFailure/healthcheck (0.00s)
    --- PASS: TestBuiltinMetadataConsumersStopOnFailure/cache_dynamic_input (0.00s)
=== RUN   TestBuiltinLegacyServiceMetadata
=== RUN   TestBuiltinLegacyServiceMetadata/default_command
2026/09/16 20:52:19 INFO start lazy evaluation field=Query._builtinContainer
2026/09/16 20:52:19 INFO end lazy evaluation field=Query._builtinContainer duration=345.649µs
2026/09/16 20:52:19 INFO discarding dagql cache without persistence hasSQLDB=false hasPersistDB=false
=== RUN   TestBuiltinLegacyServiceMetadata/saved_exec_expansion
2026/09/16 20:52:19 INFO start lazy evaluation field=Query._builtinContainer
2026/09/16 20:52:19 INFO end lazy evaluation field=Query._builtinContainer duration=558.689µs
2026/09/16 20:52:19 INFO discarding dagql cache without persistence hasSQLDB=false hasPersistDB=false
--- PASS: TestBuiltinLegacyServiceMetadata (0.07s)
    --- PASS: TestBuiltinLegacyServiceMetadata/default_command (0.05s)
    --- PASS: TestBuiltinLegacyServiceMetadata/saved_exec_expansion (0.02s)
=== RUN   TestBuiltinCacheOwnerDynamicInput
2026/09/16 20:52:19 INFO start lazy evaluation field=Query._builtinContainer
2026/09/16 20:52:19 INFO end lazy evaluation field=Query._builtinContainer duration=266.409µs
2026/09/16 20:52:19 INFO discarding dagql cache without persistence hasSQLDB=false hasPersistDB=false
--- PASS: TestBuiltinCacheOwnerDynamicInput (0.02s)
=== RUN   TestScratchDirectoryNativeReopen
=== RUN   TestScratchDirectoryNativeReopen/pending
2026/09/16 20:52:19 INFO starting dagql cache close hasSQLDB=true hasPersistDB=true
2026/09/16 20:52:19 INFO marking dagql cache clean shutdown
2026/09/16 20:52:19 WARN successfully marked clean shutdown in persistence metadata
2026/09/16 20:52:19 INFO completed dagql cache close successfully
2026/09/16 20:52:19 INFO start lazy evaluation field=Query.directory
2026/09/16 20:52:19 INFO end lazy evaluation field=Query.directory duration=34.340886ms
2026/09/16 20:52:19 INFO starting dagql cache close hasSQLDB=true hasPersistDB=true
2026/09/16 20:52:19 INFO marking dagql cache clean shutdown
2026/09/16 20:52:19 WARN successfully marked clean shutdown in persistence metadata
2026/09/16 20:52:19 INFO completed dagql cache close successfully
2026/09/16 20:52:19 INFO start lazy evaluation field=Directory.restore
2026/09/16 20:52:19 INFO end lazy evaluation field=Directory.restore duration=75.64µs
2026/09/16 20:52:19 INFO discarding dagql cache without persistence hasSQLDB=true hasPersistDB=true
=== RUN   TestScratchDirectoryNativeReopen/evaluated
2026/09/16 20:52:20 INFO start lazy evaluation field=Query.directory
2026/09/16 20:52:20 INFO end lazy evaluation field=Query.directory duration=29.613422ms
2026/09/16 20:52:20 INFO starting dagql cache close hasSQLDB=true hasPersistDB=true
2026/09/16 20:52:20 INFO marking dagql cache clean shutdown
2026/09/16 20:52:20 WARN successfully marked clean shutdown in persistence metadata
2026/09/16 20:52:20 INFO completed dagql cache close successfully
2026/09/16 20:52:20 INFO start lazy evaluation field=Directory.restore
2026/09/16 20:52:20 INFO end lazy evaluation field=Directory.restore duration=94.12µs
2026/09/16 20:52:20 INFO starting dagql cache close hasSQLDB=true hasPersistDB=true
2026/09/16 20:52:20 INFO marking dagql cache clean shutdown
2026/09/16 20:52:20 WARN successfully marked clean shutdown in persistence metadata
2026/09/16 20:52:20 INFO completed dagql cache close successfully
2026/09/16 20:52:20 INFO start lazy evaluation field=Directory.restore
2026/09/16 20:52:20 INFO end lazy evaluation field=Directory.restore duration=86.73µs
2026/09/16 20:52:20 INFO discarding dagql cache without persistence hasSQLDB=true hasPersistDB=true
--- PASS: TestScratchDirectoryNativeReopen (0.14s)
    --- PASS: TestScratchDirectoryNativeReopen/pending (0.08s)
    --- PASS: TestScratchDirectoryNativeReopen/evaluated (0.06s)
PASS
ok  	github.com/dagger/dagger/core/schema	0.877s
