=== RUN   TestCloneContainerForSchemaChildDisablesFromContentDigest
=== PAUSE TestCloneContainerForSchemaChildDisablesFromContentDigest
=== RUN   TestEagerContainerMountMetadataResolvers
=== RUN   TestEagerContainerMountMetadataResolvers/without_mount
=== RUN   TestEagerContainerMountMetadataResolvers/mounted_temp
=== RUN   TestEagerContainerMountMetadataResolvers/mounted_volume
=== RUN   TestEagerContainerMountMetadataResolvers/mounted_secret_without_owner
=== RUN   TestEagerContainerMountMetadataResolvers/unix_socket_without_owner
=== RUN   TestEagerContainerMountMetadataResolvers/without_unix_socket
2026/09/16 20:58:30 INFO discarding dagql cache without persistence hasSQLDB=false hasPersistDB=false
--- PASS: TestEagerContainerMountMetadataResolvers (0.00s)
    --- PASS: TestEagerContainerMountMetadataResolvers/without_mount (0.00s)
    --- PASS: TestEagerContainerMountMetadataResolvers/mounted_temp (0.00s)
    --- PASS: TestEagerContainerMountMetadataResolvers/mounted_volume (0.00s)
    --- PASS: TestEagerContainerMountMetadataResolvers/mounted_secret_without_owner (0.00s)
    --- PASS: TestEagerContainerMountMetadataResolvers/unix_socket_without_owner (0.00s)
    --- PASS: TestEagerContainerMountMetadataResolvers/without_unix_socket (0.00s)
=== RUN   TestWithImageConfigMetadataMutatesContainerConfig
=== PAUSE TestWithImageConfigMetadataMutatesContainerConfig
=== RUN   TestWithImageConfigMetadataRejectsInvalidHealthcheckJSON
=== PAUSE TestWithImageConfigMetadataRejectsInvalidHealthcheckJSON
=== RUN   TestBuiltinMetadataSelectors
=== RUN   TestBuiltinMetadataSelectors/Directory
2026/09/16 20:58:31 INFO start lazy evaluation field=Query._builtinContainer
2026/09/16 20:58:31 INFO end lazy evaluation field=Query._builtinContainer duration=1.029839ms
2026/09/16 20:58:31 INFO start lazy evaluation field=Container.directory
2026/09/16 20:58:31 INFO start lazy evaluation field=Directory.directory
2026/09/16 20:58:31 INFO start lazy evaluation field=Container.rootfs
2026/09/16 20:58:31 INFO end lazy evaluation field=Container.rootfs duration=208.48µs
2026/09/16 20:58:31 INFO end lazy evaluation field=Directory.directory duration=10.155307ms
2026/09/16 20:58:31 INFO end lazy evaluation field=Container.directory duration=11.187395ms
2026/09/16 20:58:31 INFO discarding dagql cache without persistence hasSQLDB=false hasPersistDB=false
=== RUN   TestBuiltinMetadataSelectors/File
2026/09/16 20:58:31 INFO start lazy evaluation field=Query._builtinContainer
2026/09/16 20:58:31 INFO end lazy evaluation field=Query._builtinContainer duration=1.527538ms
2026/09/16 20:58:31 INFO start lazy evaluation field=Container.file
2026/09/16 20:58:31 INFO start lazy evaluation field=File.file
2026/09/16 20:58:31 INFO start lazy evaluation field=Container.rootfs
2026/09/16 20:58:31 INFO end lazy evaluation field=Container.rootfs duration=156.03µs
2026/09/16 20:58:31 INFO end lazy evaluation field=File.file duration=10.559057ms
2026/09/16 20:58:31 INFO end lazy evaluation field=Container.file duration=21.95213ms
2026/09/16 20:58:31 INFO discarding dagql cache without persistence hasSQLDB=false hasPersistDB=false
=== RUN   TestBuiltinMetadataSelectors/relative_Directory
2026/09/16 20:58:31 INFO start lazy evaluation field=Query._builtinContainer
2026/09/16 20:58:31 INFO end lazy evaluation field=Query._builtinContainer duration=779.899µs
2026/09/16 20:58:31 INFO start lazy evaluation field=Container.directory
2026/09/16 20:58:31 INFO start lazy evaluation field=Directory.directory
2026/09/16 20:58:31 INFO start lazy evaluation field=Container.rootfs
2026/09/16 20:58:31 INFO end lazy evaluation field=Container.rootfs duration=151.279µs
2026/09/16 20:58:31 INFO end lazy evaluation field=Directory.directory duration=14.72388ms
2026/09/16 20:58:31 INFO end lazy evaluation field=Container.directory duration=17.707487ms
2026/09/16 20:58:31 INFO discarding dagql cache without persistence hasSQLDB=false hasPersistDB=false
=== RUN   TestBuiltinMetadataSelectors/relative_File
2026/09/16 20:58:31 INFO start lazy evaluation field=Query._builtinContainer
2026/09/16 20:58:31 INFO end lazy evaluation field=Query._builtinContainer duration=863.509µs
2026/09/16 20:58:31 INFO start lazy evaluation field=Container.file
2026/09/16 20:58:31 INFO start lazy evaluation field=File.file
2026/09/16 20:58:31 INFO start lazy evaluation field=Container.rootfs
2026/09/16 20:58:31 INFO end lazy evaluation field=Container.rootfs duration=161.6µs
2026/09/16 20:58:31 INFO end lazy evaluation field=File.file duration=11.702584ms
2026/09/16 20:58:31 INFO end lazy evaluation field=Container.file duration=26.037655ms
2026/09/16 20:58:31 INFO discarding dagql cache without persistence hasSQLDB=false hasPersistDB=false
=== RUN   TestBuiltinMetadataSelectors/platform_fallback
2026/09/16 20:58:31 INFO start lazy evaluation field=Query._builtinContainer
2026/09/16 20:58:31 INFO end lazy evaluation field=Query._builtinContainer duration=1.441608ms
2026/09/16 20:58:31 INFO start lazy evaluation field=Container.directory
2026/09/16 20:58:31 INFO start lazy evaluation field=Directory.directory
2026/09/16 20:58:31 INFO start lazy evaluation field=Container.rootfs
2026/09/16 20:58:31 INFO end lazy evaluation field=Container.rootfs duration=216.73µs
2026/09/16 20:58:31 INFO end lazy evaluation field=Directory.directory duration=12.523804ms
2026/09/16 20:58:31 INFO end lazy evaluation field=Container.directory duration=14.054701ms
2026/09/16 20:58:31 INFO discarding dagql cache without persistence hasSQLDB=false hasPersistDB=false
--- PASS: TestBuiltinMetadataSelectors (1.20s)
    --- PASS: TestBuiltinMetadataSelectors/Directory (0.71s)
    --- PASS: TestBuiltinMetadataSelectors/File (0.12s)
    --- PASS: TestBuiltinMetadataSelectors/relative_Directory (0.12s)
    --- PASS: TestBuiltinMetadataSelectors/relative_File (0.15s)
    --- PASS: TestBuiltinMetadataSelectors/platform_fallback (0.11s)
=== RUN   TestBuiltinMetadataConsumersStopOnFailure
=== RUN   TestBuiltinMetadataConsumersStopOnFailure/from
2026/09/16 20:58:31 INFO start lazy evaluation field=Query._builtinContainer
2026/09/16 20:58:31 INFO end lazy evaluation field=Query._builtinContainer duration=156.73µs err="lookup builtin image manifest sha256:656a2d58259ab3861f78e1bced0371f00d75e10e6891cb9d71efbd807dde7d6a: content sha256:656a2d58259ab3861f78e1bced0371f00d75e10e6891cb9d71efbd807dde7d6a: not found"
2026/09/16 20:58:31 INFO discarding dagql cache without persistence hasSQLDB=false hasPersistDB=false
=== RUN   TestBuiltinMetadataConsumersStopOnFailure/withRootfs
2026/09/16 20:58:31 INFO start lazy evaluation field=Query._builtinContainer
2026/09/16 20:58:31 INFO end lazy evaluation field=Query._builtinContainer duration=221.57µs err="lookup builtin image manifest sha256:656a2d58259ab3861f78e1bced0371f00d75e10e6891cb9d71efbd807dde7d6a: content sha256:656a2d58259ab3861f78e1bced0371f00d75e10e6891cb9d71efbd807dde7d6a: not found"
2026/09/16 20:58:31 INFO discarding dagql cache without persistence hasSQLDB=false hasPersistDB=false
=== RUN   TestBuiltinMetadataConsumersStopOnFailure/rootfs
2026/09/16 20:58:31 INFO start lazy evaluation field=Query._builtinContainer
2026/09/16 20:58:31 INFO end lazy evaluation field=Query._builtinContainer duration=244.469µs err="lookup builtin image manifest sha256:656a2d58259ab3861f78e1bced0371f00d75e10e6891cb9d71efbd807dde7d6a: content sha256:656a2d58259ab3861f78e1bced0371f00d75e10e6891cb9d71efbd807dde7d6a: not found"
2026/09/16 20:58:31 INFO discarding dagql cache without persistence hasSQLDB=false hasPersistDB=false
=== RUN   TestBuiltinMetadataConsumersStopOnFailure/build
2026/09/16 20:58:31 INFO start lazy evaluation field=Query._builtinContainer
2026/09/16 20:58:31 INFO end lazy evaluation field=Query._builtinContainer duration=152.16µs err="lookup builtin image manifest sha256:656a2d58259ab3861f78e1bced0371f00d75e10e6891cb9d71efbd807dde7d6a: content sha256:656a2d58259ab3861f78e1bced0371f00d75e10e6891cb9d71efbd807dde7d6a: not found"
2026/09/16 20:58:31 INFO discarding dagql cache without persistence hasSQLDB=false hasPersistDB=false
=== RUN   TestBuiltinMetadataConsumersStopOnFailure/withSymlink
2026/09/16 20:58:31 INFO start lazy evaluation field=Query._builtinContainer
2026/09/16 20:58:31 INFO end lazy evaluation field=Query._builtinContainer duration=252.3µs err="lookup builtin image manifest sha256:656a2d58259ab3861f78e1bced0371f00d75e10e6891cb9d71efbd807dde7d6a: content sha256:656a2d58259ab3861f78e1bced0371f00d75e10e6891cb9d71efbd807dde7d6a: not found"
2026/09/16 20:58:31 INFO discarding dagql cache without persistence hasSQLDB=false hasPersistDB=false
=== RUN   TestBuiltinMetadataConsumersStopOnFailure/withWorkdir
2026/09/16 20:58:31 INFO start lazy evaluation field=Query._builtinContainer
2026/09/16 20:58:31 INFO end lazy evaluation field=Query._builtinContainer duration=138.969µs err="lookup builtin image manifest sha256:656a2d58259ab3861f78e1bced0371f00d75e10e6891cb9d71efbd807dde7d6a: content sha256:656a2d58259ab3861f78e1bced0371f00d75e10e6891cb9d71efbd807dde7d6a: not found"
2026/09/16 20:58:31 INFO discarding dagql cache without persistence hasSQLDB=false hasPersistDB=false
=== RUN   TestBuiltinMetadataConsumersStopOnFailure/withMountedDirectory
2026/09/16 20:58:31 INFO start lazy evaluation field=Query._builtinContainer
2026/09/16 20:58:31 INFO end lazy evaluation field=Query._builtinContainer duration=174.17µs err="lookup builtin image manifest sha256:656a2d58259ab3861f78e1bced0371f00d75e10e6891cb9d71efbd807dde7d6a: content sha256:656a2d58259ab3861f78e1bced0371f00d75e10e6891cb9d71efbd807dde7d6a: not found"
2026/09/16 20:58:31 INFO discarding dagql cache without persistence hasSQLDB=false hasPersistDB=false
=== RUN   TestBuiltinMetadataConsumersStopOnFailure/withMountedFile
2026/09/16 20:58:31 INFO start lazy evaluation field=Query._builtinContainer
2026/09/16 20:58:31 INFO end lazy evaluation field=Query._builtinContainer duration=340.39µs err="lookup builtin image manifest sha256:656a2d58259ab3861f78e1bced0371f00d75e10e6891cb9d71efbd807dde7d6a: content sha256:656a2d58259ab3861f78e1bced0371f00d75e10e6891cb9d71efbd807dde7d6a: not found"
2026/09/16 20:58:31 INFO discarding dagql cache without persistence hasSQLDB=false hasPersistDB=false
=== RUN   TestBuiltinMetadataConsumersStopOnFailure/withMountedCache
2026/09/16 20:58:31 INFO start lazy evaluation field=Query._builtinContainer
2026/09/16 20:58:31 INFO end lazy evaluation field=Query._builtinContainer duration=202.9µs err="lookup builtin image manifest sha256:656a2d58259ab3861f78e1bced0371f00d75e10e6891cb9d71efbd807dde7d6a: content sha256:656a2d58259ab3861f78e1bced0371f00d75e10e6891cb9d71efbd807dde7d6a: not found"
2026/09/16 20:58:31 INFO discarding dagql cache without persistence hasSQLDB=false hasPersistDB=false
=== RUN   TestBuiltinMetadataConsumersStopOnFailure/withMountedVolume
2026/09/16 20:58:31 INFO start lazy evaluation field=Query._builtinContainer
2026/09/16 20:58:31 INFO end lazy evaluation field=Query._builtinContainer duration=135.15µs err="lookup builtin image manifest sha256:656a2d58259ab3861f78e1bced0371f00d75e10e6891cb9d71efbd807dde7d6a: content sha256:656a2d58259ab3861f78e1bced0371f00d75e10e6891cb9d71efbd807dde7d6a: not found"
2026/09/16 20:58:31 INFO discarding dagql cache without persistence hasSQLDB=false hasPersistDB=false
=== RUN   TestBuiltinMetadataConsumersStopOnFailure/withMountedTemp
2026/09/16 20:58:31 INFO start lazy evaluation field=Query._builtinContainer
2026/09/16 20:58:31 INFO end lazy evaluation field=Query._builtinContainer duration=326.609µs err="lookup builtin image manifest sha256:656a2d58259ab3861f78e1bced0371f00d75e10e6891cb9d71efbd807dde7d6a: content sha256:656a2d58259ab3861f78e1bced0371f00d75e10e6891cb9d71efbd807dde7d6a: not found"
2026/09/16 20:58:31 INFO discarding dagql cache without persistence hasSQLDB=false hasPersistDB=false
=== RUN   TestBuiltinMetadataConsumersStopOnFailure/withoutMount
2026/09/16 20:58:31 INFO start lazy evaluation field=Query._builtinContainer
2026/09/16 20:58:31 INFO end lazy evaluation field=Query._builtinContainer duration=138.23µs err="lookup builtin image manifest sha256:656a2d58259ab3861f78e1bced0371f00d75e10e6891cb9d71efbd807dde7d6a: content sha256:656a2d58259ab3861f78e1bced0371f00d75e10e6891cb9d71efbd807dde7d6a: not found"
2026/09/16 20:58:31 INFO discarding dagql cache without persistence hasSQLDB=false hasPersistDB=false
=== RUN   TestBuiltinMetadataConsumersStopOnFailure/directory
2026/09/16 20:58:31 INFO start lazy evaluation field=Query._builtinContainer
2026/09/16 20:58:31 INFO end lazy evaluation field=Query._builtinContainer duration=148.089µs err="lookup builtin image manifest sha256:656a2d58259ab3861f78e1bced0371f00d75e10e6891cb9d71efbd807dde7d6a: content sha256:656a2d58259ab3861f78e1bced0371f00d75e10e6891cb9d71efbd807dde7d6a: not found"
2026/09/16 20:58:31 INFO discarding dagql cache without persistence hasSQLDB=false hasPersistDB=false
=== RUN   TestBuiltinMetadataConsumersStopOnFailure/file
2026/09/16 20:58:31 INFO start lazy evaluation field=Query._builtinContainer
2026/09/16 20:58:31 INFO end lazy evaluation field=Query._builtinContainer duration=239.03µs err="lookup builtin image manifest sha256:656a2d58259ab3861f78e1bced0371f00d75e10e6891cb9d71efbd807dde7d6a: content sha256:656a2d58259ab3861f78e1bced0371f00d75e10e6891cb9d71efbd807dde7d6a: not found"
2026/09/16 20:58:31 INFO discarding dagql cache without persistence hasSQLDB=false hasPersistDB=false
=== RUN   TestBuiltinMetadataConsumersStopOnFailure/withMountedSecret
2026/09/16 20:58:31 INFO start lazy evaluation field=Query._builtinContainer
2026/09/16 20:58:31 INFO end lazy evaluation field=Query._builtinContainer duration=249.12µs err="lookup builtin image manifest sha256:656a2d58259ab3861f78e1bced0371f00d75e10e6891cb9d71efbd807dde7d6a: content sha256:656a2d58259ab3861f78e1bced0371f00d75e10e6891cb9d71efbd807dde7d6a: not found"
2026/09/16 20:58:31 INFO discarding dagql cache without persistence hasSQLDB=false hasPersistDB=false
=== RUN   TestBuiltinMetadataConsumersStopOnFailure/withUnixSocket
2026/09/16 20:58:31 INFO start lazy evaluation field=Query._builtinContainer
2026/09/16 20:58:31 INFO end lazy evaluation field=Query._builtinContainer duration=128.77µs err="lookup builtin image manifest sha256:656a2d58259ab3861f78e1bced0371f00d75e10e6891cb9d71efbd807dde7d6a: content sha256:656a2d58259ab3861f78e1bced0371f00d75e10e6891cb9d71efbd807dde7d6a: not found"
2026/09/16 20:58:31 INFO discarding dagql cache without persistence hasSQLDB=false hasPersistDB=false
=== RUN   TestBuiltinMetadataConsumersStopOnFailure/withoutUnixSocket
2026/09/16 20:58:31 INFO start lazy evaluation field=Query._builtinContainer
2026/09/16 20:58:31 INFO end lazy evaluation field=Query._builtinContainer duration=248.71µs err="lookup builtin image manifest sha256:656a2d58259ab3861f78e1bced0371f00d75e10e6891cb9d71efbd807dde7d6a: content sha256:656a2d58259ab3861f78e1bced0371f00d75e10e6891cb9d71efbd807dde7d6a: not found"
2026/09/16 20:58:31 INFO discarding dagql cache without persistence hasSQLDB=false hasPersistDB=false
=== RUN   TestBuiltinMetadataConsumersStopOnFailure/withDirectory
2026/09/16 20:58:31 INFO start lazy evaluation field=Query._builtinContainer
2026/09/16 20:58:31 INFO end lazy evaluation field=Query._builtinContainer duration=169.9µs err="lookup builtin image manifest sha256:656a2d58259ab3861f78e1bced0371f00d75e10e6891cb9d71efbd807dde7d6a: content sha256:656a2d58259ab3861f78e1bced0371f00d75e10e6891cb9d71efbd807dde7d6a: not found"
2026/09/16 20:58:31 INFO discarding dagql cache without persistence hasSQLDB=false hasPersistDB=false
=== RUN   TestBuiltinMetadataConsumersStopOnFailure/withFile
2026/09/16 20:58:31 INFO start lazy evaluation field=Query._builtinContainer
2026/09/16 20:58:31 INFO end lazy evaluation field=Query._builtinContainer duration=169.05µs err="lookup builtin image manifest sha256:656a2d58259ab3861f78e1bced0371f00d75e10e6891cb9d71efbd807dde7d6a: content sha256:656a2d58259ab3861f78e1bced0371f00d75e10e6891cb9d71efbd807dde7d6a: not found"
2026/09/16 20:58:31 INFO discarding dagql cache without persistence hasSQLDB=false hasPersistDB=false
=== RUN   TestBuiltinMetadataConsumersStopOnFailure/withFiles
2026/09/16 20:58:31 INFO start lazy evaluation field=Query._builtinContainer
2026/09/16 20:58:31 INFO end lazy evaluation field=Query._builtinContainer duration=261.01µs err="lookup builtin image manifest sha256:656a2d58259ab3861f78e1bced0371f00d75e10e6891cb9d71efbd807dde7d6a: content sha256:656a2d58259ab3861f78e1bced0371f00d75e10e6891cb9d71efbd807dde7d6a: not found"
2026/09/16 20:58:31 INFO discarding dagql cache without persistence hasSQLDB=false hasPersistDB=false
=== RUN   TestBuiltinMetadataConsumersStopOnFailure/withoutDirectory
2026/09/16 20:58:31 INFO start lazy evaluation field=Query._builtinContainer
2026/09/16 20:58:31 INFO end lazy evaluation field=Query._builtinContainer duration=74.71µs err="lookup builtin image manifest sha256:656a2d58259ab3861f78e1bced0371f00d75e10e6891cb9d71efbd807dde7d6a: content sha256:656a2d58259ab3861f78e1bced0371f00d75e10e6891cb9d71efbd807dde7d6a: not found"
2026/09/16 20:58:31 INFO discarding dagql cache without persistence hasSQLDB=false hasPersistDB=false
=== RUN   TestBuiltinMetadataConsumersStopOnFailure/withoutFile
2026/09/16 20:58:31 INFO start lazy evaluation field=Query._builtinContainer
2026/09/16 20:58:31 INFO end lazy evaluation field=Query._builtinContainer duration=300.709µs err="lookup builtin image manifest sha256:656a2d58259ab3861f78e1bced0371f00d75e10e6891cb9d71efbd807dde7d6a: content sha256:656a2d58259ab3861f78e1bced0371f00d75e10e6891cb9d71efbd807dde7d6a: not found"
2026/09/16 20:58:31 INFO discarding dagql cache without persistence hasSQLDB=false hasPersistDB=false
=== RUN   TestBuiltinMetadataConsumersStopOnFailure/withoutFiles
2026/09/16 20:58:31 INFO start lazy evaluation field=Query._builtinContainer
2026/09/16 20:58:31 INFO end lazy evaluation field=Query._builtinContainer duration=71.19µs err="lookup builtin image manifest sha256:656a2d58259ab3861f78e1bced0371f00d75e10e6891cb9d71efbd807dde7d6a: content sha256:656a2d58259ab3861f78e1bced0371f00d75e10e6891cb9d71efbd807dde7d6a: not found"
2026/09/16 20:58:31 INFO discarding dagql cache without persistence hasSQLDB=false hasPersistDB=false
=== RUN   TestBuiltinMetadataConsumersStopOnFailure/withNewFile
2026/09/16 20:58:31 INFO start lazy evaluation field=Query._builtinContainer
2026/09/16 20:58:31 INFO end lazy evaluation field=Query._builtinContainer duration=70.069µs err="lookup builtin image manifest sha256:656a2d58259ab3861f78e1bced0371f00d75e10e6891cb9d71efbd807dde7d6a: content sha256:656a2d58259ab3861f78e1bced0371f00d75e10e6891cb9d71efbd807dde7d6a: not found"
2026/09/16 20:58:31 INFO discarding dagql cache without persistence hasSQLDB=false hasPersistDB=false
=== RUN   TestBuiltinMetadataConsumersStopOnFailure/withUser
2026/09/16 20:58:31 INFO start lazy evaluation field=Query._builtinContainer
2026/09/16 20:58:31 INFO end lazy evaluation field=Query._builtinContainer duration=68.44µs err="lookup builtin image manifest sha256:656a2d58259ab3861f78e1bced0371f00d75e10e6891cb9d71efbd807dde7d6a: content sha256:656a2d58259ab3861f78e1bced0371f00d75e10e6891cb9d71efbd807dde7d6a: not found"
2026/09/16 20:58:31 INFO discarding dagql cache without persistence hasSQLDB=false hasPersistDB=false
=== RUN   TestBuiltinMetadataConsumersStopOnFailure/withEnvVariable
2026/09/16 20:58:31 INFO start lazy evaluation field=Query._builtinContainer
2026/09/16 20:58:31 INFO end lazy evaluation field=Query._builtinContainer duration=69.58µs err="lookup builtin image manifest sha256:656a2d58259ab3861f78e1bced0371f00d75e10e6891cb9d71efbd807dde7d6a: content sha256:656a2d58259ab3861f78e1bced0371f00d75e10e6891cb9d71efbd807dde7d6a: not found"
2026/09/16 20:58:31 INFO discarding dagql cache without persistence hasSQLDB=false hasPersistDB=false
=== RUN   TestBuiltinMetadataConsumersStopOnFailure/withAnnotation
2026/09/16 20:58:31 INFO start lazy evaluation field=Query._builtinContainer
2026/09/16 20:58:31 INFO end lazy evaluation field=Query._builtinContainer duration=85.62µs err="lookup builtin image manifest sha256:656a2d58259ab3861f78e1bced0371f00d75e10e6891cb9d71efbd807dde7d6a: content sha256:656a2d58259ab3861f78e1bced0371f00d75e10e6891cb9d71efbd807dde7d6a: not found"
2026/09/16 20:58:31 INFO discarding dagql cache without persistence hasSQLDB=false hasPersistDB=false
=== RUN   TestBuiltinMetadataConsumersStopOnFailure/withLabel
2026/09/16 20:58:31 INFO start lazy evaluation field=Query._builtinContainer
2026/09/16 20:58:31 INFO end lazy evaluation field=Query._builtinContainer duration=73.03µs err="lookup builtin image manifest sha256:656a2d58259ab3861f78e1bced0371f00d75e10e6891cb9d71efbd807dde7d6a: content sha256:656a2d58259ab3861f78e1bced0371f00d75e10e6891cb9d71efbd807dde7d6a: not found"
2026/09/16 20:58:31 INFO discarding dagql cache without persistence hasSQLDB=false hasPersistDB=false
=== RUN   TestBuiltinMetadataConsumersStopOnFailure/withExec
2026/09/16 20:58:31 INFO start lazy evaluation field=Query._builtinContainer
2026/09/16 20:58:31 INFO end lazy evaluation field=Query._builtinContainer duration=167.38µs err="lookup builtin image manifest sha256:656a2d58259ab3861f78e1bced0371f00d75e10e6891cb9d71efbd807dde7d6a: content sha256:656a2d58259ab3861f78e1bced0371f00d75e10e6891cb9d71efbd807dde7d6a: not found"
2026/09/16 20:58:31 INFO discarding dagql cache without persistence hasSQLDB=false hasPersistDB=false
=== RUN   TestBuiltinMetadataConsumersStopOnFailure/user
2026/09/16 20:58:31 INFO start lazy evaluation field=Query._builtinContainer
2026/09/16 20:58:31 INFO end lazy evaluation field=Query._builtinContainer duration=99.01µs err="lookup builtin image manifest sha256:656a2d58259ab3861f78e1bced0371f00d75e10e6891cb9d71efbd807dde7d6a: content sha256:656a2d58259ab3861f78e1bced0371f00d75e10e6891cb9d71efbd807dde7d6a: not found"
2026/09/16 20:58:31 INFO discarding dagql cache without persistence hasSQLDB=false hasPersistDB=false
=== RUN   TestBuiltinMetadataConsumersStopOnFailure/platform
2026/09/16 20:58:31 INFO start lazy evaluation field=Query._builtinContainer
2026/09/16 20:58:31 INFO end lazy evaluation field=Query._builtinContainer duration=112.84µs err="lookup builtin image manifest sha256:656a2d58259ab3861f78e1bced0371f00d75e10e6891cb9d71efbd807dde7d6a: content sha256:656a2d58259ab3861f78e1bced0371f00d75e10e6891cb9d71efbd807dde7d6a: not found"
2026/09/16 20:58:31 INFO discarding dagql cache without persistence hasSQLDB=false hasPersistDB=false
=== RUN   TestBuiltinMetadataConsumersStopOnFailure/healthcheck
2026/09/16 20:58:31 INFO start lazy evaluation field=Query._builtinContainer
2026/09/16 20:58:31 INFO end lazy evaluation field=Query._builtinContainer duration=95.849µs err="lookup builtin image manifest sha256:656a2d58259ab3861f78e1bced0371f00d75e10e6891cb9d71efbd807dde7d6a: content sha256:656a2d58259ab3861f78e1bced0371f00d75e10e6891cb9d71efbd807dde7d6a: not found"
2026/09/16 20:58:31 INFO discarding dagql cache without persistence hasSQLDB=false hasPersistDB=false
=== RUN   TestBuiltinMetadataConsumersStopOnFailure/cache_dynamic_input
2026/09/16 20:58:31 INFO start lazy evaluation field=Query._builtinContainer
2026/09/16 20:58:31 INFO end lazy evaluation field=Query._builtinContainer duration=89.649µs err="lookup builtin image manifest sha256:656a2d58259ab3861f78e1bced0371f00d75e10e6891cb9d71efbd807dde7d6a: content sha256:656a2d58259ab3861f78e1bced0371f00d75e10e6891cb9d71efbd807dde7d6a: not found"
2026/09/16 20:58:31 INFO discarding dagql cache without persistence hasSQLDB=false hasPersistDB=false
--- PASS: TestBuiltinMetadataConsumersStopOnFailure (0.07s)
    --- PASS: TestBuiltinMetadataConsumersStopOnFailure/from (0.00s)
    --- PASS: TestBuiltinMetadataConsumersStopOnFailure/withRootfs (0.00s)
    --- PASS: TestBuiltinMetadataConsumersStopOnFailure/rootfs (0.00s)
    --- PASS: TestBuiltinMetadataConsumersStopOnFailure/build (0.00s)
    --- PASS: TestBuiltinMetadataConsumersStopOnFailure/withSymlink (0.00s)
    --- PASS: TestBuiltinMetadataConsumersStopOnFailure/withWorkdir (0.00s)
    --- PASS: TestBuiltinMetadataConsumersStopOnFailure/withMountedDirectory (0.00s)
    --- PASS: TestBuiltinMetadataConsumersStopOnFailure/withMountedFile (0.00s)
    --- PASS: TestBuiltinMetadataConsumersStopOnFailure/withMountedCache (0.00s)
    --- PASS: TestBuiltinMetadataConsumersStopOnFailure/withMountedVolume (0.00s)
    --- PASS: TestBuiltinMetadataConsumersStopOnFailure/withMountedTemp (0.00s)
    --- PASS: TestBuiltinMetadataConsumersStopOnFailure/withoutMount (0.00s)
    --- PASS: TestBuiltinMetadataConsumersStopOnFailure/directory (0.00s)
    --- PASS: TestBuiltinMetadataConsumersStopOnFailure/file (0.00s)
    --- PASS: TestBuiltinMetadataConsumersStopOnFailure/withMountedSecret (0.00s)
    --- PASS: TestBuiltinMetadataConsumersStopOnFailure/withUnixSocket (0.00s)
    --- PASS: TestBuiltinMetadataConsumersStopOnFailure/withoutUnixSocket (0.00s)
    --- PASS: TestBuiltinMetadataConsumersStopOnFailure/withDirectory (0.00s)
    --- PASS: TestBuiltinMetadataConsumersStopOnFailure/withFile (0.00s)
    --- PASS: TestBuiltinMetadataConsumersStopOnFailure/withFiles (0.00s)
    --- PASS: TestBuiltinMetadataConsumersStopOnFailure/withoutDirectory (0.00s)
    --- PASS: TestBuiltinMetadataConsumersStopOnFailure/withoutFile (0.00s)
    --- PASS: TestBuiltinMetadataConsumersStopOnFailure/withoutFiles (0.00s)
    --- PASS: TestBuiltinMetadataConsumersStopOnFailure/withNewFile (0.00s)
    --- PASS: TestBuiltinMetadataConsumersStopOnFailure/withUser (0.00s)
    --- PASS: TestBuiltinMetadataConsumersStopOnFailure/withEnvVariable (0.00s)
    --- PASS: TestBuiltinMetadataConsumersStopOnFailure/withAnnotation (0.00s)
    --- PASS: TestBuiltinMetadataConsumersStopOnFailure/withLabel (0.00s)
    --- PASS: TestBuiltinMetadataConsumersStopOnFailure/withExec (0.00s)
    --- PASS: TestBuiltinMetadataConsumersStopOnFailure/user (0.00s)
    --- PASS: TestBuiltinMetadataConsumersStopOnFailure/platform (0.00s)
    --- PASS: TestBuiltinMetadataConsumersStopOnFailure/healthcheck (0.00s)
    --- PASS: TestBuiltinMetadataConsumersStopOnFailure/cache_dynamic_input (0.00s)
=== RUN   TestBuiltinLegacyServiceMetadata
=== RUN   TestBuiltinLegacyServiceMetadata/default_command
2026/09/16 20:58:32 INFO start lazy evaluation field=Query._builtinContainer
2026/09/16 20:58:32 INFO end lazy evaluation field=Query._builtinContainer duration=642.849µs
2026/09/16 20:58:32 INFO discarding dagql cache without persistence hasSQLDB=false hasPersistDB=false
=== RUN   TestBuiltinLegacyServiceMetadata/saved_exec_expansion
2026/09/16 20:58:32 INFO start lazy evaluation field=Query._builtinContainer
2026/09/16 20:58:32 INFO end lazy evaluation field=Query._builtinContainer duration=1.563897ms
2026/09/16 20:58:32 INFO discarding dagql cache without persistence hasSQLDB=false hasPersistDB=false
--- PASS: TestBuiltinLegacyServiceMetadata (0.06s)
    --- PASS: TestBuiltinLegacyServiceMetadata/default_command (0.03s)
    --- PASS: TestBuiltinLegacyServiceMetadata/saved_exec_expansion (0.02s)
=== RUN   TestBuiltinCacheOwnerDynamicInput
2026/09/16 20:58:32 INFO start lazy evaluation field=Query._builtinContainer
2026/09/16 20:58:32 INFO end lazy evaluation field=Query._builtinContainer duration=626.939µs
2026/09/16 20:58:32 INFO discarding dagql cache without persistence hasSQLDB=false hasPersistDB=false
--- PASS: TestBuiltinCacheOwnerDynamicInput (0.02s)
=== RUN   TestMountConstructorsOwnNoRefs
=== RUN   TestMountConstructorsOwnNoRefs/file=false/parentFirst=false
2026/09/16 20:58:32 INFO start lazy group evaluation field=Container.withMountedDirectory group=metadata
2026/09/16 20:58:32 INFO end lazy group evaluation field=Container.withMountedDirectory group=metadata duration=62.16µs
2026/09/16 20:58:32 INFO start lazy group evaluation field=Container.withMountedDirectory group=fs
2026/09/16 20:58:32 INFO end lazy group evaluation field=Container.withMountedDirectory group=fs duration=36.59µs
2026/09/16 20:58:32 INFO start lazy group evaluation field=Container.withMountedDirectory group=execMeta
2026/09/16 20:58:32 INFO end lazy group evaluation field=Container.withMountedDirectory group=execMeta duration=23.82µs
2026/09/16 20:58:32 INFO start lazy group evaluation field=Container.withMountedDirectory group=mount:/kept
2026/09/16 20:58:32 INFO end lazy group evaluation field=Container.withMountedDirectory group=mount:/kept duration=28.87µs
2026/09/16 20:58:32 INFO start lazy group evaluation field=Container.withMountedDirectory group=write
2026/09/16 20:58:32 INFO end lazy group evaluation field=Container.withMountedDirectory group=write duration=32.81µs
2026/09/16 20:58:32 INFO discarding dagql cache without persistence hasSQLDB=false hasPersistDB=false
=== RUN   TestMountConstructorsOwnNoRefs/file=false/parentFirst=true
2026/09/16 20:58:32 INFO start lazy group evaluation field=Container.withMountedDirectory group=metadata
2026/09/16 20:58:32 INFO end lazy group evaluation field=Container.withMountedDirectory group=metadata duration=53.84µs
2026/09/16 20:58:32 INFO start lazy group evaluation field=Container.withMountedDirectory group=fs
2026/09/16 20:58:32 INFO end lazy group evaluation field=Container.withMountedDirectory group=fs duration=35.89µs
2026/09/16 20:58:32 INFO start lazy group evaluation field=Container.withMountedDirectory group=execMeta
2026/09/16 20:58:32 INFO end lazy group evaluation field=Container.withMountedDirectory group=execMeta duration=21.83µs
2026/09/16 20:58:32 INFO start lazy group evaluation field=Container.withMountedDirectory group=mount:/kept
2026/09/16 20:58:32 INFO end lazy group evaluation field=Container.withMountedDirectory group=mount:/kept duration=33.9µs
2026/09/16 20:58:32 INFO start lazy group evaluation field=Container.withMountedDirectory group=write
2026/09/16 20:58:32 INFO end lazy group evaluation field=Container.withMountedDirectory group=write duration=31.01µs
2026/09/16 20:58:32 INFO discarding dagql cache without persistence hasSQLDB=false hasPersistDB=false
=== RUN   TestMountConstructorsOwnNoRefs/file=true/parentFirst=false
2026/09/16 20:58:32 INFO start lazy group evaluation field=Container.withMountedFile group=metadata
2026/09/16 20:58:32 INFO end lazy group evaluation field=Container.withMountedFile group=metadata duration=45.25µs
2026/09/16 20:58:32 INFO start lazy group evaluation field=Container.withMountedFile group=fs
2026/09/16 20:58:32 INFO end lazy group evaluation field=Container.withMountedFile group=fs duration=32.09µs
2026/09/16 20:58:32 INFO start lazy group evaluation field=Container.withMountedFile group=execMeta
2026/09/16 20:58:32 INFO end lazy group evaluation field=Container.withMountedFile group=execMeta duration=24.58µs
2026/09/16 20:58:32 INFO start lazy group evaluation field=Container.withMountedFile group=mount:/kept
2026/09/16 20:58:32 INFO end lazy group evaluation field=Container.withMountedFile group=mount:/kept duration=25.19µs
2026/09/16 20:58:32 INFO start lazy group evaluation field=Container.withMountedFile group=write
2026/09/16 20:58:32 INFO end lazy group evaluation field=Container.withMountedFile group=write duration=28.03µs
2026/09/16 20:58:32 INFO discarding dagql cache without persistence hasSQLDB=false hasPersistDB=false
=== RUN   TestMountConstructorsOwnNoRefs/file=true/parentFirst=true
2026/09/16 20:58:32 INFO start lazy group evaluation field=Container.withMountedFile group=metadata
2026/09/16 20:58:32 INFO end lazy group evaluation field=Container.withMountedFile group=metadata duration=76.07µs
2026/09/16 20:58:32 INFO start lazy group evaluation field=Container.withMountedFile group=fs
2026/09/16 20:58:32 INFO end lazy group evaluation field=Container.withMountedFile group=fs duration=34.35µs
2026/09/16 20:58:32 INFO start lazy group evaluation field=Container.withMountedFile group=execMeta
2026/09/16 20:58:32 INFO end lazy group evaluation field=Container.withMountedFile group=execMeta duration=22.94µs
2026/09/16 20:58:32 INFO start lazy group evaluation field=Container.withMountedFile group=mount:/kept
2026/09/16 20:58:32 INFO end lazy group evaluation field=Container.withMountedFile group=mount:/kept duration=23.68µs
2026/09/16 20:58:32 INFO start lazy group evaluation field=Container.withMountedFile group=write
2026/09/16 20:58:32 INFO end lazy group evaluation field=Container.withMountedFile group=write duration=24.99µs
2026/09/16 20:58:32 INFO discarding dagql cache without persistence hasSQLDB=false hasPersistDB=false
--- PASS: TestMountConstructorsOwnNoRefs (0.01s)
    --- PASS: TestMountConstructorsOwnNoRefs/file=false/parentFirst=false (0.00s)
    --- PASS: TestMountConstructorsOwnNoRefs/file=false/parentFirst=true (0.00s)
    --- PASS: TestMountConstructorsOwnNoRefs/file=true/parentFirst=false (0.00s)
    --- PASS: TestMountConstructorsOwnNoRefs/file=true/parentFirst=true (0.00s)
=== RUN   TestMountConstructionLeavesParentBytesPending
2026/09/16 20:58:32 INFO start lazy group evaluation field=test.containerImagePartsConcurrency group=metadata
2026/09/16 20:58:32 INFO end lazy group evaluation field=test.containerImagePartsConcurrency group=metadata duration=38.64µs
2026/09/16 20:58:32 INFO discarding dagql cache without persistence hasSQLDB=false hasPersistDB=false
--- PASS: TestMountConstructionLeavesParentBytesPending (0.00s)
=== RUN   TestContainerTransferPendingChild
2026/09/16 20:58:34 INFO start call field=Query.loadContainerFromID digest=xxh3:c055544e125af8eb
2026/09/16 20:58:34 INFO end call field=Query.loadContainerFromID cached=false digest=xxh3:c055544e125af8eb
2026/09/16 20:58:34 INFO start call field=Container.withEnvVariable digest=xxh3:facae2ef58910071
2026/09/16 20:58:34 INFO end call field=Container.withEnvVariable cached=false digest=xxh3:facae2ef58910071
2026/09/16 20:58:34 INFO start call field=Container.envVariable digest=xxh3:3ccb372165564256
2026/09/16 20:58:34 INFO start lazy group evaluation field=Container.withEnvVariable group=metadata
2026/09/16 20:58:34 INFO start call field=Container.workdir digest=xxh3:5cd9839dec976b6b
2026/09/16 20:58:34 INFO end lazy group evaluation field=Container.withEnvVariable group=metadata duration=802.759µs
2026/09/16 20:58:34 INFO start lazy group evaluation field=Container.withEnvVariable group=execMeta
2026/09/16 20:58:34 INFO end lazy group evaluation field=Container.withEnvVariable group=execMeta duration=718.989µs
2026/09/16 20:58:34 INFO end call field=Container.workdir cached=false digest=xxh3:5cd9839dec976b6b
2026/09/16 20:58:34 INFO end call field=Container.envVariable cached=false digest=xxh3:3ccb372165564256
2026/09/16 20:58:34 INFO start call field=Query.loadContainerFromID digest=xxh3:c055544e125af8eb
2026/09/16 20:58:34 INFO end call field=Query.loadContainerFromID cached=true digest=xxh3:c055544e125af8eb
2026/09/16 20:58:34 INFO start call field=Container.withEnvVariable digest=xxh3:facae2ef58910071
2026/09/16 20:58:34 INFO end call field=Container.withEnvVariable cached=true digest=xxh3:facae2ef58910071
2026/09/16 20:58:34 INFO start call field=Container.rootfs digest=xxh3:3b879439deabaa29
2026/09/16 20:58:34 INFO end call field=Container.rootfs cached=false digest=xxh3:3b879439deabaa29
2026/09/16 20:58:34 INFO start call field=Directory.entries digest=xxh3:7c070de203f4e5ec
2026/09/16 20:58:34 INFO start lazy evaluation field=Container.rootfs
2026/09/16 20:58:34 INFO start lazy group evaluation field=Container.withEnvVariable group=fs
2026/09/16 20:58:34 INFO end lazy group evaluation field=Container.withEnvVariable group=fs duration=2.448846ms err="imported filesystem part is unavailable: {\"part\":\"fs\"}"
2026/09/16 20:58:34 INFO end lazy evaluation field=Container.rootfs duration=2.627886ms err="imported filesystem part is unavailable: {\"part\":\"fs\"}"
2026/09/16 20:58:34 INFO end call field=Directory.entries cached=false digest=xxh3:7c070de203f4e5ec
2026/09/16 20:58:34 INFO discarding dagql cache without persistence hasSQLDB=true hasPersistDB=true
--- PASS: TestContainerTransferPendingChild (2.62s)
=== RUN   TestScratchDirectoryoperation
    directory_scratch_test.go:176: scratch recipe-json-bytes=2 native-payload-added-bytes=35 construction-scratch-calls=0
2026/09/16 20:58:34 INFO start lazy evaluation field=Query.directory
2026/09/16 20:58:34 INFO end lazy evaluation field=Query.directory duration=26.757095ms
2026/09/16 20:58:34 INFO start lazy evaluation field=Query.directory
2026/09/16 20:58:34 INFO end lazy evaluation field=Query.directory duration=32.66µs err="operation receiver: Directory snapshot already installed"
2026/09/16 20:58:34 INFO start lazy evaluation field=Query.directory
2026/09/16 20:58:34 INFO end lazy evaluation field=Query.directory duration=1.855087ms
2026/09/16 20:58:34 INFO start lazy evaluation field=Query.directory
2026/09/16 20:58:34 INFO end lazy evaluation field=Query.directory duration=1.770298ms
2026/09/16 20:58:34 INFO start lazy evaluation field=Query.directory
2026/09/16 20:58:34 INFO end lazy evaluation field=Query.directory duration=2.498527ms err="context canceled"
2026/09/16 20:58:34 INFO discarding dagql cache without persistence hasSQLDB=false hasPersistDB=false
--- PASS: TestScratchDirectoryoperation (0.06s)
=== RUN   TestScratchDirectoryAcquisition
=== RUN   TestScratchDirectoryAcquisition/cold
2026/09/16 20:58:34 INFO start lazy evaluation field=Query.directory
2026/09/16 20:58:34 INFO end lazy evaluation field=Query.directory duration=32.326468ms
    directory_scratch_test.go:339: scratch mode=cold acquisition=62.667737ms scratch-calls=1 provider-reads=0
2026/09/16 20:58:34 INFO discarding dagql cache without persistence hasSQLDB=false hasPersistDB=false
2026/09/16 20:58:34 INFO dagql pruned result resultID=1 call=Query.directory digest=xxh3:66b3e3c82e7ec924 args=[] description="dagql cache result 1" measuredSizeBytes=4096 reclaimedBytes=4096
2026/09/16 20:58:34 INFO discarding dagql cache without persistence hasSQLDB=true hasPersistDB=true
=== RUN   TestScratchDirectoryAcquisition/canonical-only
2026/09/16 20:58:35 INFO start lazy evaluation field=Query.directory
2026/09/16 20:58:35 INFO end lazy evaluation field=Query.directory duration=2.439836ms
    directory_scratch_test.go:339: scratch mode=canonical-only acquisition=28.381563ms scratch-calls=1 provider-reads=0
2026/09/16 20:58:35 INFO discarding dagql cache without persistence hasSQLDB=false hasPersistDB=false
2026/09/16 20:58:35 INFO dagql pruned result resultID=1 call=Query.directory digest=xxh3:66b3e3c82e7ec924 args=[] description="dagql cache result 1" measuredSizeBytes=4096 reclaimedBytes=4096
2026/09/16 20:58:35 INFO discarding dagql cache without persistence hasSQLDB=true hasPersistDB=true
=== RUN   TestScratchDirectoryAcquisition/warm
2026/09/16 20:58:35 INFO start lazy evaluation field=Query.directory
2026/09/16 20:58:35 INFO end lazy evaluation field=Query.directory duration=31.414958ms
    directory_scratch_test.go:339: scratch mode=warm acquisition=33.616606ms scratch-calls=0 provider-reads=0
2026/09/16 20:58:35 INFO discarding dagql cache without persistence hasSQLDB=false hasPersistDB=false
2026/09/16 20:58:35 INFO dagql pruned result resultID=2 call=Query.directory digest=xxh3:66b3e3c82e7ec924 args=[] description="dagql cache result 2" measuredSizeBytes=4096 reclaimedBytes=4096
2026/09/16 20:58:35 INFO discarding dagql cache without persistence hasSQLDB=true hasPersistDB=true
=== RUN   TestScratchDirectoryAcquisition/pending-restart
2026/09/16 20:58:35 INFO starting dagql cache close hasSQLDB=true hasPersistDB=true
2026/09/16 20:58:35 INFO marking dagql cache clean shutdown
2026/09/16 20:58:35 WARN successfully marked clean shutdown in persistence metadata
2026/09/16 20:58:35 INFO completed dagql cache close successfully
2026/09/16 20:58:35 INFO start lazy evaluation field=Query.directory
2026/09/16 20:58:35 INFO end lazy evaluation field=Query.directory duration=35.720052ms
    directory_scratch_test.go:339: scratch mode=pending-restart acquisition=295.760127ms scratch-calls=1 provider-reads=0
2026/09/16 20:58:35 INFO discarding dagql cache without persistence hasSQLDB=false hasPersistDB=false
2026/09/16 20:58:35 INFO starting dagql cache close hasSQLDB=true hasPersistDB=true
2026/09/16 20:58:35 INFO marking dagql cache clean shutdown
2026/09/16 20:58:35 WARN successfully marked clean shutdown in persistence metadata
2026/09/16 20:58:35 INFO completed dagql cache close successfully
2026/09/16 20:58:35 INFO dagql pruned result resultID=1 call=Query.directory digest=xxh3:66b3e3c82e7ec924 args=[] description="dagql cache result 1" measuredSizeBytes=4096 reclaimedBytes=4096
2026/09/16 20:58:35 INFO discarding dagql cache without persistence hasSQLDB=true hasPersistDB=true
=== RUN   TestScratchDirectoryAcquisition/manager-failure
2026/09/16 20:58:35 INFO start lazy evaluation field=Query.directory
2026/09/16 20:58:35 INFO end lazy evaluation field=Query.directory duration=69µs err="injected scratch acquisition failure"
2026/09/16 20:58:35 INFO start lazy evaluation field=Query.directory
2026/09/16 20:58:35 INFO end lazy evaluation field=Query.directory duration=35.333074ms
    directory_scratch_test.go:339: scratch mode=manager-failure acquisition=59.266262ms scratch-calls=2 provider-reads=0
2026/09/16 20:58:35 INFO discarding dagql cache without persistence hasSQLDB=false hasPersistDB=false
2026/09/16 20:58:35 INFO dagql pruned result resultID=1 call=Query.directory digest=xxh3:66b3e3c82e7ec924 args=[] description="dagql cache result 1" measuredSizeBytes=4096 reclaimedBytes=4096
2026/09/16 20:58:35 INFO discarding dagql cache without persistence hasSQLDB=true hasPersistDB=true
=== RUN   TestScratchDirectoryAcquisition/manager-canceled
2026/09/16 20:58:35 INFO start lazy evaluation field=Query.directory
2026/09/16 20:58:35 INFO end lazy evaluation field=Query.directory duration=72.66µs err="context canceled"
2026/09/16 20:58:35 INFO start lazy evaluation field=Query.directory
2026/09/16 20:58:35 INFO end lazy evaluation field=Query.directory duration=27.947173ms
    directory_scratch_test.go:339: scratch mode=manager-canceled acquisition=48.969486ms scratch-calls=2 provider-reads=0
2026/09/16 20:58:35 INFO discarding dagql cache without persistence hasSQLDB=false hasPersistDB=false
2026/09/16 20:58:35 INFO dagql pruned result resultID=1 call=Query.directory digest=xxh3:66b3e3c82e7ec924 args=[] description="dagql cache result 1" measuredSizeBytes=4096 reclaimedBytes=4096
2026/09/16 20:58:35 INFO discarding dagql cache without persistence hasSQLDB=true hasPersistDB=true
=== RUN   TestScratchDirectoryAcquisition/prepare-failure
2026/09/16 20:58:36 INFO start lazy evaluation field=Query.directory
2026/09/16 20:58:36 INFO end lazy evaluation field=Query.directory duration=24.918707ms
2026/09/16 20:58:36 INFO start lazy evaluation field=Query.directory
2026/09/16 20:58:36 INFO end lazy evaluation field=Query.directory duration=3.472736ms
    directory_scratch_test.go:339: scratch mode=prepare-failure acquisition=51.627711ms scratch-calls=2 provider-reads=0
2026/09/16 20:58:36 INFO discarding dagql cache without persistence hasSQLDB=false hasPersistDB=false
2026/09/16 20:58:36 INFO dagql pruned result resultID=1 call=Query.directory digest=xxh3:66b3e3c82e7ec924 args=[] description="dagql cache result 1" measuredSizeBytes=4096 reclaimedBytes=4096
2026/09/16 20:58:36 INFO discarding dagql cache without persistence hasSQLDB=true hasPersistDB=true
=== RUN   TestScratchDirectoryAcquisition/sync-retry
2026/09/16 20:58:36 INFO start lazy evaluation field=Query.directory
2026/09/16 20:58:36 INFO end lazy evaluation field=Query.directory duration=33.891645ms
    directory_scratch_test.go:339: scratch mode=sync-retry acquisition=59.517051ms scratch-calls=1 provider-reads=0
2026/09/16 20:58:36 INFO discarding dagql cache without persistence hasSQLDB=false hasPersistDB=false
2026/09/16 20:58:36 INFO dagql pruned result resultID=1 call=Query.directory digest=xxh3:66b3e3c82e7ec924 args=[] description="dagql cache result 1" measuredSizeBytes=4096 reclaimedBytes=4096
2026/09/16 20:58:36 INFO discarding dagql cache without persistence hasSQLDB=true hasPersistDB=true
--- PASS: TestScratchDirectoryAcquisition (1.54s)
    --- PASS: TestScratchDirectoryAcquisition/cold (0.16s)
    --- PASS: TestScratchDirectoryAcquisition/canonical-only (0.17s)
    --- PASS: TestScratchDirectoryAcquisition/warm (0.17s)
    --- PASS: TestScratchDirectoryAcquisition/pending-restart (0.44s)
    --- PASS: TestScratchDirectoryAcquisition/manager-failure (0.16s)
    --- PASS: TestScratchDirectoryAcquisition/manager-canceled (0.14s)
    --- PASS: TestScratchDirectoryAcquisition/prepare-failure (0.14s)
    --- PASS: TestScratchDirectoryAcquisition/sync-retry (0.15s)
=== RUN   TestScratchDirectoryNativeReopen
=== RUN   TestScratchDirectoryNativeReopen/pending
2026/09/16 20:58:36 INFO starting dagql cache close hasSQLDB=true hasPersistDB=true
2026/09/16 20:58:36 INFO marking dagql cache clean shutdown
2026/09/16 20:58:36 WARN successfully marked clean shutdown in persistence metadata
2026/09/16 20:58:36 INFO completed dagql cache close successfully
2026/09/16 20:58:36 INFO start lazy evaluation field=Query.directory
2026/09/16 20:58:36 INFO end lazy evaluation field=Query.directory duration=25.368706ms
2026/09/16 20:58:36 INFO starting dagql cache close hasSQLDB=true hasPersistDB=true
2026/09/16 20:58:36 INFO marking dagql cache clean shutdown
2026/09/16 20:58:36 WARN successfully marked clean shutdown in persistence metadata
2026/09/16 20:58:36 INFO completed dagql cache close successfully
2026/09/16 20:58:36 INFO start lazy evaluation field=Directory.restore
2026/09/16 20:58:36 INFO end lazy evaluation field=Directory.restore duration=386.209µs
2026/09/16 20:58:36 INFO discarding dagql cache without persistence hasSQLDB=true hasPersistDB=true
=== RUN   TestScratchDirectoryNativeReopen/evaluated
2026/09/16 20:58:36 INFO start lazy evaluation field=Query.directory
2026/09/16 20:58:36 INFO end lazy evaluation field=Query.directory duration=27.418454ms
2026/09/16 20:58:36 INFO starting dagql cache close hasSQLDB=true hasPersistDB=true
2026/09/16 20:58:36 INFO marking dagql cache clean shutdown
2026/09/16 20:58:36 WARN successfully marked clean shutdown in persistence metadata
2026/09/16 20:58:36 INFO completed dagql cache close successfully
2026/09/16 20:58:36 INFO start lazy evaluation field=Directory.restore
2026/09/16 20:58:36 INFO end lazy evaluation field=Directory.restore duration=390.249µs
2026/09/16 20:58:36 INFO starting dagql cache close hasSQLDB=true hasPersistDB=true
2026/09/16 20:58:36 INFO marking dagql cache clean shutdown
2026/09/16 20:58:36 WARN successfully marked clean shutdown in persistence metadata
2026/09/16 20:58:36 INFO completed dagql cache close successfully
2026/09/16 20:58:36 INFO start lazy evaluation field=Directory.restore
2026/09/16 20:58:36 INFO end lazy evaluation field=Directory.restore duration=362.479µs
2026/09/16 20:58:36 INFO discarding dagql cache without persistence hasSQLDB=true hasPersistDB=true
--- PASS: TestScratchDirectoryNativeReopen (0.27s)
    --- PASS: TestScratchDirectoryNativeReopen/pending (0.12s)
    --- PASS: TestScratchDirectoryNativeReopen/evaluated (0.15s)
=== RUN   TestHTTPResolvedCall
2026/09/16 20:58:36 INFO start lazy evaluation field=Query.__httpFile
2026/09/16 20:58:36 INFO end lazy evaluation field=Query.__httpFile duration=25.759446ms
2026/09/16 20:58:36 INFO start lazy evaluation field=Query.__httpFile
2026/09/16 20:58:36 INFO end lazy evaluation field=Query.__httpFile duration=17.404387ms
    http_lazy_test.go:94: HTTP requests: miss outer=1 operation=0; pending hit outer=1 operation=0; completed hit outer=1 operation=0
2026/09/16 20:58:36 INFO discarding dagql cache without persistence hasSQLDB=false hasPersistDB=false
--- PASS: TestHTTPResolvedCall (0.16s)
=== RUN   TestLazyOperationResolverCleanup
=== RUN   TestLazyOperationResolverCleanup/ref_wrapping
=== RUN   TestLazyOperationResolverCleanup/ref_digest
=== RUN   TestLazyOperationResolverCleanup/commit_wrapping
2026/09/16 20:58:36 INFO discarding dagql cache without persistence hasSQLDB=false hasPersistDB=false
--- PASS: TestLazyOperationResolverCleanup (0.00s)
    --- PASS: TestLazyOperationResolverCleanup/ref_wrapping (0.00s)
    --- PASS: TestLazyOperationResolverCleanup/ref_digest (0.00s)
    --- PASS: TestLazyOperationResolverCleanup/commit_wrapping (0.00s)
=== RUN   TestLazyOperationResolverOutputCleanup
=== RUN   TestLazyOperationResolverOutputCleanup/scratch_wrapping
2026/09/16 20:58:36 INFO discarding dagql cache without persistence hasSQLDB=false hasPersistDB=false
=== RUN   TestLazyOperationResolverOutputCleanup/http_state_sync
2026/09/16 20:58:36 INFO discarding dagql cache without persistence hasSQLDB=false hasPersistDB=false
=== RUN   TestLazyOperationResolverOutputCleanup/schema_wrapping
2026/09/16 20:58:36 INFO discarding dagql cache without persistence hasSQLDB=false hasPersistDB=false
=== RUN   TestLazyOperationResolverOutputCleanup/builtin_wrapping
2026/09/16 20:58:36 INFO discarding dagql cache without persistence hasSQLDB=false hasPersistDB=false
=== RUN   TestLazyOperationResolverOutputCleanup/bundle_wrapping
2026/09/16 20:58:36 INFO discarding dagql cache without persistence hasSQLDB=false hasPersistDB=false
--- PASS: TestLazyOperationResolverOutputCleanup (0.06s)
    --- PASS: TestLazyOperationResolverOutputCleanup/scratch_wrapping (0.00s)
    --- PASS: TestLazyOperationResolverOutputCleanup/http_state_sync (0.00s)
    --- PASS: TestLazyOperationResolverOutputCleanup/schema_wrapping (0.01s)
    --- PASS: TestLazyOperationResolverOutputCleanup/builtin_wrapping (0.02s)
    --- PASS: TestLazyOperationResolverOutputCleanup/bundle_wrapping (0.03s)
=== RUN   TestLazyOperationResolverCapture
=== RUN   TestLazyOperationResolverCapture/scratch_wrapping
2026/09/16 20:58:36 INFO discarding dagql cache without persistence hasSQLDB=false hasPersistDB=false
=== RUN   TestLazyOperationResolverCapture/http_state_sync
2026/09/16 20:58:36 INFO discarding dagql cache without persistence hasSQLDB=false hasPersistDB=false
=== RUN   TestLazyOperationResolverCapture/schema_wrapping
2026/09/16 20:58:36 INFO discarding dagql cache without persistence hasSQLDB=false hasPersistDB=false
=== RUN   TestLazyOperationResolverCapture/builtin_wrapping
2026/09/16 20:58:36 INFO discarding dagql cache without persistence hasSQLDB=false hasPersistDB=false
=== RUN   TestLazyOperationResolverCapture/bundle_wrapping
2026/09/16 20:58:36 INFO discarding dagql cache without persistence hasSQLDB=false hasPersistDB=false
=== RUN   TestLazyOperationResolverCapture/gitCleaned
2026/09/16 20:58:36 INFO start lazy evaluation field=GitRepository.__cleaned
2026/09/16 20:58:36 INFO end lazy evaluation field=GitRepository.__cleaned duration=15.528169ms
2026/09/16 20:58:36 INFO discarding dagql cache without persistence hasSQLDB=false hasPersistDB=false
=== RUN   TestLazyOperationResolverCapture/gitTree
2026/09/16 20:58:36 INFO start lazy evaluation field=GitRef.tree
2026/09/16 20:58:36 INFO end lazy evaluation field=GitRef.tree duration=71.308515ms
2026/09/16 20:58:36 INFO discarding dagql cache without persistence hasSQLDB=false hasPersistDB=false
=== RUN   TestLazyOperationResolverCapture/gitCommitTree
2026/09/16 20:58:37 INFO start lazy evaluation field=GitCommit.tree
2026/09/16 20:58:37 INFO end lazy evaluation field=GitCommit.tree duration=62.405238ms
2026/09/16 20:58:37 INFO discarding dagql cache without persistence hasSQLDB=false hasPersistDB=false
--- PASS: TestLazyOperationResolverCapture (0.27s)
    --- PASS: TestLazyOperationResolverCapture/scratch_wrapping (0.00s)
    --- PASS: TestLazyOperationResolverCapture/http_state_sync (0.01s)
    --- PASS: TestLazyOperationResolverCapture/schema_wrapping (0.01s)
    --- PASS: TestLazyOperationResolverCapture/builtin_wrapping (0.02s)
    --- PASS: TestLazyOperationResolverCapture/bundle_wrapping (0.02s)
    --- PASS: TestLazyOperationResolverCapture/gitCleaned (0.04s)
    --- PASS: TestLazyOperationResolverCapture/gitTree (0.09s)
    --- PASS: TestLazyOperationResolverCapture/gitCommitTree (0.08s)
=== RUN   TestSchemaFileLazy
2026/09/16 20:58:37 INFO starting dagql cache close hasSQLDB=true hasPersistDB=true
2026/09/16 20:58:37 INFO marking dagql cache clean shutdown
2026/09/16 20:58:37 WARN successfully marked clean shutdown in persistence metadata
2026/09/16 20:58:37 INFO completed dagql cache close successfully
2026/09/16 20:58:37 INFO start lazy evaluation field=File.blob
2026/09/16 20:58:37 INFO end lazy evaluation field=File.blob duration=46.204258ms
    query_lazy_test.go:75: schema bytes=8120 pending payload bytes=10961 scratch calls before first use=0 after first use=1
2026/09/16 20:58:37 INFO discarding dagql cache without persistence hasSQLDB=true hasPersistDB=true
--- PASS: TestSchemaFileLazy (0.17s)
=== CONT  TestWithImageConfigMetadataRejectsInvalidHealthcheckJSON
--- PASS: TestWithImageConfigMetadataRejectsInvalidHealthcheckJSON (0.00s)
=== CONT  TestWithImageConfigMetadataMutatesContainerConfig
--- PASS: TestWithImageConfigMetadataMutatesContainerConfig (0.00s)
=== CONT  TestCloneContainerForSchemaChildDisablesFromContentDigest
2026/09/16 20:58:37 INFO discarding dagql cache without persistence hasSQLDB=false hasPersistDB=false
--- PASS: TestCloneContainerForSchemaChildDisablesFromContentDigest (0.00s)
PASS
ok  	github.com/dagger/dagger/core/schema	8.241s
