=== RUN   TestGitResolvedFrames
=== RUN   TestGitResolvedFrames/head
2026/09/16 20:30:42 INFO discarding dagql cache without persistence hasSQLDB=false hasPersistDB=false
=== RUN   TestGitResolvedFrames/detached
2026/09/16 20:30:42 INFO discarding dagql cache without persistence hasSQLDB=false hasPersistDB=false
=== RUN   TestGitResolvedFrames/branch
2026/09/16 20:30:42 INFO discarding dagql cache without persistence hasSQLDB=false hasPersistDB=false
=== RUN   TestGitResolvedFrames/tag
2026/09/16 20:30:42 INFO discarding dagql cache without persistence hasSQLDB=false hasPersistDB=false
=== RUN   TestGitResolvedFrames/ref
2026/09/16 20:30:42 INFO discarding dagql cache without persistence hasSQLDB=false hasPersistDB=false
=== RUN   TestGitResolvedFrames/legacy
    git_lazy_test.go:67: 
        	Error Trace:	/home/exedev/.tailcall/worktrees/dagger-a7378ed8352b/remote-cache-b4-acquisition-implementer-a22b8169-585bbf9d/core/schema/git_lazy_test.go:67
        	Error:      	Received unexpected error:
        	            	invalid commit SHA: "main"
        	Test:       	TestGitResolvedFrames/legacy
2026/09/16 20:30:42 INFO discarding dagql cache without persistence hasSQLDB=false hasPersistDB=false
=== RUN   TestGitResolvedFrames/latest
2026/09/16 20:30:42 INFO discarding dagql cache without persistence hasSQLDB=false hasPersistDB=false
=== RUN   TestGitResolvedFrames/override
2026/09/16 20:30:42 INFO discarding dagql cache without persistence hasSQLDB=false hasPersistDB=false
=== RUN   TestGitResolvedFrames/fixed
2026/09/16 20:30:42 INFO discarding dagql cache without persistence hasSQLDB=false hasPersistDB=false
=== RUN   TestGitResolvedFrames/internal
2026/09/16 20:30:42 INFO discarding dagql cache without persistence hasSQLDB=false hasPersistDB=false
--- FAIL: TestGitResolvedFrames (0.04s)
    --- PASS: TestGitResolvedFrames/head (0.01s)
    --- PASS: TestGitResolvedFrames/detached (0.01s)
    --- PASS: TestGitResolvedFrames/branch (0.00s)
    --- PASS: TestGitResolvedFrames/tag (0.00s)
    --- PASS: TestGitResolvedFrames/ref (0.00s)
    --- FAIL: TestGitResolvedFrames/legacy (0.00s)
    --- PASS: TestGitResolvedFrames/latest (0.00s)
    --- PASS: TestGitResolvedFrames/override (0.00s)
    --- PASS: TestGitResolvedFrames/fixed (0.00s)
    --- PASS: TestGitResolvedFrames/internal (0.00s)
=== RUN   TestLazyOperationResolverOutputCleanup
=== RUN   TestLazyOperationResolverOutputCleanup/scratch_wrapping
2026/09/16 20:30:42 INFO discarding dagql cache without persistence hasSQLDB=false hasPersistDB=false
=== RUN   TestLazyOperationResolverOutputCleanup/http_state_sync
2026/09/16 20:30:42 INFO discarding dagql cache without persistence hasSQLDB=false hasPersistDB=false
=== RUN   TestLazyOperationResolverOutputCleanup/schema_wrapping
2026/09/16 20:30:42 INFO discarding dagql cache without persistence hasSQLDB=false hasPersistDB=false
=== RUN   TestLazyOperationResolverOutputCleanup/builtin_wrapping
2026/09/16 20:30:42 INFO discarding dagql cache without persistence hasSQLDB=false hasPersistDB=false
=== RUN   TestLazyOperationResolverOutputCleanup/bundle_wrapping
2026/09/16 20:30:42 INFO discarding dagql cache without persistence hasSQLDB=false hasPersistDB=false
--- PASS: TestLazyOperationResolverOutputCleanup (0.07s)
    --- PASS: TestLazyOperationResolverOutputCleanup/scratch_wrapping (0.00s)
    --- PASS: TestLazyOperationResolverOutputCleanup/http_state_sync (0.01s)
    --- PASS: TestLazyOperationResolverOutputCleanup/schema_wrapping (0.01s)
    --- PASS: TestLazyOperationResolverOutputCleanup/builtin_wrapping (0.02s)
    --- PASS: TestLazyOperationResolverOutputCleanup/bundle_wrapping (0.03s)
=== RUN   TestLazyOperationResolverCapture
=== RUN   TestLazyOperationResolverCapture/scratch_wrapping
2026/09/16 20:30:42 INFO discarding dagql cache without persistence hasSQLDB=false hasPersistDB=false
=== RUN   TestLazyOperationResolverCapture/http_state_sync
2026/09/16 20:30:42 INFO discarding dagql cache without persistence hasSQLDB=false hasPersistDB=false
=== RUN   TestLazyOperationResolverCapture/schema_wrapping
2026/09/16 20:30:42 INFO discarding dagql cache without persistence hasSQLDB=false hasPersistDB=false
=== RUN   TestLazyOperationResolverCapture/builtin_wrapping
2026/09/16 20:30:42 INFO discarding dagql cache without persistence hasSQLDB=false hasPersistDB=false
=== RUN   TestLazyOperationResolverCapture/bundle_wrapping
2026/09/16 20:30:42 INFO discarding dagql cache without persistence hasSQLDB=false hasPersistDB=false
=== RUN   TestLazyOperationResolverCapture/gitCleaned
2026/09/16 20:30:42 INFO start lazy evaluation field=GitRepository.__cleaned
2026/09/16 20:30:42 INFO end lazy evaluation field=GitRepository.__cleaned duration=18.768776ms
2026/09/16 20:30:42 INFO discarding dagql cache without persistence hasSQLDB=false hasPersistDB=false
=== RUN   TestLazyOperationResolverCapture/gitTree
2026/09/16 20:30:42 INFO start lazy evaluation field=GitRef.tree
2026/09/16 20:30:42 INFO end lazy evaluation field=GitRef.tree duration=84.880588ms
2026/09/16 20:30:42 INFO discarding dagql cache without persistence hasSQLDB=false hasPersistDB=false
=== RUN   TestLazyOperationResolverCapture/gitCommitTree
2026/09/16 20:30:42 INFO start lazy evaluation field=GitCommit.tree
2026/09/16 20:30:42 INFO end lazy evaluation field=GitCommit.tree duration=72.357581ms
2026/09/16 20:30:42 INFO discarding dagql cache without persistence hasSQLDB=false hasPersistDB=false
--- PASS: TestLazyOperationResolverCapture (0.32s)
    --- PASS: TestLazyOperationResolverCapture/scratch_wrapping (0.00s)
    --- PASS: TestLazyOperationResolverCapture/http_state_sync (0.01s)
    --- PASS: TestLazyOperationResolverCapture/schema_wrapping (0.01s)
    --- PASS: TestLazyOperationResolverCapture/builtin_wrapping (0.02s)
    --- PASS: TestLazyOperationResolverCapture/bundle_wrapping (0.03s)
    --- PASS: TestLazyOperationResolverCapture/gitCleaned (0.05s)
    --- PASS: TestLazyOperationResolverCapture/gitTree (0.11s)
    --- PASS: TestLazyOperationResolverCapture/gitCommitTree (0.10s)
=== RUN   TestSchemaFileLazy
2026/09/16 20:30:43 INFO starting dagql cache close hasSQLDB=true hasPersistDB=true
2026/09/16 20:30:43 INFO marking dagql cache clean shutdown
2026/09/16 20:30:43 WARN successfully marked clean shutdown in persistence metadata
2026/09/16 20:30:43 INFO completed dagql cache close successfully
2026/09/16 20:30:43 INFO start lazy evaluation field=File.blob
2026/09/16 20:30:43 INFO end lazy evaluation field=File.blob duration=37.838223ms
    query_lazy_test.go:75: schema bytes=8120 pending payload bytes=10961 scratch calls before first use=0 after first use=1
2026/09/16 20:30:43 INFO discarding dagql cache without persistence hasSQLDB=true hasPersistDB=true
--- PASS: TestSchemaFileLazy (0.17s)
FAIL
FAIL	github.com/dagger/dagger/core/schema	1.025s
FAIL
