=== RUN   TestContainerDirectEvaluateRunsRefinedGroups
=== PAUSE TestContainerDirectEvaluateRunsRefinedGroups
=== RUN   TestContainerConcurrentGroupCompletionRetainsLazy
=== PAUSE TestContainerConcurrentGroupCompletionRetainsLazy
=== RUN   TestContainerRoutingReadsRaceRefinedCompletion
=== PAUSE TestContainerRoutingReadsRaceRefinedCompletion
=== RUN   TestContainerRoutingReadsRaceUnrefinedCompletion
=== PAUSE TestContainerRoutingReadsRaceUnrefinedCompletion
=== RUN   TestCapturePersistedFilesystemDirectEvaluation
=== RUN   TestCapturePersistedFilesystemDirectEvaluation/File
2026/09/16 21:05:27 INFO start lazy evaluation field=File
2026/09/16 21:05:27 INFO end lazy evaluation field=File duration=204.239µs
    filesystem_capture_test.go:45: capture while File operation body latch held: err=capture persisted record 2: persist state not ready: filesystem body in use payload=
2026/09/16 21:05:27 INFO discarding dagql cache without persistence hasSQLDB=true hasPersistDB=true
=== RUN   TestCapturePersistedFilesystemDirectEvaluation/Directory
2026/09/16 21:05:27 INFO start lazy evaluation field=Directory
2026/09/16 21:05:27 INFO end lazy evaluation field=Directory duration=80.95µs
    filesystem_capture_test.go:45: capture while Directory operation body latch held: err=capture persisted record 2: persist state not ready: filesystem body in use payload=
2026/09/16 21:05:27 INFO discarding dagql cache without persistence hasSQLDB=true hasPersistDB=true
--- PASS: TestCapturePersistedFilesystemDirectEvaluation (0.12s)
    --- PASS: TestCapturePersistedFilesystemDirectEvaluation/File (0.09s)
    --- PASS: TestCapturePersistedFilesystemDirectEvaluation/Directory (0.03s)
=== RUN   TestFilesystemPersistenceRetainsBodyLatch
=== RUN   TestFilesystemPersistenceRetainsBodyLatch/File
=== RUN   TestFilesystemPersistenceRetainsBodyLatch/Directory
--- PASS: TestFilesystemPersistenceRetainsBodyLatch (0.00s)
    --- PASS: TestFilesystemPersistenceRetainsBodyLatch/File (0.00s)
    --- PASS: TestFilesystemPersistenceRetainsBodyLatch/Directory (0.00s)
=== RUN   TestPartAcquisitionRootRoutes
=== RUN   TestPartAcquisitionRootRoutes/ready
    part_acquisition_test.go:190: route=ready latency=22.07886ms pins=1 owner-sync-attempts=1 private-bodies=0
2026/09/16 21:05:27 INFO discarding dagql cache without persistence hasSQLDB=true hasPersistDB=true
2026/09/16 21:05:27 INFO discarding dagql cache without persistence hasSQLDB=true hasPersistDB=true
=== RUN   TestPartAcquisitionRootRoutes/chain
2026/09/16 21:05:27 INFO start lazy evaluation field=File.blob
2026/09/16 21:05:27 INFO end lazy evaluation field=File.blob duration=33.455425ms
    part_acquisition_test.go:190: route=chain latency=91.235277ms pins=1 owner-sync-attempts=1 private-bodies=0
2026/09/16 21:05:27 INFO discarding dagql cache without persistence hasSQLDB=true hasPersistDB=true
2026/09/16 21:05:27 INFO discarding dagql cache without persistence hasSQLDB=true hasPersistDB=true
=== RUN   TestPartAcquisitionRootRoutes/chain-sync-retry
2026/09/16 21:05:27 INFO start lazy evaluation field=File.blob
2026/09/16 21:05:27 INFO end lazy evaluation field=File.blob duration=32.051576ms
    part_acquisition_test.go:190: route=chain-sync-retry latency=86.197753ms pins=1 owner-sync-attempts=2 private-bodies=0
2026/09/16 21:05:27 INFO discarding dagql cache without persistence hasSQLDB=true hasPersistDB=true
2026/09/16 21:05:27 INFO discarding dagql cache without persistence hasSQLDB=true hasPersistDB=true
=== RUN   TestPartAcquisitionRootRoutes/chain-sync-restart
2026/09/16 21:05:28 INFO start lazy evaluation field=File.blob
2026/09/16 21:05:28 INFO end lazy evaluation field=File.blob duration=33.819704ms
2026/09/16 21:05:28 INFO starting dagql cache close hasSQLDB=true hasPersistDB=true
2026/09/16 21:05:28 INFO marking dagql cache clean shutdown
2026/09/16 21:05:28 WARN successfully marked clean shutdown in persistence metadata
2026/09/16 21:05:28 INFO completed dagql cache close successfully
    part_acquisition_test.go:190: route=chain-sync-restart latency=119.872807ms pins=0 owner-sync-attempts=1 private-bodies=0
2026/09/16 21:05:28 INFO discarding dagql cache without persistence hasSQLDB=true hasPersistDB=true
2026/09/16 21:05:28 INFO discarding dagql cache without persistence hasSQLDB=true hasPersistDB=true
=== RUN   TestPartAcquisitionRootRoutes/chain-pin-release-retry
2026/09/16 21:05:28 INFO start lazy evaluation field=File.blob
2026/09/16 21:05:28 INFO end lazy evaluation field=File.blob duration=41.689304ms
    part_acquisition_test.go:190: route=chain-pin-release-retry latency=81.328211ms pins=1 owner-sync-attempts=1 private-bodies=0
2026/09/16 21:05:28 INFO discarding dagql cache without persistence hasSQLDB=true hasPersistDB=true
2026/09/16 21:05:28 INFO discarding dagql cache without persistence hasSQLDB=true hasPersistDB=true
=== RUN   TestPartAcquisitionRootRoutes/chain-fallback
2026/09/16 21:05:28 INFO start lazy evaluation field=File.blob
2026/09/16 21:05:28 INFO end lazy evaluation field=File.blob duration=34.326233ms
2026/09/16 21:05:28 INFO start lazy evaluation field=File.blob
2026/09/16 21:05:28 INFO end lazy evaluation field=File.blob duration=37.05785ms
    part_acquisition_test.go:190: route=chain-fallback latency=91.952925ms pins=1 owner-sync-attempts=1 private-bodies=1
2026/09/16 21:05:29 INFO discarding dagql cache without persistence hasSQLDB=true hasPersistDB=true
2026/09/16 21:05:29 INFO discarding dagql cache without persistence hasSQLDB=true hasPersistDB=true
=== RUN   TestPartAcquisitionRootRoutes/chain-fallback-operation-failure
2026/09/16 21:05:29 INFO start lazy evaluation field=File.blob
2026/09/16 21:05:29 INFO end lazy evaluation field=File.blob duration=28.212861ms
2026/09/16 21:05:29 INFO start lazy evaluation field=File.blob
2026/09/16 21:05:29 INFO end lazy evaluation field=File.blob duration=20.383562ms err="create blob snapshot: private operation failed"
2026/09/16 21:05:29 INFO discarding dagql cache without persistence hasSQLDB=true hasPersistDB=true
2026/09/16 21:05:29 INFO discarding dagql cache without persistence hasSQLDB=true hasPersistDB=true
=== RUN   TestPartAcquisitionRootRoutes/operation
2026/09/16 21:05:29 INFO start lazy evaluation field=File.blob
2026/09/16 21:05:29 INFO end lazy evaluation field=File.blob duration=42.755732ms
    part_acquisition_test.go:190: route=operation latency=61.035457ms pins=1 owner-sync-attempts=1 private-bodies=1
2026/09/16 21:05:29 INFO discarding dagql cache without persistence hasSQLDB=true hasPersistDB=true
2026/09/16 21:05:29 INFO discarding dagql cache without persistence hasSQLDB=true hasPersistDB=true
--- PASS: TestPartAcquisitionRootRoutes (2.34s)
    --- PASS: TestPartAcquisitionRootRoutes/ready (0.21s)
    --- PASS: TestPartAcquisitionRootRoutes/chain (0.32s)
    --- PASS: TestPartAcquisitionRootRoutes/chain-sync-retry (0.33s)
    --- PASS: TestPartAcquisitionRootRoutes/chain-sync-restart (0.38s)
    --- PASS: TestPartAcquisitionRootRoutes/chain-pin-release-retry (0.32s)
    --- PASS: TestPartAcquisitionRootRoutes/chain-fallback (0.35s)
    --- PASS: TestPartAcquisitionRootRoutes/chain-fallback-operation-failure (0.25s)
    --- PASS: TestPartAcquisitionRootRoutes/operation (0.18s)
=== RUN   TestPartContainerMixedRestart
2026/09/16 21:05:29 INFO starting dagql cache close hasSQLDB=true hasPersistDB=true
2026/09/16 21:05:29 INFO marking dagql cache clean shutdown
2026/09/16 21:05:29 WARN successfully marked clean shutdown in persistence metadata
2026/09/16 21:05:29 INFO completed dagql cache close successfully
2026/09/16 21:05:29 INFO discarding dagql cache without persistence hasSQLDB=true hasPersistDB=true
2026/09/16 21:05:29 INFO discarding dagql cache without persistence hasSQLDB=true hasPersistDB=true
--- PASS: TestPartContainerMixedRestart (0.42s)
=== RUN   TestPartMountReceiverRoles
2026/09/16 21:05:30 INFO discarding dagql cache without persistence hasSQLDB=false hasPersistDB=false
2026/09/16 21:05:30 INFO discarding dagql cache without persistence hasSQLDB=false hasPersistDB=false
--- PASS: TestPartMountReceiverRoles (0.17s)
=== RUN   TestPartPrivateWholeBuiltin
2026/09/16 21:05:30 INFO start lazy evaluation field=Query._builtinContainer
2026/09/16 21:05:30 INFO end lazy evaluation field=Query._builtinContainer duration=66.41056ms
2026/09/16 21:05:30 INFO discarding dagql cache without persistence hasSQLDB=false hasPersistDB=false
--- PASS: TestPartPrivateWholeBuiltin (0.15s)
=== RUN   TestPartFixtureReleaseObserverPrivateFS
--- PASS: TestPartFixtureReleaseObserverPrivateFS (0.00s)
=== RUN   TestPartDelegationMountRoles
=== RUN   TestPartDelegationMountRoles/shifted-role
2026/09/16 21:05:30 INFO discarding dagql cache without persistence hasSQLDB=false hasPersistDB=false
2026/09/16 21:05:30 INFO discarding dagql cache without persistence hasSQLDB=false hasPersistDB=false
2026/09/16 21:05:30 INFO discarding dagql cache without persistence hasSQLDB=false hasPersistDB=false
=== RUN   TestPartDelegationMountRoles/wrong-kind
2026/09/16 21:05:30 INFO discarding dagql cache without persistence hasSQLDB=false hasPersistDB=false
2026/09/16 21:05:30 INFO discarding dagql cache without persistence hasSQLDB=false hasPersistDB=false
--- PASS: TestPartDelegationMountRoles (0.53s)
    --- PASS: TestPartDelegationMountRoles/shifted-role (0.37s)
    --- PASS: TestPartDelegationMountRoles/wrong-kind (0.16s)
=== RUN   TestPartDelegationPureRoutes
=== RUN   TestPartDelegationPureRoutes/withWorkdir
=== RUN   TestPartDelegationPureRoutes/withEnvVariable
=== RUN   TestPartDelegationPureRoutes/withoutDefaultArgs
=== RUN   TestPartDelegationPureRoutes/__withSystemEnvVariable
=== RUN   TestPartDelegationPureRoutes/withEntrypoint
=== RUN   TestPartDelegationPureRoutes/withMountedCache
=== RUN   TestPartDelegationPureRoutes/withoutMount
=== RUN   TestPartDelegationPureRoutes/withUnixSocket
=== RUN   TestPartDelegationPureRoutes/withoutUnixSocket
=== RUN   TestPartDelegationPureRoutes/withoutEnvVariable
--- PASS: TestPartDelegationPureRoutes (0.03s)
    --- PASS: TestPartDelegationPureRoutes/withWorkdir (0.00s)
    --- PASS: TestPartDelegationPureRoutes/withEnvVariable (0.00s)
    --- PASS: TestPartDelegationPureRoutes/withoutDefaultArgs (0.00s)
    --- PASS: TestPartDelegationPureRoutes/__withSystemEnvVariable (0.00s)
    --- PASS: TestPartDelegationPureRoutes/withEntrypoint (0.00s)
    --- PASS: TestPartDelegationPureRoutes/withMountedCache (0.00s)
    --- PASS: TestPartDelegationPureRoutes/withoutMount (0.00s)
    --- PASS: TestPartDelegationPureRoutes/withUnixSocket (0.00s)
    --- PASS: TestPartDelegationPureRoutes/withoutUnixSocket (0.00s)
    --- PASS: TestPartDelegationPureRoutes/withoutEnvVariable (0.00s)
=== RUN   TestPartDelegationRealStore
=== RUN   TestPartDelegationRealStore/ready-parent
2026/09/16 21:05:30 INFO discarding dagql cache without persistence hasSQLDB=true hasPersistDB=true
2026/09/16 21:05:30 INFO discarding dagql cache without persistence hasSQLDB=false hasPersistDB=false
=== RUN   TestPartDelegationRealStore/pending-parent
2026/09/16 21:05:31 INFO discarding dagql cache without persistence hasSQLDB=true hasPersistDB=true
2026/09/16 21:05:31 INFO discarding dagql cache without persistence hasSQLDB=false hasPersistDB=false
=== RUN   TestPartDelegationRealStore/sync-retry
2026/09/16 21:05:31 INFO discarding dagql cache without persistence hasSQLDB=true hasPersistDB=true
2026/09/16 21:05:31 INFO discarding dagql cache without persistence hasSQLDB=false hasPersistDB=false
=== RUN   TestPartDelegationRealStore/native-restart
=== RUN   TestPartDelegationRealStore/native-restart/1
2026/09/16 21:05:31 INFO starting dagql cache close hasSQLDB=true hasPersistDB=true
2026/09/16 21:05:31 INFO marking dagql cache clean shutdown
2026/09/16 21:05:31 WARN successfully marked clean shutdown in persistence metadata
2026/09/16 21:05:31 INFO completed dagql cache close successfully
    part_delegation_test.go:289: native delegation depth=1 bookkeeping latency=13.156381ms pins=1 owner-syncs=1 independent-accessor-refs=1
2026/09/16 21:05:31 INFO discarding dagql cache without persistence hasSQLDB=true hasPersistDB=true
=== RUN   TestPartDelegationRealStore/native-restart/8
2026/09/16 21:05:31 INFO starting dagql cache close hasSQLDB=true hasPersistDB=true
2026/09/16 21:05:31 INFO marking dagql cache clean shutdown
2026/09/16 21:05:31 WARN successfully marked clean shutdown in persistence metadata
2026/09/16 21:05:31 INFO completed dagql cache close successfully
    part_delegation_test.go:289: native delegation depth=8 bookkeeping latency=147.17802ms pins=8 owner-syncs=8 independent-accessor-refs=8
2026/09/16 21:05:31 INFO discarding dagql cache without persistence hasSQLDB=true hasPersistDB=true
=== RUN   TestPartDelegationRealStore/native-restart/32
2026/09/16 21:05:32 INFO starting dagql cache close hasSQLDB=true hasPersistDB=true
2026/09/16 21:05:32 INFO marking dagql cache clean shutdown
2026/09/16 21:05:32 WARN successfully marked clean shutdown in persistence metadata
2026/09/16 21:05:32 INFO completed dagql cache close successfully
    part_delegation_test.go:289: native delegation depth=32 bookkeeping latency=640.705342ms pins=32 owner-syncs=32 independent-accessor-refs=32
2026/09/16 21:05:32 INFO discarding dagql cache without persistence hasSQLDB=true hasPersistDB=true
2026/09/16 21:05:32 INFO discarding dagql cache without persistence hasSQLDB=false hasPersistDB=false
=== RUN   TestPartDelegationRealStore/ready-parent-over-chain
2026/09/16 21:05:33 INFO discarding dagql cache without persistence hasSQLDB=true hasPersistDB=true
2026/09/16 21:05:33 INFO discarding dagql cache without persistence hasSQLDB=false hasPersistDB=false
=== RUN   TestPartDelegationRealStore/ordinary-ready-tie
2026/09/16 21:05:33 INFO discarding dagql cache without persistence hasSQLDB=true hasPersistDB=true
2026/09/16 21:05:33 INFO discarding dagql cache without persistence hasSQLDB=false hasPersistDB=false
=== RUN   TestPartDelegationRealStore/child-chain-first
2026/09/16 21:05:33 INFO discarding dagql cache without persistence hasSQLDB=true hasPersistDB=true
2026/09/16 21:05:33 INFO discarding dagql cache without persistence hasSQLDB=false hasPersistDB=false
=== RUN   TestPartDelegationRealStore/late-child
2026/09/16 21:05:34 INFO discarding dagql cache without persistence hasSQLDB=true hasPersistDB=true
2026/09/16 21:05:34 INFO discarding dagql cache without persistence hasSQLDB=false hasPersistDB=false
=== RUN   TestPartDelegationRealStore/child-and-parent-failure
2026/09/16 21:05:34 INFO discarding dagql cache without persistence hasSQLDB=true hasPersistDB=true
2026/09/16 21:05:34 INFO discarding dagql cache without persistence hasSQLDB=false hasPersistDB=false
--- PASS: TestPartDelegationRealStore (3.62s)
    --- PASS: TestPartDelegationRealStore/ready-parent (0.22s)
    --- PASS: TestPartDelegationRealStore/pending-parent (0.33s)
    --- PASS: TestPartDelegationRealStore/sync-retry (0.25s)
    --- PASS: TestPartDelegationRealStore/native-restart (1.19s)
        --- PASS: TestPartDelegationRealStore/native-restart/1 (0.09s)
        --- PASS: TestPartDelegationRealStore/native-restart/8 (0.25s)
        --- PASS: TestPartDelegationRealStore/native-restart/32 (0.81s)
    --- PASS: TestPartDelegationRealStore/ready-parent-over-chain (0.31s)
    --- PASS: TestPartDelegationRealStore/ordinary-ready-tie (0.32s)
    --- PASS: TestPartDelegationRealStore/child-chain-first (0.27s)
    --- PASS: TestPartDelegationRealStore/late-child (0.44s)
    --- PASS: TestPartDelegationRealStore/child-and-parent-failure (0.27s)
=== RUN   TestPartFilesystemPublicationRoles
=== RUN   TestPartFilesystemPublicationRoles/File
    part_filesystem_race_test.go:144: File coherent tuple/role samples=284 publications=2048
2026/09/16 21:05:34 INFO discarding dagql cache without persistence hasSQLDB=false hasPersistDB=false
=== RUN   TestPartFilesystemPublicationRoles/Directory
    part_filesystem_race_test.go:144: Directory coherent tuple/role samples=300 publications=2048
2026/09/16 21:05:34 INFO discarding dagql cache without persistence hasSQLDB=false hasPersistDB=false
--- PASS: TestPartFilesystemPublicationRoles (0.57s)
    --- PASS: TestPartFilesystemPublicationRoles/File (0.30s)
    --- PASS: TestPartFilesystemPublicationRoles/Directory (0.27s)
=== RUN   TestPartInlineAddress
=== RUN   TestPartInlineAddress/sequential
2026/09/16 21:05:35 INFO starting dagql cache close hasSQLDB=true hasPersistDB=true
2026/09/16 21:05:35 INFO marking dagql cache clean shutdown
2026/09/16 21:05:35 WARN successfully marked clean shutdown in persistence metadata
2026/09/16 21:05:35 INFO completed dagql cache close successfully
2026/09/16 21:05:35 INFO dagql pruned result resultID=2 call=Query.inlineDirectories digest="" args=[] description="dagql cache result 2" measuredSizeBytes=0 reclaimedBytes=0
2026/09/16 21:05:35 INFO discarding dagql cache without persistence hasSQLDB=true hasPersistDB=true
2026/09/16 21:05:35 INFO discarding dagql cache without persistence hasSQLDB=true hasPersistDB=true
=== RUN   TestPartInlineAddress/concurrent
2026/09/16 21:05:36 INFO starting dagql cache close hasSQLDB=true hasPersistDB=true
2026/09/16 21:05:36 INFO marking dagql cache clean shutdown
2026/09/16 21:05:36 WARN successfully marked clean shutdown in persistence metadata
2026/09/16 21:05:36 INFO completed dagql cache close successfully
2026/09/16 21:05:36 INFO dagql pruned result resultID=2 call=Query.inlineDirectories digest="" args=[] description="dagql cache result 2" measuredSizeBytes=0 reclaimedBytes=0
2026/09/16 21:05:36 INFO discarding dagql cache without persistence hasSQLDB=true hasPersistDB=true
2026/09/16 21:05:36 INFO discarding dagql cache without persistence hasSQLDB=true hasPersistDB=true
=== RUN   TestPartInlineAddress/shared-snapshot-sync-retry
2026/09/16 21:05:37 INFO starting dagql cache close hasSQLDB=true hasPersistDB=true
2026/09/16 21:05:37 INFO marking dagql cache clean shutdown
2026/09/16 21:05:37 WARN successfully marked clean shutdown in persistence metadata
2026/09/16 21:05:37 INFO completed dagql cache close successfully
2026/09/16 21:05:37 INFO dagql pruned result resultID=2 call=Query.inlineDirectories digest="" args=[] description="dagql cache result 2" measuredSizeBytes=0 reclaimedBytes=0
2026/09/16 21:05:37 INFO discarding dagql cache without persistence hasSQLDB=true hasPersistDB=true
2026/09/16 21:05:37 INFO discarding dagql cache without persistence hasSQLDB=true hasPersistDB=true
--- PASS: TestPartInlineAddress (2.42s)
    --- PASS: TestPartInlineAddress/sequential (0.75s)
    --- PASS: TestPartInlineAddress/concurrent (0.72s)
    --- PASS: TestPartInlineAddress/shared-snapshot-sync-retry (0.95s)
=== RUN   TestPartTypedPublicationRoles
    part_publication_race_test.go:98: coherent concurrent raw reader samples=316
2026/09/16 21:05:37 INFO discarding dagql cache without persistence hasSQLDB=false hasPersistDB=false
2026/09/16 21:05:37 INFO discarding dagql cache without persistence hasSQLDB=false hasPersistDB=false
--- PASS: TestPartTypedPublicationRoles (0.35s)
=== RUN   TestPartPureRoutes
=== RUN   TestPartPureRoutes/withExec
=== RUN   TestPartPureRoutes/withExec#01
=== RUN   TestPartPureRoutes/from
=== RUN   TestPartPureRoutes/withRootfs
=== RUN   TestPartPureRoutes/withWorkdir
=== RUN   TestPartPureRoutes/withDirectory
=== RUN   TestPartPureRoutes/withMountedFile
=== RUN   TestPartPureRoutes/withSymlink
--- PASS: TestPartPureRoutes (0.02s)
    --- PASS: TestPartPureRoutes/withExec (0.00s)
    --- PASS: TestPartPureRoutes/withExec#01 (0.00s)
    --- PASS: TestPartPureRoutes/from (0.00s)
    --- PASS: TestPartPureRoutes/withRootfs (0.00s)
    --- PASS: TestPartPureRoutes/withWorkdir (0.00s)
    --- PASS: TestPartPureRoutes/withDirectory (0.00s)
    --- PASS: TestPartPureRoutes/withMountedFile (0.00s)
    --- PASS: TestPartPureRoutes/withSymlink (0.00s)
=== RUN   TestPartScopeEmptyBoot
=== RUN   TestPartScopeEmptyBoot/old_schema_false
2026/09/16 21:05:37 INFO starting dagql cache close hasSQLDB=true hasPersistDB=true
2026/09/16 21:05:37 INFO marking dagql cache clean shutdown
2026/09/16 21:05:37 WARN successfully marked clean shutdown in persistence metadata
2026/09/16 21:05:37 INFO completed dagql cache close successfully
2026/09/16 21:05:37 INFO discarding dagql cache without persistence hasSQLDB=true hasPersistDB=true
=== RUN   TestPartScopeEmptyBoot/old_schema_true
2026/09/16 21:05:37 INFO starting dagql cache close hasSQLDB=true hasPersistDB=true
2026/09/16 21:05:37 INFO marking dagql cache clean shutdown
2026/09/16 21:05:37 WARN successfully marked clean shutdown in persistence metadata
2026/09/16 21:05:37 INFO completed dagql cache close successfully
2026/09/16 21:05:38 WARN dagql persistence import failed; wiping and cold-starting err="list mirror result_snapshot_links: SQL logic error: no such column: output_path (1)"
2026/09/16 21:05:38 INFO discarding dagql cache without persistence hasSQLDB=true hasPersistDB=true
--- PASS: TestPartScopeEmptyBoot (0.32s)
    --- PASS: TestPartScopeEmptyBoot/old_schema_false (0.12s)
    --- PASS: TestPartScopeEmptyBoot/old_schema_true (0.20s)
=== RUN   TestPartScopeRootRekeyCost
=== RUN   TestPartScopeRootRekeyCost/1
2026/09/16 21:05:38 INFO starting dagql cache close hasSQLDB=true hasPersistDB=true
2026/09/16 21:05:38 INFO marking dagql cache clean shutdown
2026/09/16 21:05:38 WARN successfully marked clean shutdown in persistence metadata
2026/09/16 21:05:38 INFO completed dagql cache close successfully
    part_scope_boot_test.go:133: root_rekey roots=1 attaches=1 stale_scans=1 stale_removes=1 peak_owner_leases=2 elapsed=31.612097ms
2026/09/16 21:05:38 INFO discarding dagql cache without persistence hasSQLDB=true hasPersistDB=true
=== RUN   TestPartScopeRootRekeyCost/32
2026/09/16 21:05:38 INFO starting dagql cache close hasSQLDB=true hasPersistDB=true
2026/09/16 21:05:38 INFO marking dagql cache clean shutdown
2026/09/16 21:05:38 WARN successfully marked clean shutdown in persistence metadata
2026/09/16 21:05:38 INFO completed dagql cache close successfully
    part_scope_boot_test.go:133: root_rekey roots=32 attaches=32 stale_scans=1 stale_removes=32 peak_owner_leases=64 elapsed=216.594336ms
2026/09/16 21:05:39 INFO discarding dagql cache without persistence hasSQLDB=true hasPersistDB=true
--- PASS: TestPartScopeRootRekeyCost (0.98s)
    --- PASS: TestPartScopeRootRekeyCost/1 (0.18s)
    --- PASS: TestPartScopeRootRekeyCost/32 (0.80s)
=== RUN   TestPartScopeBootScanFailure
--- PASS: TestPartScopeBootScanFailure (0.06s)
=== RUN   TestPartScopeNestedNullableRepresentation
2026/09/16 21:05:39 INFO starting dagql cache close hasSQLDB=true hasPersistDB=true
2026/09/16 21:05:39 INFO marking dagql cache clean shutdown
2026/09/16 21:05:39 WARN successfully marked clean shutdown in persistence metadata
2026/09/16 21:05:39 INFO completed dagql cache close successfully
2026/09/16 21:05:39 INFO discarding dagql cache without persistence hasSQLDB=true hasPersistDB=true
--- PASS: TestPartScopeNestedNullableRepresentation (0.05s)
=== RUN   TestPartWholeLazyOperationMixedRestart
2026/09/16 21:05:39 INFO start lazy evaluation field=Query._builtinContainer
2026/09/16 21:05:39 INFO end lazy evaluation field=Query._builtinContainer duration=64.839472ms
2026/09/16 21:05:39 INFO starting dagql cache close hasSQLDB=true hasPersistDB=true
2026/09/16 21:05:39 INFO marking dagql cache clean shutdown
2026/09/16 21:05:39 WARN successfully marked clean shutdown in persistence metadata
2026/09/16 21:05:39 INFO completed dagql cache close successfully
2026/09/16 21:05:39 INFO start lazy evaluation field=Query._builtinContainer
2026/09/16 21:05:39 INFO end lazy evaluation field=Query._builtinContainer duration=44.494629ms
2026/09/16 21:05:39 INFO discarding dagql cache without persistence hasSQLDB=true hasPersistDB=true
2026/09/16 21:05:39 INFO discarding dagql cache without persistence hasSQLDB=false hasPersistDB=false
2026/09/16 21:05:39 INFO discarding dagql cache without persistence hasSQLDB=false hasPersistDB=false
--- PASS: TestPartWholeLazyOperationMixedRestart (0.42s)
=== RUN   TestPartPendingImageMetadataStaysSelective
2026/09/16 21:05:39 INFO start lazy group evaluation field=Container.from group=metadata
2026/09/16 21:05:39 INFO end lazy group evaluation field=Container.from group=metadata duration=917.969µs
2026/09/16 21:05:39 INFO start lazy group evaluation field=Container.from group=execMeta
2026/09/16 21:05:39 INFO end lazy group evaluation field=Container.from group=execMeta duration=837.609µs
2026/09/16 21:05:39 INFO discarding dagql cache without persistence hasSQLDB=false hasPersistDB=false
2026/09/16 21:05:39 INFO discarding dagql cache without persistence hasSQLDB=false hasPersistDB=false
--- PASS: TestPartPendingImageMetadataStaysSelective (0.05s)
=== RUN   TestPartNativePendingContainerRequiresRecipe
2026/09/16 21:05:39 INFO discarding dagql cache without persistence hasSQLDB=false hasPersistDB=false
--- PASS: TestPartNativePendingContainerRequiresRecipe (0.01s)
=== RUN   TestValueTransferPartsGitTrees
=== RUN   TestValueTransferPartsGitTrees/local
2026/09/16 21:05:40 INFO discarding dagql cache without persistence hasSQLDB=true hasPersistDB=true
=== RUN   TestValueTransferPartsGitTrees/remote
2026/09/16 21:05:40 INFO discarding dagql cache without persistence hasSQLDB=true hasPersistDB=true
--- PASS: TestValueTransferPartsGitTrees (0.77s)
    --- PASS: TestValueTransferPartsGitTrees/local (0.40s)
    --- PASS: TestValueTransferPartsGitTrees/remote (0.37s)
=== RUN   TestValueTransferPartsSelectedChain
2026/09/16 21:05:40 INFO start lazy evaluation field=Directory.directory
2026/09/16 21:05:40 INFO end lazy evaluation field=Directory.directory duration=12.493164ms
2026/09/16 21:05:40 INFO start lazy evaluation field=File.file
2026/09/16 21:05:40 INFO end lazy evaluation field=File.file duration=12.267644ms
2026/09/16 21:05:40 INFO discarding dagql cache without persistence hasSQLDB=true hasPersistDB=true
2026/09/16 21:05:40 INFO discarding dagql cache without persistence hasSQLDB=true hasPersistDB=true
--- PASS: TestValueTransferPartsSelectedChain (0.57s)
=== RUN   TestValueTransferPartsContainerMount
2026/09/16 21:05:41 INFO discarding dagql cache without persistence hasSQLDB=true hasPersistDB=true
--- PASS: TestValueTransferPartsContainerMount (0.24s)
=== RUN   TestValueTransferForeignFormsImport
=== RUN   TestValueTransferForeignFormsImport/File
2026/09/16 21:05:41 INFO discarding dagql cache without persistence hasSQLDB=true hasPersistDB=true
=== RUN   TestValueTransferForeignFormsImport/Directory
2026/09/16 21:05:41 INFO discarding dagql cache without persistence hasSQLDB=true hasPersistDB=true
=== RUN   TestValueTransferForeignFormsImport/Container
2026/09/16 21:05:41 INFO discarding dagql cache without persistence hasSQLDB=true hasPersistDB=true
=== RUN   TestValueTransferForeignFormsImport/HTTPState
2026/09/16 21:05:41 INFO discarding dagql cache without persistence hasSQLDB=true hasPersistDB=true
=== RUN   TestValueTransferForeignFormsImport/CacheVolume
2026/09/16 21:05:41 INFO discarding dagql cache without persistence hasSQLDB=true hasPersistDB=true
=== RUN   TestValueTransferForeignFormsImport/ClientFilesyncMirror
2026/09/16 21:05:41 INFO discarding dagql cache without persistence hasSQLDB=true hasPersistDB=true
=== RUN   TestValueTransferForeignFormsImport/RemoteGitMirror
2026/09/16 21:05:41 INFO discarding dagql cache without persistence hasSQLDB=true hasPersistDB=true
=== RUN   TestValueTransferForeignFormsImport/ModuleSource
2026/09/16 21:05:41 INFO discarding dagql cache without persistence hasSQLDB=true hasPersistDB=true
--- PASS: TestValueTransferForeignFormsImport (0.34s)
    --- PASS: TestValueTransferForeignFormsImport/File (0.05s)
    --- PASS: TestValueTransferForeignFormsImport/Directory (0.03s)
    --- PASS: TestValueTransferForeignFormsImport/Container (0.04s)
    --- PASS: TestValueTransferForeignFormsImport/HTTPState (0.04s)
    --- PASS: TestValueTransferForeignFormsImport/CacheVolume (0.07s)
    --- PASS: TestValueTransferForeignFormsImport/ClientFilesyncMirror (0.04s)
    --- PASS: TestValueTransferForeignFormsImport/RemoteGitMirror (0.04s)
    --- PASS: TestValueTransferForeignFormsImport/ModuleSource (0.03s)
=== RUN   TestValueTransferPersistenceFinalOfferRestart
2026/09/16 21:05:41 INFO starting dagql cache close hasSQLDB=true hasPersistDB=true
2026/09/16 21:05:41 INFO marking dagql cache clean shutdown
2026/09/16 21:05:41 WARN successfully marked clean shutdown in persistence metadata
2026/09/16 21:05:41 INFO completed dagql cache close successfully
2026/09/16 21:05:41 INFO discarding dagql cache without persistence hasSQLDB=true hasPersistDB=true
2026/09/16 21:05:41 INFO discarding dagql cache without persistence hasSQLDB=true hasPersistDB=true
--- PASS: TestValueTransferPersistenceFinalOfferRestart (0.28s)
=== RUN   TestValueTransferForeignForms
=== RUN   TestValueTransferForeignForms/File
=== RUN   TestValueTransferForeignForms/Directory
=== RUN   TestValueTransferForeignForms/HTTPState
=== RUN   TestValueTransferForeignForms/CacheVolume
=== RUN   TestValueTransferForeignForms/ClientFilesyncMirror
=== RUN   TestValueTransferForeignForms/RemoteGitMirror
=== RUN   TestValueTransferForeignForms/ModuleSource
=== RUN   TestValueTransferForeignForms/Container
--- PASS: TestValueTransferForeignForms (0.01s)
    --- PASS: TestValueTransferForeignForms/File (0.00s)
    --- PASS: TestValueTransferForeignForms/Directory (0.00s)
    --- PASS: TestValueTransferForeignForms/HTTPState (0.00s)
    --- PASS: TestValueTransferForeignForms/CacheVolume (0.00s)
    --- PASS: TestValueTransferForeignForms/ClientFilesyncMirror (0.00s)
    --- PASS: TestValueTransferForeignForms/RemoteGitMirror (0.00s)
    --- PASS: TestValueTransferForeignForms/ModuleSource (0.00s)
    --- PASS: TestValueTransferForeignForms/Container (0.00s)
=== RUN   TestValueTransferParts
--- PASS: TestValueTransferParts (0.00s)
=== RUN   TestLazyOperationTransferState
=== RUN   TestLazyOperationTransferState/lazy
=== RUN   TestLazyOperationTransferState/snapshot
--- PASS: TestLazyOperationTransferState (0.00s)
    --- PASS: TestLazyOperationTransferState/lazy (0.00s)
    --- PASS: TestLazyOperationTransferState/snapshot (0.00s)
=== CONT  TestContainerConcurrentGroupCompletionRetainsLazy
=== CONT  TestContainerRoutingReadsRaceUnrefinedCompletion
=== CONT  TestContainerRoutingReadsRaceRefinedCompletion
=== CONT  TestContainerDirectEvaluateRunsRefinedGroups
2026/09/16 21:05:41 INFO start lazy group evaluation field=test.base group=metadata
2026/09/16 21:05:41 INFO end lazy group evaluation field=test.base group=metadata duration=93.46µs
2026/09/16 21:05:41 INFO start lazy group evaluation field=Container.withUser group=metadata
2026/09/16 21:05:41 INFO start lazy evaluation field=test.unrefinedWriter
2026/09/16 21:05:41 INFO start lazy group evaluation field=test.base group=metadata
2026/09/16 21:05:41 INFO start lazy group evaluation field=test.base group=metadata
2026/09/16 21:05:41 INFO end lazy group evaluation field=test.base group=metadata duration=108.45µs
2026/09/16 21:05:41 INFO end lazy group evaluation field=test.base group=metadata duration=74.56µs
2026/09/16 21:05:41 INFO end lazy group evaluation field=Container.withUser group=metadata duration=390.67µs
2026/09/16 21:05:41 INFO start lazy group evaluation field=test.base group=fs
2026/09/16 21:05:41 INFO end lazy group evaluation field=test.base group=fs duration=510.77µs
2026/09/16 21:05:41 INFO start lazy group evaluation field=test.base group=execMeta
2026/09/16 21:05:41 INFO end lazy group evaluation field=test.base group=execMeta duration=66.32µs
2026/09/16 21:05:41 INFO start lazy group evaluation field=test.base group=execMeta
2026/09/16 21:05:41 INFO end lazy group evaluation field=test.base group=execMeta duration=42.16µs
2026/09/16 21:05:41 INFO start lazy group evaluation field=Container.withUser group=execMeta
2026/09/16 21:05:41 INFO end lazy evaluation field=test.unrefinedWriter duration=751.759µs
2026/09/16 21:05:41 INFO start lazy group evaluation field=Container.withUser group=fs
2026/09/16 21:05:41 INFO start lazy group evaluation field=test.base group=fs
2026/09/16 21:05:41 INFO start lazy group evaluation field=test.base group=execMeta
2026/09/16 21:05:41 INFO discarding dagql cache without persistence hasSQLDB=false hasPersistDB=false
2026/09/16 21:05:41 INFO start lazy group evaluation field=test.base group=fs
--- PASS: TestContainerRoutingReadsRaceUnrefinedCompletion (0.00s)
2026/09/16 21:05:41 INFO end lazy group evaluation field=test.base group=execMeta duration=86.27µs
2026/09/16 21:05:41 INFO end lazy group evaluation field=test.base group=fs duration=68.46µs
2026/09/16 21:05:41 INFO end lazy group evaluation field=Container.withUser group=execMeta duration=538.94µs
2026/09/16 21:05:41 INFO start lazy group evaluation field=test.base group=mount:/b
2026/09/16 21:05:41 INFO end lazy group evaluation field=test.base group=fs duration=528.089µs
2026/09/16 21:05:41 INFO end lazy group evaluation field=Container.withUser group=fs duration=642.549µs
2026/09/16 21:05:41 INFO start lazy group evaluation field=test.base group=mount:/a
2026/09/16 21:05:41 INFO end lazy group evaluation field=test.base group=mount:/a duration=112.75µs
2026/09/16 21:05:41 INFO discarding dagql cache without persistence hasSQLDB=false hasPersistDB=false
--- PASS: TestContainerRoutingReadsRaceRefinedCompletion (0.00s)
2026/09/16 21:05:41 INFO end lazy group evaluation field=test.base group=mount:/b duration=467.189µs
2026/09/16 21:05:41 INFO discarding dagql cache without persistence hasSQLDB=false hasPersistDB=false
--- PASS: TestContainerDirectEvaluateRunsRefinedGroups (0.00s)
2026/09/16 21:05:41 INFO discarding dagql cache without persistence hasSQLDB=false hasPersistDB=false
--- PASS: TestContainerConcurrentGroupCompletionRetainsLazy (0.00s)
PASS
ok  	github.com/dagger/dagger/core	16.298s
