=== RUN   TestCloneContainerForSchemaChildDisablesFromContentDigest
=== PAUSE TestCloneContainerForSchemaChildDisablesFromContentDigest
=== RUN   TestEagerContainerMountMetadataResolvers
=== RUN   TestEagerContainerMountMetadataResolvers/without_mount
=== RUN   TestEagerContainerMountMetadataResolvers/mounted_temp
=== RUN   TestEagerContainerMountMetadataResolvers/mounted_volume
=== RUN   TestEagerContainerMountMetadataResolvers/mounted_secret_without_owner
=== RUN   TestEagerContainerMountMetadataResolvers/unix_socket_without_owner
=== RUN   TestEagerContainerMountMetadataResolvers/without_unix_socket
2026/09/16 20:54:57 INFO discarding dagql cache without persistence hasSQLDB=false hasPersistDB=false
--- PASS: TestEagerContainerMountMetadataResolvers (0.01s)
    --- PASS: TestEagerContainerMountMetadataResolvers/without_mount (0.00s)
    --- PASS: TestEagerContainerMountMetadataResolvers/mounted_temp (0.00s)
    --- PASS: TestEagerContainerMountMetadataResolvers/mounted_volume (0.00s)
    --- PASS: TestEagerContainerMountMetadataResolvers/mounted_secret_without_owner (0.00s)
    --- PASS: TestEagerContainerMountMetadataResolvers/unix_socket_without_owner (0.00s)
    --- PASS: TestEagerContainerMountMetadataResolvers/without_unix_socket (0.00s)
=== RUN   TestWithImageConfigMetadataMutatesContainerConfig
=== PAUSE TestWithImageConfigMetadataMutatesContainerConfig
=== RUN   TestWithImageConfigMetadataRejectsInvalidHealthcheckJSON
=== PAUSE TestWithImageConfigMetadataRejectsInvalidHealthcheckJSON
=== RUN   TestBuiltinMetadataSelectors
=== RUN   TestBuiltinMetadataSelectors/Directory
2026/09/16 20:54:57 INFO start lazy evaluation field=Query._builtinContainer
2026/09/16 20:54:57 INFO end lazy evaluation field=Query._builtinContainer duration=2.612277ms
2026/09/16 20:54:57 INFO start lazy evaluation field=Container.directory
2026/09/16 20:54:57 INFO start lazy evaluation field=Directory.directory
2026/09/16 20:54:57 INFO start lazy evaluation field=Container.rootfs
2026/09/16 20:54:57 INFO end lazy evaluation field=Container.rootfs duration=182.509µs
2026/09/16 20:54:57 INFO end lazy evaluation field=Directory.directory duration=13.625872ms
2026/09/16 20:54:57 INFO end lazy evaluation field=Container.directory duration=14.8977ms
2026/09/16 20:54:57 INFO discarding dagql cache without persistence hasSQLDB=false hasPersistDB=false
=== RUN   TestBuiltinMetadataSelectors/File
2026/09/16 20:54:57 INFO start lazy evaluation field=Query._builtinContainer
2026/09/16 20:54:57 INFO end lazy evaluation field=Query._builtinContainer duration=721.149µs
2026/09/16 20:54:57 INFO start lazy evaluation field=Container.file
2026/09/16 20:54:57 INFO start lazy evaluation field=File.file
2026/09/16 20:54:57 INFO start lazy evaluation field=Container.rootfs
2026/09/16 20:54:57 INFO end lazy evaluation field=Container.rootfs duration=156.979µs
2026/09/16 20:54:57 INFO end lazy evaluation field=File.file duration=10.326127ms
2026/09/16 20:54:57 INFO end lazy evaluation field=Container.file duration=21.382223ms
2026/09/16 20:54:57 INFO discarding dagql cache without persistence hasSQLDB=false hasPersistDB=false
=== RUN   TestBuiltinMetadataSelectors/relative_Directory
2026/09/16 20:54:57 INFO start lazy evaluation field=Query._builtinContainer
2026/09/16 20:54:57 INFO end lazy evaluation field=Query._builtinContainer duration=736.999µs
2026/09/16 20:54:57 INFO start lazy evaluation field=Container.directory
2026/09/16 20:54:57 INFO start lazy evaluation field=Directory.directory
2026/09/16 20:54:57 INFO start lazy evaluation field=Container.rootfs
2026/09/16 20:54:57 INFO end lazy evaluation field=Container.rootfs duration=143.97µs
2026/09/16 20:54:57 INFO end lazy evaluation field=Directory.directory duration=9.801527ms
2026/09/16 20:54:57 INFO end lazy evaluation field=Container.directory duration=10.745776ms
2026/09/16 20:54:57 INFO discarding dagql cache without persistence hasSQLDB=false hasPersistDB=false
=== RUN   TestBuiltinMetadataSelectors/relative_File
2026/09/16 20:54:57 INFO start lazy evaluation field=Query._builtinContainer
2026/09/16 20:54:57 INFO end lazy evaluation field=Query._builtinContainer duration=1.032769ms
2026/09/16 20:54:57 INFO start lazy evaluation field=Container.file
2026/09/16 20:54:57 INFO start lazy evaluation field=File.file
2026/09/16 20:54:57 INFO start lazy evaluation field=Container.rootfs
2026/09/16 20:54:57 INFO end lazy evaluation field=Container.rootfs duration=147.94µs
2026/09/16 20:54:57 INFO end lazy evaluation field=File.file duration=9.615518ms
2026/09/16 20:54:57 INFO end lazy evaluation field=Container.file duration=19.741164ms
2026/09/16 20:54:57 INFO discarding dagql cache without persistence hasSQLDB=false hasPersistDB=false
=== RUN   TestBuiltinMetadataSelectors/platform_fallback
2026/09/16 20:54:57 INFO start lazy evaluation field=Query._builtinContainer
2026/09/16 20:54:57 INFO end lazy evaluation field=Query._builtinContainer duration=1.207388ms
2026/09/16 20:54:57 INFO start lazy evaluation field=Container.directory
2026/09/16 20:54:57 INFO start lazy evaluation field=Directory.directory
2026/09/16 20:54:57 INFO start lazy evaluation field=Container.rootfs
2026/09/16 20:54:57 INFO end lazy evaluation field=Container.rootfs duration=224.28µs
2026/09/16 20:54:57 INFO end lazy evaluation field=Directory.directory duration=20.066484ms
2026/09/16 20:54:57 INFO end lazy evaluation field=Container.directory duration=21.570112ms
2026/09/16 20:54:57 INFO discarding dagql cache without persistence hasSQLDB=false hasPersistDB=false
--- PASS: TestBuiltinMetadataSelectors (0.61s)
    --- PASS: TestBuiltinMetadataSelectors/Directory (0.13s)
    --- PASS: TestBuiltinMetadataSelectors/File (0.12s)
    --- PASS: TestBuiltinMetadataSelectors/relative_Directory (0.10s)
    --- PASS: TestBuiltinMetadataSelectors/relative_File (0.12s)
    --- PASS: TestBuiltinMetadataSelectors/platform_fallback (0.15s)
=== RUN   TestBuiltinMetadataConsumersStopOnFailure
=== RUN   TestBuiltinMetadataConsumersStopOnFailure/from
2026/09/16 20:54:57 INFO start lazy evaluation field=Query._builtinContainer
2026/09/16 20:54:57 INFO end lazy evaluation field=Query._builtinContainer duration=98.289µs err="lookup builtin image manifest sha256:656a2d58259ab3861f78e1bced0371f00d75e10e6891cb9d71efbd807dde7d6a: content sha256:656a2d58259ab3861f78e1bced0371f00d75e10e6891cb9d71efbd807dde7d6a: not found"
2026/09/16 20:54:57 INFO discarding dagql cache without persistence hasSQLDB=false hasPersistDB=false
=== RUN   TestBuiltinMetadataConsumersStopOnFailure/withRootfs
2026/09/16 20:54:57 INFO start lazy evaluation field=Query._builtinContainer
2026/09/16 20:54:57 INFO end lazy evaluation field=Query._builtinContainer duration=111.29µs err="lookup builtin image manifest sha256:656a2d58259ab3861f78e1bced0371f00d75e10e6891cb9d71efbd807dde7d6a: content sha256:656a2d58259ab3861f78e1bced0371f00d75e10e6891cb9d71efbd807dde7d6a: not found"
2026/09/16 20:54:57 INFO discarding dagql cache without persistence hasSQLDB=false hasPersistDB=false
=== RUN   TestBuiltinMetadataConsumersStopOnFailure/rootfs
2026/09/16 20:54:57 INFO start lazy evaluation field=Query._builtinContainer
2026/09/16 20:54:57 INFO end lazy evaluation field=Query._builtinContainer duration=117.839µs err="lookup builtin image manifest sha256:656a2d58259ab3861f78e1bced0371f00d75e10e6891cb9d71efbd807dde7d6a: content sha256:656a2d58259ab3861f78e1bced0371f00d75e10e6891cb9d71efbd807dde7d6a: not found"
2026/09/16 20:54:57 INFO discarding dagql cache without persistence hasSQLDB=false hasPersistDB=false
=== RUN   TestBuiltinMetadataConsumersStopOnFailure/build
2026/09/16 20:54:57 INFO start lazy evaluation field=Query._builtinContainer
2026/09/16 20:54:57 INFO end lazy evaluation field=Query._builtinContainer duration=193.73µs err="lookup builtin image manifest sha256:656a2d58259ab3861f78e1bced0371f00d75e10e6891cb9d71efbd807dde7d6a: content sha256:656a2d58259ab3861f78e1bced0371f00d75e10e6891cb9d71efbd807dde7d6a: not found"
2026/09/16 20:54:57 INFO discarding dagql cache without persistence hasSQLDB=false hasPersistDB=false
=== RUN   TestBuiltinMetadataConsumersStopOnFailure/withSymlink
2026/09/16 20:54:57 INFO start lazy evaluation field=Query._builtinContainer
2026/09/16 20:54:57 INFO end lazy evaluation field=Query._builtinContainer duration=184.52µs err="lookup builtin image manifest sha256:656a2d58259ab3861f78e1bced0371f00d75e10e6891cb9d71efbd807dde7d6a: content sha256:656a2d58259ab3861f78e1bced0371f00d75e10e6891cb9d71efbd807dde7d6a: not found"
2026/09/16 20:54:57 INFO discarding dagql cache without persistence hasSQLDB=false hasPersistDB=false
=== RUN   TestBuiltinMetadataConsumersStopOnFailure/withWorkdir
2026/09/16 20:54:57 INFO start lazy evaluation field=Query._builtinContainer
2026/09/16 20:54:57 INFO end lazy evaluation field=Query._builtinContainer duration=81.91µs err="lookup builtin image manifest sha256:656a2d58259ab3861f78e1bced0371f00d75e10e6891cb9d71efbd807dde7d6a: content sha256:656a2d58259ab3861f78e1bced0371f00d75e10e6891cb9d71efbd807dde7d6a: not found"
2026/09/16 20:54:57 INFO discarding dagql cache without persistence hasSQLDB=false hasPersistDB=false
=== RUN   TestBuiltinMetadataConsumersStopOnFailure/withMountedDirectory
2026/09/16 20:54:57 INFO start lazy evaluation field=Query._builtinContainer
2026/09/16 20:54:57 INFO end lazy evaluation field=Query._builtinContainer duration=88.97µs err="lookup builtin image manifest sha256:656a2d58259ab3861f78e1bced0371f00d75e10e6891cb9d71efbd807dde7d6a: content sha256:656a2d58259ab3861f78e1bced0371f00d75e10e6891cb9d71efbd807dde7d6a: not found"
2026/09/16 20:54:57 INFO discarding dagql cache without persistence hasSQLDB=false hasPersistDB=false
=== RUN   TestBuiltinMetadataConsumersStopOnFailure/withMountedFile
2026/09/16 20:54:57 INFO start lazy evaluation field=Query._builtinContainer
2026/09/16 20:54:57 INFO end lazy evaluation field=Query._builtinContainer duration=80.64µs err="lookup builtin image manifest sha256:656a2d58259ab3861f78e1bced0371f00d75e10e6891cb9d71efbd807dde7d6a: content sha256:656a2d58259ab3861f78e1bced0371f00d75e10e6891cb9d71efbd807dde7d6a: not found"
2026/09/16 20:54:57 INFO discarding dagql cache without persistence hasSQLDB=false hasPersistDB=false
=== RUN   TestBuiltinMetadataConsumersStopOnFailure/withMountedCache
2026/09/16 20:54:57 INFO start lazy evaluation field=Query._builtinContainer
2026/09/16 20:54:57 INFO end lazy evaluation field=Query._builtinContainer duration=166.07µs err="lookup builtin image manifest sha256:656a2d58259ab3861f78e1bced0371f00d75e10e6891cb9d71efbd807dde7d6a: content sha256:656a2d58259ab3861f78e1bced0371f00d75e10e6891cb9d71efbd807dde7d6a: not found"
2026/09/16 20:54:57 INFO discarding dagql cache without persistence hasSQLDB=false hasPersistDB=false
=== RUN   TestBuiltinMetadataConsumersStopOnFailure/withMountedVolume
2026/09/16 20:54:57 INFO start lazy evaluation field=Query._builtinContainer
2026/09/16 20:54:57 INFO end lazy evaluation field=Query._builtinContainer duration=88.46µs err="lookup builtin image manifest sha256:656a2d58259ab3861f78e1bced0371f00d75e10e6891cb9d71efbd807dde7d6a: content sha256:656a2d58259ab3861f78e1bced0371f00d75e10e6891cb9d71efbd807dde7d6a: not found"
2026/09/16 20:54:57 INFO discarding dagql cache without persistence hasSQLDB=false hasPersistDB=false
=== RUN   TestBuiltinMetadataConsumersStopOnFailure/withMountedTemp
2026/09/16 20:54:57 INFO start lazy evaluation field=Query._builtinContainer
2026/09/16 20:54:57 INFO end lazy evaluation field=Query._builtinContainer duration=78.04µs err="lookup builtin image manifest sha256:656a2d58259ab3861f78e1bced0371f00d75e10e6891cb9d71efbd807dde7d6a: content sha256:656a2d58259ab3861f78e1bced0371f00d75e10e6891cb9d71efbd807dde7d6a: not found"
2026/09/16 20:54:57 INFO discarding dagql cache without persistence hasSQLDB=false hasPersistDB=false
=== RUN   TestBuiltinMetadataConsumersStopOnFailure/withoutMount
2026/09/16 20:54:57 INFO start lazy evaluation field=Query._builtinContainer
2026/09/16 20:54:57 INFO end lazy evaluation field=Query._builtinContainer duration=77.059µs err="lookup builtin image manifest sha256:656a2d58259ab3861f78e1bced0371f00d75e10e6891cb9d71efbd807dde7d6a: content sha256:656a2d58259ab3861f78e1bced0371f00d75e10e6891cb9d71efbd807dde7d6a: not found"
2026/09/16 20:54:57 INFO discarding dagql cache without persistence hasSQLDB=false hasPersistDB=false
=== RUN   TestBuiltinMetadataConsumersStopOnFailure/directory
2026/09/16 20:54:57 INFO start lazy evaluation field=Query._builtinContainer
2026/09/16 20:54:57 INFO end lazy evaluation field=Query._builtinContainer duration=76.83µs err="lookup builtin image manifest sha256:656a2d58259ab3861f78e1bced0371f00d75e10e6891cb9d71efbd807dde7d6a: content sha256:656a2d58259ab3861f78e1bced0371f00d75e10e6891cb9d71efbd807dde7d6a: not found"
2026/09/16 20:54:57 INFO discarding dagql cache without persistence hasSQLDB=false hasPersistDB=false
=== RUN   TestBuiltinMetadataConsumersStopOnFailure/file
2026/09/16 20:54:57 INFO start lazy evaluation field=Query._builtinContainer
2026/09/16 20:54:57 INFO end lazy evaluation field=Query._builtinContainer duration=85.049µs err="lookup builtin image manifest sha256:656a2d58259ab3861f78e1bced0371f00d75e10e6891cb9d71efbd807dde7d6a: content sha256:656a2d58259ab3861f78e1bced0371f00d75e10e6891cb9d71efbd807dde7d6a: not found"
2026/09/16 20:54:57 INFO discarding dagql cache without persistence hasSQLDB=false hasPersistDB=false
=== RUN   TestBuiltinMetadataConsumersStopOnFailure/withMountedSecret
2026/09/16 20:54:57 INFO start lazy evaluation field=Query._builtinContainer
2026/09/16 20:54:57 INFO end lazy evaluation field=Query._builtinContainer duration=189.08µs err="lookup builtin image manifest sha256:656a2d58259ab3861f78e1bced0371f00d75e10e6891cb9d71efbd807dde7d6a: content sha256:656a2d58259ab3861f78e1bced0371f00d75e10e6891cb9d71efbd807dde7d6a: not found"
2026/09/16 20:54:57 INFO discarding dagql cache without persistence hasSQLDB=false hasPersistDB=false
=== RUN   TestBuiltinMetadataConsumersStopOnFailure/withUnixSocket
2026/09/16 20:54:57 INFO start lazy evaluation field=Query._builtinContainer
2026/09/16 20:54:57 INFO end lazy evaluation field=Query._builtinContainer duration=91.279µs err="lookup builtin image manifest sha256:656a2d58259ab3861f78e1bced0371f00d75e10e6891cb9d71efbd807dde7d6a: content sha256:656a2d58259ab3861f78e1bced0371f00d75e10e6891cb9d71efbd807dde7d6a: not found"
2026/09/16 20:54:57 INFO discarding dagql cache without persistence hasSQLDB=false hasPersistDB=false
=== RUN   TestBuiltinMetadataConsumersStopOnFailure/withoutUnixSocket
2026/09/16 20:54:57 INFO start lazy evaluation field=Query._builtinContainer
2026/09/16 20:54:57 INFO end lazy evaluation field=Query._builtinContainer duration=125.15µs err="lookup builtin image manifest sha256:656a2d58259ab3861f78e1bced0371f00d75e10e6891cb9d71efbd807dde7d6a: content sha256:656a2d58259ab3861f78e1bced0371f00d75e10e6891cb9d71efbd807dde7d6a: not found"
2026/09/16 20:54:57 INFO discarding dagql cache without persistence hasSQLDB=false hasPersistDB=false
=== RUN   TestBuiltinMetadataConsumersStopOnFailure/withDirectory
2026/09/16 20:54:57 INFO start lazy evaluation field=Query._builtinContainer
2026/09/16 20:54:57 INFO end lazy evaluation field=Query._builtinContainer duration=128.25µs err="lookup builtin image manifest sha256:656a2d58259ab3861f78e1bced0371f00d75e10e6891cb9d71efbd807dde7d6a: content sha256:656a2d58259ab3861f78e1bced0371f00d75e10e6891cb9d71efbd807dde7d6a: not found"
2026/09/16 20:54:57 INFO discarding dagql cache without persistence hasSQLDB=false hasPersistDB=false
=== RUN   TestBuiltinMetadataConsumersStopOnFailure/withFile
2026/09/16 20:54:57 INFO start lazy evaluation field=Query._builtinContainer
2026/09/16 20:54:57 INFO end lazy evaluation field=Query._builtinContainer duration=1.168098ms err="lookup builtin image manifest sha256:656a2d58259ab3861f78e1bced0371f00d75e10e6891cb9d71efbd807dde7d6a: content sha256:656a2d58259ab3861f78e1bced0371f00d75e10e6891cb9d71efbd807dde7d6a: not found"
2026/09/16 20:54:57 INFO discarding dagql cache without persistence hasSQLDB=false hasPersistDB=false
=== RUN   TestBuiltinMetadataConsumersStopOnFailure/withFiles
2026/09/16 20:54:57 INFO start lazy evaluation field=Query._builtinContainer
2026/09/16 20:54:57 INFO end lazy evaluation field=Query._builtinContainer duration=501.859µs err="lookup builtin image manifest sha256:656a2d58259ab3861f78e1bced0371f00d75e10e6891cb9d71efbd807dde7d6a: content sha256:656a2d58259ab3861f78e1bced0371f00d75e10e6891cb9d71efbd807dde7d6a: not found"
2026/09/16 20:54:57 INFO discarding dagql cache without persistence hasSQLDB=false hasPersistDB=false
=== RUN   TestBuiltinMetadataConsumersStopOnFailure/withoutDirectory
2026/09/16 20:54:57 INFO start lazy evaluation field=Query._builtinContainer
2026/09/16 20:54:57 INFO end lazy evaluation field=Query._builtinContainer duration=243.53µs err="lookup builtin image manifest sha256:656a2d58259ab3861f78e1bced0371f00d75e10e6891cb9d71efbd807dde7d6a: content sha256:656a2d58259ab3861f78e1bced0371f00d75e10e6891cb9d71efbd807dde7d6a: not found"
2026/09/16 20:54:57 INFO discarding dagql cache without persistence hasSQLDB=false hasPersistDB=false
=== RUN   TestBuiltinMetadataConsumersStopOnFailure/withoutFile
2026/09/16 20:54:57 INFO start lazy evaluation field=Query._builtinContainer
2026/09/16 20:54:57 INFO end lazy evaluation field=Query._builtinContainer duration=268.27µs err="lookup builtin image manifest sha256:656a2d58259ab3861f78e1bced0371f00d75e10e6891cb9d71efbd807dde7d6a: content sha256:656a2d58259ab3861f78e1bced0371f00d75e10e6891cb9d71efbd807dde7d6a: not found"
2026/09/16 20:54:57 INFO discarding dagql cache without persistence hasSQLDB=false hasPersistDB=false
=== RUN   TestBuiltinMetadataConsumersStopOnFailure/withoutFiles
2026/09/16 20:54:57 INFO start lazy evaluation field=Query._builtinContainer
2026/09/16 20:54:57 INFO end lazy evaluation field=Query._builtinContainer duration=115.85µs err="lookup builtin image manifest sha256:656a2d58259ab3861f78e1bced0371f00d75e10e6891cb9d71efbd807dde7d6a: content sha256:656a2d58259ab3861f78e1bced0371f00d75e10e6891cb9d71efbd807dde7d6a: not found"
2026/09/16 20:54:57 INFO discarding dagql cache without persistence hasSQLDB=false hasPersistDB=false
=== RUN   TestBuiltinMetadataConsumersStopOnFailure/withNewFile
2026/09/16 20:54:57 INFO start lazy evaluation field=Query._builtinContainer
2026/09/16 20:54:57 INFO end lazy evaluation field=Query._builtinContainer duration=111.329µs err="lookup builtin image manifest sha256:656a2d58259ab3861f78e1bced0371f00d75e10e6891cb9d71efbd807dde7d6a: content sha256:656a2d58259ab3861f78e1bced0371f00d75e10e6891cb9d71efbd807dde7d6a: not found"
2026/09/16 20:54:57 INFO discarding dagql cache without persistence hasSQLDB=false hasPersistDB=false
=== RUN   TestBuiltinMetadataConsumersStopOnFailure/withUser
2026/09/16 20:54:57 INFO start lazy evaluation field=Query._builtinContainer
2026/09/16 20:54:57 INFO end lazy evaluation field=Query._builtinContainer duration=89.23µs err="lookup builtin image manifest sha256:656a2d58259ab3861f78e1bced0371f00d75e10e6891cb9d71efbd807dde7d6a: content sha256:656a2d58259ab3861f78e1bced0371f00d75e10e6891cb9d71efbd807dde7d6a: not found"
2026/09/16 20:54:57 INFO discarding dagql cache without persistence hasSQLDB=false hasPersistDB=false
=== RUN   TestBuiltinMetadataConsumersStopOnFailure/withEnvVariable
2026/09/16 20:54:57 INFO start lazy evaluation field=Query._builtinContainer
2026/09/16 20:54:57 INFO end lazy evaluation field=Query._builtinContainer duration=83.66µs err="lookup builtin image manifest sha256:656a2d58259ab3861f78e1bced0371f00d75e10e6891cb9d71efbd807dde7d6a: content sha256:656a2d58259ab3861f78e1bced0371f00d75e10e6891cb9d71efbd807dde7d6a: not found"
2026/09/16 20:54:57 INFO discarding dagql cache without persistence hasSQLDB=false hasPersistDB=false
=== RUN   TestBuiltinMetadataConsumersStopOnFailure/withAnnotation
2026/09/16 20:54:57 INFO start lazy evaluation field=Query._builtinContainer
2026/09/16 20:54:57 INFO end lazy evaluation field=Query._builtinContainer duration=89.18µs err="lookup builtin image manifest sha256:656a2d58259ab3861f78e1bced0371f00d75e10e6891cb9d71efbd807dde7d6a: content sha256:656a2d58259ab3861f78e1bced0371f00d75e10e6891cb9d71efbd807dde7d6a: not found"
2026/09/16 20:54:57 INFO discarding dagql cache without persistence hasSQLDB=false hasPersistDB=false
=== RUN   TestBuiltinMetadataConsumersStopOnFailure/withLabel
2026/09/16 20:54:57 INFO start lazy evaluation field=Query._builtinContainer
2026/09/16 20:54:57 INFO end lazy evaluation field=Query._builtinContainer duration=100.55µs err="lookup builtin image manifest sha256:656a2d58259ab3861f78e1bced0371f00d75e10e6891cb9d71efbd807dde7d6a: content sha256:656a2d58259ab3861f78e1bced0371f00d75e10e6891cb9d71efbd807dde7d6a: not found"
2026/09/16 20:54:57 INFO discarding dagql cache without persistence hasSQLDB=false hasPersistDB=false
=== RUN   TestBuiltinMetadataConsumersStopOnFailure/withExec
2026/09/16 20:54:57 INFO start lazy evaluation field=Query._builtinContainer
2026/09/16 20:54:57 INFO end lazy evaluation field=Query._builtinContainer duration=103.859µs err="lookup builtin image manifest sha256:656a2d58259ab3861f78e1bced0371f00d75e10e6891cb9d71efbd807dde7d6a: content sha256:656a2d58259ab3861f78e1bced0371f00d75e10e6891cb9d71efbd807dde7d6a: not found"
2026/09/16 20:54:57 INFO discarding dagql cache without persistence hasSQLDB=false hasPersistDB=false
=== RUN   TestBuiltinMetadataConsumersStopOnFailure/user
2026/09/16 20:54:57 INFO start lazy evaluation field=Query._builtinContainer
2026/09/16 20:54:57 INFO end lazy evaluation field=Query._builtinContainer duration=102.86µs err="lookup builtin image manifest sha256:656a2d58259ab3861f78e1bced0371f00d75e10e6891cb9d71efbd807dde7d6a: content sha256:656a2d58259ab3861f78e1bced0371f00d75e10e6891cb9d71efbd807dde7d6a: not found"
2026/09/16 20:54:57 INFO discarding dagql cache without persistence hasSQLDB=false hasPersistDB=false
=== RUN   TestBuiltinMetadataConsumersStopOnFailure/platform
2026/09/16 20:54:57 INFO start lazy evaluation field=Query._builtinContainer
2026/09/16 20:54:57 INFO end lazy evaluation field=Query._builtinContainer duration=84.45µs err="lookup builtin image manifest sha256:656a2d58259ab3861f78e1bced0371f00d75e10e6891cb9d71efbd807dde7d6a: content sha256:656a2d58259ab3861f78e1bced0371f00d75e10e6891cb9d71efbd807dde7d6a: not found"
2026/09/16 20:54:57 INFO discarding dagql cache without persistence hasSQLDB=false hasPersistDB=false
=== RUN   TestBuiltinMetadataConsumersStopOnFailure/healthcheck
2026/09/16 20:54:57 INFO start lazy evaluation field=Query._builtinContainer
2026/09/16 20:54:57 INFO end lazy evaluation field=Query._builtinContainer duration=68.51µs err="lookup builtin image manifest sha256:656a2d58259ab3861f78e1bced0371f00d75e10e6891cb9d71efbd807dde7d6a: content sha256:656a2d58259ab3861f78e1bced0371f00d75e10e6891cb9d71efbd807dde7d6a: not found"
2026/09/16 20:54:57 INFO discarding dagql cache without persistence hasSQLDB=false hasPersistDB=false
=== RUN   TestBuiltinMetadataConsumersStopOnFailure/cache_dynamic_input
2026/09/16 20:54:57 INFO start lazy evaluation field=Query._builtinContainer
2026/09/16 20:54:57 INFO end lazy evaluation field=Query._builtinContainer duration=72.1µs err="lookup builtin image manifest sha256:656a2d58259ab3861f78e1bced0371f00d75e10e6891cb9d71efbd807dde7d6a: content sha256:656a2d58259ab3861f78e1bced0371f00d75e10e6891cb9d71efbd807dde7d6a: not found"
2026/09/16 20:54:57 INFO discarding dagql cache without persistence hasSQLDB=false hasPersistDB=false
--- PASS: TestBuiltinMetadataConsumersStopOnFailure (0.05s)
    --- PASS: TestBuiltinMetadataConsumersStopOnFailure/from (0.00s)
    --- PASS: TestBuiltinMetadataConsumersStopOnFailure/withRootfs (0.00s)
    --- PASS: TestBuiltinMetadataConsumersStopOnFailure/rootfs (0.00s)
    --- PASS: TestBuiltinMetadataConsumersStopOnFailure/build (0.00s)
    --- PASS: TestBuiltinMetadataConsumersStopOnFailure/withSymlink (0.00s)
    --- PASS: TestBuiltinMetadataConsumersStopOnFailure/withWorkdir (0.00s)
    --- PASS: TestBuiltinMetadataConsumersStopOnFailure/withMountedDirectory (0.00s)
    --- PASS: TestBuiltinMetadataConsumersStopOnFailure/withMountedFile (0.00s)
    --- PASS: TestBuiltinMetadataConsumersStopOnFailure/withMountedCache (0.00s)
    --- PASS: TestBuiltinMetadataConsumersStopOnFailure/withMountedVolume (0.00s)
    --- PASS: TestBuiltinMetadataConsumersStopOnFailure/withMountedTemp (0.00s)
    --- PASS: TestBuiltinMetadataConsumersStopOnFailure/withoutMount (0.00s)
    --- PASS: TestBuiltinMetadataConsumersStopOnFailure/directory (0.00s)
    --- PASS: TestBuiltinMetadataConsumersStopOnFailure/file (0.00s)
    --- PASS: TestBuiltinMetadataConsumersStopOnFailure/withMountedSecret (0.00s)
    --- PASS: TestBuiltinMetadataConsumersStopOnFailure/withUnixSocket (0.00s)
    --- PASS: TestBuiltinMetadataConsumersStopOnFailure/withoutUnixSocket (0.00s)
    --- PASS: TestBuiltinMetadataConsumersStopOnFailure/withDirectory (0.00s)
    --- PASS: TestBuiltinMetadataConsumersStopOnFailure/withFile (0.00s)
    --- PASS: TestBuiltinMetadataConsumersStopOnFailure/withFiles (0.00s)
    --- PASS: TestBuiltinMetadataConsumersStopOnFailure/withoutDirectory (0.00s)
    --- PASS: TestBuiltinMetadataConsumersStopOnFailure/withoutFile (0.00s)
    --- PASS: TestBuiltinMetadataConsumersStopOnFailure/withoutFiles (0.00s)
    --- PASS: TestBuiltinMetadataConsumersStopOnFailure/withNewFile (0.00s)
    --- PASS: TestBuiltinMetadataConsumersStopOnFailure/withUser (0.00s)
    --- PASS: TestBuiltinMetadataConsumersStopOnFailure/withEnvVariable (0.00s)
    --- PASS: TestBuiltinMetadataConsumersStopOnFailure/withAnnotation (0.00s)
    --- PASS: TestBuiltinMetadataConsumersStopOnFailure/withLabel (0.00s)
    --- PASS: TestBuiltinMetadataConsumersStopOnFailure/withExec (0.00s)
    --- PASS: TestBuiltinMetadataConsumersStopOnFailure/user (0.00s)
    --- PASS: TestBuiltinMetadataConsumersStopOnFailure/platform (0.00s)
    --- PASS: TestBuiltinMetadataConsumersStopOnFailure/healthcheck (0.00s)
    --- PASS: TestBuiltinMetadataConsumersStopOnFailure/cache_dynamic_input (0.00s)
=== RUN   TestBuiltinLegacyServiceMetadata
=== RUN   TestBuiltinLegacyServiceMetadata/default_command
2026/09/16 20:54:58 INFO start lazy evaluation field=Query._builtinContainer
2026/09/16 20:54:58 INFO end lazy evaluation field=Query._builtinContainer duration=770.049µs
2026/09/16 20:54:58 INFO discarding dagql cache without persistence hasSQLDB=false hasPersistDB=false
=== RUN   TestBuiltinLegacyServiceMetadata/saved_exec_expansion
2026/09/16 20:54:58 INFO start lazy evaluation field=Query._builtinContainer
2026/09/16 20:54:58 INFO end lazy evaluation field=Query._builtinContainer duration=720.459µs
2026/09/16 20:54:58 INFO discarding dagql cache without persistence hasSQLDB=false hasPersistDB=false
--- PASS: TestBuiltinLegacyServiceMetadata (0.67s)
    --- PASS: TestBuiltinLegacyServiceMetadata/default_command (0.64s)
    --- PASS: TestBuiltinLegacyServiceMetadata/saved_exec_expansion (0.03s)
=== RUN   TestBuiltinCacheOwnerDynamicInput
2026/09/16 20:54:58 INFO start lazy evaluation field=Query._builtinContainer
2026/09/16 20:54:58 INFO end lazy evaluation field=Query._builtinContainer duration=603.229µs
2026/09/16 20:54:58 INFO discarding dagql cache without persistence hasSQLDB=false hasPersistDB=false
--- PASS: TestBuiltinCacheOwnerDynamicInput (0.02s)
=== RUN   TestMountConstructorsOwnNoRefs
=== RUN   TestMountConstructorsOwnNoRefs/file=false/parentFirst=false
2026/09/16 20:54:58 INFO start lazy group evaluation field=Container.withMountedDirectory group=metadata
2026/09/16 20:54:58 INFO end lazy group evaluation field=Container.withMountedDirectory group=metadata duration=94.97µs
2026/09/16 20:54:58 INFO start lazy group evaluation field=Container.withMountedDirectory group=fs
2026/09/16 20:54:58 INFO end lazy group evaluation field=Container.withMountedDirectory group=fs duration=62.48µs
2026/09/16 20:54:58 INFO start lazy group evaluation field=Container.withMountedDirectory group=execMeta
2026/09/16 20:54:58 INFO end lazy group evaluation field=Container.withMountedDirectory group=execMeta duration=54.76µs
2026/09/16 20:54:58 INFO start lazy group evaluation field=Container.withMountedDirectory group=mount:/kept
2026/09/16 20:54:58 INFO end lazy group evaluation field=Container.withMountedDirectory group=mount:/kept duration=43.07µs
2026/09/16 20:54:58 INFO start lazy group evaluation field=Container.withMountedDirectory group=write
2026/09/16 20:54:58 INFO end lazy group evaluation field=Container.withMountedDirectory group=write duration=48.519µs
2026/09/16 20:54:58 INFO discarding dagql cache without persistence hasSQLDB=false hasPersistDB=false
    container_lazy_test.go:422: 
        	Error Trace:	/home/exedev/.tailcall/worktrees/dagger-a7378ed8352b/remote-cache-b4-acquisition-implementer-a22b8169-585bbf9d/core/schema/container_lazy_test.go:422
        	Error:      	Not equal: 
        	            	expected: 1
        	            	actual  : 0
        	Test:       	TestMountConstructorsOwnNoRefs/file=false/parentFirst=false
=== RUN   TestMountConstructorsOwnNoRefs/file=false/parentFirst=true
2026/09/16 20:54:58 INFO start lazy group evaluation field=Container.withMountedDirectory group=metadata
2026/09/16 20:54:58 INFO end lazy group evaluation field=Container.withMountedDirectory group=metadata duration=75.05µs
2026/09/16 20:54:58 INFO start lazy group evaluation field=Container.withMountedDirectory group=fs
2026/09/16 20:54:58 INFO end lazy group evaluation field=Container.withMountedDirectory group=fs duration=27.56µs
2026/09/16 20:54:58 INFO start lazy group evaluation field=Container.withMountedDirectory group=execMeta
2026/09/16 20:54:58 INFO end lazy group evaluation field=Container.withMountedDirectory group=execMeta duration=26µs
2026/09/16 20:54:58 INFO start lazy group evaluation field=Container.withMountedDirectory group=mount:/kept
2026/09/16 20:54:58 INFO end lazy group evaluation field=Container.withMountedDirectory group=mount:/kept duration=38.42µs
2026/09/16 20:54:58 INFO start lazy group evaluation field=Container.withMountedDirectory group=write
2026/09/16 20:54:58 INFO end lazy group evaluation field=Container.withMountedDirectory group=write duration=25.76µs
2026/09/16 20:54:58 INFO discarding dagql cache without persistence hasSQLDB=false hasPersistDB=false
    container_lazy_test.go:422: 
        	Error Trace:	/home/exedev/.tailcall/worktrees/dagger-a7378ed8352b/remote-cache-b4-acquisition-implementer-a22b8169-585bbf9d/core/schema/container_lazy_test.go:422
        	Error:      	Not equal: 
        	            	expected: 1
        	            	actual  : 0
        	Test:       	TestMountConstructorsOwnNoRefs/file=false/parentFirst=true
=== RUN   TestMountConstructorsOwnNoRefs/file=true/parentFirst=false
2026/09/16 20:54:58 INFO start lazy group evaluation field=Container.withMountedFile group=metadata
2026/09/16 20:54:58 INFO end lazy group evaluation field=Container.withMountedFile group=metadata duration=41.87µs
2026/09/16 20:54:58 INFO start lazy group evaluation field=Container.withMountedFile group=fs
2026/09/16 20:54:58 INFO end lazy group evaluation field=Container.withMountedFile group=fs duration=28.63µs
2026/09/16 20:54:58 INFO start lazy group evaluation field=Container.withMountedFile group=execMeta
2026/09/16 20:54:58 INFO end lazy group evaluation field=Container.withMountedFile group=execMeta duration=33.64µs
2026/09/16 20:54:58 INFO start lazy group evaluation field=Container.withMountedFile group=mount:/kept
2026/09/16 20:54:58 INFO end lazy group evaluation field=Container.withMountedFile group=mount:/kept duration=26.04µs
2026/09/16 20:54:58 INFO start lazy group evaluation field=Container.withMountedFile group=write
2026/09/16 20:54:58 INFO end lazy group evaluation field=Container.withMountedFile group=write duration=47.49µs
2026/09/16 20:54:58 INFO discarding dagql cache without persistence hasSQLDB=false hasPersistDB=false
    container_lazy_test.go:422: 
        	Error Trace:	/home/exedev/.tailcall/worktrees/dagger-a7378ed8352b/remote-cache-b4-acquisition-implementer-a22b8169-585bbf9d/core/schema/container_lazy_test.go:422
        	Error:      	Not equal: 
        	            	expected: 1
        	            	actual  : 0
        	Test:       	TestMountConstructorsOwnNoRefs/file=true/parentFirst=false
=== RUN   TestMountConstructorsOwnNoRefs/file=true/parentFirst=true
2026/09/16 20:54:58 INFO start lazy group evaluation field=Container.withMountedFile group=metadata
2026/09/16 20:54:58 INFO end lazy group evaluation field=Container.withMountedFile group=metadata duration=51.47µs
2026/09/16 20:54:58 INFO start lazy group evaluation field=Container.withMountedFile group=fs
2026/09/16 20:54:58 INFO end lazy group evaluation field=Container.withMountedFile group=fs duration=28.15µs
2026/09/16 20:54:58 INFO start lazy group evaluation field=Container.withMountedFile group=execMeta
2026/09/16 20:54:58 INFO end lazy group evaluation field=Container.withMountedFile group=execMeta duration=23.65µs
2026/09/16 20:54:58 INFO start lazy group evaluation field=Container.withMountedFile group=mount:/kept
2026/09/16 20:54:58 INFO end lazy group evaluation field=Container.withMountedFile group=mount:/kept duration=24.69µs
2026/09/16 20:54:58 INFO start lazy group evaluation field=Container.withMountedFile group=write
2026/09/16 20:54:58 INFO end lazy group evaluation field=Container.withMountedFile group=write duration=23.67µs
2026/09/16 20:54:58 INFO discarding dagql cache without persistence hasSQLDB=false hasPersistDB=false
    container_lazy_test.go:422: 
        	Error Trace:	/home/exedev/.tailcall/worktrees/dagger-a7378ed8352b/remote-cache-b4-acquisition-implementer-a22b8169-585bbf9d/core/schema/container_lazy_test.go:422
        	Error:      	Not equal: 
        	            	expected: 1
        	            	actual  : 0
        	Test:       	TestMountConstructorsOwnNoRefs/file=true/parentFirst=true
--- FAIL: TestMountConstructorsOwnNoRefs (0.01s)
    --- FAIL: TestMountConstructorsOwnNoRefs/file=false/parentFirst=false (0.00s)
    --- FAIL: TestMountConstructorsOwnNoRefs/file=false/parentFirst=true (0.00s)
    --- FAIL: TestMountConstructorsOwnNoRefs/file=true/parentFirst=false (0.00s)
    --- FAIL: TestMountConstructorsOwnNoRefs/file=true/parentFirst=true (0.00s)
=== RUN   TestContainerTransferPendingChild
2026/09/16 20:55:00 INFO start call field=Query.loadContainerFromID digest=xxh3:c055544e125af8eb
2026/09/16 20:55:00 INFO end call field=Query.loadContainerFromID cached=false digest=xxh3:c055544e125af8eb
2026/09/16 20:55:00 INFO start call field=Container.withEnvVariable digest=xxh3:facae2ef58910071
2026/09/16 20:55:00 INFO end call field=Container.withEnvVariable cached=false digest=xxh3:facae2ef58910071
2026/09/16 20:55:00 INFO start call field=Container.envVariable digest=xxh3:3ccb372165564256
2026/09/16 20:55:00 INFO start lazy group evaluation field=Container.withEnvVariable group=metadata
2026/09/16 20:55:00 INFO start call field=Container.workdir digest=xxh3:5cd9839dec976b6b
2026/09/16 20:55:00 INFO end lazy group evaluation field=Container.withEnvVariable group=metadata duration=770.789µs
2026/09/16 20:55:00 INFO start lazy group evaluation field=Container.withEnvVariable group=execMeta
2026/09/16 20:55:00 INFO end lazy group evaluation field=Container.withEnvVariable group=execMeta duration=606.579µs
2026/09/16 20:55:00 INFO end call field=Container.envVariable cached=false digest=xxh3:3ccb372165564256
2026/09/16 20:55:00 INFO end call field=Container.workdir cached=false digest=xxh3:5cd9839dec976b6b
2026/09/16 20:55:00 INFO start call field=Query.loadContainerFromID digest=xxh3:c055544e125af8eb
2026/09/16 20:55:00 INFO end call field=Query.loadContainerFromID cached=true digest=xxh3:c055544e125af8eb
2026/09/16 20:55:00 INFO start call field=Container.withEnvVariable digest=xxh3:facae2ef58910071
2026/09/16 20:55:00 INFO end call field=Container.withEnvVariable cached=true digest=xxh3:facae2ef58910071
2026/09/16 20:55:00 INFO start call field=Container.rootfs digest=xxh3:3b879439deabaa29
2026/09/16 20:55:00 INFO end call field=Container.rootfs cached=false digest=xxh3:3b879439deabaa29
2026/09/16 20:55:00 INFO start call field=Directory.entries digest=xxh3:7c070de203f4e5ec
2026/09/16 20:55:00 INFO start lazy evaluation field=Container.rootfs
2026/09/16 20:55:00 INFO start lazy group evaluation field=Container.withEnvVariable group=fs
2026/09/16 20:55:00 INFO end lazy group evaluation field=Container.withEnvVariable group=fs duration=1.264028ms err="imported filesystem part is unavailable: {\"part\":\"fs\"}"
2026/09/16 20:55:00 INFO end lazy evaluation field=Container.rootfs duration=1.417678ms err="imported filesystem part is unavailable: {\"part\":\"fs\"}"
2026/09/16 20:55:00 INFO end call field=Directory.entries cached=false digest=xxh3:7c070de203f4e5ec
2026/09/16 20:55:00 INFO discarding dagql cache without persistence hasSQLDB=true hasPersistDB=true
--- PASS: TestContainerTransferPendingChild (2.27s)
=== RUN   TestScratchDirectoryoperation
    directory_scratch_test.go:176: scratch recipe-json-bytes=2 native-payload-added-bytes=35 construction-scratch-calls=0
2026/09/16 20:55:01 INFO start lazy evaluation field=Query.directory
2026/09/16 20:55:01 INFO end lazy evaluation field=Query.directory duration=52.693791ms
2026/09/16 20:55:01 INFO start lazy evaluation field=Query.directory
2026/09/16 20:55:01 INFO end lazy evaluation field=Query.directory duration=95.37µs err="operation receiver: Directory snapshot already installed"
2026/09/16 20:55:01 INFO start lazy evaluation field=Query.directory
2026/09/16 20:55:01 INFO end lazy evaluation field=Query.directory duration=4.522374ms
2026/09/16 20:55:01 INFO start lazy evaluation field=Query.directory
2026/09/16 20:55:01 INFO end lazy evaluation field=Query.directory duration=3.459236ms
2026/09/16 20:55:01 INFO start lazy evaluation field=Query.directory
2026/09/16 20:55:01 INFO end lazy evaluation field=Query.directory duration=3.189406ms err="context canceled"
2026/09/16 20:55:01 INFO discarding dagql cache without persistence hasSQLDB=false hasPersistDB=false
--- PASS: TestScratchDirectoryoperation (0.61s)
=== RUN   TestScratchDirectoryAcquisition
=== RUN   TestScratchDirectoryAcquisition/cold
2026/09/16 20:55:01 INFO start lazy evaluation field=Query.directory
2026/09/16 20:55:01 INFO end lazy evaluation field=Query.directory duration=93.508248ms
    directory_scratch_test.go:339: scratch mode=cold acquisition=304.961373ms scratch-calls=1 provider-reads=0
2026/09/16 20:55:01 INFO discarding dagql cache without persistence hasSQLDB=false hasPersistDB=false
2026/09/16 20:55:01 INFO dagql pruned result resultID=1 call=Query.directory digest=xxh3:66b3e3c82e7ec924 args=[] description="dagql cache result 1" measuredSizeBytes=4096 reclaimedBytes=4096
2026/09/16 20:55:01 INFO discarding dagql cache without persistence hasSQLDB=true hasPersistDB=true
=== RUN   TestScratchDirectoryAcquisition/canonical-only
2026/09/16 20:55:01 INFO start lazy evaluation field=Query.directory
2026/09/16 20:55:01 INFO end lazy evaluation field=Query.directory duration=7.113002ms
    directory_scratch_test.go:339: scratch mode=canonical-only acquisition=28.912973ms scratch-calls=1 provider-reads=0
2026/09/16 20:55:02 INFO discarding dagql cache without persistence hasSQLDB=false hasPersistDB=false
2026/09/16 20:55:02 INFO dagql pruned result resultID=1 call=Query.directory digest=xxh3:66b3e3c82e7ec924 args=[] description="dagql cache result 1" measuredSizeBytes=4096 reclaimedBytes=4096
2026/09/16 20:55:02 INFO discarding dagql cache without persistence hasSQLDB=true hasPersistDB=true
=== RUN   TestScratchDirectoryAcquisition/warm
2026/09/16 20:55:02 INFO start lazy evaluation field=Query.directory
2026/09/16 20:55:02 INFO end lazy evaluation field=Query.directory duration=27.411615ms
    directory_scratch_test.go:339: scratch mode=warm acquisition=23.986749ms scratch-calls=0 provider-reads=0
2026/09/16 20:55:02 INFO discarding dagql cache without persistence hasSQLDB=false hasPersistDB=false
2026/09/16 20:55:02 INFO dagql pruned result resultID=2 call=Query.directory digest=xxh3:66b3e3c82e7ec924 args=[] description="dagql cache result 2" measuredSizeBytes=4096 reclaimedBytes=4096
2026/09/16 20:55:02 INFO discarding dagql cache without persistence hasSQLDB=true hasPersistDB=true
=== RUN   TestScratchDirectoryAcquisition/pending-restart
2026/09/16 20:55:02 INFO starting dagql cache close hasSQLDB=true hasPersistDB=true
2026/09/16 20:55:02 INFO marking dagql cache clean shutdown
2026/09/16 20:55:02 WARN successfully marked clean shutdown in persistence metadata
2026/09/16 20:55:02 INFO completed dagql cache close successfully
2026/09/16 20:55:02 INFO start lazy evaluation field=Query.directory
2026/09/16 20:55:02 INFO end lazy evaluation field=Query.directory duration=30.67249ms
    directory_scratch_test.go:339: scratch mode=pending-restart acquisition=46.956679ms scratch-calls=1 provider-reads=0
2026/09/16 20:55:02 INFO discarding dagql cache without persistence hasSQLDB=false hasPersistDB=false
2026/09/16 20:55:02 INFO starting dagql cache close hasSQLDB=true hasPersistDB=true
2026/09/16 20:55:02 INFO marking dagql cache clean shutdown
2026/09/16 20:55:02 WARN successfully marked clean shutdown in persistence metadata
2026/09/16 20:55:02 INFO completed dagql cache close successfully
2026/09/16 20:55:02 INFO dagql pruned result resultID=1 call=Query.directory digest=xxh3:66b3e3c82e7ec924 args=[] description="dagql cache result 1" measuredSizeBytes=4096 reclaimedBytes=4096
2026/09/16 20:55:02 INFO discarding dagql cache without persistence hasSQLDB=true hasPersistDB=true
=== RUN   TestScratchDirectoryAcquisition/manager-failure
2026/09/16 20:55:02 INFO start lazy evaluation field=Query.directory
2026/09/16 20:55:02 INFO end lazy evaluation field=Query.directory duration=55.21µs err="injected scratch acquisition failure"
2026/09/16 20:55:02 INFO start lazy evaluation field=Query.directory
2026/09/16 20:55:02 INFO end lazy evaluation field=Query.directory duration=37.78197ms
    directory_scratch_test.go:339: scratch mode=manager-failure acquisition=64.470266ms scratch-calls=2 provider-reads=0
2026/09/16 20:55:02 INFO discarding dagql cache without persistence hasSQLDB=false hasPersistDB=false
2026/09/16 20:55:02 INFO dagql pruned result resultID=1 call=Query.directory digest=xxh3:66b3e3c82e7ec924 args=[] description="dagql cache result 1" measuredSizeBytes=4096 reclaimedBytes=4096
2026/09/16 20:55:02 INFO discarding dagql cache without persistence hasSQLDB=true hasPersistDB=true
=== RUN   TestScratchDirectoryAcquisition/manager-canceled
2026/09/16 20:55:02 INFO start lazy evaluation field=Query.directory
2026/09/16 20:55:02 INFO end lazy evaluation field=Query.directory duration=55.78µs err="context canceled"
2026/09/16 20:55:02 INFO start lazy evaluation field=Query.directory
2026/09/16 20:55:02 INFO end lazy evaluation field=Query.directory duration=27.903194ms
    directory_scratch_test.go:339: scratch mode=manager-canceled acquisition=53.133901ms scratch-calls=2 provider-reads=0
2026/09/16 20:55:02 INFO discarding dagql cache without persistence hasSQLDB=false hasPersistDB=false
2026/09/16 20:55:02 INFO dagql pruned result resultID=1 call=Query.directory digest=xxh3:66b3e3c82e7ec924 args=[] description="dagql cache result 1" measuredSizeBytes=4096 reclaimedBytes=4096
2026/09/16 20:55:02 INFO discarding dagql cache without persistence hasSQLDB=true hasPersistDB=true
=== RUN   TestScratchDirectoryAcquisition/prepare-failure
2026/09/16 20:55:02 INFO start lazy evaluation field=Query.directory
2026/09/16 20:55:02 INFO end lazy evaluation field=Query.directory duration=26.462166ms
2026/09/16 20:55:02 INFO start lazy evaluation field=Query.directory
2026/09/16 20:55:02 INFO end lazy evaluation field=Query.directory duration=7.053821ms
    directory_scratch_test.go:339: scratch mode=prepare-failure acquisition=58.469254ms scratch-calls=2 provider-reads=0
2026/09/16 20:55:02 INFO discarding dagql cache without persistence hasSQLDB=false hasPersistDB=false
2026/09/16 20:55:02 INFO dagql pruned result resultID=1 call=Query.directory digest=xxh3:66b3e3c82e7ec924 args=[] description="dagql cache result 1" measuredSizeBytes=4096 reclaimedBytes=4096
2026/09/16 20:55:02 INFO discarding dagql cache without persistence hasSQLDB=true hasPersistDB=true
=== RUN   TestScratchDirectoryAcquisition/sync-retry
2026/09/16 20:55:02 INFO start lazy evaluation field=Query.directory
2026/09/16 20:55:03 INFO end lazy evaluation field=Query.directory duration=218.920665ms
    directory_scratch_test.go:339: scratch mode=sync-retry acquisition=533.979756ms scratch-calls=1 provider-reads=0
2026/09/16 20:55:03 INFO discarding dagql cache without persistence hasSQLDB=false hasPersistDB=false
2026/09/16 20:55:03 INFO dagql pruned result resultID=1 call=Query.directory digest=xxh3:66b3e3c82e7ec924 args=[] description="dagql cache result 1" measuredSizeBytes=4096 reclaimedBytes=4096
2026/09/16 20:55:03 INFO discarding dagql cache without persistence hasSQLDB=true hasPersistDB=true
--- PASS: TestScratchDirectoryAcquisition (2.13s)
    --- PASS: TestScratchDirectoryAcquisition/cold (0.48s)
    --- PASS: TestScratchDirectoryAcquisition/canonical-only (0.17s)
    --- PASS: TestScratchDirectoryAcquisition/warm (0.18s)
    --- PASS: TestScratchDirectoryAcquisition/pending-restart (0.19s)
    --- PASS: TestScratchDirectoryAcquisition/manager-failure (0.15s)
    --- PASS: TestScratchDirectoryAcquisition/manager-canceled (0.15s)
    --- PASS: TestScratchDirectoryAcquisition/prepare-failure (0.18s)
    --- PASS: TestScratchDirectoryAcquisition/sync-retry (0.63s)
=== RUN   TestScratchDirectoryNativeReopen
=== RUN   TestScratchDirectoryNativeReopen/pending
2026/09/16 20:55:03 INFO starting dagql cache close hasSQLDB=true hasPersistDB=true
2026/09/16 20:55:03 INFO marking dagql cache clean shutdown
2026/09/16 20:55:03 WARN successfully marked clean shutdown in persistence metadata
2026/09/16 20:55:03 INFO completed dagql cache close successfully
2026/09/16 20:55:03 INFO start lazy evaluation field=Query.directory
2026/09/16 20:55:03 INFO end lazy evaluation field=Query.directory duration=23.38238ms
2026/09/16 20:55:03 INFO starting dagql cache close hasSQLDB=true hasPersistDB=true
2026/09/16 20:55:03 INFO marking dagql cache clean shutdown
2026/09/16 20:55:03 WARN successfully marked clean shutdown in persistence metadata
2026/09/16 20:55:03 INFO completed dagql cache close successfully
2026/09/16 20:55:03 INFO start lazy evaluation field=Directory.restore
2026/09/16 20:55:03 INFO end lazy evaluation field=Directory.restore duration=261.599µs
2026/09/16 20:55:03 INFO discarding dagql cache without persistence hasSQLDB=true hasPersistDB=true
=== RUN   TestScratchDirectoryNativeReopen/evaluated
2026/09/16 20:55:03 INFO start lazy evaluation field=Query.directory
2026/09/16 20:55:03 INFO end lazy evaluation field=Query.directory duration=28.788582ms
2026/09/16 20:55:03 INFO starting dagql cache close hasSQLDB=true hasPersistDB=true
2026/09/16 20:55:03 INFO marking dagql cache clean shutdown
2026/09/16 20:55:03 WARN successfully marked clean shutdown in persistence metadata
2026/09/16 20:55:03 INFO completed dagql cache close successfully
2026/09/16 20:55:03 INFO start lazy evaluation field=Directory.restore
2026/09/16 20:55:03 INFO end lazy evaluation field=Directory.restore duration=329.07µs
2026/09/16 20:55:03 INFO starting dagql cache close hasSQLDB=true hasPersistDB=true
2026/09/16 20:55:03 INFO marking dagql cache clean shutdown
2026/09/16 20:55:03 WARN successfully marked clean shutdown in persistence metadata
2026/09/16 20:55:03 INFO completed dagql cache close successfully
2026/09/16 20:55:03 INFO start lazy evaluation field=Directory.restore
2026/09/16 20:55:03 INFO end lazy evaluation field=Directory.restore duration=335.809µs
2026/09/16 20:55:03 INFO discarding dagql cache without persistence hasSQLDB=true hasPersistDB=true
--- PASS: TestScratchDirectoryNativeReopen (0.30s)
    --- PASS: TestScratchDirectoryNativeReopen/pending (0.16s)
    --- PASS: TestScratchDirectoryNativeReopen/evaluated (0.14s)
=== RUN   TestHTTPResolvedCall
2026/09/16 20:55:03 INFO start lazy evaluation field=Query.__httpFile
2026/09/16 20:55:03 INFO end lazy evaluation field=Query.__httpFile duration=16.588078ms
2026/09/16 20:55:03 INFO start lazy evaluation field=Query.__httpFile
2026/09/16 20:55:03 INFO end lazy evaluation field=Query.__httpFile duration=31.516959ms
    http_lazy_test.go:94: HTTP requests: miss outer=1 operation=0; pending hit outer=1 operation=0; completed hit outer=1 operation=0
2026/09/16 20:55:03 INFO discarding dagql cache without persistence hasSQLDB=false hasPersistDB=false
--- PASS: TestHTTPResolvedCall (0.14s)
=== RUN   TestLazyOperationResolverCleanup
=== RUN   TestLazyOperationResolverCleanup/ref_wrapping
=== RUN   TestLazyOperationResolverCleanup/ref_digest
=== RUN   TestLazyOperationResolverCleanup/commit_wrapping
2026/09/16 20:55:03 INFO discarding dagql cache without persistence hasSQLDB=false hasPersistDB=false
--- PASS: TestLazyOperationResolverCleanup (0.00s)
    --- PASS: TestLazyOperationResolverCleanup/ref_wrapping (0.00s)
    --- PASS: TestLazyOperationResolverCleanup/ref_digest (0.00s)
    --- PASS: TestLazyOperationResolverCleanup/commit_wrapping (0.00s)
=== RUN   TestLazyOperationResolverOutputCleanup
=== RUN   TestLazyOperationResolverOutputCleanup/scratch_wrapping
2026/09/16 20:55:03 INFO discarding dagql cache without persistence hasSQLDB=false hasPersistDB=false
=== RUN   TestLazyOperationResolverOutputCleanup/http_state_sync
2026/09/16 20:55:03 INFO discarding dagql cache without persistence hasSQLDB=false hasPersistDB=false
=== RUN   TestLazyOperationResolverOutputCleanup/schema_wrapping
2026/09/16 20:55:03 INFO discarding dagql cache without persistence hasSQLDB=false hasPersistDB=false
=== RUN   TestLazyOperationResolverOutputCleanup/builtin_wrapping
2026/09/16 20:55:03 INFO discarding dagql cache without persistence hasSQLDB=false hasPersistDB=false
=== RUN   TestLazyOperationResolverOutputCleanup/bundle_wrapping
2026/09/16 20:55:04 INFO discarding dagql cache without persistence hasSQLDB=false hasPersistDB=false
--- PASS: TestLazyOperationResolverOutputCleanup (0.04s)
    --- PASS: TestLazyOperationResolverOutputCleanup/scratch_wrapping (0.00s)
    --- PASS: TestLazyOperationResolverOutputCleanup/http_state_sync (0.00s)
    --- PASS: TestLazyOperationResolverOutputCleanup/schema_wrapping (0.00s)
    --- PASS: TestLazyOperationResolverOutputCleanup/builtin_wrapping (0.01s)
    --- PASS: TestLazyOperationResolverOutputCleanup/bundle_wrapping (0.02s)
=== RUN   TestLazyOperationResolverCapture
=== RUN   TestLazyOperationResolverCapture/scratch_wrapping
2026/09/16 20:55:04 INFO discarding dagql cache without persistence hasSQLDB=false hasPersistDB=false
=== RUN   TestLazyOperationResolverCapture/http_state_sync
2026/09/16 20:55:04 INFO discarding dagql cache without persistence hasSQLDB=false hasPersistDB=false
=== RUN   TestLazyOperationResolverCapture/schema_wrapping
2026/09/16 20:55:04 INFO discarding dagql cache without persistence hasSQLDB=false hasPersistDB=false
=== RUN   TestLazyOperationResolverCapture/builtin_wrapping
2026/09/16 20:55:04 INFO discarding dagql cache without persistence hasSQLDB=false hasPersistDB=false
=== RUN   TestLazyOperationResolverCapture/bundle_wrapping
2026/09/16 20:55:04 INFO discarding dagql cache without persistence hasSQLDB=false hasPersistDB=false
=== RUN   TestLazyOperationResolverCapture/gitCleaned
2026/09/16 20:55:04 INFO start lazy evaluation field=GitRepository.__cleaned
2026/09/16 20:55:04 INFO end lazy evaluation field=GitRepository.__cleaned duration=12.224115ms
2026/09/16 20:55:04 INFO discarding dagql cache without persistence hasSQLDB=false hasPersistDB=false
=== RUN   TestLazyOperationResolverCapture/gitTree
2026/09/16 20:55:04 INFO start lazy evaluation field=GitRef.tree
2026/09/16 20:55:04 INFO end lazy evaluation field=GitRef.tree duration=60.018683ms
2026/09/16 20:55:04 INFO discarding dagql cache without persistence hasSQLDB=false hasPersistDB=false
=== RUN   TestLazyOperationResolverCapture/gitCommitTree
2026/09/16 20:55:04 INFO start lazy evaluation field=GitCommit.tree
2026/09/16 20:55:04 INFO end lazy evaluation field=GitCommit.tree duration=70.953128ms
2026/09/16 20:55:04 INFO discarding dagql cache without persistence hasSQLDB=false hasPersistDB=false
--- PASS: TestLazyOperationResolverCapture (0.25s)
    --- PASS: TestLazyOperationResolverCapture/scratch_wrapping (0.00s)
    --- PASS: TestLazyOperationResolverCapture/http_state_sync (0.00s)
    --- PASS: TestLazyOperationResolverCapture/schema_wrapping (0.00s)
    --- PASS: TestLazyOperationResolverCapture/builtin_wrapping (0.01s)
    --- PASS: TestLazyOperationResolverCapture/bundle_wrapping (0.02s)
    --- PASS: TestLazyOperationResolverCapture/gitCleaned (0.03s)
    --- PASS: TestLazyOperationResolverCapture/gitTree (0.08s)
    --- PASS: TestLazyOperationResolverCapture/gitCommitTree (0.10s)
=== RUN   TestSchemaFileLazy
2026/09/16 20:55:04 INFO starting dagql cache close hasSQLDB=true hasPersistDB=true
2026/09/16 20:55:04 INFO marking dagql cache clean shutdown
2026/09/16 20:55:04 WARN successfully marked clean shutdown in persistence metadata
2026/09/16 20:55:04 INFO completed dagql cache close successfully
2026/09/16 20:55:04 INFO start lazy evaluation field=File.blob
2026/09/16 20:55:04 INFO end lazy evaluation field=File.blob duration=26.929575ms
    query_lazy_test.go:75: schema bytes=8120 pending payload bytes=10961 scratch calls before first use=0 after first use=1
2026/09/16 20:55:04 INFO discarding dagql cache without persistence hasSQLDB=true hasPersistDB=true
--- PASS: TestSchemaFileLazy (0.12s)
=== CONT  TestCloneContainerForSchemaChildDisablesFromContentDigest
=== CONT  TestWithImageConfigMetadataRejectsInvalidHealthcheckJSON
=== CONT  TestWithImageConfigMetadataMutatesContainerConfig
--- PASS: TestWithImageConfigMetadataRejectsInvalidHealthcheckJSON (0.00s)
--- PASS: TestWithImageConfigMetadataMutatesContainerConfig (0.00s)
2026/09/16 20:55:04 INFO discarding dagql cache without persistence hasSQLDB=false hasPersistDB=false
--- PASS: TestCloneContainerForSchemaChildDisablesFromContentDigest (0.00s)
FAIL
FAIL	github.com/dagger/dagger/core/schema	8.154s
FAIL
