=== RUN   TestHTTPStateUsageSizeUsesPersistedSnapshotID
=== PAUSE TestHTTPStateUsageSizeUsesPersistedSnapshotID
=== RUN   TestHTTPLazyOperationEvaluate
=== RUN   TestHTTPLazyOperationEvaluate/equal
2026/09/16 20:17:05 INFO start lazy evaluation field=Query.__httpFile
2026/09/16 20:17:05 INFO end lazy evaluation field=Query.__httpFile duration=29.824891ms
=== RUN   TestHTTPLazyOperationEvaluate/changed_timestamp
2026/09/16 20:17:05 INFO start lazy evaluation field=Query.__httpFile
2026/09/16 20:17:05 INFO end lazy evaluation field=Query.__httpFile duration=21.20571ms
=== RUN   TestHTTPLazyOperationEvaluate/invalid_timestamp
2026/09/16 20:17:05 INFO start lazy evaluation field=Query.__httpFile
2026/09/16 20:17:05 INFO end lazy evaluation field=Query.__httpFile duration=15.327819ms
=== RUN   TestHTTPLazyOperationEvaluate/empty_checksum
2026/09/16 20:17:05 INFO start lazy evaluation field=Query.__httpFile
2026/09/16 20:17:05 INFO end lazy evaluation field=Query.__httpFile duration=14.704692ms
=== RUN   TestHTTPLazyOperationEvaluate/checksum
2026/09/16 20:17:05 INFO start lazy evaluation field=Query.__httpFile
2026/09/16 20:17:05 INFO end lazy evaluation field=Query.__httpFile duration=15.276389ms
=== RUN   TestHTTPLazyOperationEvaluate/changed_body
2026/09/16 20:17:05 INFO start lazy evaluation field=Query.__httpFile
2026/09/16 20:17:05 INFO end lazy evaluation field=Query.__httpFile duration=18.06432ms err="HTTP File operation body mismatch: recorded sha256:d81c55f49c5bb0d36bc11e3966ec4efab66f8dfefbbc1761161ca9d230e5466a, fetched sha256:d67e2e944994496c8d8ec76eed0cf9f09679448d584b532bebf941852a37f5ed"
=== RUN   TestHTTPLazyOperationEvaluate/checksum_mismatch
2026/09/16 20:17:05 INFO start lazy evaluation field=Query.__httpFile
2026/09/16 20:17:05 INFO end lazy evaluation field=Query.__httpFile duration=12.114069ms err="http checksum mismatch: expected sha256:d81c55f49c5bb0d36bc11e3966ec4efab66f8dfefbbc1761161ca9d230e5466a, got sha256:d67e2e944994496c8d8ec76eed0cf9f09679448d584b532bebf941852a37f5ed"
=== RUN   TestHTTPLazyOperationEvaluate/bad_checksum
2026/09/16 20:17:05 INFO start lazy evaluation field=Query.__httpFile
2026/09/16 20:17:05 INFO end lazy evaluation field=Query.__httpFile duration=176.069µs err="invalid checksum \"invalid\": invalid checksum digest format"
=== RUN   TestHTTPLazyOperationEvaluate/status
2026/09/16 20:17:05 INFO start lazy evaluation field=Query.__httpFile
2026/09/16 20:17:05 INFO end lazy evaluation field=Query.__httpFile duration=2.403112ms err="invalid response status 500 Internal Server Error"
=== RUN   TestHTTPLazyOperationEvaluate/partial
2026/09/16 20:17:05 INFO start lazy evaluation field=Query.__httpFile
2026/09/16 20:17:05 INFO end lazy evaluation field=Query.__httpFile duration=16.072317ms
=== RUN   TestHTTPLazyOperationEvaluate/not_modified
2026/09/16 20:17:05 INFO start lazy evaluation field=Query.__httpFile
2026/09/16 20:17:05 INFO end lazy evaluation field=Query.__httpFile duration=20.255393ms err="HTTP File operation body mismatch: recorded sha256:d81c55f49c5bb0d36bc11e3966ec4efab66f8dfefbbc1761161ca9d230e5466a, fetched sha256:e3b0c44298fc1c149afbf4c8996fb92427ae41e4649b934ca495991b7852b855"
=== RUN   TestHTTPLazyOperationEvaluate/no_content
2026/09/16 20:17:05 INFO start lazy evaluation field=Query.__httpFile
2026/09/16 20:17:05 INFO end lazy evaluation field=Query.__httpFile duration=21.267589ms err="HTTP File operation body mismatch: recorded sha256:d81c55f49c5bb0d36bc11e3966ec4efab66f8dfefbbc1761161ca9d230e5466a, fetched sha256:e3b0c44298fc1c149afbf4c8996fb92427ae41e4649b934ca495991b7852b855"
2026/09/16 20:17:05 INFO start lazy evaluation field=Query.__httpFile
2026/09/16 20:17:05 INFO end lazy evaluation field=Query.__httpFile duration=18.774927ms
2026/09/16 20:17:05 INFO start lazy evaluation field=Query.__httpFile
2026/09/16 20:17:05 INFO end lazy evaluation field=Query.__httpFile duration=15.596818ms
=== RUN   TestHTTPLazyOperationEvaluate/transport
2026/09/16 20:17:05 INFO start lazy evaluation field=Query.__httpFile
2026/09/16 20:17:05 INFO end lazy evaluation field=Query.__httpFile duration=1.360375ms err="Get \"http://127.0.0.1:1\": dial tcp 127.0.0.1:1: connect: connection refused"
=== RUN   TestHTTPLazyOperationEvaluate/canceled
2026/09/16 20:17:05 INFO start lazy evaluation field=Query.__httpFile
2026/09/16 20:17:05 INFO end lazy evaluation field=Query.__httpFile duration=278.4µs err="context canceled"
2026/09/16 20:17:05 INFO discarding dagql cache without persistence hasSQLDB=false hasPersistDB=false
--- PASS: TestHTTPLazyOperationEvaluate (0.38s)
    --- PASS: TestHTTPLazyOperationEvaluate/equal (0.06s)
    --- PASS: TestHTTPLazyOperationEvaluate/changed_timestamp (0.04s)
    --- PASS: TestHTTPLazyOperationEvaluate/invalid_timestamp (0.03s)
    --- PASS: TestHTTPLazyOperationEvaluate/empty_checksum (0.03s)
    --- PASS: TestHTTPLazyOperationEvaluate/checksum (0.03s)
    --- PASS: TestHTTPLazyOperationEvaluate/changed_body (0.02s)
    --- PASS: TestHTTPLazyOperationEvaluate/checksum_mismatch (0.01s)
    --- PASS: TestHTTPLazyOperationEvaluate/bad_checksum (0.00s)
    --- PASS: TestHTTPLazyOperationEvaluate/status (0.00s)
    --- PASS: TestHTTPLazyOperationEvaluate/partial (0.03s)
    --- PASS: TestHTTPLazyOperationEvaluate/not_modified (0.02s)
    --- PASS: TestHTTPLazyOperationEvaluate/no_content (0.02s)
    --- PASS: TestHTTPLazyOperationEvaluate/transport (0.00s)
    --- PASS: TestHTTPLazyOperationEvaluate/canceled (0.00s)
=== RUN   TestHTTPLazyOperationWriter
=== RUN   TestHTTPLazyOperationWriter/data.txt/0
2026/09/16 20:17:05 INFO start lazy evaluation field=Query.__httpFile
2026/09/16 20:17:05 INFO end lazy evaluation field=Query.__httpFile duration=13.177916ms
=== RUN   TestHTTPLazyOperationWriter/data.txt/600
2026/09/16 20:17:06 INFO start lazy evaluation field=Query.__httpFile
2026/09/16 20:17:06 INFO end lazy evaluation field=Query.__httpFile duration=13.624215ms
=== RUN   TestHTTPLazyOperationWriter/data.txt/644
2026/09/16 20:17:06 INFO start lazy evaluation field=Query.__httpFile
2026/09/16 20:17:06 INFO end lazy evaluation field=Query.__httpFile duration=13.991603ms
=== RUN   TestHTTPLazyOperationWriter/data.txt/755
2026/09/16 20:17:06 INFO start lazy evaluation field=Query.__httpFile
2026/09/16 20:17:06 INFO end lazy evaluation field=Query.__httpFile duration=13.282326ms
=== RUN   TestHTTPLazyOperationWriter//data.txt/0
2026/09/16 20:17:06 INFO start lazy evaluation field=Query.__httpFile
2026/09/16 20:17:06 INFO end lazy evaluation field=Query.__httpFile duration=13.024147ms
=== RUN   TestHTTPLazyOperationWriter//data.txt/600
2026/09/16 20:17:06 INFO start lazy evaluation field=Query.__httpFile
2026/09/16 20:17:06 INFO end lazy evaluation field=Query.__httpFile duration=13.135127ms
=== RUN   TestHTTPLazyOperationWriter//data.txt/644
2026/09/16 20:17:06 INFO start lazy evaluation field=Query.__httpFile
2026/09/16 20:17:06 INFO end lazy evaluation field=Query.__httpFile duration=14.277883ms
=== RUN   TestHTTPLazyOperationWriter//data.txt/755
2026/09/16 20:17:06 INFO start lazy evaluation field=Query.__httpFile
2026/09/16 20:17:06 INFO end lazy evaluation field=Query.__httpFile duration=15.351649ms
=== RUN   TestHTTPLazyOperationWriter/../data.txt/0
2026/09/16 20:17:06 INFO start lazy evaluation field=Query.__httpFile
2026/09/16 20:17:06 INFO end lazy evaluation field=Query.__httpFile duration=15.12125ms
=== RUN   TestHTTPLazyOperationWriter/../data.txt/600
2026/09/16 20:17:06 INFO start lazy evaluation field=Query.__httpFile
2026/09/16 20:17:06 INFO end lazy evaluation field=Query.__httpFile duration=39.861478ms
=== RUN   TestHTTPLazyOperationWriter/../data.txt/644
2026/09/16 20:17:06 INFO start lazy evaluation field=Query.__httpFile
2026/09/16 20:17:06 INFO end lazy evaluation field=Query.__httpFile duration=13.708214ms
=== RUN   TestHTTPLazyOperationWriter/../data.txt/755
2026/09/16 20:17:06 INFO start lazy evaluation field=Query.__httpFile
2026/09/16 20:17:06 INFO end lazy evaluation field=Query.__httpFile duration=13.855224ms
=== RUN   TestHTTPLazyOperationWriter/a/../data.txt/0
2026/09/16 20:17:06 INFO start lazy evaluation field=Query.__httpFile
2026/09/16 20:17:06 INFO end lazy evaluation field=Query.__httpFile duration=12.913277ms
=== RUN   TestHTTPLazyOperationWriter/a/../data.txt/600
2026/09/16 20:17:06 INFO start lazy evaluation field=Query.__httpFile
2026/09/16 20:17:06 INFO end lazy evaluation field=Query.__httpFile duration=10.023557ms
=== RUN   TestHTTPLazyOperationWriter/a/../data.txt/644
2026/09/16 20:17:06 INFO start lazy evaluation field=Query.__httpFile
2026/09/16 20:17:06 INFO end lazy evaluation field=Query.__httpFile duration=13.029976ms
=== RUN   TestHTTPLazyOperationWriter/a/../data.txt/755
2026/09/16 20:17:07 INFO start lazy evaluation field=Query.__httpFile
2026/09/16 20:17:07 INFO end lazy evaluation field=Query.__httpFile duration=18.22874ms
=== RUN   TestHTTPLazyOperationWriter/./data.txt/0
2026/09/16 20:17:07 INFO start lazy evaluation field=Query.__httpFile
2026/09/16 20:17:07 INFO end lazy evaluation field=Query.__httpFile duration=14.091624ms
=== RUN   TestHTTPLazyOperationWriter/./data.txt/600
2026/09/16 20:17:07 INFO start lazy evaluation field=Query.__httpFile
2026/09/16 20:17:07 INFO end lazy evaluation field=Query.__httpFile duration=14.004563ms
=== RUN   TestHTTPLazyOperationWriter/./data.txt/644
2026/09/16 20:17:07 INFO start lazy evaluation field=Query.__httpFile
2026/09/16 20:17:07 INFO end lazy evaluation field=Query.__httpFile duration=17.233583ms
=== RUN   TestHTTPLazyOperationWriter/./data.txt/755
2026/09/16 20:17:07 INFO start lazy evaluation field=Query.__httpFile
2026/09/16 20:17:07 INFO end lazy evaluation field=Query.__httpFile duration=15.667878ms
=== RUN   TestHTTPLazyOperationWriter/sub/data.txt/0
2026/09/16 20:17:07 INFO start lazy evaluation field=Query.__httpFile
2026/09/16 20:17:07 INFO end lazy evaluation field=Query.__httpFile duration=8.471412ms err="file write failed: open /sub/data.txt: no such file or directory"
=== RUN   TestHTTPLazyOperationWriter/sub/data.txt/600
2026/09/16 20:17:07 INFO start lazy evaluation field=Query.__httpFile
2026/09/16 20:17:07 INFO end lazy evaluation field=Query.__httpFile duration=8.030663ms err="file write failed: open /sub/data.txt: no such file or directory"
=== RUN   TestHTTPLazyOperationWriter/sub/data.txt/644
2026/09/16 20:17:07 INFO start lazy evaluation field=Query.__httpFile
2026/09/16 20:17:07 INFO end lazy evaluation field=Query.__httpFile duration=8.204732ms err="file write failed: open /sub/data.txt: no such file or directory"
=== RUN   TestHTTPLazyOperationWriter/sub/data.txt/755
2026/09/16 20:17:07 INFO start lazy evaluation field=Query.__httpFile
2026/09/16 20:17:07 INFO end lazy evaluation field=Query.__httpFile duration=8.527421ms err="file write failed: open /sub/data.txt: no such file or directory"
=== RUN   TestHTTPLazyOperationWriter/restrictive_umask
2026/09/16 20:17:07 INFO start lazy evaluation field=Query.__httpFile
2026/09/16 20:17:07 INFO end lazy evaluation field=Query.__httpFile duration=13.576255ms
=== RUN   TestHTTPLazyOperationWriter/public_eager_layout
2026/09/16 20:17:07 INFO discarding dagql cache without persistence hasSQLDB=false hasPersistDB=false
--- PASS: TestHTTPLazyOperationWriter (1.80s)
    --- PASS: TestHTTPLazyOperationWriter/data.txt/0 (0.08s)
    --- PASS: TestHTTPLazyOperationWriter/data.txt/600 (0.07s)
    --- PASS: TestHTTPLazyOperationWriter/data.txt/644 (0.07s)
    --- PASS: TestHTTPLazyOperationWriter/data.txt/755 (0.07s)
    --- PASS: TestHTTPLazyOperationWriter//data.txt/0 (0.08s)
    --- PASS: TestHTTPLazyOperationWriter//data.txt/600 (0.06s)
    --- PASS: TestHTTPLazyOperationWriter//data.txt/644 (0.07s)
    --- PASS: TestHTTPLazyOperationWriter//data.txt/755 (0.07s)
    --- PASS: TestHTTPLazyOperationWriter/../data.txt/0 (0.08s)
    --- PASS: TestHTTPLazyOperationWriter/../data.txt/600 (0.10s)
    --- PASS: TestHTTPLazyOperationWriter/../data.txt/644 (0.07s)
    --- PASS: TestHTTPLazyOperationWriter/../data.txt/755 (0.07s)
    --- PASS: TestHTTPLazyOperationWriter/a/../data.txt/0 (0.07s)
    --- PASS: TestHTTPLazyOperationWriter/a/../data.txt/600 (0.06s)
    --- PASS: TestHTTPLazyOperationWriter/a/../data.txt/644 (0.07s)
    --- PASS: TestHTTPLazyOperationWriter/a/../data.txt/755 (0.08s)
    --- PASS: TestHTTPLazyOperationWriter/./data.txt/0 (0.08s)
    --- PASS: TestHTTPLazyOperationWriter/./data.txt/600 (0.08s)
    --- PASS: TestHTTPLazyOperationWriter/./data.txt/644 (0.07s)
    --- PASS: TestHTTPLazyOperationWriter/./data.txt/755 (0.08s)
    --- PASS: TestHTTPLazyOperationWriter/sub/data.txt/0 (0.03s)
    --- PASS: TestHTTPLazyOperationWriter/sub/data.txt/600 (0.03s)
    --- PASS: TestHTTPLazyOperationWriter/sub/data.txt/644 (0.03s)
    --- PASS: TestHTTPLazyOperationWriter/sub/data.txt/755 (0.04s)
    --- PASS: TestHTTPLazyOperationWriter/restrictive_umask (0.03s)
    --- PASS: TestHTTPLazyOperationWriter/public_eager_layout (0.14s)
=== RUN   TestHTTPLazyOperationCleanup
=== RUN   TestHTTPLazyOperationCleanup/copy
2026/09/16 20:17:07 INFO start lazy evaluation field=Query.__httpFile
2026/09/16 20:17:07 INFO end lazy evaluation field=Query.__httpFile duration=16.286326ms err="file write failed: unexpected EOF"
=== RUN   TestHTTPLazyOperationCleanup/close
2026/09/16 20:17:07 INFO start lazy evaluation field=Query.__httpFile
2026/09/16 20:17:07 INFO end lazy evaluation field=Query.__httpFile duration=11.634011ms err="file write failed: close /data: bad file descriptor"
=== RUN   TestHTTPLazyOperationCleanup/chmod
2026/09/16 20:17:07 INFO start lazy evaluation field=Query.__httpFile
2026/09/16 20:17:07 INFO end lazy evaluation field=Query.__httpFile duration=9.12004ms err="file write failed: chmod /data: no such file or directory"
=== RUN   TestHTTPLazyOperationCleanup/timestamp
=== RUN   TestHTTPLazyOperationCleanup/checksum
2026/09/16 20:17:09 INFO start lazy evaluation field=Query.__httpFile
2026/09/16 20:17:09 INFO end lazy evaluation field=Query.__httpFile duration=186.34µs err="http checksum mismatch: expected sha256:d9298a10d1b0735837dc4bd85dac641b0f3cef27a47e5d53a54f2f3f5b2fcffa, recorded sha256:230d8358dc8e8890b4c58deeb62912ee2f20357ae92a5cc861b98e68fe31acb5"
    eager_operation_execution_test.go:466: 
        	Error Trace:	/home/exedev/.tailcall/worktrees/dagger-a7378ed8352b/remote-cache-b4-acquisition-implementer-a22b8169-585bbf9d/core/lazy_operation_execution_test.go:466
        	Error:      	Not equal: 
        	            	expected: int(1)
        	            	actual  : int64(0)
        	Test:       	TestHTTPLazyOperationCleanup/checksum
=== RUN   TestHTTPLazyOperationCleanup/commit
2026/09/16 20:17:09 INFO start lazy evaluation field=Query.__httpFile
2026/09/16 20:17:09 INFO end lazy evaluation field=Query.__httpFile duration=10.822415ms err="injected commit"
=== RUN   TestHTTPLazyOperationCleanup/mount
2026/09/16 20:17:09 INFO start lazy evaluation field=Query.__httpFile
2026/09/16 20:17:09 INFO end lazy evaluation field=Query.__httpFile duration=9.753288ms err="file write failed: injected mount"
=== RUN   TestHTTPLazyOperationCleanup/digest
2026/09/16 20:17:09 INFO start lazy evaluation field=Query.__httpFile
2026/09/16 20:17:09 INFO end lazy evaluation field=Query.__httpFile duration=13.158266ms err="HTTP File operation body mismatch: recorded sha256:d9298a10d1b0735837dc4bd85dac641b0f3cef27a47e5d53a54f2f3f5b2fcffa, fetched sha256:230d8358dc8e8890b4c58deeb62912ee2f20357ae92a5cc861b98e68fe31acb5"
=== RUN   TestHTTPLazyOperationCleanup/move
2026/09/16 20:17:09 INFO start lazy evaluation field=Query.__httpFile
2026/09/16 20:17:09 INFO end lazy evaluation field=Query.__httpFile duration=14.123494ms err="operation receiver: File snapshot already installed"
=== RUN   TestHTTPLazyOperationCleanup/success
2026/09/16 20:17:09 INFO start lazy evaluation field=Query.__httpFile
2026/09/16 20:17:09 INFO end lazy evaluation field=Query.__httpFile duration=12.498439ms
2026/09/16 20:17:09 INFO discarding dagql cache without persistence hasSQLDB=false hasPersistDB=false
--- FAIL: TestHTTPLazyOperationCleanup (1.65s)
    --- PASS: TestHTTPLazyOperationCleanup/copy (0.02s)
    --- PASS: TestHTTPLazyOperationCleanup/close (0.01s)
    --- PASS: TestHTTPLazyOperationCleanup/chmod (0.01s)
    --- PASS: TestHTTPLazyOperationCleanup/timestamp (1.54s)
    --- FAIL: TestHTTPLazyOperationCleanup/checksum (0.00s)
    --- PASS: TestHTTPLazyOperationCleanup/commit (0.01s)
    --- PASS: TestHTTPLazyOperationCleanup/mount (0.01s)
    --- PASS: TestHTTPLazyOperationCleanup/digest (0.01s)
    --- PASS: TestHTTPLazyOperationCleanup/move (0.01s)
    --- PASS: TestHTTPLazyOperationCleanup/success (0.01s)
=== RUN   TestHTTPStateConcurrentResolveCapture
2026/09/16 20:17:09 INFO discarding dagql cache without persistence hasSQLDB=false hasPersistDB=false
--- PASS: TestHTTPStateConcurrentResolveCapture (0.08s)
=== CONT  TestHTTPStateUsageSizeUsesPersistedSnapshotID
--- PASS: TestHTTPStateUsageSizeUsesPersistedSnapshotID (0.00s)
FAIL
FAIL	github.com/dagger/dagger/core	4.350s
FAIL
