2026/09/16 19:59:42 INFO start lazy group evaluation field=capture-test group=metadata
2026/09/16 19:59:42 INFO end lazy group evaluation field=capture-test group=metadata duration=353.36µs
2026/09/16 19:59:42 INFO discarding dagql cache without persistence hasSQLDB=false hasPersistDB=false
2026/09/16 19:59:42 INFO start lazy group evaluation field=capture-test group=metadata
2026/09/16 19:59:42 INFO end lazy group evaluation field=capture-test group=metadata duration=103.71µs
2026/09/16 19:59:42 INFO start lazy group evaluation field=capture-test group=fs
2026/09/16 19:59:42 INFO start lazy group evaluation field=capture-test group=execMeta
2026/09/16 19:59:42 INFO end lazy group evaluation field=capture-test group=execMeta duration=40.37µs
2026/09/16 19:59:42 INFO end lazy group evaluation field=capture-test group=fs duration=2.681087ms
2026/09/16 19:59:42 INFO discarding dagql cache without persistence hasSQLDB=false hasPersistDB=false
2026/09/16 19:59:42 INFO start lazy group evaluation field=capture-test group=metadata
2026/09/16 19:59:42 INFO end lazy group evaluation field=capture-test group=metadata duration=90.84µs
2026/09/16 19:59:42 INFO start lazy group evaluation field=capture-test group=execMeta
2026/09/16 19:59:42 INFO end lazy group evaluation field=capture-test group=execMeta duration=31.1µs
2026/09/16 19:59:42 INFO start lazy group evaluation field=capture-test group=fs
2026/09/16 19:59:42 INFO end lazy group evaluation field=capture-test group=fs duration=90.23µs
2026/09/16 19:59:42 INFO discarding dagql cache without persistence hasSQLDB=false hasPersistDB=false
2026/09/16 19:59:42 INFO start lazy group evaluation field=capture-test group=metadata
2026/09/16 19:59:42 INFO end lazy group evaluation field=capture-test group=metadata duration=102.45µs
2026/09/16 19:59:42 INFO discarding dagql cache without persistence hasSQLDB=false hasPersistDB=false
2026/09/16 19:59:42 INFO start lazy evaluation field=capture-whole-test
2026/09/16 19:59:42 INFO end lazy evaluation field=capture-whole-test duration=67.17µs
2026/09/16 19:59:42 INFO discarding dagql cache without persistence hasSQLDB=false hasPersistDB=false
2026/09/16 19:59:42 INFO start lazy evaluation field=capture-whole-test
2026/09/16 19:59:42 INFO end lazy evaluation field=capture-whole-test duration=69.69µs
2026/09/16 19:59:42 INFO discarding dagql cache without persistence hasSQLDB=false hasPersistDB=false
2026/09/16 19:59:42 INFO start lazy group evaluation field=capture-test group=metadata
2026/09/16 19:59:42 INFO end lazy group evaluation field=capture-test group=metadata duration=60.939µs
2026/09/16 19:59:42 INFO start lazy group evaluation field=capture-test group=execMeta
2026/09/16 19:59:42 INFO end lazy group evaluation field=capture-test group=execMeta duration=87.21µs
2026/09/16 19:59:42 INFO start lazy group evaluation field=capture-test group=fs
2026/09/16 19:59:42 INFO end lazy group evaluation field=capture-test group=fs duration=137.14µs
2026/09/16 19:59:42 INFO discarding dagql cache without persistence hasSQLDB=false hasPersistDB=false
2026/09/16 19:59:42 INFO start lazy group evaluation field="Container stored part" group=open:fs
2026/09/16 19:59:42 INFO end lazy group evaluation field="Container stored part" group=open:fs duration=73.16µs
2026/09/16 19:59:42 INFO start lazy group evaluation field="Container stored part" group=open:execMeta
2026/09/16 19:59:42 INFO end lazy group evaluation field="Container stored part" group=open:execMeta duration=46.31µs
2026/09/16 19:59:42 INFO discarding dagql cache without persistence hasSQLDB=false hasPersistDB=false
--- FAIL: TestContainerRestoreIndependentParts (0.00s)
    container_persistence_test.go:229: 
        	Error Trace:	/home/exedev/.tailcall/worktrees/dagger-a7378ed8352b/remote-cache-b4-acquisition-implementer-a22b8169-585bbf9d/core/container_persistence_test.go:229
        	Error:      	Expected nil, but got: &core.ContainerRestoreLazy{LazyState:(*core.LazyState)(0xc0004dac20), recipe:core.LazyContainerParts(nil)}
        	Test:       	TestContainerRestoreIndependentParts
2026/09/16 19:59:42 INFO start lazy group evaluation field="Container stored part" group=open:fs
2026/09/16 19:59:42 INFO end lazy group evaluation field="Container stored part" group=open:fs duration=78.35µs
2026/09/16 19:59:42 INFO discarding dagql cache without persistence hasSQLDB=false hasPersistDB=false
--- FAIL: TestContainerRestoreDirectMetadataSweep (0.00s)
    container_persistence_test.go:257: 
        	Error Trace:	/home/exedev/.tailcall/worktrees/dagger-a7378ed8352b/remote-cache-b4-acquisition-implementer-a22b8169-585bbf9d/core/container_persistence_test.go:257
        	Error:      	Should be true
        	Test:       	TestContainerRestoreDirectMetadataSweep
2026/09/16 19:59:42 INFO start lazy group evaluation field="Container stored part" group=open:fs
2026/09/16 19:59:42 INFO start lazy group evaluation field="Container stored part" group=open:execMeta
2026/09/16 19:59:42 INFO end lazy group evaluation field="Container stored part" group=open:execMeta duration=266.169µs
2026/09/16 19:59:42 INFO end lazy group evaluation field="Container stored part" group=open:fs duration=1.135759ms
2026/09/16 19:59:42 INFO discarding dagql cache without persistence hasSQLDB=false hasPersistDB=false
--- FAIL: TestContainerRestoreConcurrentParts (0.00s)
    container_persistence_test.go:297: 
        	Error Trace:	/home/exedev/.tailcall/worktrees/dagger-a7378ed8352b/remote-cache-b4-acquisition-implementer-a22b8169-585bbf9d/core/container_persistence_test.go:297
        	Error:      	Expected nil, but got: &core.ContainerRestoreLazy{LazyState:(*core.LazyState)(0xc000472580), recipe:core.LazyContainerParts(nil)}
        	Test:       	TestContainerRestoreConcurrentParts
2026/09/16 19:59:42 INFO start lazy group evaluation field="Container stored part" group=open:fs
2026/09/16 19:59:42 INFO end lazy group evaluation field="Container stored part" group=open:fs duration=97.32µs err="open stored container part \"fs\": stored snapshot temporarily unavailable"
2026/09/16 19:59:42 INFO start lazy group evaluation field="Container stored part" group=open:fs
2026/09/16 19:59:42 INFO end lazy group evaluation field="Container stored part" group=open:fs duration=40.99µs
2026/09/16 19:59:42 INFO start lazy group evaluation field=test.base group=execMeta
2026/09/16 19:59:42 INFO end lazy group evaluation field=test.base group=execMeta duration=26.82µs
2026/09/16 19:59:42 INFO discarding dagql cache without persistence hasSQLDB=false hasPersistDB=false
--- FAIL: TestContainerRestoreOpenFailureKeepsRecipeConsumed (0.00s)
    container_persistence_test.go:327: 
        	Error Trace:	/home/exedev/.tailcall/worktrees/dagger-a7378ed8352b/remote-cache-b4-acquisition-implementer-a22b8169-585bbf9d/core/container_persistence_test.go:327
        	Error:      	Expected nil, but got: &core.ContainerRestoreLazy{LazyState:(*core.LazyState)(0xc000844140), recipe:(*core.containerPartsTestBaseOp)(0xc000844140)}
        	Test:       	TestContainerRestoreOpenFailureKeepsRecipeConsumed
2026/09/16 19:59:42 INFO start lazy group evaluation field="Container stored part" group=open:fs
2026/09/16 19:59:42 INFO end lazy group evaluation field="Container stored part" group=open:fs duration=108.96µs
2026/09/16 19:59:42 INFO discarding dagql cache without persistence hasSQLDB=false hasPersistDB=false
2026/09/16 19:59:42 INFO start lazy group evaluation field="Container stored part" group=open:fs
2026/09/16 19:59:42 INFO end lazy group evaluation field="Container stored part" group=open:fs duration=140.68µs
2026/09/16 19:59:42 INFO start lazy group evaluation field=test.base group=execMeta
2026/09/16 19:59:42 INFO end lazy group evaluation field=test.base group=execMeta duration=58.54µs
2026/09/16 19:59:42 INFO discarding dagql cache without persistence hasSQLDB=false hasPersistDB=false
--- FAIL: TestContainerRestoreReportingAndBookkeepingRetry (0.01s)
    --- FAIL: TestContainerRestoreReportingAndBookkeepingRetry/stored_only (0.00s)
        container_persistence_test.go:460: 
            	Error Trace:	/home/exedev/.tailcall/worktrees/dagger-a7378ed8352b/remote-cache-b4-acquisition-implementer-a22b8169-585bbf9d/core/container_persistence_test.go:460
            	Error:      	Not equal: 
            	            	expected: false
            	            	actual  : true
            	Test:       	TestContainerRestoreReportingAndBookkeepingRetry/stored_only
2000/01/01 00:00:00 INFO start lazy group evaluation field="Container stored part" group=open:fs
2000/01/01 00:00:00 INFO end lazy group evaluation field="Container stored part" group=open:fs duration=0s
2000/01/01 00:00:00 INFO start lazy group evaluation field="Container stored part" group=open:fs
2000/01/01 00:00:00 INFO end lazy group evaluation field="Container stored part" group=open:fs duration=0s
2000/01/01 00:00:00 INFO discarding dagql cache without persistence hasSQLDB=false hasPersistDB=false
2000/01/01 00:00:00 INFO start lazy group evaluation field="Container stored part" group=open:fs
2000/01/01 00:00:00 INFO end lazy group evaluation field="Container stored part" group=open:fs duration=0s
2000/01/01 00:00:00 INFO discarding dagql cache without persistence hasSQLDB=false hasPersistDB=false
2000/01/01 00:00:00 INFO start lazy group evaluation field="Container stored part" group=open:fs
2000/01/01 00:00:00 INFO end lazy group evaluation field="Container stored part" group=open:fs duration=0s
2000/01/01 00:00:00 INFO discarding dagql cache without persistence hasSQLDB=false hasPersistDB=false
2026/09/16 19:59:42 INFO start lazy group evaluation field=Container.withLabel group=metadata
2026/09/16 19:59:42 INFO end lazy group evaluation field=Container.withLabel group=metadata duration=128.04µs
2026/09/16 19:59:42 INFO start lazy group evaluation field=Container.withLabel group=fs
2026/09/16 19:59:42 INFO end lazy group evaluation field=Container.withLabel group=fs duration=53.649µs
2026/09/16 19:59:42 INFO start lazy group evaluation field=Container.withLabel group=execMeta
2026/09/16 19:59:42 INFO end lazy group evaluation field=Container.withLabel group=execMeta duration=38.82µs
2026/09/16 19:59:42 INFO discarding dagql cache without persistence hasSQLDB=true hasPersistDB=true
2026/09/16 19:59:42 INFO start lazy group evaluation field=Container.withLabel group=metadata
2026/09/16 19:59:42 INFO end lazy group evaluation field=Container.withLabel group=metadata duration=88.6µs
2026/09/16 19:59:42 INFO start lazy group evaluation field=Container.withLabel group=fs
2026/09/16 19:59:42 INFO end lazy group evaluation field=Container.withLabel group=fs duration=49.68µs
2026/09/16 19:59:42 INFO start lazy group evaluation field=Container.withLabel group=execMeta
2026/09/16 19:59:42 INFO end lazy group evaluation field=Container.withLabel group=execMeta duration=22.97µs
2026/09/16 19:59:42 INFO starting dagql cache close hasSQLDB=true hasPersistDB=true
2026/09/16 19:59:42 INFO marking dagql cache clean shutdown
2026/09/16 19:59:42 WARN successfully marked clean shutdown in persistence metadata
2026/09/16 19:59:42 INFO completed dagql cache close successfully
2026/09/16 19:59:42 INFO start lazy group evaluation field="Container stored part" group=open:fs
2026/09/16 19:59:42 INFO end lazy group evaluation field="Container stored part" group=open:fs duration=89.179µs err="open stored container part \"fs\": local snapshot unavailable"
2026/09/16 19:59:42 INFO start lazy group evaluation field="Container stored part" group=open:execMeta
2026/09/16 19:59:42 INFO end lazy group evaluation field="Container stored part" group=open:execMeta duration=34.9µs
2026/09/16 19:59:42 INFO start lazy group evaluation field="Container stored part" group=open:fs
2026/09/16 19:59:42 INFO end lazy group evaluation field="Container stored part" group=open:fs duration=155.18µs
2026/09/16 19:59:42 INFO discarding dagql cache without persistence hasSQLDB=true hasPersistDB=true
2026/09/16 19:59:42 INFO start lazy group evaluation field=Container.withLabel group=metadata
2026/09/16 19:59:42 INFO end lazy group evaluation field=Container.withLabel group=metadata duration=64.1µs
2026/09/16 19:59:42 INFO starting dagql cache close hasSQLDB=true hasPersistDB=true
2026/09/16 19:59:42 INFO marking dagql cache clean shutdown
2026/09/16 19:59:42 WARN successfully marked clean shutdown in persistence metadata
2026/09/16 19:59:42 INFO completed dagql cache close successfully
2026/09/16 19:59:42 INFO discarding dagql cache without persistence hasSQLDB=true hasPersistDB=true
2026/09/16 19:59:42 INFO start lazy group evaluation field=Container.withLabel group=metadata
2026/09/16 19:59:42 INFO end lazy group evaluation field=Container.withLabel group=metadata duration=78.46µs
2026/09/16 19:59:42 INFO start lazy group evaluation field=Container.withLabel group=fs
2026/09/16 19:59:42 INFO end lazy group evaluation field=Container.withLabel group=fs duration=31.56µs
2026/09/16 19:59:42 INFO start lazy group evaluation field=Container.withLabel group=execMeta
2026/09/16 19:59:42 INFO end lazy group evaluation field=Container.withLabel group=execMeta duration=18.94µs
2026/09/16 19:59:42 INFO starting dagql cache close hasSQLDB=true hasPersistDB=true
2026/09/16 19:59:42 INFO marking dagql cache clean shutdown
2026/09/16 19:59:42 WARN successfully marked clean shutdown in persistence metadata
2026/09/16 19:59:42 INFO completed dagql cache close successfully
2026/09/16 19:59:42 INFO discarding dagql cache without persistence hasSQLDB=true hasPersistDB=true
2026/09/16 19:59:42 INFO start lazy evaluation field=File
2026/09/16 19:59:42 INFO end lazy evaluation field=File duration=114.19µs
2026/09/16 19:59:42 INFO discarding dagql cache without persistence hasSQLDB=true hasPersistDB=true
2026/09/16 19:59:42 INFO start lazy evaluation field=Directory
2026/09/16 19:59:42 INFO end lazy evaluation field=Directory duration=207.49µs
2026/09/16 19:59:42 INFO discarding dagql cache without persistence hasSQLDB=true hasPersistDB=true
2026/09/16 19:59:42 INFO start lazy evaluation field=Directory.directory
2026/09/16 19:59:42 INFO end lazy evaluation field=Directory.directory duration=446.25µs
2026/09/16 19:59:42 INFO starting dagql cache close hasSQLDB=true hasPersistDB=true
2026/09/16 19:59:42 INFO marking dagql cache clean shutdown
2026/09/16 19:59:42 WARN successfully marked clean shutdown in persistence metadata
2026/09/16 19:59:42 INFO completed dagql cache close successfully
2026/09/16 19:59:42 INFO start lazy evaluation field=Directory.restore
2026/09/16 19:59:42 INFO end lazy evaluation field=Directory.restore duration=37.66µs err="local snapshot unavailable"
2026/09/16 19:59:42 INFO start lazy evaluation field=Directory.restore
2026/09/16 19:59:42 INFO end lazy evaluation field=Directory.restore duration=22.83µs
2026/09/16 19:59:42 INFO discarding dagql cache without persistence hasSQLDB=true hasPersistDB=true
2026/09/16 19:59:42 INFO start lazy evaluation field=File.file
2026/09/16 19:59:42 INFO end lazy evaluation field=File.file duration=159.38µs
2026/09/16 19:59:42 INFO starting dagql cache close hasSQLDB=true hasPersistDB=true
2026/09/16 19:59:42 INFO marking dagql cache clean shutdown
2026/09/16 19:59:42 WARN successfully marked clean shutdown in persistence metadata
2026/09/16 19:59:42 INFO completed dagql cache close successfully
2026/09/16 19:59:42 INFO start lazy evaluation field=File.restore
2026/09/16 19:59:42 INFO end lazy evaluation field=File.restore duration=42.6µs err="local snapshot unavailable"
2026/09/16 19:59:42 INFO start lazy evaluation field=File.restore
2026/09/16 19:59:42 INFO end lazy evaluation field=File.restore duration=53.29µs
2026/09/16 19:59:42 INFO discarding dagql cache without persistence hasSQLDB=true hasPersistDB=true
2026/09/16 19:59:43 INFO start lazy evaluation field=Container.rootfs
2026/09/16 19:59:43 INFO end lazy evaluation field=Container.rootfs duration=393.13µs
2026/09/16 19:59:43 INFO starting dagql cache close hasSQLDB=true hasPersistDB=true
2026/09/16 19:59:43 INFO marking dagql cache clean shutdown
2026/09/16 19:59:43 WARN successfully marked clean shutdown in persistence metadata
2026/09/16 19:59:43 INFO completed dagql cache close successfully
2026/09/16 19:59:43 INFO start lazy evaluation field=Directory.restore
2026/09/16 19:59:43 INFO end lazy evaluation field=Directory.restore duration=64.38µs err="local snapshot unavailable"
2026/09/16 19:59:43 INFO start lazy evaluation field=Directory.restore
2026/09/16 19:59:43 INFO end lazy evaluation field=Directory.restore duration=35.51µs
2026/09/16 19:59:43 INFO discarding dagql cache without persistence hasSQLDB=true hasPersistDB=true
2026/09/16 19:59:43 INFO start lazy evaluation field=test.directory
2026/09/16 19:59:43 INFO end lazy evaluation field=test.directory duration=114.89µs
2026/09/16 19:59:43 INFO start lazy evaluation field=test.file
2026/09/16 19:59:43 INFO end lazy evaluation field=test.file duration=104.56µs
2026/09/16 19:59:43 INFO start lazy evaluation field=empty
2026/09/16 19:59:43 INFO end lazy evaluation field=empty duration=256.08µs err="evaluate empty: Directory path is unset"
2026/09/16 19:59:43 INFO start lazy evaluation field=empty
2026/09/16 19:59:43 INFO end lazy evaluation field=empty duration=26.03µs err="evaluate empty: Directory snapshot is unset"
2026/09/16 19:59:43 INFO start lazy evaluation field=empty
2026/09/16 19:59:43 INFO end lazy evaluation field=empty duration=16.65µs
2026/09/16 19:59:43 INFO start lazy evaluation field=empty
2026/09/16 19:59:43 INFO end lazy evaluation field=empty duration=18.66µs err="evaluate empty: File path is unset"
2026/09/16 19:59:43 INFO start lazy evaluation field=empty
2026/09/16 19:59:43 INFO end lazy evaluation field=empty duration=15.47µs err="evaluate empty: File snapshot is unset"
2026/09/16 19:59:43 INFO start lazy evaluation field=empty
2026/09/16 19:59:43 INFO end lazy evaluation field=empty duration=14.629µs
2026/09/16 19:59:43 INFO start lazy evaluation field=capture-whole-test
2026/09/16 19:59:43 INFO end lazy evaluation field=capture-whole-test duration=376.15µs
2026/09/16 19:59:43 INFO starting dagql cache close hasSQLDB=true hasPersistDB=true
2026/09/16 19:59:43 INFO marking dagql cache clean shutdown
2026/09/16 19:59:43 WARN successfully marked clean shutdown in persistence metadata
2026/09/16 19:59:43 INFO completed dagql cache close successfully
2026/09/16 19:59:43 INFO start lazy evaluation field=Directory.without
2026/09/16 19:59:43 INFO start lazy evaluation field=Directory.restore
2026/09/16 19:59:43 INFO end lazy evaluation field=Directory.restore duration=27.5µs
2026/09/16 19:59:43 INFO end lazy evaluation field=Directory.without duration=791.149µs err="context canceled"
2026/09/16 19:59:43 INFO discarding dagql cache without persistence hasSQLDB=true hasPersistDB=true
2026/09/16 19:59:43 INFO starting dagql cache close hasSQLDB=true hasPersistDB=true
2026/09/16 19:59:43 INFO marking dagql cache clean shutdown
2026/09/16 19:59:43 WARN successfully marked clean shutdown in persistence metadata
2026/09/16 19:59:43 INFO completed dagql cache close successfully
2026/09/16 19:59:43 INFO start lazy evaluation field=File.withName
2026/09/16 19:59:43 INFO start lazy evaluation field=File.restore
2026/09/16 19:59:43 INFO end lazy evaluation field=File.restore duration=35.12µs
2026/09/16 19:59:43 INFO end lazy evaluation field=File.withName duration=292.43µs err="context canceled"
2026/09/16 19:59:43 INFO discarding dagql cache without persistence hasSQLDB=true hasPersistDB=true
2026/09/16 19:59:43 INFO starting dagql cache close hasSQLDB=true hasPersistDB=true
2026/09/16 19:59:43 INFO marking dagql cache clean shutdown
2026/09/16 19:59:43 WARN successfully marked clean shutdown in persistence metadata
2026/09/16 19:59:43 INFO completed dagql cache close successfully
2026/09/16 19:59:43 INFO start lazy group evaluation field=Container.withDirectory group=metadata
2026/09/16 19:59:43 INFO end lazy group evaluation field=Container.withDirectory group=metadata duration=93.45µs
2026/09/16 19:59:43 INFO start lazy group evaluation field=Container.withDirectory group=execMeta
2026/09/16 19:59:43 INFO end lazy group evaluation field=Container.withDirectory group=execMeta duration=31.88µs
2026/09/16 19:59:43 INFO start lazy group evaluation field=Container.withDirectory group=write
2026/09/16 19:59:43 INFO start lazy evaluation field=Directory.restore
2026/09/16 19:59:43 INFO end lazy evaluation field=Directory.restore duration=31.68µs
2026/09/16 19:59:43 INFO start lazy group evaluation field="Container stored part" group=open:fs
2026/09/16 19:59:43 INFO end lazy group evaluation field="Container stored part" group=open:fs duration=103.57µs
2026/09/16 19:59:43 INFO start lazy evaluation field=Container.rootfs
2026/09/16 19:59:43 INFO end lazy evaluation field=Container.rootfs duration=55.329µs
2026/09/16 19:59:43 INFO end lazy group evaluation field=Container.withDirectory group=write duration=1.114018ms err="snapshotmanager.New failed: context canceled"
2026/09/16 19:59:43 INFO discarding dagql cache without persistence hasSQLDB=true hasPersistDB=true
2026/09/16 19:59:43 INFO starting dagql cache close hasSQLDB=true hasPersistDB=true
2026/09/16 19:59:43 INFO marking dagql cache clean shutdown
2026/09/16 19:59:43 WARN successfully marked clean shutdown in persistence metadata
2026/09/16 19:59:43 INFO completed dagql cache close successfully
2026/09/16 19:59:43 INFO discarding dagql cache without persistence hasSQLDB=true hasPersistDB=true
2026/09/16 19:59:43 INFO starting dagql cache close hasSQLDB=true hasPersistDB=true
2026/09/16 19:59:43 INFO marking dagql cache clean shutdown
2026/09/16 19:59:43 WARN successfully marked clean shutdown in persistence metadata
2026/09/16 19:59:43 INFO completed dagql cache close successfully
2026/09/16 19:59:43 INFO discarding dagql cache without persistence hasSQLDB=true hasPersistDB=true
2026/09/16 19:59:43 INFO starting dagql cache close hasSQLDB=true hasPersistDB=true
2026/09/16 19:59:43 INFO marking dagql cache clean shutdown
2026/09/16 19:59:43 WARN successfully marked clean shutdown in persistence metadata
2026/09/16 19:59:43 INFO completed dagql cache close successfully
2026/09/16 19:59:43 INFO discarding dagql cache without persistence hasSQLDB=true hasPersistDB=true
2026/09/16 19:59:43 INFO starting dagql cache close hasSQLDB=true hasPersistDB=true
2026/09/16 19:59:43 INFO marking dagql cache clean shutdown
2026/09/16 19:59:43 WARN successfully marked clean shutdown in persistence metadata
2026/09/16 19:59:43 INFO completed dagql cache close successfully
2026/09/16 19:59:43 INFO discarding dagql cache without persistence hasSQLDB=true hasPersistDB=true
2026/09/16 19:59:43 INFO starting dagql cache close hasSQLDB=true hasPersistDB=true
2026/09/16 19:59:43 INFO marking dagql cache clean shutdown
2026/09/16 19:59:43 WARN successfully marked clean shutdown in persistence metadata
2026/09/16 19:59:43 INFO completed dagql cache close successfully
2026/09/16 19:59:43 INFO discarding dagql cache without persistence hasSQLDB=true hasPersistDB=true
2026/09/16 19:59:43 INFO starting dagql cache close hasSQLDB=true hasPersistDB=true
2026/09/16 19:59:43 INFO marking dagql cache clean shutdown
2026/09/16 19:59:43 WARN successfully marked clean shutdown in persistence metadata
2026/09/16 19:59:43 INFO completed dagql cache close successfully
2026/09/16 19:59:43 INFO discarding dagql cache without persistence hasSQLDB=true hasPersistDB=true
--- FAIL: TestRestoredSnapshotRoundTrip (0.31s)
    --- FAIL: TestRestoredSnapshotRoundTrip/Directory (0.06s)
        stored_snapshot_test.go:112: 
            	Error Trace:	/home/exedev/.tailcall/worktrees/dagger-a7378ed8352b/remote-cache-b4-acquisition-implementer-a22b8169-585bbf9d/core/stored_snapshot_test.go:112
            	Error:      	map[string]string{"dagql/result/1/%5B%5B%5D%2C%22snapshot%22%5D":"saved"} does not contain "dagql/result/1/snapshot"
            	Test:       	TestRestoredSnapshotRoundTrip/Directory
    --- FAIL: TestRestoredSnapshotRoundTrip/Directory/ (0.05s)
        stored_snapshot_test.go:112: 
            	Error Trace:	/home/exedev/.tailcall/worktrees/dagger-a7378ed8352b/remote-cache-b4-acquisition-implementer-a22b8169-585bbf9d/core/stored_snapshot_test.go:112
            	Error:      	map[string]string{"dagql/result/1/%5B%5B%5D%2C%22snapshot%22%5D":"saved"} does not contain "dagql/result/1/snapshot"
            	Test:       	TestRestoredSnapshotRoundTrip/Directory/
    --- FAIL: TestRestoredSnapshotRoundTrip/Directory/nested/name (0.05s)
        stored_snapshot_test.go:112: 
            	Error Trace:	/home/exedev/.tailcall/worktrees/dagger-a7378ed8352b/remote-cache-b4-acquisition-implementer-a22b8169-585bbf9d/core/stored_snapshot_test.go:112
            	Error:      	map[string]string{"dagql/result/1/%5B%5B%5D%2C%22snapshot%22%5D":"saved"} does not contain "dagql/result/1/snapshot"
            	Test:       	TestRestoredSnapshotRoundTrip/Directory/nested/name
    --- FAIL: TestRestoredSnapshotRoundTrip/File (0.04s)
        stored_snapshot_test.go:112: 
            	Error Trace:	/home/exedev/.tailcall/worktrees/dagger-a7378ed8352b/remote-cache-b4-acquisition-implementer-a22b8169-585bbf9d/core/stored_snapshot_test.go:112
            	Error:      	map[string]string{"dagql/result/1/%5B%5B%5D%2C%22snapshot%22%5D":"saved"} does not contain "dagql/result/1/snapshot"
            	Test:       	TestRestoredSnapshotRoundTrip/File
    --- FAIL: TestRestoredSnapshotRoundTrip/File/ (0.05s)
        stored_snapshot_test.go:112: 
            	Error Trace:	/home/exedev/.tailcall/worktrees/dagger-a7378ed8352b/remote-cache-b4-acquisition-implementer-a22b8169-585bbf9d/core/stored_snapshot_test.go:112
            	Error:      	map[string]string{"dagql/result/1/%5B%5B%5D%2C%22snapshot%22%5D":"saved"} does not contain "dagql/result/1/snapshot"
            	Test:       	TestRestoredSnapshotRoundTrip/File/
    --- FAIL: TestRestoredSnapshotRoundTrip/File/nested/name (0.05s)
        stored_snapshot_test.go:112: 
            	Error Trace:	/home/exedev/.tailcall/worktrees/dagger-a7378ed8352b/remote-cache-b4-acquisition-implementer-a22b8169-585bbf9d/core/stored_snapshot_test.go:112
            	Error:      	map[string]string{"dagql/result/1/%5B%5B%5D%2C%22snapshot%22%5D":"saved"} does not contain "dagql/result/1/snapshot"
            	Test:       	TestRestoredSnapshotRoundTrip/File/nested/name
2000/01/01 00:00:00 INFO start lazy evaluation field=Directory.restore
2000/01/01 00:00:00 INFO end lazy evaluation field=Directory.restore duration=0s err="snapshot unavailable"
2000/01/01 00:00:00 INFO start lazy evaluation field=Directory.restore
2000/01/01 00:00:00 INFO end lazy evaluation field=Directory.restore duration=0s err="snapshot unavailable"
2000/01/01 00:00:00 INFO start lazy evaluation field=Directory.restore
2000/01/01 00:00:00 INFO end lazy evaluation field=Directory.restore duration=0s
2000/01/01 00:00:00 INFO discarding dagql cache without persistence hasSQLDB=false hasPersistDB=false
2000/01/01 00:00:00 INFO start lazy evaluation field=File.restore
2000/01/01 00:00:00 INFO end lazy evaluation field=File.restore duration=0s err="snapshot unavailable"
2000/01/01 00:00:00 INFO start lazy evaluation field=File.restore
2000/01/01 00:00:00 INFO end lazy evaluation field=File.restore duration=0s err="snapshot unavailable"
2000/01/01 00:00:00 INFO start lazy evaluation field=File.restore
2000/01/01 00:00:00 INFO end lazy evaluation field=File.restore duration=0s
2000/01/01 00:00:00 INFO discarding dagql cache without persistence hasSQLDB=false hasPersistDB=false
2000/01/01 00:00:00 INFO discarding dagql cache without persistence hasSQLDB=false hasPersistDB=false
2000/01/01 00:00:00 INFO start lazy evaluation field=Directory.restore
2000/01/01 00:00:00 INFO end lazy evaluation field=Directory.restore duration=0s
2000/01/01 00:00:00 INFO discarding dagql cache without persistence hasSQLDB=false hasPersistDB=false
2000/01/01 00:00:00 INFO discarding dagql cache without persistence hasSQLDB=false hasPersistDB=false
2000/01/01 00:00:00 INFO start lazy evaluation field=File.restore
2000/01/01 00:00:00 INFO end lazy evaluation field=File.restore duration=0s
2000/01/01 00:00:00 INFO discarding dagql cache without persistence hasSQLDB=false hasPersistDB=false
2026/09/16 19:59:43 INFO start lazy evaluation field=Directory.restore
2026/09/16 19:59:43 INFO end lazy evaluation field=Directory.restore duration=31.07µs
2026/09/16 19:59:43 INFO discarding dagql cache without persistence hasSQLDB=false hasPersistDB=false
2026/09/16 19:59:43 INFO start lazy evaluation field=File.restore
2026/09/16 19:59:43 INFO end lazy evaluation field=File.restore duration=27.47µs
2026/09/16 19:59:43 INFO discarding dagql cache without persistence hasSQLDB=false hasPersistDB=false
2026/09/16 19:59:43 INFO start lazy evaluation field=test
2026/09/16 19:59:43 INFO end lazy evaluation field=test duration=30.5µs
2026/09/16 19:59:43 INFO start lazy evaluation field=test
2026/09/16 19:59:43 INFO end lazy evaluation field=test duration=19.989µs
2026/09/16 19:59:43 INFO discarding dagql cache without persistence hasSQLDB=false hasPersistDB=false
2000/01/01 00:00:00 INFO start lazy evaluation field=Directory.restore
2000/01/01 00:00:00 INFO end lazy evaluation field=Directory.restore duration=0s
2000/01/01 00:00:00 INFO discarding dagql cache without persistence hasSQLDB=false hasPersistDB=false
2000/01/01 00:00:00 INFO start lazy evaluation field=Directory.restore
2000/01/01 00:00:00 INFO end lazy evaluation field=Directory.restore duration=0s
2000/01/01 00:00:00 INFO discarding dagql cache without persistence hasSQLDB=false hasPersistDB=false
2000/01/01 00:00:00 INFO start lazy evaluation field=File.restore
2000/01/01 00:00:00 INFO end lazy evaluation field=File.restore duration=0s
2000/01/01 00:00:00 INFO discarding dagql cache without persistence hasSQLDB=false hasPersistDB=false
2000/01/01 00:00:00 INFO start lazy evaluation field=File.restore
2000/01/01 00:00:00 INFO end lazy evaluation field=File.restore duration=0s
2000/01/01 00:00:00 INFO discarding dagql cache without persistence hasSQLDB=false hasPersistDB=false
2026/09/16 19:59:43 INFO starting dagql cache close hasSQLDB=true hasPersistDB=true
2026/09/16 19:59:43 INFO marking dagql cache clean shutdown
2026/09/16 19:59:43 WARN successfully marked clean shutdown in persistence metadata
2026/09/16 19:59:43 INFO completed dagql cache close successfully
2026/09/16 19:59:43 INFO starting dagql cache close hasSQLDB=true hasPersistDB=true
2026/09/16 19:59:43 INFO marking dagql cache clean shutdown
2026/09/16 19:59:43 WARN successfully marked clean shutdown in persistence metadata
2026/09/16 19:59:43 INFO completed dagql cache close successfully
2026/09/16 19:59:43 INFO start lazy evaluation field=Directory.restore
2026/09/16 19:59:43 INFO end lazy evaluation field=Directory.restore duration=54.25µs
2026/09/16 19:59:43 INFO discarding dagql cache without persistence hasSQLDB=true hasPersistDB=true
2026/09/16 19:59:43 INFO starting dagql cache close hasSQLDB=true hasPersistDB=true
2026/09/16 19:59:43 INFO marking dagql cache clean shutdown
2026/09/16 19:59:43 WARN successfully marked clean shutdown in persistence metadata
2026/09/16 19:59:43 INFO completed dagql cache close successfully
2026/09/16 19:59:43 INFO starting dagql cache close hasSQLDB=true hasPersistDB=true
2026/09/16 19:59:43 INFO marking dagql cache clean shutdown
2026/09/16 19:59:43 WARN successfully marked clean shutdown in persistence metadata
2026/09/16 19:59:43 INFO completed dagql cache close successfully
2026/09/16 19:59:43 INFO start lazy evaluation field=File.restore
2026/09/16 19:59:43 INFO end lazy evaluation field=File.restore duration=62.47µs
2026/09/16 19:59:43 INFO discarding dagql cache without persistence hasSQLDB=true hasPersistDB=true
2026/09/16 19:59:43 INFO starting dagql cache close hasSQLDB=true hasPersistDB=true
2026/09/16 19:59:43 INFO marking dagql cache clean shutdown
2026/09/16 19:59:43 WARN successfully marked clean shutdown in persistence metadata
2026/09/16 19:59:43 INFO completed dagql cache close successfully
2026/09/16 19:59:43 INFO start lazy evaluation field=Directory.restore
2026/09/16 19:59:43 INFO end lazy evaluation field=Directory.restore duration=57.01µs
2026/09/16 19:59:43 INFO starting dagql cache close hasSQLDB=true hasPersistDB=true
2026/09/16 19:59:43 INFO marking dagql cache clean shutdown
2026/09/16 19:59:43 WARN successfully marked clean shutdown in persistence metadata
2026/09/16 19:59:43 INFO completed dagql cache close successfully
2026/09/16 19:59:43 INFO start lazy evaluation field=File.restore
2026/09/16 19:59:43 INFO end lazy evaluation field=File.restore duration=42.97µs
2026/09/16 19:59:43 INFO discarding dagql cache without persistence hasSQLDB=true hasPersistDB=true
2026/09/16 19:59:43 INFO discarding dagql cache without persistence hasSQLDB=true hasPersistDB=true
2026/09/16 19:59:43 INFO start lazy evaluation field=Container.directory
2026/09/16 19:59:43 INFO start lazy group evaluation field=test.base group=metadata
2026/09/16 19:59:43 INFO start lazy group evaluation field=test.base group=metadata
2026/09/16 19:59:43 INFO end lazy group evaluation field=test.base group=metadata duration=35.98µs
2026/09/16 19:59:43 INFO end lazy group evaluation field=test.base group=metadata duration=68.56µs
2026/09/16 19:59:43 INFO start lazy evaluation field=test.unrefinedWriter
2026/09/16 19:59:43 INFO start lazy group evaluation field=Container.withUser group=metadata
2026/09/16 19:59:43 INFO start lazy group evaluation field=test.base group=mount:/a
2026/09/16 19:59:43 INFO start lazy group evaluation field=test.base group=execMeta
2026/09/16 19:59:43 INFO end lazy group evaluation field=test.base group=mount:/a duration=34.97µs
2026/09/16 19:59:43 INFO start lazy group evaluation field=test.base group=metadata
2026/09/16 19:59:43 INFO end lazy group evaluation field=test.base group=execMeta duration=37.53µs
2026/09/16 19:59:43 INFO end lazy group evaluation field=test.base group=metadata duration=52.5µs
2026/09/16 19:59:43 INFO end lazy evaluation field=test.unrefinedWriter duration=370.81µs
2026/09/16 19:59:43 INFO end lazy group evaluation field=Container.withUser group=metadata duration=718.859µs
2026/09/16 19:59:43 INFO end lazy evaluation field=Container.directory duration=1.161729ms err="evaluate Container.directory: Directory snapshot is unset"
2026/09/16 19:59:43 INFO start lazy group evaluation field=test.base group=fs
2026/09/16 19:59:43 INFO discarding dagql cache without persistence hasSQLDB=false hasPersistDB=false
2026/09/16 19:59:43 INFO start lazy group evaluation field=Container.withUser group=fs
2026/09/16 19:59:43 INFO start lazy group evaluation field=Container.withUser group=execMeta
2026/09/16 19:59:43 INFO discarding dagql cache without persistence hasSQLDB=false hasPersistDB=false
2026/09/16 19:59:43 INFO start lazy evaluation field=Container.directory
2026/09/16 19:59:43 INFO start lazy group evaluation field=test.base group=metadata
--- FAIL: TestContainerDirectorySelectorLeavesSiblingMountsPending (0.00s)
    container_selector_parts_test.go:100: 
        	Error Trace:	/home/exedev/.tailcall/worktrees/dagger-a7378ed8352b/remote-cache-b4-acquisition-implementer-a22b8169-585bbf9d/core/container_selector_parts_test.go:100
        	Error:      	Received unexpected error:
        	            	evaluate Container.directory: Directory snapshot is unset
        	Test:       	TestContainerDirectorySelectorLeavesSiblingMountsPending
2026/09/16 19:59:43 INFO start lazy group evaluation field=test.base group=execMeta
2026/09/16 19:59:43 INFO end lazy group evaluation field=test.base group=metadata duration=25.459µs
2026/09/16 19:59:43 INFO end lazy group evaluation field=test.base group=execMeta duration=25.629µs
2026/09/16 19:59:43 INFO end lazy group evaluation field=test.base group=fs duration=316.159µs
2026/09/16 19:59:43 INFO start lazy group evaluation field=test.base group=metadata
2026/09/16 19:59:43 INFO end lazy group evaluation field=test.base group=metadata duration=22.58µs
2026/09/16 19:59:43 INFO start lazy group evaluation field=test.base group=fs
2026/09/16 19:59:43 INFO end lazy group evaluation field=Container.withUser group=execMeta duration=263.329µs
2026/09/16 19:59:43 INFO start lazy group evaluation field=test.base group=fs
2026/09/16 19:59:43 INFO start lazy group evaluation field=test.base group=fs
2026/09/16 19:59:43 INFO discarding dagql cache without persistence hasSQLDB=false hasPersistDB=false
2026/09/16 19:59:43 INFO end lazy group evaluation field=test.base group=fs duration=15.29µs err="injected rootfs failure"
2026/09/16 19:59:43 INFO end lazy group evaluation field=test.base group=fs duration=52.19µs
2026/09/16 19:59:43 INFO end lazy group evaluation field=test.base group=fs duration=24.24µs
2026/09/16 19:59:43 INFO end lazy evaluation field=Container.directory duration=361.289µs err="injected rootfs failure"
2026/09/16 19:59:43 INFO discarding dagql cache without persistence hasSQLDB=false hasPersistDB=false
2026/09/16 19:59:43 INFO end lazy group evaluation field=Container.withUser group=fs duration=622.389µs
2026/09/16 19:59:43 INFO discarding dagql cache without persistence hasSQLDB=false hasPersistDB=false
2026/09/16 19:59:43 INFO start lazy group evaluation field=test.base group=execMeta
2026/09/16 19:59:43 INFO end lazy group evaluation field=test.base group=execMeta duration=42.84µs
2026/09/16 19:59:43 INFO start lazy group evaluation field=test.base group=mount:/b
2026/09/16 19:59:43 INFO start lazy group evaluation field=test.base group=mount:/a
2026/09/16 19:59:43 INFO end lazy group evaluation field=test.base group=mount:/a duration=48.96µs
2026/09/16 19:59:43 INFO end lazy group evaluation field=test.base group=mount:/b duration=145.08µs
2026/09/16 19:59:43 INFO discarding dagql cache without persistence hasSQLDB=false hasPersistDB=false
FAIL
FAIL	github.com/dagger/dagger/core	1.869s
FAIL
