=== RUN   TestHTTPResolvedCall
    http_lazy_test.go:46: 
        	Error Trace:	/home/exedev/.tailcall/worktrees/dagger-a7378ed8352b/remote-cache-b4-acquisition-implementer-a22b8169-585bbf9d/core/schema/http_lazy_test.go:46
        	            				/home/exedev/.tailcall/worktrees/dagger-a7378ed8352b/remote-cache-b4-acquisition-implementer-a22b8169-585bbf9d/core/schema/http_lazy_test.go:50
        	Error:      	Received unexpected error:
        	            	assign input "name" (dagql.Optional[github.com/dagger/dagger/dagql.String]) as data (dagql.String): assign: Setter.SetField dagql.String to dagql.Optional[github.com/dagger/dagger/dagql.String]: cannot set field of type dagql.Optional[github.com/dagger/dagger/dagql.String] with dagql.String
        	Test:       	TestHTTPResolvedCall
2026/09/16 20:21:20 INFO discarding dagql cache without persistence hasSQLDB=false hasPersistDB=false
--- FAIL: TestHTTPResolvedCall (0.06s)
=== RUN   TestLazyOperationResolverOutputCleanup
=== RUN   TestLazyOperationResolverOutputCleanup/scratch_wrapping
2026/09/16 20:21:20 INFO discarding dagql cache without persistence hasSQLDB=false hasPersistDB=false
=== RUN   TestLazyOperationResolverOutputCleanup/http_state_sync
2026/09/16 20:21:20 INFO discarding dagql cache without persistence hasSQLDB=false hasPersistDB=false
=== RUN   TestLazyOperationResolverOutputCleanup/schema_wrapping
2026/09/16 20:21:20 INFO discarding dagql cache without persistence hasSQLDB=false hasPersistDB=false
=== RUN   TestLazyOperationResolverOutputCleanup/builtin_wrapping
2026/09/16 20:21:20 INFO discarding dagql cache without persistence hasSQLDB=false hasPersistDB=false
=== RUN   TestLazyOperationResolverOutputCleanup/bundle_wrapping
2026/09/16 20:21:20 INFO discarding dagql cache without persistence hasSQLDB=false hasPersistDB=false
--- PASS: TestLazyOperationResolverOutputCleanup (0.12s)
    --- PASS: TestLazyOperationResolverOutputCleanup/scratch_wrapping (0.00s)
    --- PASS: TestLazyOperationResolverOutputCleanup/http_state_sync (0.00s)
    --- PASS: TestLazyOperationResolverOutputCleanup/schema_wrapping (0.00s)
    --- PASS: TestLazyOperationResolverOutputCleanup/builtin_wrapping (0.04s)
    --- PASS: TestLazyOperationResolverOutputCleanup/bundle_wrapping (0.07s)
=== RUN   TestLazyOperationResolverCapture
=== RUN   TestLazyOperationResolverCapture/scratch_wrapping
2026/09/16 20:21:20 INFO discarding dagql cache without persistence hasSQLDB=false hasPersistDB=false
=== RUN   TestLazyOperationResolverCapture/http_state_sync
2026/09/16 20:21:20 INFO discarding dagql cache without persistence hasSQLDB=false hasPersistDB=false
=== RUN   TestLazyOperationResolverCapture/schema_wrapping
2026/09/16 20:21:20 INFO discarding dagql cache without persistence hasSQLDB=false hasPersistDB=false
=== RUN   TestLazyOperationResolverCapture/builtin_wrapping
2026/09/16 20:21:20 INFO discarding dagql cache without persistence hasSQLDB=false hasPersistDB=false
=== RUN   TestLazyOperationResolverCapture/bundle_wrapping
2026/09/16 20:21:20 INFO discarding dagql cache without persistence hasSQLDB=false hasPersistDB=false
=== RUN   TestLazyOperationResolverCapture/gitCleaned
2026/09/16 20:21:20 INFO discarding dagql cache without persistence hasSQLDB=false hasPersistDB=false
=== RUN   TestLazyOperationResolverCapture/gitTree
2026/09/16 20:21:21 INFO discarding dagql cache without persistence hasSQLDB=false hasPersistDB=false
=== RUN   TestLazyOperationResolverCapture/gitCommitTree
2026/09/16 20:21:21 INFO discarding dagql cache without persistence hasSQLDB=false hasPersistDB=false
--- PASS: TestLazyOperationResolverCapture (0.36s)
    --- PASS: TestLazyOperationResolverCapture/scratch_wrapping (0.00s)
    --- PASS: TestLazyOperationResolverCapture/http_state_sync (0.01s)
    --- PASS: TestLazyOperationResolverCapture/schema_wrapping (0.01s)
    --- PASS: TestLazyOperationResolverCapture/builtin_wrapping (0.03s)
    --- PASS: TestLazyOperationResolverCapture/bundle_wrapping (0.06s)
    --- PASS: TestLazyOperationResolverCapture/gitCleaned (0.05s)
    --- PASS: TestLazyOperationResolverCapture/gitTree (0.10s)
    --- PASS: TestLazyOperationResolverCapture/gitCommitTree (0.09s)
FAIL
FAIL	github.com/dagger/dagger/core/schema	0.945s
FAIL
