=== RUN   TestGitResolvedFrames
=== RUN   TestGitResolvedFrames/head
2026/09/16 21:11:42 INFO discarding dagql cache without persistence hasSQLDB=false hasPersistDB=false
=== RUN   TestGitResolvedFrames/detached
2026/09/16 21:11:42 INFO discarding dagql cache without persistence hasSQLDB=false hasPersistDB=false
=== RUN   TestGitResolvedFrames/branch
2026/09/16 21:11:42 INFO discarding dagql cache without persistence hasSQLDB=false hasPersistDB=false
=== RUN   TestGitResolvedFrames/tag
2026/09/16 21:11:42 INFO discarding dagql cache without persistence hasSQLDB=false hasPersistDB=false
=== RUN   TestGitResolvedFrames/ref
2026/09/16 21:11:42 INFO discarding dagql cache without persistence hasSQLDB=false hasPersistDB=false
=== RUN   TestGitResolvedFrames/legacy
2026/09/16 21:11:42 INFO discarding dagql cache without persistence hasSQLDB=false hasPersistDB=false
=== RUN   TestGitResolvedFrames/latest
2026/09/16 21:11:42 INFO discarding dagql cache without persistence hasSQLDB=false hasPersistDB=false
=== RUN   TestGitResolvedFrames/override
2026/09/16 21:11:42 INFO discarding dagql cache without persistence hasSQLDB=false hasPersistDB=false
=== RUN   TestGitResolvedFrames/fixed
2026/09/16 21:11:42 INFO discarding dagql cache without persistence hasSQLDB=false hasPersistDB=false
=== RUN   TestGitResolvedFrames/internal
2026/09/16 21:11:42 INFO discarding dagql cache without persistence hasSQLDB=false hasPersistDB=false
--- PASS: TestGitResolvedFrames (0.05s)
    --- PASS: TestGitResolvedFrames/head (0.01s)
    --- PASS: TestGitResolvedFrames/detached (0.00s)
    --- PASS: TestGitResolvedFrames/branch (0.01s)
    --- PASS: TestGitResolvedFrames/tag (0.00s)
    --- PASS: TestGitResolvedFrames/ref (0.00s)
    --- PASS: TestGitResolvedFrames/legacy (0.00s)
    --- PASS: TestGitResolvedFrames/latest (0.00s)
    --- PASS: TestGitResolvedFrames/override (0.00s)
    --- PASS: TestGitResolvedFrames/fixed (0.00s)
    --- PASS: TestGitResolvedFrames/internal (0.00s)
=== RUN   TestGitFixedCommitAndLockFrames
=== RUN   TestGitFixedCommitAndLockFrames/commit
2026/09/16 21:11:42 INFO discarding dagql cache without persistence hasSQLDB=false hasPersistDB=false
=== RUN   TestGitFixedCommitAndLockFrames/ref
2026/09/16 21:11:42 INFO discarding dagql cache without persistence hasSQLDB=false hasPersistDB=false
=== RUN   TestGitFixedCommitAndLockFrames/locked_branch
2026/09/16 21:11:42 INFO discarding dagql cache without persistence hasSQLDB=false hasPersistDB=false
--- PASS: TestGitFixedCommitAndLockFrames (0.01s)
    --- PASS: TestGitFixedCommitAndLockFrames/commit (0.00s)
    --- PASS: TestGitFixedCommitAndLockFrames/ref (0.00s)
    --- PASS: TestGitFixedCommitAndLockFrames/locked_branch (0.00s)
PASS
ok  	github.com/dagger/dagger/core/schema	1.462s
