=== RUN   TestHTTPStateUsageSizeUsesPersistedSnapshotID
=== PAUSE TestHTTPStateUsageSizeUsesPersistedSnapshotID
=== RUN   TestHTTPLocalBodyOwnership
2026/09/16 21:54:27 INFO start lazy evaluation field=Query.__httpFile
2026/09/16 21:54:27 INFO end lazy evaluation field=Query.__httpFile duration=42.232016ms
2026/09/16 21:54:27 INFO discarding dagql cache without persistence hasSQLDB=false hasPersistDB=false
--- PASS: TestHTTPLocalBodyOwnership (0.94s)
=== RUN   TestHTTPLocalBodyFailures
=== RUN   TestHTTPLocalBodyFailures/matching
2026/09/16 21:54:27 INFO start lazy evaluation field=Query.__httpFile
2026/09/16 21:54:27 INFO end lazy evaluation field=Query.__httpFile duration=22.090657ms
=== RUN   TestHTTPLocalBodyFailures/absent
2026/09/16 21:54:27 INFO start lazy evaluation field=Query.__httpFile
2026/09/16 21:54:27 INFO end lazy evaluation field=Query.__httpFile duration=24.417754ms
=== RUN   TestHTTPLocalBodyFailures/foreign
2026/09/16 21:54:27 INFO start lazy evaluation field=Query.__httpFile
2026/09/16 21:54:27 INFO end lazy evaluation field=Query.__httpFile duration=12.693487ms
=== RUN   TestHTTPLocalBodyFailures/advanced
2026/09/16 21:54:27 INFO start lazy evaluation field=Query.__httpFile
2026/09/16 21:54:27 INFO end lazy evaluation field=Query.__httpFile duration=10.382079ms
=== RUN   TestHTTPLocalBodyFailures/unavailable
2026/09/16 21:54:27 INFO start lazy evaluation field=Query.__httpFile
2026/09/16 21:54:27 INFO end lazy evaluation field=Query.__httpFile duration=8.675651ms
=== RUN   TestHTTPLocalBodyFailures/pin_error
2026/09/16 21:54:27 INFO start lazy evaluation field=Query.__httpFile
2026/09/16 21:54:27 INFO end lazy evaluation field=Query.__httpFile duration=143.679µs err="injected pin or release failure"
=== RUN   TestHTTPLocalBodyFailures/cancel
2026/09/16 21:54:27 INFO start lazy evaluation field=Query.__httpFile
2026/09/16 21:54:27 INFO end lazy evaluation field=Query.__httpFile duration=106.9µs err="context canceled"
=== RUN   TestHTTPLocalBodyFailures/unavailable_plus_cleanup
2026/09/16 21:54:27 INFO start lazy evaluation field=Query.__httpFile
2026/09/16 21:54:27 INFO end lazy evaluation field=Query.__httpFile duration=103.12µs err="not found\ninjected pin or release failure"
=== RUN   TestHTTPLocalBodyFailures/derivation_plus_cleanup
2026/09/16 21:54:27 INFO start lazy evaluation field=Query.__httpFile
2026/09/16 21:54:27 INFO end lazy evaluation field=Query.__httpFile duration=4.575255ms err="derive failure\ninjected pin or release failure"
=== RUN   TestHTTPLocalBodyFailures/successful_derivation_cleanup
2026/09/16 21:54:27 INFO start lazy evaluation field=Query.__httpFile
2026/09/16 21:54:27 INFO end lazy evaluation field=Query.__httpFile duration=15.307874ms err="injected pin or release failure"
2026/09/16 21:54:27 INFO start lazy evaluation field=Query.__httpFile
2026/09/16 21:54:27 INFO end lazy evaluation field=Query.__httpFile duration=15.985554ms
2026/09/16 21:54:27 INFO discarding dagql cache without persistence hasSQLDB=false hasPersistDB=false
--- PASS: TestHTTPLocalBodyFailures (0.16s)
    --- PASS: TestHTTPLocalBodyFailures/matching (0.02s)
    --- PASS: TestHTTPLocalBodyFailures/absent (0.02s)
    --- PASS: TestHTTPLocalBodyFailures/foreign (0.01s)
    --- PASS: TestHTTPLocalBodyFailures/advanced (0.01s)
    --- PASS: TestHTTPLocalBodyFailures/unavailable (0.01s)
    --- PASS: TestHTTPLocalBodyFailures/pin_error (0.00s)
    --- PASS: TestHTTPLocalBodyFailures/cancel (0.00s)
    --- PASS: TestHTTPLocalBodyFailures/unavailable_plus_cleanup (0.00s)
    --- PASS: TestHTTPLocalBodyFailures/derivation_plus_cleanup (0.00s)
    --- PASS: TestHTTPLocalBodyFailures/successful_derivation_cleanup (0.03s)
=== RUN   TestHTTPPinLockCost
    http_lazy_test.go:260: HTTP local pin average=3.823147ms; acquisition with a 20ms occupied state lock=26.568573ms
2026/09/16 21:54:27 INFO discarding dagql cache without persistence hasSQLDB=false hasPersistDB=false
--- PASS: TestHTTPPinLockCost (0.18s)
=== RUN   TestHTTPChainAvoidsOperation
2026/09/16 21:54:27 INFO start lazy evaluation field=Query.__httpFile
2026/09/16 21:54:27 INFO end lazy evaluation field=Query.__httpFile duration=19.54188ms
    http_lazy_test.go:302: HTTP offered chain: operation entries=0 operation GETs=0 provider reads=1
2026/09/16 21:54:27 INFO discarding dagql cache without persistence hasSQLDB=false hasPersistDB=false
2026/09/16 21:54:27 INFO discarding dagql cache without persistence hasSQLDB=false hasPersistDB=false
--- PASS: TestHTTPChainAvoidsOperation (0.21s)
=== RUN   TestHTTPLazyOperationEvaluate
=== RUN   TestHTTPLazyOperationEvaluate/equal
2026/09/16 21:54:27 INFO start lazy evaluation field=Query.__httpFile
2026/09/16 21:54:27 INFO end lazy evaluation field=Query.__httpFile duration=21.892568ms
=== RUN   TestHTTPLazyOperationEvaluate/changed_timestamp
2026/09/16 21:54:28 INFO start lazy evaluation field=Query.__httpFile
2026/09/16 21:54:28 INFO end lazy evaluation field=Query.__httpFile duration=12.518407ms
=== RUN   TestHTTPLazyOperationEvaluate/invalid_timestamp
2026/09/16 21:54:28 INFO start lazy evaluation field=Query.__httpFile
2026/09/16 21:54:28 INFO end lazy evaluation field=Query.__httpFile duration=15.152624ms
=== RUN   TestHTTPLazyOperationEvaluate/empty_checksum
2026/09/16 21:54:28 INFO start lazy evaluation field=Query.__httpFile
2026/09/16 21:54:28 INFO end lazy evaluation field=Query.__httpFile duration=14.460765ms
=== RUN   TestHTTPLazyOperationEvaluate/checksum
2026/09/16 21:54:28 INFO start lazy evaluation field=Query.__httpFile
2026/09/16 21:54:28 INFO end lazy evaluation field=Query.__httpFile duration=14.423845ms
=== RUN   TestHTTPLazyOperationEvaluate/changed_body
2026/09/16 21:54:28 INFO start lazy evaluation field=Query.__httpFile
2026/09/16 21:54:28 INFO end lazy evaluation field=Query.__httpFile duration=13.411966ms err="HTTP File operation body mismatch: recorded sha256:d81c55f49c5bb0d36bc11e3966ec4efab66f8dfefbbc1761161ca9d230e5466a, fetched sha256:d67e2e944994496c8d8ec76eed0cf9f09679448d584b532bebf941852a37f5ed"
=== RUN   TestHTTPLazyOperationEvaluate/checksum_mismatch
2026/09/16 21:54:28 INFO start lazy evaluation field=Query.__httpFile
2026/09/16 21:54:28 INFO end lazy evaluation field=Query.__httpFile duration=9.173611ms err="http checksum mismatch: expected sha256:d81c55f49c5bb0d36bc11e3966ec4efab66f8dfefbbc1761161ca9d230e5466a, got sha256:d67e2e944994496c8d8ec76eed0cf9f09679448d584b532bebf941852a37f5ed"
=== RUN   TestHTTPLazyOperationEvaluate/bad_checksum
2026/09/16 21:54:28 INFO start lazy evaluation field=Query.__httpFile
2026/09/16 21:54:28 INFO end lazy evaluation field=Query.__httpFile duration=79.53µs err="invalid checksum \"invalid\": invalid checksum digest format"
=== RUN   TestHTTPLazyOperationEvaluate/status
2026/09/16 21:54:28 INFO start lazy evaluation field=Query.__httpFile
2026/09/16 21:54:28 INFO end lazy evaluation field=Query.__httpFile duration=2.434688ms err="invalid response status 500 Internal Server Error"
=== RUN   TestHTTPLazyOperationEvaluate/partial
2026/09/16 21:54:28 INFO start lazy evaluation field=Query.__httpFile
2026/09/16 21:54:28 INFO end lazy evaluation field=Query.__httpFile duration=12.052688ms
=== RUN   TestHTTPLazyOperationEvaluate/not_modified
2026/09/16 21:54:28 INFO start lazy evaluation field=Query.__httpFile
2026/09/16 21:54:28 INFO end lazy evaluation field=Query.__httpFile duration=15.174055ms err="HTTP File operation body mismatch: recorded sha256:d81c55f49c5bb0d36bc11e3966ec4efab66f8dfefbbc1761161ca9d230e5466a, fetched sha256:e3b0c44298fc1c149afbf4c8996fb92427ae41e4649b934ca495991b7852b855"
=== RUN   TestHTTPLazyOperationEvaluate/no_content
2026/09/16 21:54:28 INFO start lazy evaluation field=Query.__httpFile
2026/09/16 21:54:28 INFO end lazy evaluation field=Query.__httpFile duration=20.18704ms err="HTTP File operation body mismatch: recorded sha256:d81c55f49c5bb0d36bc11e3966ec4efab66f8dfefbbc1761161ca9d230e5466a, fetched sha256:e3b0c44298fc1c149afbf4c8996fb92427ae41e4649b934ca495991b7852b855"
2026/09/16 21:54:28 INFO start lazy evaluation field=Query.__httpFile
2026/09/16 21:54:28 INFO end lazy evaluation field=Query.__httpFile duration=13.052727ms
2026/09/16 21:54:28 INFO start lazy evaluation field=Query.__httpFile
2026/09/16 21:54:28 INFO end lazy evaluation field=Query.__httpFile duration=14.459765ms
=== RUN   TestHTTPLazyOperationEvaluate/transport
2026/09/16 21:54:28 INFO start lazy evaluation field=Query.__httpFile
2026/09/16 21:54:28 INFO end lazy evaluation field=Query.__httpFile duration=3.770117ms err="Get \"http://127.0.0.1:1\": dial tcp 127.0.0.1:1: connect: connection refused"
=== RUN   TestHTTPLazyOperationEvaluate/canceled
2026/09/16 21:54:28 INFO start lazy evaluation field=Query.__httpFile
2026/09/16 21:54:28 INFO end lazy evaluation field=Query.__httpFile duration=305.56µs err="context canceled"
2026/09/16 21:54:28 INFO discarding dagql cache without persistence hasSQLDB=false hasPersistDB=false
--- PASS: TestHTTPLazyOperationEvaluate (0.30s)
    --- PASS: TestHTTPLazyOperationEvaluate/equal (0.04s)
    --- PASS: TestHTTPLazyOperationEvaluate/changed_timestamp (0.03s)
    --- PASS: TestHTTPLazyOperationEvaluate/invalid_timestamp (0.03s)
    --- PASS: TestHTTPLazyOperationEvaluate/empty_checksum (0.03s)
    --- PASS: TestHTTPLazyOperationEvaluate/checksum (0.03s)
    --- PASS: TestHTTPLazyOperationEvaluate/changed_body (0.01s)
    --- PASS: TestHTTPLazyOperationEvaluate/checksum_mismatch (0.01s)
    --- PASS: TestHTTPLazyOperationEvaluate/bad_checksum (0.00s)
    --- PASS: TestHTTPLazyOperationEvaluate/status (0.00s)
    --- PASS: TestHTTPLazyOperationEvaluate/partial (0.03s)
    --- PASS: TestHTTPLazyOperationEvaluate/not_modified (0.02s)
    --- PASS: TestHTTPLazyOperationEvaluate/no_content (0.02s)
    --- PASS: TestHTTPLazyOperationEvaluate/transport (0.00s)
    --- PASS: TestHTTPLazyOperationEvaluate/canceled (0.00s)
=== RUN   TestHTTPLazyOperationWriter
=== RUN   TestHTTPLazyOperationWriter/data.txt/0
2026/09/16 21:54:28 INFO start lazy evaluation field=Query.__httpFile
2026/09/16 21:54:28 INFO end lazy evaluation field=Query.__httpFile duration=11.486938ms
=== RUN   TestHTTPLazyOperationWriter/data.txt/600
2026/09/16 21:54:28 INFO start lazy evaluation field=Query.__httpFile
2026/09/16 21:54:28 INFO end lazy evaluation field=Query.__httpFile duration=11.534568ms
=== RUN   TestHTTPLazyOperationWriter/data.txt/644
2026/09/16 21:54:28 INFO start lazy evaluation field=Query.__httpFile
2026/09/16 21:54:28 INFO end lazy evaluation field=Query.__httpFile duration=15.618395ms
=== RUN   TestHTTPLazyOperationWriter/data.txt/755
2026/09/16 21:54:28 INFO start lazy evaluation field=Query.__httpFile
2026/09/16 21:54:28 INFO end lazy evaluation field=Query.__httpFile duration=15.145444ms
=== RUN   TestHTTPLazyOperationWriter//data.txt/0
2026/09/16 21:54:28 INFO start lazy evaluation field=Query.__httpFile
2026/09/16 21:54:28 INFO end lazy evaluation field=Query.__httpFile duration=14.565754ms
=== RUN   TestHTTPLazyOperationWriter//data.txt/600
2026/09/16 21:54:28 INFO start lazy evaluation field=Query.__httpFile
2026/09/16 21:54:28 INFO end lazy evaluation field=Query.__httpFile duration=11.354279ms
=== RUN   TestHTTPLazyOperationWriter//data.txt/644
2026/09/16 21:54:28 INFO start lazy evaluation field=Query.__httpFile
2026/09/16 21:54:28 INFO end lazy evaluation field=Query.__httpFile duration=14.802735ms
=== RUN   TestHTTPLazyOperationWriter//data.txt/755
2026/09/16 21:54:28 INFO start lazy evaluation field=Query.__httpFile
2026/09/16 21:54:28 INFO end lazy evaluation field=Query.__httpFile duration=15.730133ms
=== RUN   TestHTTPLazyOperationWriter/../data.txt/0
2026/09/16 21:54:28 INFO start lazy evaluation field=Query.__httpFile
2026/09/16 21:54:28 INFO end lazy evaluation field=Query.__httpFile duration=8.811802ms
=== RUN   TestHTTPLazyOperationWriter/../data.txt/600
2026/09/16 21:54:28 INFO start lazy evaluation field=Query.__httpFile
2026/09/16 21:54:28 INFO end lazy evaluation field=Query.__httpFile duration=10.23328ms
=== RUN   TestHTTPLazyOperationWriter/../data.txt/644
2026/09/16 21:54:28 INFO start lazy evaluation field=Query.__httpFile
2026/09/16 21:54:28 INFO end lazy evaluation field=Query.__httpFile duration=13.331556ms
=== RUN   TestHTTPLazyOperationWriter/../data.txt/755
2026/09/16 21:54:29 INFO start lazy evaluation field=Query.__httpFile
2026/09/16 21:54:29 INFO end lazy evaluation field=Query.__httpFile duration=10.30441ms
=== RUN   TestHTTPLazyOperationWriter/a/../data.txt/0
2026/09/16 21:54:29 INFO start lazy evaluation field=Query.__httpFile
2026/09/16 21:54:29 INFO end lazy evaluation field=Query.__httpFile duration=8.472162ms
=== RUN   TestHTTPLazyOperationWriter/a/../data.txt/600
2026/09/16 21:54:29 INFO start lazy evaluation field=Query.__httpFile
2026/09/16 21:54:29 INFO end lazy evaluation field=Query.__httpFile duration=8.036382ms
=== RUN   TestHTTPLazyOperationWriter/a/../data.txt/644
2026/09/16 21:54:29 INFO start lazy evaluation field=Query.__httpFile
2026/09/16 21:54:29 INFO end lazy evaluation field=Query.__httpFile duration=9.969979ms
=== RUN   TestHTTPLazyOperationWriter/a/../data.txt/755
2026/09/16 21:54:29 INFO start lazy evaluation field=Query.__httpFile
2026/09/16 21:54:29 INFO end lazy evaluation field=Query.__httpFile duration=9.117901ms
=== RUN   TestHTTPLazyOperationWriter/./data.txt/0
2026/09/16 21:54:29 INFO start lazy evaluation field=Query.__httpFile
2026/09/16 21:54:29 INFO end lazy evaluation field=Query.__httpFile duration=10.06331ms
=== RUN   TestHTTPLazyOperationWriter/./data.txt/600
2026/09/16 21:54:29 INFO start lazy evaluation field=Query.__httpFile
2026/09/16 21:54:29 INFO end lazy evaluation field=Query.__httpFile duration=9.18505ms
=== RUN   TestHTTPLazyOperationWriter/./data.txt/644
2026/09/16 21:54:29 INFO start lazy evaluation field=Query.__httpFile
2026/09/16 21:54:29 INFO end lazy evaluation field=Query.__httpFile duration=12.742376ms
=== RUN   TestHTTPLazyOperationWriter/./data.txt/755
2026/09/16 21:54:29 INFO start lazy evaluation field=Query.__httpFile
2026/09/16 21:54:29 INFO end lazy evaluation field=Query.__httpFile duration=14.700605ms
=== RUN   TestHTTPLazyOperationWriter/sub/data.txt/0
2026/09/16 21:54:29 INFO start lazy evaluation field=Query.__httpFile
2026/09/16 21:54:29 INFO end lazy evaluation field=Query.__httpFile duration=7.352583ms err="file write failed: open /sub/data.txt: no such file or directory"
=== RUN   TestHTTPLazyOperationWriter/sub/data.txt/600
2026/09/16 21:54:29 INFO start lazy evaluation field=Query.__httpFile
2026/09/16 21:54:29 INFO end lazy evaluation field=Query.__httpFile duration=5.635435ms err="file write failed: open /sub/data.txt: no such file or directory"
=== RUN   TestHTTPLazyOperationWriter/sub/data.txt/644
2026/09/16 21:54:29 INFO start lazy evaluation field=Query.__httpFile
2026/09/16 21:54:29 INFO end lazy evaluation field=Query.__httpFile duration=7.588002ms err="file write failed: open /sub/data.txt: no such file or directory"
=== RUN   TestHTTPLazyOperationWriter/sub/data.txt/755
2026/09/16 21:54:29 INFO start lazy evaluation field=Query.__httpFile
2026/09/16 21:54:29 INFO end lazy evaluation field=Query.__httpFile duration=9.43146ms err="file write failed: open /sub/data.txt: no such file or directory"
=== RUN   TestHTTPLazyOperationWriter/restrictive_umask
2026/09/16 21:54:29 INFO start lazy evaluation field=Query.__httpFile
2026/09/16 21:54:29 INFO end lazy evaluation field=Query.__httpFile duration=13.111666ms
=== RUN   TestHTTPLazyOperationWriter/public_eager_layout
2026/09/16 21:54:29 INFO discarding dagql cache without persistence hasSQLDB=false hasPersistDB=false
--- PASS: TestHTTPLazyOperationWriter (1.63s)
    --- PASS: TestHTTPLazyOperationWriter/data.txt/0 (0.08s)
    --- PASS: TestHTTPLazyOperationWriter/data.txt/600 (0.06s)
    --- PASS: TestHTTPLazyOperationWriter/data.txt/644 (0.08s)
    --- PASS: TestHTTPLazyOperationWriter/data.txt/755 (0.07s)
    --- PASS: TestHTTPLazyOperationWriter//data.txt/0 (0.08s)
    --- PASS: TestHTTPLazyOperationWriter//data.txt/600 (0.07s)
    --- PASS: TestHTTPLazyOperationWriter//data.txt/644 (0.07s)
    --- PASS: TestHTTPLazyOperationWriter//data.txt/755 (0.08s)
    --- PASS: TestHTTPLazyOperationWriter/../data.txt/0 (0.05s)
    --- PASS: TestHTTPLazyOperationWriter/../data.txt/600 (0.06s)
    --- PASS: TestHTTPLazyOperationWriter/../data.txt/644 (0.08s)
    --- PASS: TestHTTPLazyOperationWriter/../data.txt/755 (0.06s)
    --- PASS: TestHTTPLazyOperationWriter/a/../data.txt/0 (0.06s)
    --- PASS: TestHTTPLazyOperationWriter/a/../data.txt/600 (0.05s)
    --- PASS: TestHTTPLazyOperationWriter/a/../data.txt/644 (0.05s)
    --- PASS: TestHTTPLazyOperationWriter/a/../data.txt/755 (0.05s)
    --- PASS: TestHTTPLazyOperationWriter/./data.txt/0 (0.06s)
    --- PASS: TestHTTPLazyOperationWriter/./data.txt/600 (0.05s)
    --- PASS: TestHTTPLazyOperationWriter/./data.txt/644 (0.06s)
    --- PASS: TestHTTPLazyOperationWriter/./data.txt/755 (0.07s)
    --- PASS: TestHTTPLazyOperationWriter/sub/data.txt/0 (0.03s)
    --- PASS: TestHTTPLazyOperationWriter/sub/data.txt/600 (0.04s)
    --- PASS: TestHTTPLazyOperationWriter/sub/data.txt/644 (0.03s)
    --- PASS: TestHTTPLazyOperationWriter/sub/data.txt/755 (0.03s)
    --- PASS: TestHTTPLazyOperationWriter/restrictive_umask (0.03s)
    --- PASS: TestHTTPLazyOperationWriter/public_eager_layout (0.15s)
=== RUN   TestHTTPLazyOperationCleanup
=== RUN   TestHTTPLazyOperationCleanup/copy
2026/09/16 21:54:29 INFO start lazy evaluation field=Query.__httpFile
2026/09/16 21:54:29 INFO end lazy evaluation field=Query.__httpFile duration=16.638233ms err="file write failed: unexpected EOF"
=== RUN   TestHTTPLazyOperationCleanup/close
2026/09/16 21:54:29 INFO start lazy evaluation field=Query.__httpFile
2026/09/16 21:54:29 INFO end lazy evaluation field=Query.__httpFile duration=10.725149ms err="file write failed: close /data: bad file descriptor"
=== RUN   TestHTTPLazyOperationCleanup/chmod
2026/09/16 21:54:29 INFO start lazy evaluation field=Query.__httpFile
2026/09/16 21:54:29 INFO end lazy evaluation field=Query.__httpFile duration=8.93333ms err="file write failed: chmod /data: no such file or directory"
=== RUN   TestHTTPLazyOperationCleanup/timestamp
=== RUN   TestHTTPLazyOperationCleanup/checksum
2026/09/16 21:54:31 INFO start lazy evaluation field=Query.__httpFile
2026/09/16 21:54:31 INFO end lazy evaluation field=Query.__httpFile duration=183.49µs err="http checksum mismatch: expected sha256:d9298a10d1b0735837dc4bd85dac641b0f3cef27a47e5d53a54f2f3f5b2fcffa, recorded sha256:230d8358dc8e8890b4c58deeb62912ee2f20357ae92a5cc861b98e68fe31acb5"
=== RUN   TestHTTPLazyOperationCleanup/commit
2026/09/16 21:54:31 INFO start lazy evaluation field=Query.__httpFile
2026/09/16 21:54:31 INFO end lazy evaluation field=Query.__httpFile duration=13.431716ms err="injected commit"
=== RUN   TestHTTPLazyOperationCleanup/mount
2026/09/16 21:54:31 INFO start lazy evaluation field=Query.__httpFile
2026/09/16 21:54:31 INFO end lazy evaluation field=Query.__httpFile duration=9.79665ms err="file write failed: injected mount"
=== RUN   TestHTTPLazyOperationCleanup/digest
2026/09/16 21:54:31 INFO start lazy evaluation field=Query.__httpFile
2026/09/16 21:54:31 INFO end lazy evaluation field=Query.__httpFile duration=15.352875ms err="HTTP File operation body mismatch: recorded sha256:d9298a10d1b0735837dc4bd85dac641b0f3cef27a47e5d53a54f2f3f5b2fcffa, fetched sha256:230d8358dc8e8890b4c58deeb62912ee2f20357ae92a5cc861b98e68fe31acb5"
=== RUN   TestHTTPLazyOperationCleanup/move
2026/09/16 21:54:31 INFO start lazy evaluation field=Query.__httpFile
2026/09/16 21:54:31 INFO end lazy evaluation field=Query.__httpFile duration=14.518925ms err="operation receiver: File snapshot already installed"
=== RUN   TestHTTPLazyOperationCleanup/success
2026/09/16 21:54:31 INFO start lazy evaluation field=Query.__httpFile
2026/09/16 21:54:31 INFO end lazy evaluation field=Query.__httpFile duration=14.845335ms
2026/09/16 21:54:31 INFO discarding dagql cache without persistence hasSQLDB=false hasPersistDB=false
--- PASS: TestHTTPLazyOperationCleanup (1.67s)
    --- PASS: TestHTTPLazyOperationCleanup/copy (0.02s)
    --- PASS: TestHTTPLazyOperationCleanup/close (0.01s)
    --- PASS: TestHTTPLazyOperationCleanup/chmod (0.01s)
    --- PASS: TestHTTPLazyOperationCleanup/timestamp (1.55s)
    --- PASS: TestHTTPLazyOperationCleanup/checksum (0.00s)
    --- PASS: TestHTTPLazyOperationCleanup/commit (0.01s)
    --- PASS: TestHTTPLazyOperationCleanup/mount (0.01s)
    --- PASS: TestHTTPLazyOperationCleanup/digest (0.02s)
    --- PASS: TestHTTPLazyOperationCleanup/move (0.02s)
    --- PASS: TestHTTPLazyOperationCleanup/success (0.02s)
=== RUN   TestHTTPStateConcurrentResolveCapture
2026/09/16 21:54:31 INFO discarding dagql cache without persistence hasSQLDB=false hasPersistDB=false
--- PASS: TestHTTPStateConcurrentResolveCapture (0.08s)
=== RUN   TestStatelessHTTPLazyOperationIsolation
2026/09/16 21:54:31 INFO start lazy evaluation field=Query.__httpFile
2026/09/16 21:54:31 INFO end lazy evaluation field=Query.__httpFile duration=26.207063ms
2026/09/16 21:54:31 INFO start lazy evaluation field=Query.__httpFile
2026/09/16 21:54:31 INFO end lazy evaluation field=Query.__httpFile duration=13.177666ms
2026/09/16 21:54:31 INFO discarding dagql cache without persistence hasSQLDB=false hasPersistDB=false
--- PASS: TestStatelessHTTPLazyOperationIsolation (0.12s)
=== CONT  TestHTTPStateUsageSizeUsesPersistedSnapshotID
--- PASS: TestHTTPStateUsageSizeUsesPersistedSnapshotID (0.00s)
PASS
ok  	github.com/dagger/dagger/core	6.685s
