[dagger] 30.0s elapsed · 27 steps running
[dagger] 1m0s elapsed · 6 steps running
[dagger] 1m30s elapsed · 5 steps running
[dagger] 2m0s elapsed · 6 steps running
[dagger] 2m30s elapsed · 56 steps running
== TRACE ==  ✔ PASSED
engine-dev test --pkg ./core/integration --run=^(TestHTTP|TestGit)$/^(TestHTTPPermissions|TestHTTPCachePerSessions|TestHTTPTimestamp|TestHTTPChecksum|TestHTTPService|TestHTTPChecksumMismatch|TestGitUncommittedLocal|TestGitUncommittedRemote|TestGitBundleRoundTripAndStockInterop|TestGitBundleImportAfterPrerequisiteRefAdvances|TestGitCommit|TestDiscardGitDir|TestGitDepth|TestGitTags|TestGitLatest|TestGitLatestFallsBackToHead|TestGitCommitReleaseTags|TestGitCommitReleaseTagFreshness)$ --timeout=15m --test-verbose  2m37s

✔ connect 0.3s
✔ load workspace: . 2.1s
✔ parsing command line arguments 0.0s

✔ engineDev(
  ┆ ws: currentWorkspace: Workspace!
  ): EngineDev! 23.7s ◆ CPU Pressure (some): 111.091ms ◆ CPU Pressure (full): 68.458ms ◆ Memory Bytes (current): 872 kB ◆ Memory Bytes (peak): 30 MB ◆ Network Tx: 420 B
  ✔ uploading /home/exedev/.tailcall/worktrees/dagger-a7378ed8352b/remote-cache-b4-acquisition-implementer-a22b8169-585bbf9d 1.4s ████████████ 268 kB
✔ .test(run: "^(TestHTTP|TestGit)$/^(TestHTTPPermissions|TestHTTPCachePerSessions|TestHTTPTimestamp|TestHTTPChecksum|TestHTTPService|TestHTTPChecksumMismatch|TestGitUncommittedLocal|TestGitUncommittedRemote|TestGitBundleRoundTripAndStockInterop|TestGitBundleImportAfterPrerequisiteRefAdvances|TestGitCommit|TestDiscardGitDir|TestGitDepth|TestGitTags|TestGitLatest|TestGitLatestFallsBackToHead|TestGitCommitReleaseTags|TestGitCommitReleaseTagFreshness)$", pkg: "./core/integration", timeout: "15m", testVerbose: true): Void 2m11s ◆ Disk Read: 12 MB ◆ Disk Write: 0 B ◆ IO Pressure: 263µs ◆ CPU Pressure (some): 535.487ms ◆ CPU Pressure (full): 472.109ms ◆ Memory Bytes (current): 13 MB ◆ Memory Bytes (peak): 45 MB ◆ Network Tx: 2.7 kB
  ✘ fetching http://kml26a2j4a8l4 0.6s ████████████ 22 B ERROR
  ✔ 8 fetches, 2 pulls, 2 unpacks 8.0s

== SERVICES ==
✔ h4avdn8nctrm4.c2kfbjh46iijg.dagger.local exec /entrypoint.sh /etc/docker/registry/config.yml 1m15s EXITED span=c89ecd864e395581
✔ rogct0dgr0vls.c2kfbjh46iijg.dagger.local exec /entrypoint.sh /etc/docker/registry/config.yml 1m15s EXITED span=e95a10bffe94d723
✘ o2ugl9af0731i.c2kfbjh46iijg.dagger.local exec dagger-entrypoint.sh --addr unix:///run/dagger-engine.sock --addr tcp://0.0.0.0:1234 --network-name dagger-dev --network-cidr 10.88.0.0/16 --debugaddr 0.0.0.0:6060 1m14s ERROR span=3c6d0e6915bf26ab

== TESTS ==
  ✔ github.com/dagger/dagger/core/integration  2 passed

  ✔ 2 passed

Full trace at trace fd96be142f4e43783f9ace5ea4d087c5
