=== RUN   TestCloneContainerForSchemaChildDisablesFromContentDigest
=== PAUSE TestCloneContainerForSchemaChildDisablesFromContentDigest
=== RUN   TestWithImageConfigMetadataMutatesContainerConfig
=== PAUSE TestWithImageConfigMetadataMutatesContainerConfig
=== RUN   TestWithImageConfigMetadataRejectsInvalidHealthcheckJSON
=== PAUSE TestWithImageConfigMetadataRejectsInvalidHealthcheckJSON
=== RUN   TestContainerTransferPendingChild
2026/09/16 21:54:45 INFO start call field=Query.loadContainerFromID digest=xxh3:c055544e125af8eb
2026/09/16 21:54:45 INFO end call field=Query.loadContainerFromID cached=false digest=xxh3:c055544e125af8eb
2026/09/16 21:54:45 INFO start call field=Container.withEnvVariable digest=xxh3:facae2ef58910071
2026/09/16 21:54:45 INFO end call field=Container.withEnvVariable cached=false digest=xxh3:facae2ef58910071
2026/09/16 21:54:45 INFO start call field=Container.envVariable digest=xxh3:3ccb372165564256
2026/09/16 21:54:45 INFO start lazy group evaluation field=Container.withEnvVariable group=metadata
2026/09/16 21:54:45 INFO start call field=Container.workdir digest=xxh3:5cd9839dec976b6b
2026/09/16 21:54:45 INFO end lazy group evaluation field=Container.withEnvVariable group=metadata duration=731.23µs
2026/09/16 21:54:45 INFO start lazy group evaluation field=Container.withEnvVariable group=execMeta
2026/09/16 21:54:45 INFO end lazy group evaluation field=Container.withEnvVariable group=execMeta duration=635.189µs
2026/09/16 21:54:45 INFO end call field=Container.workdir cached=false digest=xxh3:5cd9839dec976b6b
2026/09/16 21:54:45 INFO end call field=Container.envVariable cached=false digest=xxh3:3ccb372165564256
2026/09/16 21:54:45 INFO start call field=Query.loadContainerFromID digest=xxh3:c055544e125af8eb
2026/09/16 21:54:45 INFO end call field=Query.loadContainerFromID cached=true digest=xxh3:c055544e125af8eb
2026/09/16 21:54:45 INFO start call field=Container.withEnvVariable digest=xxh3:facae2ef58910071
2026/09/16 21:54:45 INFO end call field=Container.withEnvVariable cached=true digest=xxh3:facae2ef58910071
2026/09/16 21:54:45 INFO start call field=Container.rootfs digest=xxh3:3b879439deabaa29
2026/09/16 21:54:45 INFO end call field=Container.rootfs cached=false digest=xxh3:3b879439deabaa29
2026/09/16 21:54:45 INFO start call field=Directory.entries digest=xxh3:7c070de203f4e5ec
2026/09/16 21:54:45 INFO start lazy evaluation field=Container.rootfs
2026/09/16 21:54:45 INFO start lazy group evaluation field=Container.withEnvVariable group=fs
2026/09/16 21:54:45 INFO end lazy group evaluation field=Container.withEnvVariable group=fs duration=3.413007ms err="imported filesystem part is unavailable: {\"part\":\"fs\"}"
2026/09/16 21:54:45 INFO end lazy evaluation field=Container.rootfs duration=3.639407ms err="imported filesystem part is unavailable: {\"part\":\"fs\"}"
2026/09/16 21:54:45 INFO end call field=Directory.entries cached=false digest=xxh3:7c070de203f4e5ec
2026/09/16 21:54:45 INFO discarding dagql cache without persistence hasSQLDB=true hasPersistDB=true
--- PASS: TestContainerTransferPendingChild (3.01s)
=== RUN   TestGitResolvedFrames
=== RUN   TestGitResolvedFrames/head
    git_lazy_test.go:70: Git head selection: retained rows before=2 after=3 delta=1
    git_lazy_test.go:92: Git head tree: retained row delta=1
2026/09/16 21:54:45 INFO discarding dagql cache without persistence hasSQLDB=false hasPersistDB=false
=== RUN   TestGitResolvedFrames/detached
    git_lazy_test.go:70: Git detached selection: retained rows before=2 after=3 delta=1
    git_lazy_test.go:92: Git detached tree: retained row delta=1
2026/09/16 21:54:45 INFO discarding dagql cache without persistence hasSQLDB=false hasPersistDB=false
=== RUN   TestGitResolvedFrames/branch
    git_lazy_test.go:70: Git branch selection: retained rows before=2 after=3 delta=1
    git_lazy_test.go:92: Git branch tree: retained row delta=1
2026/09/16 21:54:45 INFO discarding dagql cache without persistence hasSQLDB=false hasPersistDB=false
=== RUN   TestGitResolvedFrames/tag
    git_lazy_test.go:70: Git tag selection: retained rows before=2 after=3 delta=1
    git_lazy_test.go:92: Git tag tree: retained row delta=1
2026/09/16 21:54:45 INFO discarding dagql cache without persistence hasSQLDB=false hasPersistDB=false
=== RUN   TestGitResolvedFrames/ref
    git_lazy_test.go:70: Git ref selection: retained rows before=2 after=3 delta=1
    git_lazy_test.go:92: Git ref tree: retained row delta=1
2026/09/16 21:54:45 INFO discarding dagql cache without persistence hasSQLDB=false hasPersistDB=false
=== RUN   TestGitResolvedFrames/legacy
    git_lazy_test.go:70: Git legacy selection: retained rows before=2 after=3 delta=1
    git_lazy_test.go:92: Git legacy tree: retained row delta=1
2026/09/16 21:54:45 INFO discarding dagql cache without persistence hasSQLDB=false hasPersistDB=false
=== RUN   TestGitResolvedFrames/latest
    git_lazy_test.go:70: Git latest selection: retained rows before=2 after=3 delta=1
    git_lazy_test.go:92: Git latest tree: retained row delta=1
2026/09/16 21:54:45 INFO discarding dagql cache without persistence hasSQLDB=false hasPersistDB=false
=== RUN   TestGitResolvedFrames/override
    git_lazy_test.go:70: Git override selection: retained rows before=2 after=3 delta=1
    git_lazy_test.go:92: Git override tree: retained row delta=1
2026/09/16 21:54:45 INFO discarding dagql cache without persistence hasSQLDB=false hasPersistDB=false
=== RUN   TestGitResolvedFrames/fixed
    git_lazy_test.go:70: Git fixed selection: retained rows before=2 after=3 delta=1
    git_lazy_test.go:92: Git fixed tree: retained row delta=1
2026/09/16 21:54:45 INFO discarding dagql cache without persistence hasSQLDB=false hasPersistDB=false
=== RUN   TestGitResolvedFrames/internal
    git_lazy_test.go:70: Git internal selection: retained rows before=2 after=3 delta=1
    git_lazy_test.go:92: Git internal tree: retained row delta=1
2026/09/16 21:54:45 INFO discarding dagql cache without persistence hasSQLDB=false hasPersistDB=false
--- PASS: TestGitResolvedFrames (0.02s)
    --- PASS: TestGitResolvedFrames/head (0.00s)
    --- PASS: TestGitResolvedFrames/detached (0.00s)
    --- PASS: TestGitResolvedFrames/branch (0.00s)
    --- PASS: TestGitResolvedFrames/tag (0.00s)
    --- PASS: TestGitResolvedFrames/ref (0.00s)
    --- PASS: TestGitResolvedFrames/legacy (0.00s)
    --- PASS: TestGitResolvedFrames/latest (0.00s)
    --- PASS: TestGitResolvedFrames/override (0.00s)
    --- PASS: TestGitResolvedFrames/fixed (0.00s)
    --- PASS: TestGitResolvedFrames/internal (0.00s)
=== RUN   TestGitFixedCommitAndLockFrames
=== RUN   TestGitFixedCommitAndLockFrames/commit
2026/09/16 21:54:45 INFO discarding dagql cache without persistence hasSQLDB=false hasPersistDB=false
=== RUN   TestGitFixedCommitAndLockFrames/ref
2026/09/16 21:54:45 INFO discarding dagql cache without persistence hasSQLDB=false hasPersistDB=false
=== RUN   TestGitFixedCommitAndLockFrames/locked_branch
2026/09/16 21:54:45 INFO discarding dagql cache without persistence hasSQLDB=false hasPersistDB=false
--- PASS: TestGitFixedCommitAndLockFrames (0.01s)
    --- PASS: TestGitFixedCommitAndLockFrames/commit (0.00s)
    --- PASS: TestGitFixedCommitAndLockFrames/ref (0.00s)
    --- PASS: TestGitFixedCommitAndLockFrames/locked_branch (0.00s)
=== RUN   TestHTTPResolvedCall
    http_lazy_test.go:51: HTTP selection http-first: retained rows before=0 after=2 delta=2
    http_lazy_test.go:51: HTTP selection http-pending: retained rows before=2 after=2 delta=0
2026/09/16 21:54:46 INFO start lazy evaluation field=Query.__httpFile
2026/09/16 21:54:46 INFO end lazy evaluation field=Query.__httpFile duration=31.869741ms
    http_lazy_test.go:51: HTTP selection http-completed: retained rows before=2 after=2 delta=0
    http_lazy_test.go:51: HTTP selection http-miss-first-use: retained rows before=2 after=3 delta=1
2026/09/16 21:54:46 INFO start lazy evaluation field=Query.__httpFile
2026/09/16 21:54:46 INFO end lazy evaluation field=Query.__httpFile duration=26.255575ms
    http_lazy_test.go:97: HTTP requests: miss outer=1 operation=0; pending hit outer=1 operation=0; completed hit outer=1 operation=0
2026/09/16 21:54:46 INFO discarding dagql cache without persistence hasSQLDB=false hasPersistDB=false
--- PASS: TestHTTPResolvedCall (0.20s)
=== RUN   TestHTTPPendingInternalHits
=== RUN   TestHTTPPendingInternalHits/absent
2026/09/16 21:54:46 INFO start lazy evaluation field=Query.__httpFile
2026/09/16 21:54:46 INFO end lazy evaluation field=Query.__httpFile duration=23.085698ms
    http_lazy_test.go:170: HTTP pending hit absent: outer=0 operation=1; completed usable hit operation=0 when evaluation succeeds
2026/09/16 21:54:46 INFO discarding dagql cache without persistence hasSQLDB=false hasPersistDB=false
=== RUN   TestHTTPPendingInternalHits/advanced
2026/09/16 21:54:46 INFO start lazy evaluation field=Query.__httpFile
2026/09/16 21:54:46 INFO end lazy evaluation field=Query.__httpFile duration=13.806667ms
    http_lazy_test.go:170: HTTP pending hit advanced: outer=1 operation=1; completed usable hit operation=0 when evaluation succeeds
2026/09/16 21:54:46 INFO discarding dagql cache without persistence hasSQLDB=false hasPersistDB=false
=== RUN   TestHTTPPendingInternalHits/changed-body
2026/09/16 21:54:46 INFO start lazy evaluation field=Query.__httpFile
2026/09/16 21:54:46 INFO end lazy evaluation field=Query.__httpFile duration=12.886048ms err="HTTP File operation body mismatch: recorded sha256:d81c55f49c5bb0d36bc11e3966ec4efab66f8dfefbbc1761161ca9d230e5466a, fetched sha256:d21f85ea38166303ce58e06134b5cc4a5c900c409ab2a500ff7c9225109a09bb"
    http_lazy_test.go:170: HTTP pending hit changed-body: outer=1 operation=1; completed usable hit operation=0 when evaluation succeeds
2026/09/16 21:54:46 INFO discarding dagql cache without persistence hasSQLDB=false hasPersistDB=false
--- PASS: TestHTTPPendingInternalHits (0.23s)
    --- PASS: TestHTTPPendingInternalHits/absent (0.06s)
    --- PASS: TestHTTPPendingInternalHits/advanced (0.11s)
    --- PASS: TestHTTPPendingInternalHits/changed-body (0.06s)
=== RUN   TestLazyStoredResultsWithoutBacking
    lazy_stored_results_test.go:110: stored contents/search/stdout hits returned saved values with no backing; absent calls demanded missing parts and failed
2026/09/16 21:54:46 INFO discarding dagql cache without persistence hasSQLDB=false hasPersistDB=false
2026/09/16 21:54:46 INFO discarding dagql cache without persistence hasSQLDB=false hasPersistDB=false
--- PASS: TestLazyStoredResultsWithoutBacking (0.15s)
=== RUN   TestSchemaFileLazy
2026/09/16 21:54:46 INFO starting dagql cache close hasSQLDB=true hasPersistDB=true
2026/09/16 21:54:46 INFO marking dagql cache clean shutdown
2026/09/16 21:54:46 WARN successfully marked clean shutdown in persistence metadata
2026/09/16 21:54:46 INFO completed dagql cache close successfully
2026/09/16 21:54:46 INFO start lazy evaluation field=File.blob
2026/09/16 21:54:46 INFO end lazy evaluation field=File.blob duration=30.620081ms
    query_lazy_test.go:75: schema bytes=8120 pending payload bytes=10961 scratch calls before first use=0 after first use=1
2026/09/16 21:54:46 INFO discarding dagql cache without persistence hasSQLDB=true hasPersistDB=true
--- PASS: TestSchemaFileLazy (0.14s)
=== CONT  TestCloneContainerForSchemaChildDisablesFromContentDigest
=== CONT  TestWithImageConfigMetadataRejectsInvalidHealthcheckJSON
--- PASS: TestWithImageConfigMetadataRejectsInvalidHealthcheckJSON (0.00s)
=== CONT  TestWithImageConfigMetadataMutatesContainerConfig
2026/09/16 21:54:46 INFO discarding dagql cache without persistence hasSQLDB=false hasPersistDB=false
--- PASS: TestWithImageConfigMetadataMutatesContainerConfig (0.00s)
--- PASS: TestCloneContainerForSchemaChildDisablesFromContentDigest (0.00s)
PASS
ok  	github.com/dagger/dagger/core/schema	5.211s
