=== RUN   TestPartAcquisitionRootRoutes
=== RUN   TestPartAcquisitionRootRoutes/ready
    part_acquisition_test.go:190: route=ready latency=9.86481ms pins=1 owner-sync-attempts=1 private-bodies=0
2026/09/16 21:52:00 INFO discarding dagql cache without persistence hasSQLDB=true hasPersistDB=true
2026/09/16 21:52:00 INFO discarding dagql cache without persistence hasSQLDB=true hasPersistDB=true
=== RUN   TestPartAcquisitionRootRoutes/chain
2026/09/16 21:52:00 INFO start lazy evaluation field=File.blob
2026/09/16 21:52:00 INFO end lazy evaluation field=File.blob duration=22.558687ms
    part_acquisition_test.go:190: route=chain latency=46.732063ms pins=1 owner-sync-attempts=1 private-bodies=0
2026/09/16 21:52:00 INFO discarding dagql cache without persistence hasSQLDB=true hasPersistDB=true
2026/09/16 21:52:00 INFO discarding dagql cache without persistence hasSQLDB=true hasPersistDB=true
=== RUN   TestPartAcquisitionRootRoutes/chain-sync-retry
2026/09/16 21:52:00 INFO start lazy evaluation field=File.blob
2026/09/16 21:52:00 INFO end lazy evaluation field=File.blob duration=28.408521ms
    part_acquisition_test.go:190: route=chain-sync-retry latency=55.566864ms pins=1 owner-sync-attempts=2 private-bodies=0
2026/09/16 21:52:00 INFO discarding dagql cache without persistence hasSQLDB=true hasPersistDB=true
2026/09/16 21:52:00 INFO discarding dagql cache without persistence hasSQLDB=true hasPersistDB=true
=== RUN   TestPartAcquisitionRootRoutes/chain-sync-restart
2026/09/16 21:52:00 INFO start lazy evaluation field=File.blob
2026/09/16 21:52:00 INFO end lazy evaluation field=File.blob duration=27.953782ms
2026/09/16 21:52:00 INFO starting dagql cache close hasSQLDB=true hasPersistDB=true
2026/09/16 21:52:00 INFO marking dagql cache clean shutdown
2026/09/16 21:52:00 WARN successfully marked clean shutdown in persistence metadata
2026/09/16 21:52:00 INFO completed dagql cache close successfully
    part_acquisition_test.go:190: route=chain-sync-restart latency=67.303812ms pins=0 owner-sync-attempts=1 private-bodies=0
2026/09/16 21:52:00 INFO discarding dagql cache without persistence hasSQLDB=true hasPersistDB=true
2026/09/16 21:52:00 INFO discarding dagql cache without persistence hasSQLDB=true hasPersistDB=true
=== RUN   TestPartAcquisitionRootRoutes/chain-pin-release-retry
2026/09/16 21:52:00 INFO start lazy evaluation field=File.blob
2026/09/16 21:52:00 INFO end lazy evaluation field=File.blob duration=28.210531ms
    part_acquisition_test.go:190: route=chain-pin-release-retry latency=56.468443ms pins=1 owner-sync-attempts=1 private-bodies=0
2026/09/16 21:52:00 INFO discarding dagql cache without persistence hasSQLDB=true hasPersistDB=true
2026/09/16 21:52:00 INFO discarding dagql cache without persistence hasSQLDB=true hasPersistDB=true
=== RUN   TestPartAcquisitionRootRoutes/chain-fallback
2026/09/16 21:52:01 INFO start lazy evaluation field=File.blob
2026/09/16 21:52:01 INFO end lazy evaluation field=File.blob duration=26.616133ms
2026/09/16 21:52:01 INFO start lazy evaluation field=File.blob
2026/09/16 21:52:01 INFO end lazy evaluation field=File.blob duration=20.670029ms
    part_acquisition_test.go:190: route=chain-fallback latency=50.706179ms pins=1 owner-sync-attempts=1 private-bodies=1
2026/09/16 21:52:01 INFO discarding dagql cache without persistence hasSQLDB=true hasPersistDB=true
2026/09/16 21:52:01 INFO discarding dagql cache without persistence hasSQLDB=true hasPersistDB=true
=== RUN   TestPartAcquisitionRootRoutes/chain-fallback-operation-failure
2026/09/16 21:52:01 INFO start lazy evaluation field=File.blob
2026/09/16 21:52:01 INFO end lazy evaluation field=File.blob duration=35.118714ms
2026/09/16 21:52:01 INFO start lazy evaluation field=File.blob
2026/09/16 21:52:01 INFO end lazy evaluation field=File.blob duration=11.146459ms err="create blob snapshot: private operation failed"
2026/09/16 21:52:01 INFO discarding dagql cache without persistence hasSQLDB=true hasPersistDB=true
2026/09/16 21:52:01 INFO discarding dagql cache without persistence hasSQLDB=true hasPersistDB=true
=== RUN   TestPartAcquisitionRootRoutes/operation
2026/09/16 21:52:01 INFO start lazy evaluation field=File.blob
2026/09/16 21:52:01 INFO end lazy evaluation field=File.blob duration=24.778735ms
    part_acquisition_test.go:190: route=operation latency=35.743984ms pins=1 owner-sync-attempts=1 private-bodies=1
2026/09/16 21:52:01 INFO discarding dagql cache without persistence hasSQLDB=true hasPersistDB=true
2026/09/16 21:52:01 INFO discarding dagql cache without persistence hasSQLDB=true hasPersistDB=true
--- PASS: TestPartAcquisitionRootRoutes (1.15s)
    --- PASS: TestPartAcquisitionRootRoutes/ready (0.11s)
    --- PASS: TestPartAcquisitionRootRoutes/chain (0.15s)
    --- PASS: TestPartAcquisitionRootRoutes/chain-sync-retry (0.17s)
    --- PASS: TestPartAcquisitionRootRoutes/chain-sync-restart (0.19s)
    --- PASS: TestPartAcquisitionRootRoutes/chain-pin-release-retry (0.18s)
    --- PASS: TestPartAcquisitionRootRoutes/chain-fallback (0.16s)
    --- PASS: TestPartAcquisitionRootRoutes/chain-fallback-operation-failure (0.12s)
    --- PASS: TestPartAcquisitionRootRoutes/operation (0.07s)
=== RUN   TestPartScopeRootRekeyCost
=== RUN   TestPartScopeRootRekeyCost/1
2026/09/16 21:52:01 INFO starting dagql cache close hasSQLDB=true hasPersistDB=true
2026/09/16 21:52:01 INFO marking dagql cache clean shutdown
2026/09/16 21:52:01 WARN successfully marked clean shutdown in persistence metadata
2026/09/16 21:52:01 INFO completed dagql cache close successfully
    part_scope_boot_test.go:133: root_rekey roots=1 attaches=1 stale_scans=1 stale_removes=1 peak_owner_leases=2 elapsed=6.206944ms
2026/09/16 21:52:01 INFO discarding dagql cache without persistence hasSQLDB=true hasPersistDB=true
=== RUN   TestPartScopeRootRekeyCost/32
2026/09/16 21:52:01 INFO starting dagql cache close hasSQLDB=true hasPersistDB=true
2026/09/16 21:52:01 INFO marking dagql cache clean shutdown
2026/09/16 21:52:01 WARN successfully marked clean shutdown in persistence metadata
2026/09/16 21:52:01 INFO completed dagql cache close successfully
    part_scope_boot_test.go:133: root_rekey roots=32 attaches=32 stale_scans=1 stale_removes=32 peak_owner_leases=64 elapsed=136.819432ms
2026/09/16 21:52:01 INFO discarding dagql cache without persistence hasSQLDB=true hasPersistDB=true
--- PASS: TestPartScopeRootRekeyCost (0.60s)
    --- PASS: TestPartScopeRootRekeyCost/1 (0.05s)
    --- PASS: TestPartScopeRootRekeyCost/32 (0.55s)
PASS
ok  	github.com/dagger/dagger/core	1.857s
