=== RUN   TestScratchDirectoryLazyOperation
    directory_scratch_test.go:176: scratch recipe-json-bytes=2 native-payload-added-bytes=35 construction-scratch-calls=0
2026/09/16 21:53:38 INFO start lazy evaluation field=Query.directory
2026/09/16 21:53:38 INFO end lazy evaluation field=Query.directory duration=29.161251ms
2026/09/16 21:53:38 INFO start lazy evaluation field=Query.directory
2026/09/16 21:53:38 INFO end lazy evaluation field=Query.directory duration=44.59µs err="operation receiver: Directory snapshot already installed"
2026/09/16 21:53:38 INFO start lazy evaluation field=Query.directory
2026/09/16 21:53:38 INFO end lazy evaluation field=Query.directory duration=2.447507ms
2026/09/16 21:53:38 INFO start lazy evaluation field=Query.directory
2026/09/16 21:53:38 INFO end lazy evaluation field=Query.directory duration=2.567938ms
2026/09/16 21:53:38 INFO start lazy evaluation field=Query.directory
2026/09/16 21:53:38 INFO end lazy evaluation field=Query.directory duration=2.526987ms err="context canceled"
2026/09/16 21:53:38 INFO discarding dagql cache without persistence hasSQLDB=false hasPersistDB=false
--- PASS: TestScratchDirectoryLazyOperation (0.09s)
=== RUN   TestScratchDirectoryAcquisition
=== RUN   TestScratchDirectoryAcquisition/cold
2026/09/16 21:53:38 INFO start lazy evaluation field=Query.directory
2026/09/16 21:53:38 INFO end lazy evaluation field=Query.directory duration=30.499139ms
    directory_scratch_test.go:339: scratch mode=cold acquisition=56.289723ms scratch-calls=1 provider-reads=0
2026/09/16 21:53:38 INFO discarding dagql cache without persistence hasSQLDB=false hasPersistDB=false
2026/09/16 21:53:38 INFO dagql pruned result resultID=1 call=Query.directory digest=xxh3:66b3e3c82e7ec924 args=[] description="dagql cache result 1" measuredSizeBytes=4096 reclaimedBytes=4096
2026/09/16 21:53:38 INFO discarding dagql cache without persistence hasSQLDB=true hasPersistDB=true
=== RUN   TestScratchDirectoryAcquisition/canonical-only
2026/09/16 21:53:38 INFO start lazy evaluation field=Query.directory
2026/09/16 21:53:38 INFO end lazy evaluation field=Query.directory duration=3.496306ms
    directory_scratch_test.go:339: scratch mode=canonical-only acquisition=25.254364ms scratch-calls=1 provider-reads=0
2026/09/16 21:53:39 INFO discarding dagql cache without persistence hasSQLDB=false hasPersistDB=false
2026/09/16 21:53:39 INFO dagql pruned result resultID=1 call=Query.directory digest=xxh3:66b3e3c82e7ec924 args=[] description="dagql cache result 1" measuredSizeBytes=4096 reclaimedBytes=4096
2026/09/16 21:53:39 INFO discarding dagql cache without persistence hasSQLDB=true hasPersistDB=true
=== RUN   TestScratchDirectoryAcquisition/warm
2026/09/16 21:53:39 INFO start lazy evaluation field=Query.directory
2026/09/16 21:53:39 INFO end lazy evaluation field=Query.directory duration=22.964256ms
    directory_scratch_test.go:339: scratch mode=warm acquisition=26.040303ms scratch-calls=0 provider-reads=0
2026/09/16 21:53:39 INFO discarding dagql cache without persistence hasSQLDB=false hasPersistDB=false
2026/09/16 21:53:39 INFO dagql pruned result resultID=2 call=Query.directory digest=xxh3:66b3e3c82e7ec924 args=[] description="dagql cache result 2" measuredSizeBytes=4096 reclaimedBytes=4096
2026/09/16 21:53:39 INFO discarding dagql cache without persistence hasSQLDB=true hasPersistDB=true
=== RUN   TestScratchDirectoryAcquisition/pending-restart
2026/09/16 21:53:39 INFO starting dagql cache close hasSQLDB=true hasPersistDB=true
2026/09/16 21:53:39 INFO marking dagql cache clean shutdown
2026/09/16 21:53:39 WARN successfully marked clean shutdown in persistence metadata
2026/09/16 21:53:39 INFO completed dagql cache close successfully
2026/09/16 21:53:39 INFO start lazy evaluation field=Query.directory
2026/09/16 21:53:39 INFO end lazy evaluation field=Query.directory duration=27.391072ms
    directory_scratch_test.go:339: scratch mode=pending-restart acquisition=44.885204ms scratch-calls=1 provider-reads=0
2026/09/16 21:53:39 INFO discarding dagql cache without persistence hasSQLDB=false hasPersistDB=false
2026/09/16 21:53:39 INFO starting dagql cache close hasSQLDB=true hasPersistDB=true
2026/09/16 21:53:39 INFO marking dagql cache clean shutdown
2026/09/16 21:53:39 WARN successfully marked clean shutdown in persistence metadata
2026/09/16 21:53:39 INFO completed dagql cache close successfully
2026/09/16 21:53:39 INFO dagql pruned result resultID=1 call=Query.directory digest=xxh3:66b3e3c82e7ec924 args=[] description="dagql cache result 1" measuredSizeBytes=4096 reclaimedBytes=4096
2026/09/16 21:53:39 INFO discarding dagql cache without persistence hasSQLDB=true hasPersistDB=true
=== RUN   TestScratchDirectoryAcquisition/manager-failure
2026/09/16 21:53:39 INFO start lazy evaluation field=Query.directory
2026/09/16 21:53:39 INFO end lazy evaluation field=Query.directory duration=119.79µs err="injected scratch acquisition failure"
2026/09/16 21:53:39 INFO start lazy evaluation field=Query.directory
2026/09/16 21:53:39 INFO end lazy evaluation field=Query.directory duration=30.023759ms
    directory_scratch_test.go:339: scratch mode=manager-failure acquisition=56.828352ms scratch-calls=2 provider-reads=0
2026/09/16 21:53:39 INFO discarding dagql cache without persistence hasSQLDB=false hasPersistDB=false
2026/09/16 21:53:39 INFO dagql pruned result resultID=1 call=Query.directory digest=xxh3:66b3e3c82e7ec924 args=[] description="dagql cache result 1" measuredSizeBytes=4096 reclaimedBytes=4096
2026/09/16 21:53:39 INFO discarding dagql cache without persistence hasSQLDB=true hasPersistDB=true
=== RUN   TestScratchDirectoryAcquisition/manager-canceled
2026/09/16 21:53:39 INFO start lazy evaluation field=Query.directory
2026/09/16 21:53:39 INFO end lazy evaluation field=Query.directory duration=129.659µs err="context canceled"
2026/09/16 21:53:39 INFO start lazy evaluation field=Query.directory
2026/09/16 21:53:39 INFO end lazy evaluation field=Query.directory duration=31.001849ms
    directory_scratch_test.go:339: scratch mode=manager-canceled acquisition=57.410891ms scratch-calls=2 provider-reads=0
2026/09/16 21:53:39 INFO discarding dagql cache without persistence hasSQLDB=false hasPersistDB=false
2026/09/16 21:53:39 INFO dagql pruned result resultID=1 call=Query.directory digest=xxh3:66b3e3c82e7ec924 args=[] description="dagql cache result 1" measuredSizeBytes=4096 reclaimedBytes=4096
2026/09/16 21:53:39 INFO discarding dagql cache without persistence hasSQLDB=true hasPersistDB=true
=== RUN   TestScratchDirectoryAcquisition/prepare-failure
2026/09/16 21:53:39 INFO start lazy evaluation field=Query.directory
2026/09/16 21:53:39 INFO end lazy evaluation field=Query.directory duration=29.57768ms
2026/09/16 21:53:39 INFO start lazy evaluation field=Query.directory
2026/09/16 21:53:39 INFO end lazy evaluation field=Query.directory duration=3.657786ms
    directory_scratch_test.go:339: scratch mode=prepare-failure acquisition=59.33127ms scratch-calls=2 provider-reads=0
2026/09/16 21:53:39 INFO discarding dagql cache without persistence hasSQLDB=false hasPersistDB=false
2026/09/16 21:53:39 INFO dagql pruned result resultID=1 call=Query.directory digest=xxh3:66b3e3c82e7ec924 args=[] description="dagql cache result 1" measuredSizeBytes=4096 reclaimedBytes=4096
2026/09/16 21:53:39 INFO discarding dagql cache without persistence hasSQLDB=true hasPersistDB=true
=== RUN   TestScratchDirectoryAcquisition/sync-retry
2026/09/16 21:53:40 INFO start lazy evaluation field=Query.directory
2026/09/16 21:53:40 INFO end lazy evaluation field=Query.directory duration=31.242428ms
    directory_scratch_test.go:339: scratch mode=sync-retry acquisition=62.150666ms scratch-calls=1 provider-reads=0
2026/09/16 21:53:40 INFO discarding dagql cache without persistence hasSQLDB=false hasPersistDB=false
2026/09/16 21:53:40 INFO dagql pruned result resultID=1 call=Query.directory digest=xxh3:66b3e3c82e7ec924 args=[] description="dagql cache result 1" measuredSizeBytes=4096 reclaimedBytes=4096
2026/09/16 21:53:40 INFO discarding dagql cache without persistence hasSQLDB=true hasPersistDB=true
--- PASS: TestScratchDirectoryAcquisition (1.44s)
    --- PASS: TestScratchDirectoryAcquisition/cold (0.19s)
    --- PASS: TestScratchDirectoryAcquisition/canonical-only (0.19s)
    --- PASS: TestScratchDirectoryAcquisition/warm (0.16s)
    --- PASS: TestScratchDirectoryAcquisition/pending-restart (0.19s)
    --- PASS: TestScratchDirectoryAcquisition/manager-failure (0.16s)
    --- PASS: TestScratchDirectoryAcquisition/manager-canceled (0.18s)
    --- PASS: TestScratchDirectoryAcquisition/prepare-failure (0.17s)
    --- PASS: TestScratchDirectoryAcquisition/sync-retry (0.19s)
=== RUN   TestScratchDirectoryNativeReopen
=== RUN   TestScratchDirectoryNativeReopen/pending
2026/09/16 21:53:40 INFO starting dagql cache close hasSQLDB=true hasPersistDB=true
2026/09/16 21:53:40 INFO marking dagql cache clean shutdown
2026/09/16 21:53:40 WARN successfully marked clean shutdown in persistence metadata
2026/09/16 21:53:40 INFO completed dagql cache close successfully
2026/09/16 21:53:40 INFO start lazy evaluation field=Query.directory
2026/09/16 21:53:40 INFO end lazy evaluation field=Query.directory duration=23.736936ms
2026/09/16 21:53:40 INFO starting dagql cache close hasSQLDB=true hasPersistDB=true
2026/09/16 21:53:40 INFO marking dagql cache clean shutdown
2026/09/16 21:53:40 WARN successfully marked clean shutdown in persistence metadata
2026/09/16 21:53:40 INFO completed dagql cache close successfully
2026/09/16 21:53:40 INFO start lazy evaluation field=Directory.restore
2026/09/16 21:53:40 INFO end lazy evaluation field=Directory.restore duration=242.53µs
2026/09/16 21:53:40 INFO discarding dagql cache without persistence hasSQLDB=true hasPersistDB=true
=== RUN   TestScratchDirectoryNativeReopen/evaluated
2026/09/16 21:53:40 INFO start lazy evaluation field=Query.directory
2026/09/16 21:53:40 INFO end lazy evaluation field=Query.directory duration=21.937067ms
2026/09/16 21:53:40 INFO starting dagql cache close hasSQLDB=true hasPersistDB=true
2026/09/16 21:53:40 INFO marking dagql cache clean shutdown
2026/09/16 21:53:40 WARN successfully marked clean shutdown in persistence metadata
2026/09/16 21:53:40 INFO completed dagql cache close successfully
2026/09/16 21:53:40 INFO start lazy evaluation field=Directory.restore
2026/09/16 21:53:40 INFO end lazy evaluation field=Directory.restore duration=254.55µs
2026/09/16 21:53:40 INFO starting dagql cache close hasSQLDB=true hasPersistDB=true
2026/09/16 21:53:40 INFO marking dagql cache clean shutdown
2026/09/16 21:53:40 WARN successfully marked clean shutdown in persistence metadata
2026/09/16 21:53:40 INFO completed dagql cache close successfully
2026/09/16 21:53:40 INFO start lazy evaluation field=Directory.restore
2026/09/16 21:53:40 INFO end lazy evaluation field=Directory.restore duration=252.849µs
2026/09/16 21:53:40 INFO discarding dagql cache without persistence hasSQLDB=true hasPersistDB=true
--- PASS: TestScratchDirectoryNativeReopen (0.22s)
    --- PASS: TestScratchDirectoryNativeReopen/pending (0.12s)
    --- PASS: TestScratchDirectoryNativeReopen/evaluated (0.10s)
PASS
ok  	github.com/dagger/dagger/core/schema	3.178s
