=== RUN   TestScratchDirectoryLazyOperation
    directory_scratch_test.go:176: scratch recipe-json-bytes=2 native-payload-added-bytes=35 construction-scratch-calls=0
2026/09/16 21:53:45 INFO start lazy evaluation field=Query.directory
2026/09/16 21:53:45 INFO end lazy evaluation field=Query.directory duration=18.528971ms
2026/09/16 21:53:45 INFO start lazy evaluation field=Query.directory
2026/09/16 21:53:45 INFO end lazy evaluation field=Query.directory duration=219.71µs err="operation receiver: Directory snapshot already installed"
2026/09/16 21:53:45 INFO start lazy evaluation field=Query.directory
2026/09/16 21:53:45 INFO end lazy evaluation field=Query.directory duration=2.857717ms
2026/09/16 21:53:45 INFO start lazy evaluation field=Query.directory
2026/09/16 21:53:45 INFO end lazy evaluation field=Query.directory duration=3.035927ms
2026/09/16 21:53:45 INFO start lazy evaluation field=Query.directory
2026/09/16 21:53:45 INFO end lazy evaluation field=Query.directory duration=2.785057ms err="context canceled"
2026/09/16 21:53:45 INFO discarding dagql cache without persistence hasSQLDB=false hasPersistDB=false
--- PASS: TestScratchDirectoryLazyOperation (0.06s)
=== RUN   TestScratchDirectoryAcquisition
=== RUN   TestScratchDirectoryAcquisition/cold
2026/09/16 21:53:45 INFO start lazy evaluation field=Query.directory
2026/09/16 21:53:45 INFO end lazy evaluation field=Query.directory duration=26.396153ms
    directory_scratch_test.go:339: scratch mode=cold acquisition=35.813613ms scratch-calls=1 provider-reads=0
2026/09/16 21:53:46 INFO discarding dagql cache without persistence hasSQLDB=false hasPersistDB=false
2026/09/16 21:53:46 INFO dagql pruned result resultID=1 call=Query.directory digest=xxh3:66b3e3c82e7ec924 args=[] description="dagql cache result 1" measuredSizeBytes=4096 reclaimedBytes=4096
2026/09/16 21:53:46 INFO discarding dagql cache without persistence hasSQLDB=true hasPersistDB=true
=== RUN   TestScratchDirectoryAcquisition/canonical-only
2026/09/16 21:53:46 INFO start lazy evaluation field=Query.directory
2026/09/16 21:53:46 INFO end lazy evaluation field=Query.directory duration=1.929268ms
    directory_scratch_test.go:339: scratch mode=canonical-only acquisition=10.200909ms scratch-calls=1 provider-reads=0
2026/09/16 21:53:46 INFO discarding dagql cache without persistence hasSQLDB=false hasPersistDB=false
2026/09/16 21:53:46 INFO dagql pruned result resultID=1 call=Query.directory digest=xxh3:66b3e3c82e7ec924 args=[] description="dagql cache result 1" measuredSizeBytes=4096 reclaimedBytes=4096
2026/09/16 21:53:46 INFO discarding dagql cache without persistence hasSQLDB=true hasPersistDB=true
=== RUN   TestScratchDirectoryAcquisition/warm
2026/09/16 21:53:46 INFO start lazy evaluation field=Query.directory
2026/09/16 21:53:46 INFO end lazy evaluation field=Query.directory duration=18.768231ms
    directory_scratch_test.go:339: scratch mode=warm acquisition=22.540567ms scratch-calls=0 provider-reads=0
2026/09/16 21:53:46 INFO discarding dagql cache without persistence hasSQLDB=false hasPersistDB=false
2026/09/16 21:53:46 INFO dagql pruned result resultID=2 call=Query.directory digest=xxh3:66b3e3c82e7ec924 args=[] description="dagql cache result 2" measuredSizeBytes=4096 reclaimedBytes=4096
2026/09/16 21:53:46 INFO discarding dagql cache without persistence hasSQLDB=true hasPersistDB=true
=== RUN   TestScratchDirectoryAcquisition/pending-restart
2026/09/16 21:53:46 INFO starting dagql cache close hasSQLDB=true hasPersistDB=true
2026/09/16 21:53:46 INFO marking dagql cache clean shutdown
2026/09/16 21:53:46 WARN successfully marked clean shutdown in persistence metadata
2026/09/16 21:53:46 INFO completed dagql cache close successfully
2026/09/16 21:53:46 INFO start lazy evaluation field=Query.directory
2026/09/16 21:53:46 INFO end lazy evaluation field=Query.directory duration=18.485641ms
    directory_scratch_test.go:339: scratch mode=pending-restart acquisition=27.542242ms scratch-calls=1 provider-reads=0
2026/09/16 21:53:46 INFO discarding dagql cache without persistence hasSQLDB=false hasPersistDB=false
2026/09/16 21:53:46 INFO starting dagql cache close hasSQLDB=true hasPersistDB=true
2026/09/16 21:53:46 INFO marking dagql cache clean shutdown
2026/09/16 21:53:46 WARN successfully marked clean shutdown in persistence metadata
2026/09/16 21:53:46 INFO completed dagql cache close successfully
2026/09/16 21:53:46 INFO dagql pruned result resultID=1 call=Query.directory digest=xxh3:66b3e3c82e7ec924 args=[] description="dagql cache result 1" measuredSizeBytes=4096 reclaimedBytes=4096
2026/09/16 21:53:46 INFO discarding dagql cache without persistence hasSQLDB=true hasPersistDB=true
=== RUN   TestScratchDirectoryAcquisition/manager-failure
2026/09/16 21:53:46 INFO start lazy evaluation field=Query.directory
2026/09/16 21:53:46 INFO end lazy evaluation field=Query.directory duration=29.94µs err="injected scratch acquisition failure"
2026/09/16 21:53:46 INFO start lazy evaluation field=Query.directory
2026/09/16 21:53:46 INFO end lazy evaluation field=Query.directory duration=21.097498ms
    directory_scratch_test.go:339: scratch mode=manager-failure acquisition=30.105839ms scratch-calls=2 provider-reads=0
2026/09/16 21:53:46 INFO discarding dagql cache without persistence hasSQLDB=false hasPersistDB=false
2026/09/16 21:53:46 INFO dagql pruned result resultID=1 call=Query.directory digest=xxh3:66b3e3c82e7ec924 args=[] description="dagql cache result 1" measuredSizeBytes=4096 reclaimedBytes=4096
2026/09/16 21:53:46 INFO discarding dagql cache without persistence hasSQLDB=true hasPersistDB=true
=== RUN   TestScratchDirectoryAcquisition/manager-canceled
2026/09/16 21:53:46 INFO start lazy evaluation field=Query.directory
2026/09/16 21:53:46 INFO end lazy evaluation field=Query.directory duration=39.91µs err="context canceled"
2026/09/16 21:53:46 INFO start lazy evaluation field=Query.directory
2026/09/16 21:53:46 INFO end lazy evaluation field=Query.directory duration=20.543649ms
    directory_scratch_test.go:339: scratch mode=manager-canceled acquisition=44.070185ms scratch-calls=2 provider-reads=0
2026/09/16 21:53:46 INFO discarding dagql cache without persistence hasSQLDB=false hasPersistDB=false
2026/09/16 21:53:46 INFO dagql pruned result resultID=1 call=Query.directory digest=xxh3:66b3e3c82e7ec924 args=[] description="dagql cache result 1" measuredSizeBytes=4096 reclaimedBytes=4096
2026/09/16 21:53:46 INFO discarding dagql cache without persistence hasSQLDB=true hasPersistDB=true
=== RUN   TestScratchDirectoryAcquisition/prepare-failure
2026/09/16 21:53:46 INFO start lazy evaluation field=Query.directory
2026/09/16 21:53:46 INFO end lazy evaluation field=Query.directory duration=20.05378ms
2026/09/16 21:53:46 INFO start lazy evaluation field=Query.directory
2026/09/16 21:53:46 INFO end lazy evaluation field=Query.directory duration=1.532648ms
    directory_scratch_test.go:339: scratch mode=prepare-failure acquisition=34.167795ms scratch-calls=2 provider-reads=0
2026/09/16 21:53:46 INFO discarding dagql cache without persistence hasSQLDB=false hasPersistDB=false
2026/09/16 21:53:46 INFO dagql pruned result resultID=1 call=Query.directory digest=xxh3:66b3e3c82e7ec924 args=[] description="dagql cache result 1" measuredSizeBytes=4096 reclaimedBytes=4096
2026/09/16 21:53:46 INFO discarding dagql cache without persistence hasSQLDB=true hasPersistDB=true
=== RUN   TestScratchDirectoryAcquisition/sync-retry
2026/09/16 21:53:46 INFO start lazy evaluation field=Query.directory
2026/09/16 21:53:46 INFO end lazy evaluation field=Query.directory duration=21.533489ms
    directory_scratch_test.go:339: scratch mode=sync-retry acquisition=40.464889ms scratch-calls=1 provider-reads=0
2026/09/16 21:53:46 INFO discarding dagql cache without persistence hasSQLDB=false hasPersistDB=false
2026/09/16 21:53:46 INFO dagql pruned result resultID=1 call=Query.directory digest=xxh3:66b3e3c82e7ec924 args=[] description="dagql cache result 1" measuredSizeBytes=4096 reclaimedBytes=4096
2026/09/16 21:53:46 INFO discarding dagql cache without persistence hasSQLDB=true hasPersistDB=true
--- PASS: TestScratchDirectoryAcquisition (0.65s)
    --- PASS: TestScratchDirectoryAcquisition/cold (0.08s)
    --- PASS: TestScratchDirectoryAcquisition/canonical-only (0.07s)
    --- PASS: TestScratchDirectoryAcquisition/warm (0.08s)
    --- PASS: TestScratchDirectoryAcquisition/pending-restart (0.08s)
    --- PASS: TestScratchDirectoryAcquisition/manager-failure (0.07s)
    --- PASS: TestScratchDirectoryAcquisition/manager-canceled (0.11s)
    --- PASS: TestScratchDirectoryAcquisition/prepare-failure (0.07s)
    --- PASS: TestScratchDirectoryAcquisition/sync-retry (0.07s)
=== RUN   TestScratchDirectoryNativeReopen
=== RUN   TestScratchDirectoryNativeReopen/pending
2026/09/16 21:53:46 INFO starting dagql cache close hasSQLDB=true hasPersistDB=true
2026/09/16 21:53:46 INFO marking dagql cache clean shutdown
2026/09/16 21:53:46 WARN successfully marked clean shutdown in persistence metadata
2026/09/16 21:53:46 INFO completed dagql cache close successfully
2026/09/16 21:53:46 INFO start lazy evaluation field=Query.directory
2026/09/16 21:53:46 INFO end lazy evaluation field=Query.directory duration=18.726452ms
2026/09/16 21:53:46 INFO starting dagql cache close hasSQLDB=true hasPersistDB=true
2026/09/16 21:53:46 INFO marking dagql cache clean shutdown
2026/09/16 21:53:46 WARN successfully marked clean shutdown in persistence metadata
2026/09/16 21:53:46 INFO completed dagql cache close successfully
2026/09/16 21:53:46 INFO start lazy evaluation field=Directory.restore
2026/09/16 21:53:46 INFO end lazy evaluation field=Directory.restore duration=92.76µs
2026/09/16 21:53:46 INFO discarding dagql cache without persistence hasSQLDB=true hasPersistDB=true
=== RUN   TestScratchDirectoryNativeReopen/evaluated
2026/09/16 21:53:46 INFO start lazy evaluation field=Query.directory
2026/09/16 21:53:46 INFO end lazy evaluation field=Query.directory duration=19.58553ms
2026/09/16 21:53:46 INFO starting dagql cache close hasSQLDB=true hasPersistDB=true
2026/09/16 21:53:46 INFO marking dagql cache clean shutdown
2026/09/16 21:53:46 WARN successfully marked clean shutdown in persistence metadata
2026/09/16 21:53:46 INFO completed dagql cache close successfully
2026/09/16 21:53:46 INFO start lazy evaluation field=Directory.restore
2026/09/16 21:53:46 INFO end lazy evaluation field=Directory.restore duration=46.94µs
2026/09/16 21:53:46 INFO starting dagql cache close hasSQLDB=true hasPersistDB=true
2026/09/16 21:53:46 INFO marking dagql cache clean shutdown
2026/09/16 21:53:46 WARN successfully marked clean shutdown in persistence metadata
2026/09/16 21:53:46 INFO completed dagql cache close successfully
2026/09/16 21:53:46 INFO start lazy evaluation field=Directory.restore
2026/09/16 21:53:46 INFO end lazy evaluation field=Directory.restore duration=96.86µs
2026/09/16 21:53:46 INFO discarding dagql cache without persistence hasSQLDB=true hasPersistDB=true
--- PASS: TestScratchDirectoryNativeReopen (0.08s)
    --- PASS: TestScratchDirectoryNativeReopen/pending (0.03s)
    --- PASS: TestScratchDirectoryNativeReopen/evaluated (0.04s)
PASS
ok  	github.com/dagger/dagger/core/schema	0.897s
