=== RUN   TestLazyOperationCodecs
=== RUN   TestLazyOperationCodecs/*core.DirectoryGitCleanedLazy
2026/09/16 21:53:32 INFO start lazy evaluation field="codec fixture"
2026/09/16 21:53:32 INFO end lazy evaluation field="codec fixture" duration=131.78µs
=== RUN   TestLazyOperationCodecs/*core.DirectoryGitBundleImportLazy
2026/09/16 21:53:32 INFO start lazy evaluation field="codec fixture"
2026/09/16 21:53:32 INFO end lazy evaluation field="codec fixture" duration=80.08µs
=== RUN   TestLazyOperationCodecs/*core.DirectoryGitTreeLazy
2026/09/16 21:53:32 INFO start lazy evaluation field="codec fixture"
2026/09/16 21:53:32 INFO end lazy evaluation field="codec fixture" duration=118.89µs
=== RUN   TestLazyOperationCodecs/*core.DirectoryGitCommitTreeLazy
2026/09/16 21:53:32 INFO start lazy evaluation field="codec fixture"
2026/09/16 21:53:32 INFO end lazy evaluation field="codec fixture" duration=36.28µs
=== RUN   TestLazyOperationCodecs/*core.DirectoryScratchLazy
2026/09/16 21:53:32 INFO start lazy evaluation field="codec fixture"
2026/09/16 21:53:32 INFO end lazy evaluation field="codec fixture" duration=33.24µs
=== RUN   TestLazyOperationCodecs/HTTP_scalars
2026/09/16 21:53:32 INFO start lazy evaluation field="codec fixture"
2026/09/16 21:53:32 INFO end lazy evaluation field="codec fixture" duration=30.77µs
2026/09/16 21:53:32 INFO start lazy evaluation field="codec fixture"
2026/09/16 21:53:32 INFO end lazy evaluation field="codec fixture" duration=25.68µs
2026/09/16 21:53:32 INFO start lazy evaluation field="codec fixture"
2026/09/16 21:53:32 INFO end lazy evaluation field="codec fixture" duration=26.13µs
=== RUN   TestLazyOperationCodecs/builtin_field_pairing
2026/09/16 21:53:32 INFO start lazy evaluation field="codec fixture"
2026/09/16 21:53:32 INFO end lazy evaluation field="codec fixture" duration=79.33µs
2026/09/16 21:53:32 INFO discarding dagql cache without persistence hasSQLDB=true hasPersistDB=true
2026/09/16 21:53:32 INFO discarding dagql cache without persistence hasSQLDB=true hasPersistDB=true
=== RUN   TestLazyOperationCodecs/exact_equivalent_input
=== RUN   TestLazyOperationCodecs/snapshot_without_operation
2026/09/16 21:53:32 INFO discarding dagql cache without persistence hasSQLDB=true hasPersistDB=true
--- PASS: TestLazyOperationCodecs (0.19s)
    --- PASS: TestLazyOperationCodecs/*core.DirectoryGitCleanedLazy (0.00s)
    --- PASS: TestLazyOperationCodecs/*core.DirectoryGitBundleImportLazy (0.00s)
    --- PASS: TestLazyOperationCodecs/*core.DirectoryGitTreeLazy (0.00s)
    --- PASS: TestLazyOperationCodecs/*core.DirectoryGitCommitTreeLazy (0.00s)
    --- PASS: TestLazyOperationCodecs/*core.DirectoryScratchLazy (0.00s)
    --- PASS: TestLazyOperationCodecs/HTTP_scalars (0.00s)
    --- PASS: TestLazyOperationCodecs/builtin_field_pairing (0.09s)
    --- PASS: TestLazyOperationCodecs/exact_equivalent_input (0.00s)
    --- PASS: TestLazyOperationCodecs/snapshot_without_operation (0.00s)
=== RUN   TestLazyOperationRelocation
2026/09/16 21:53:32 INFO start lazy evaluation field="codec fixture"
2026/09/16 21:53:32 INFO end lazy evaluation field="codec fixture" duration=54.02µs
2026/09/16 21:53:32 INFO start lazy evaluation field="codec fixture"
2026/09/16 21:53:32 INFO end lazy evaluation field="codec fixture" duration=30.98µs
2026/09/16 21:53:32 INFO start lazy evaluation field="codec fixture"
2026/09/16 21:53:32 INFO end lazy evaluation field="codec fixture" duration=27.85µs
2026/09/16 21:53:32 INFO start lazy evaluation field="codec fixture"
2026/09/16 21:53:32 INFO end lazy evaluation field="codec fixture" duration=25.51µs
2026/09/16 21:53:32 INFO start lazy evaluation field="codec fixture"
2026/09/16 21:53:32 INFO end lazy evaluation field="codec fixture" duration=27.51µs
2026/09/16 21:53:32 INFO start lazy evaluation field="codec fixture"
2026/09/16 21:53:32 INFO end lazy evaluation field="codec fixture" duration=27.31µs
2026/09/16 21:53:32 INFO discarding dagql cache without persistence hasSQLDB=true hasPersistDB=true
--- PASS: TestLazyOperationRelocation (0.05s)
=== RUN   TestLazyOperationSaveReopen
2026/09/16 21:53:32 INFO start lazy evaluation field="codec fixture"
2026/09/16 21:53:32 INFO end lazy evaluation field="codec fixture" duration=95.99µs
2026/09/16 21:53:32 INFO start lazy evaluation field="codec fixture"
2026/09/16 21:53:32 INFO end lazy evaluation field="codec fixture" duration=60.83µs
2026/09/16 21:53:32 INFO start lazy evaluation field="codec fixture"
2026/09/16 21:53:32 INFO end lazy evaluation field="codec fixture" duration=60.38µs
2026/09/16 21:53:32 INFO start lazy evaluation field="codec fixture"
2026/09/16 21:53:32 INFO end lazy evaluation field="codec fixture" duration=66.04µs
2026/09/16 21:53:32 INFO start lazy evaluation field="codec fixture"
2026/09/16 21:53:32 INFO end lazy evaluation field="codec fixture" duration=54.76µs
2026/09/16 21:53:32 INFO start lazy evaluation field="codec fixture"
2026/09/16 21:53:32 INFO end lazy evaluation field="codec fixture" duration=53.11µs
2026/09/16 21:53:32 INFO start lazy evaluation field="codec fixture"
2026/09/16 21:53:32 INFO end lazy evaluation field="codec fixture" duration=61.96µs
2026/09/16 21:53:32 INFO start lazy evaluation field="codec fixture"
2026/09/16 21:53:32 INFO end lazy evaluation field="codec fixture" duration=59.29µs
2026/09/16 21:53:32 INFO starting dagql cache close hasSQLDB=true hasPersistDB=true
2026/09/16 21:53:32 INFO marking dagql cache clean shutdown
2026/09/16 21:53:32 WARN successfully marked clean shutdown in persistence metadata
2026/09/16 21:53:32 INFO completed dagql cache close successfully
2026/09/16 21:53:32 INFO starting dagql cache close hasSQLDB=true hasPersistDB=true
2026/09/16 21:53:32 INFO marking dagql cache clean shutdown
2026/09/16 21:53:32 WARN successfully marked clean shutdown in persistence metadata
2026/09/16 21:53:32 INFO completed dagql cache close successfully
2026/09/16 21:53:32 WARN failed to determine cache usage size resultID=3 usageIdentity=bundle-snapshot err="context canceled"
2026/09/16 21:53:32 WARN failed to determine cache usage size resultID=7 usageIdentity=saved-0 err="context canceled"
2026/09/16 21:53:32 WARN failed to determine cache usage size resultID=8 usageIdentity=saved-1 err="context canceled"
2026/09/16 21:53:32 WARN failed to determine cache usage size resultID=9 usageIdentity=saved-2 err="context canceled"
2026/09/16 21:53:32 WARN failed to determine cache usage size resultID=10 usageIdentity=saved-3 err="context canceled"
2026/09/16 21:53:32 WARN failed to determine cache usage size resultID=11 usageIdentity=saved-4 err="context canceled"
2026/09/16 21:53:32 WARN failed to determine cache usage size resultID=15 usageIdentity=saved-builtin err="context canceled"
2026/09/16 21:53:32 WARN failed to determine cache usage size resultID=13 usageIdentity=saved-http err="context canceled"
2026/09/16 21:53:32 WARN failed to determine cache usage size resultID=14 usageIdentity=saved-schema err="context canceled"
2026/09/16 21:53:32 WARN failed to determine cache usage size resultID=1 usageIdentity=source-snapshot err="context canceled"
2026/09/16 21:53:32 INFO dagql pruned result resultID=1 call=Query.source digest=xxh3:3c2e226aa6c269bf args=[] description=source measuredSizeBytes=0 reclaimedBytes=0
2026/09/16 21:53:32 INFO dagql pruned result resultID=3 call=Query.bundle-file digest=xxh3:1b1051a7f010896c args=[] description=bundle-file measuredSizeBytes=0 reclaimedBytes=0
2026/09/16 21:53:32 INFO dagql pruned result resultID=7 call=GitRepository.__cleaned digest=xxh3:b7e1bbcd4c596cf6 args=[] description=__cleaned measuredSizeBytes=0 reclaimedBytes=0
2026/09/16 21:53:32 INFO dagql pruned result resultID=2 call=Query.repo digest=xxh3:16dc6903e3f06350 args=[] description=repo measuredSizeBytes=0 reclaimedBytes=0
2026/09/16 21:53:32 INFO dagql pruned result resultID=4 call=Query.bundle digest=xxh3:3b4c0ba878b9d6c5 args=[] description=bundle measuredSizeBytes=0 reclaimedBytes=0
2026/09/16 21:53:32 INFO dagql pruned result resultID=8 call=GitRepository.__withBundleDirectory digest="" args="[bundle=result:4]" description=__withBundleDirectory measuredSizeBytes=0 reclaimedBytes=0
2026/09/16 21:53:32 INFO dagql pruned result resultID=5 call=Query.ref digest=xxh3:06409b9402fa5e16 args=[] description=ref measuredSizeBytes=0 reclaimedBytes=0
2026/09/16 21:53:32 INFO dagql pruned result resultID=9 call=GitRef.tree digest="" args=[] description=tree measuredSizeBytes=0 reclaimedBytes=0
2026/09/16 21:53:32 INFO dagql pruned result resultID=6 call=Query.commit digest=xxh3:87af3ded0e7b27f5 args=[] description=commit measuredSizeBytes=0 reclaimedBytes=0
2026/09/16 21:53:32 INFO dagql pruned result resultID=10 call=GitCommit.tree digest="" args=[] description=tree measuredSizeBytes=0 reclaimedBytes=0
2026/09/16 21:53:32 INFO dagql pruned result resultID=11 call=Query.directory digest=xxh3:d12c52a4ee1e4198 args=[] description=directory measuredSizeBytes=0 reclaimedBytes=0
2026/09/16 21:53:32 INFO dagql pruned result resultID=12 call=Query.saved-state digest=xxh3:13241ec1fd5393af args=[] description=saved-state measuredSizeBytes=0 reclaimedBytes=0
2026/09/16 21:53:32 INFO dagql pruned result resultID=13 call=HTTPState._resolve digest="" args=[] description=_resolve measuredSizeBytes=0 reclaimedBytes=0
2026/09/16 21:53:32 INFO dagql pruned result resultID=14 call=Query.saved-schema digest=xxh3:efe5f42da6ab32d9 args=[] description=saved-schema measuredSizeBytes=0 reclaimedBytes=0
2026/09/16 21:53:32 INFO dagql pruned result resultID=15 call=Query._builtinContainer digest=xxh3:60f5e1aac6746f44 args=[] description=_builtinContainer measuredSizeBytes=0 reclaimedBytes=0
2026/09/16 21:53:32 INFO discarding dagql cache without persistence hasSQLDB=true hasPersistDB=true
--- PASS: TestLazyOperationSaveReopen (0.18s)
=== RUN   TestLazyInputAttachment
=== RUN   TestLazyInputAttachment/existing_completed_kinds_attach
2026/09/16 21:53:32 INFO start lazy evaluation field="codec fixture"
2026/09/16 21:53:32 INFO end lazy evaluation field="codec fixture" duration=125.26µs
2026/09/16 21:53:32 INFO start lazy evaluation field="codec fixture"
2026/09/16 21:53:32 INFO end lazy evaluation field="codec fixture" duration=54µs
2026/09/16 21:53:32 INFO discarding dagql cache without persistence hasSQLDB=true hasPersistDB=true
--- PASS: TestLazyInputAttachment (0.04s)
    --- PASS: TestLazyInputAttachment/existing_completed_kinds_attach (0.04s)
PASS
ok  	github.com/dagger/dagger/core	1.883s
