=== RUN   TestRecordCompletedContainerMountProducer
=== RUN   TestRecordCompletedContainerMountProducer/Directory
=== RUN   TestRecordCompletedContainerMountProducer/Directory/nil
=== RUN   TestRecordCompletedContainerMountProducer/Directory/typed-nil
=== RUN   TestRecordCompletedContainerMountProducer/Directory/wrong-kind
=== RUN   TestRecordCompletedContainerMountProducer/Directory/missing-parent
=== RUN   TestRecordCompletedContainerMountProducer/Directory/missing-source
=== RUN   TestRecordCompletedContainerMountProducer/Directory/missing-target
=== RUN   TestRecordCompletedContainerMountProducer/Directory/pending
=== RUN   TestRecordCompletedContainerMountProducer/Directory/imported
=== RUN   TestRecordCompletedContainerMountProducer/Directory/encoded
=== RUN   TestRecordCompletedContainerMountProducer/Directory/success
2026/09/16 16:24:30 INFO start lazy group evaluation field=Container.withMountedDirectory group=metadata
2026/09/16 16:24:30 INFO end lazy group evaluation field=Container.withMountedDirectory group=metadata duration=263.39µs
2026/09/16 16:24:30 INFO start lazy group evaluation field=Container.withMountedDirectory group=fs
2026/09/16 16:24:30 INFO end lazy group evaluation field=Container.withMountedDirectory group=fs duration=57.99µs
2026/09/16 16:24:30 INFO start lazy group evaluation field=Container.withMountedDirectory group=execMeta
2026/09/16 16:24:30 INFO end lazy group evaluation field=Container.withMountedDirectory group=execMeta duration=53.82µs
2026/09/16 16:24:30 INFO start lazy group evaluation field=Container.withMountedDirectory group=write
2026/09/16 16:24:30 INFO end lazy group evaluation field=Container.withMountedDirectory group=write duration=318.7µs
2026/09/16 16:24:30 INFO start lazy group evaluation field=Container.withMountedDirectory group=metadata
2026/09/16 16:24:30 INFO end lazy group evaluation field=Container.withMountedDirectory group=metadata duration=115.77µs
2026/09/16 16:24:30 INFO start lazy group evaluation field=Container.withMountedDirectory group=fs
2026/09/16 16:24:30 INFO end lazy group evaluation field=Container.withMountedDirectory group=fs duration=91.85µs
2026/09/16 16:24:30 INFO start lazy group evaluation field=Container.withMountedDirectory group=execMeta
2026/09/16 16:24:30 INFO end lazy group evaluation field=Container.withMountedDirectory group=execMeta duration=47.94µs
2026/09/16 16:24:30 INFO start lazy group evaluation field=Container.withMountedDirectory group=write
2026/09/16 16:24:30 INFO end lazy group evaluation field=Container.withMountedDirectory group=write duration=283.61µs
2026/09/16 16:24:30 INFO discarding dagql cache without persistence hasSQLDB=false hasPersistDB=false
=== RUN   TestRecordCompletedContainerMountProducer/File
=== RUN   TestRecordCompletedContainerMountProducer/File/nil
=== RUN   TestRecordCompletedContainerMountProducer/File/typed-nil
=== RUN   TestRecordCompletedContainerMountProducer/File/wrong-kind
=== RUN   TestRecordCompletedContainerMountProducer/File/missing-parent
=== RUN   TestRecordCompletedContainerMountProducer/File/missing-source
=== RUN   TestRecordCompletedContainerMountProducer/File/missing-target
=== RUN   TestRecordCompletedContainerMountProducer/File/pending
=== RUN   TestRecordCompletedContainerMountProducer/File/imported
=== RUN   TestRecordCompletedContainerMountProducer/File/encoded
=== RUN   TestRecordCompletedContainerMountProducer/File/success
2026/09/16 16:24:30 INFO start lazy group evaluation field=Container.withMountedFile group=metadata
2026/09/16 16:24:30 INFO end lazy group evaluation field=Container.withMountedFile group=metadata duration=132.76µs
2026/09/16 16:24:30 INFO start lazy group evaluation field=Container.withMountedFile group=fs
2026/09/16 16:24:30 INFO end lazy group evaluation field=Container.withMountedFile group=fs duration=57.31µs
2026/09/16 16:24:30 INFO start lazy group evaluation field=Container.withMountedFile group=execMeta
2026/09/16 16:24:30 INFO end lazy group evaluation field=Container.withMountedFile group=execMeta duration=37.86µs
2026/09/16 16:24:30 INFO start lazy group evaluation field=Container.withMountedFile group=write
2026/09/16 16:24:30 INFO end lazy group evaluation field=Container.withMountedFile group=write duration=248.32µs
2026/09/16 16:24:30 INFO start lazy group evaluation field=Container.withMountedFile group=metadata
2026/09/16 16:24:30 INFO end lazy group evaluation field=Container.withMountedFile group=metadata duration=150.54µs
2026/09/16 16:24:30 INFO start lazy group evaluation field=Container.withMountedFile group=fs
2026/09/16 16:24:30 INFO end lazy group evaluation field=Container.withMountedFile group=fs duration=53.56µs
2026/09/16 16:24:30 INFO start lazy group evaluation field=Container.withMountedFile group=execMeta
2026/09/16 16:24:30 INFO end lazy group evaluation field=Container.withMountedFile group=execMeta duration=41.47µs
2026/09/16 16:24:30 INFO start lazy group evaluation field=Container.withMountedFile group=write
2026/09/16 16:24:30 INFO end lazy group evaluation field=Container.withMountedFile group=write duration=275.28µs
2026/09/16 16:24:30 INFO discarding dagql cache without persistence hasSQLDB=false hasPersistDB=false
--- PASS: TestRecordCompletedContainerMountProducer (0.47s)
    --- PASS: TestRecordCompletedContainerMountProducer/Directory (0.24s)
        --- PASS: TestRecordCompletedContainerMountProducer/Directory/nil (0.00s)
        --- PASS: TestRecordCompletedContainerMountProducer/Directory/typed-nil (0.00s)
        --- PASS: TestRecordCompletedContainerMountProducer/Directory/wrong-kind (0.00s)
        --- PASS: TestRecordCompletedContainerMountProducer/Directory/missing-parent (0.00s)
        --- PASS: TestRecordCompletedContainerMountProducer/Directory/missing-source (0.00s)
        --- PASS: TestRecordCompletedContainerMountProducer/Directory/missing-target (0.00s)
        --- PASS: TestRecordCompletedContainerMountProducer/Directory/pending (0.00s)
        --- PASS: TestRecordCompletedContainerMountProducer/Directory/imported (0.00s)
        --- PASS: TestRecordCompletedContainerMountProducer/Directory/encoded (0.00s)
        --- PASS: TestRecordCompletedContainerMountProducer/Directory/success (0.10s)
    --- PASS: TestRecordCompletedContainerMountProducer/File (0.24s)
        --- PASS: TestRecordCompletedContainerMountProducer/File/nil (0.00s)
        --- PASS: TestRecordCompletedContainerMountProducer/File/typed-nil (0.00s)
        --- PASS: TestRecordCompletedContainerMountProducer/File/wrong-kind (0.00s)
        --- PASS: TestRecordCompletedContainerMountProducer/File/missing-parent (0.00s)
        --- PASS: TestRecordCompletedContainerMountProducer/File/missing-source (0.00s)
        --- PASS: TestRecordCompletedContainerMountProducer/File/missing-target (0.00s)
        --- PASS: TestRecordCompletedContainerMountProducer/File/pending (0.00s)
        --- PASS: TestRecordCompletedContainerMountProducer/File/imported (0.00s)
        --- PASS: TestRecordCompletedContainerMountProducer/File/encoded (0.00s)
        --- PASS: TestRecordCompletedContainerMountProducer/File/success (0.09s)
PASS
ok      github.com/dagger/dagger/core   1.900s
