=== RUN   TestRecordCompletedProducer
=== RUN   TestRecordCompletedProducer/scratch
=== RUN   TestRecordCompletedProducer/Directory
=== RUN   TestRecordCompletedProducer/Directory/#00
=== RUN   TestRecordCompletedProducer/Directory/nil_value
=== RUN   TestRecordCompletedProducer/Directory/nil_producer
=== RUN   TestRecordCompletedProducer/Directory/typed_nil_producer
=== RUN   TestRecordCompletedProducer/Directory/pending
=== RUN   TestRecordCompletedProducer/Directory/recorded
=== RUN   TestRecordCompletedProducer/Directory/kind
=== RUN   TestRecordCompletedProducer/Directory/json
=== RUN   TestRecordCompletedProducer/Directory/path_accessor
=== RUN   TestRecordCompletedProducer/Directory/snapshot_accessor
=== RUN   TestRecordCompletedProducer/Directory/path
=== RUN   TestRecordCompletedProducer/Directory/snapshot
=== RUN   TestRecordCompletedProducer/Directory/nil_snapshot
=== RUN   TestRecordCompletedProducer/Directory/restore
=== RUN   TestRecordCompletedProducer/File
=== RUN   TestRecordCompletedProducer/File/#00
=== RUN   TestRecordCompletedProducer/File/nil_value
=== RUN   TestRecordCompletedProducer/File/nil_producer
=== RUN   TestRecordCompletedProducer/File/typed_nil_producer
=== RUN   TestRecordCompletedProducer/File/pending
=== RUN   TestRecordCompletedProducer/File/recorded
=== RUN   TestRecordCompletedProducer/File/kind
=== RUN   TestRecordCompletedProducer/File/json
=== RUN   TestRecordCompletedProducer/File/path_accessor
=== RUN   TestRecordCompletedProducer/File/snapshot_accessor
=== RUN   TestRecordCompletedProducer/File/path
=== RUN   TestRecordCompletedProducer/File/snapshot
=== RUN   TestRecordCompletedProducer/File/nil_snapshot
=== RUN   TestRecordCompletedProducer/File/restore
=== RUN   TestRecordCompletedProducer/existing_completed_kinds_attach
2026/09/16 16:25:07 INFO discarding dagql cache without persistence hasSQLDB=true hasPersistDB=true
--- PASS: TestRecordCompletedProducer (0.12s)
    --- PASS: TestRecordCompletedProducer/scratch (0.00s)
    --- PASS: TestRecordCompletedProducer/Directory (0.00s)
        --- PASS: TestRecordCompletedProducer/Directory/#00 (0.00s)
        --- PASS: TestRecordCompletedProducer/Directory/nil_value (0.00s)
        --- PASS: TestRecordCompletedProducer/Directory/nil_producer (0.00s)
        --- PASS: TestRecordCompletedProducer/Directory/typed_nil_producer (0.00s)
        --- PASS: TestRecordCompletedProducer/Directory/pending (0.00s)
        --- PASS: TestRecordCompletedProducer/Directory/recorded (0.00s)
        --- PASS: TestRecordCompletedProducer/Directory/kind (0.00s)
        --- PASS: TestRecordCompletedProducer/Directory/json (0.00s)
        --- PASS: TestRecordCompletedProducer/Directory/path_accessor (0.00s)
        --- PASS: TestRecordCompletedProducer/Directory/snapshot_accessor (0.00s)
        --- PASS: TestRecordCompletedProducer/Directory/path (0.00s)
        --- PASS: TestRecordCompletedProducer/Directory/snapshot (0.00s)
        --- PASS: TestRecordCompletedProducer/Directory/nil_snapshot (0.00s)
        --- PASS: TestRecordCompletedProducer/Directory/restore (0.00s)
    --- PASS: TestRecordCompletedProducer/File (0.00s)
        --- PASS: TestRecordCompletedProducer/File/#00 (0.00s)
        --- PASS: TestRecordCompletedProducer/File/nil_value (0.00s)
        --- PASS: TestRecordCompletedProducer/File/nil_producer (0.00s)
        --- PASS: TestRecordCompletedProducer/File/typed_nil_producer (0.00s)
        --- PASS: TestRecordCompletedProducer/File/pending (0.00s)
        --- PASS: TestRecordCompletedProducer/File/recorded (0.00s)
        --- PASS: TestRecordCompletedProducer/File/kind (0.00s)
        --- PASS: TestRecordCompletedProducer/File/json (0.00s)
        --- PASS: TestRecordCompletedProducer/File/path_accessor (0.00s)
        --- PASS: TestRecordCompletedProducer/File/snapshot_accessor (0.00s)
        --- PASS: TestRecordCompletedProducer/File/path (0.00s)
        --- PASS: TestRecordCompletedProducer/File/snapshot (0.00s)
        --- PASS: TestRecordCompletedProducer/File/nil_snapshot (0.00s)
        --- PASS: TestRecordCompletedProducer/File/restore (0.00s)
    --- PASS: TestRecordCompletedProducer/existing_completed_kinds_attach (0.11s)
=== RUN   TestEagerProducerCodecs
=== RUN   TestEagerProducerCodecs/*core.DirectoryGitCleanedLazy
=== RUN   TestEagerProducerCodecs/*core.DirectoryGitBundleImportLazy
=== RUN   TestEagerProducerCodecs/*core.DirectoryGitTreeLazy
=== RUN   TestEagerProducerCodecs/*core.DirectoryGitCommitTreeLazy
=== RUN   TestEagerProducerCodecs/*core.DirectoryScratchLazy
=== RUN   TestEagerProducerCodecs/HTTP_scalars
=== RUN   TestEagerProducerCodecs/builtin_field_pairing
2026/09/16 16:25:07 INFO discarding dagql cache without persistence hasSQLDB=true hasPersistDB=true
2026/09/16 16:25:07 INFO discarding dagql cache without persistence hasSQLDB=true hasPersistDB=true
=== RUN   TestEagerProducerCodecs/exact_equivalent_input
=== RUN   TestEagerProducerCodecs/snapshot_without_producer
2026/09/16 16:25:07 INFO discarding dagql cache without persistence hasSQLDB=true hasPersistDB=true
--- PASS: TestEagerProducerCodecs (0.17s)
    --- PASS: TestEagerProducerCodecs/*core.DirectoryGitCleanedLazy (0.00s)
    --- PASS: TestEagerProducerCodecs/*core.DirectoryGitBundleImportLazy (0.00s)
    --- PASS: TestEagerProducerCodecs/*core.DirectoryGitTreeLazy (0.00s)
    --- PASS: TestEagerProducerCodecs/*core.DirectoryGitCommitTreeLazy (0.00s)
    --- PASS: TestEagerProducerCodecs/*core.DirectoryScratchLazy (0.00s)
    --- PASS: TestEagerProducerCodecs/HTTP_scalars (0.01s)
    --- PASS: TestEagerProducerCodecs/builtin_field_pairing (0.11s)
    --- PASS: TestEagerProducerCodecs/exact_equivalent_input (0.00s)
    --- PASS: TestEagerProducerCodecs/snapshot_without_producer (0.00s)
=== RUN   TestEagerProducerRelocation
2026/09/16 16:25:07 INFO discarding dagql cache without persistence hasSQLDB=true hasPersistDB=true
--- PASS: TestEagerProducerRelocation (0.05s)
=== RUN   TestEagerProducerSaveReopen
2026/09/16 16:25:07 INFO starting dagql cache close hasSQLDB=true hasPersistDB=true
2026/09/16 16:25:07 INFO marking dagql cache clean shutdown
2026/09/16 16:25:07 WARN successfully marked clean shutdown in persistence metadata
2026/09/16 16:25:07 INFO completed dagql cache close successfully
2026/09/16 16:25:07 INFO starting dagql cache close hasSQLDB=true hasPersistDB=true
2026/09/16 16:25:07 INFO marking dagql cache clean shutdown
2026/09/16 16:25:07 WARN successfully marked clean shutdown in persistence metadata
2026/09/16 16:25:07 INFO completed dagql cache close successfully
2026/09/16 16:25:08 WARN failed to determine cache usage size resultID=3 usageIdentity=bundle-snapshot err="context canceled"
2026/09/16 16:25:08 WARN failed to determine cache usage size resultID=7 usageIdentity=saved-0 err="context canceled"
2026/09/16 16:25:08 WARN failed to determine cache usage size resultID=8 usageIdentity=saved-1 err="context canceled"
2026/09/16 16:25:08 WARN failed to determine cache usage size resultID=9 usageIdentity=saved-2 err="context canceled"
2026/09/16 16:25:08 WARN failed to determine cache usage size resultID=10 usageIdentity=saved-3 err="context canceled"
2026/09/16 16:25:08 WARN failed to determine cache usage size resultID=11 usageIdentity=saved-4 err="context canceled"
2026/09/16 16:25:08 WARN failed to determine cache usage size resultID=15 usageIdentity=saved-builtin err="context canceled"
2026/09/16 16:25:08 WARN failed to determine cache usage size resultID=13 usageIdentity=saved-http err="context canceled"
2026/09/16 16:25:08 WARN failed to determine cache usage size resultID=14 usageIdentity=saved-schema err="context canceled"
2026/09/16 16:25:08 WARN failed to determine cache usage size resultID=1 usageIdentity=source-snapshot err="context canceled"
2026/09/16 16:25:08 INFO dagql pruned result resultID=1 call=Query.source digest=xxh3:3c2e226aa6c269bf args=[] description=source measuredSizeBytes=0 reclaimedBytes=0
2026/09/16 16:25:08 INFO dagql pruned result resultID=3 call=Query.bundle-file digest=xxh3:1b1051a7f010896c args=[] description=bundle-file measuredSizeBytes=0 reclaimedBytes=0
2026/09/16 16:25:08 INFO dagql pruned result resultID=7 call=GitRepository.__cleaned digest=xxh3:b7e1bbcd4c596cf6 args=[] description=__cleaned measuredSizeBytes=0 reclaimedBytes=0
2026/09/16 16:25:08 INFO dagql pruned result resultID=2 call=Query.repo digest=xxh3:16dc6903e3f06350 args=[] description=repo measuredSizeBytes=0 reclaimedBytes=0
2026/09/16 16:25:08 INFO dagql pruned result resultID=4 call=Query.bundle digest=xxh3:3b4c0ba878b9d6c5 args=[] description=bundle measuredSizeBytes=0 reclaimedBytes=0
2026/09/16 16:25:08 INFO dagql pruned result resultID=8 call=GitRepository.__withBundleDirectory digest="" args="[bundle=result:4]" description=__withBundleDirectory measuredSizeBytes=0 reclaimedBytes=0
2026/09/16 16:25:08 INFO dagql pruned result resultID=5 call=Query.ref digest=xxh3:06409b9402fa5e16 args=[] description=ref measuredSizeBytes=0 reclaimedBytes=0
2026/09/16 16:25:08 INFO dagql pruned result resultID=9 call=GitRef.tree digest="" args=[] description=tree measuredSizeBytes=0 reclaimedBytes=0
2026/09/16 16:25:08 INFO dagql pruned result resultID=6 call=Query.commit digest=xxh3:87af3ded0e7b27f5 args=[] description=commit measuredSizeBytes=0 reclaimedBytes=0
2026/09/16 16:25:08 INFO dagql pruned result resultID=10 call=GitCommit.tree digest="" args=[] description=tree measuredSizeBytes=0 reclaimedBytes=0
2026/09/16 16:25:08 INFO dagql pruned result resultID=11 call=Query.directory digest=xxh3:d12c52a4ee1e4198 args=[] description=directory measuredSizeBytes=0 reclaimedBytes=0
2026/09/16 16:25:08 INFO dagql pruned result resultID=12 call=Query.saved-state digest=xxh3:13241ec1fd5393af args=[] description=saved-state measuredSizeBytes=0 reclaimedBytes=0
2026/09/16 16:25:08 INFO dagql pruned result resultID=13 call=HTTPState._resolve digest="" args=[] description=_resolve measuredSizeBytes=0 reclaimedBytes=0
2026/09/16 16:25:08 INFO dagql pruned result resultID=14 call=Query.saved-schema digest=xxh3:efe5f42da6ab32d9 args=[] description=saved-schema measuredSizeBytes=0 reclaimedBytes=0
2026/09/16 16:25:08 INFO dagql pruned result resultID=15 call=Query._builtinContainer digest=xxh3:60f5e1aac6746f44 args=[] description=_builtinContainer measuredSizeBytes=0 reclaimedBytes=0
2026/09/16 16:25:08 INFO discarding dagql cache without persistence hasSQLDB=true hasPersistDB=true
--- PASS: TestEagerProducerSaveReopen (0.17s)
PASS
ok      github.com/dagger/dagger/core   1.926s
