Passing cold trace 3df9e6ae55a1d589249c550bb46a3bb4; CLI exit 0. Selected test 212.04 s.
    testctx.go:206: acquisition imported closure rows=226 cold=true order=before
    testctx.go:206: acquisition delegation target=4394 address={"part":"mount:/src"} field=withWorkdir parent=4393 source={OutputPath: Part:mount:/src}
    testctx.go:206: acquisition delegation target=4395 address={"part":"mount:/src"} field=withEnvVariable parent=4394 source={OutputPath: Part:mount:/src}
    testctx.go:206: acquisition delegation target=4396 address={"part":"mount:/src"} field=withoutDefaultArgs parent=4395 source={OutputPath: Part:mount:/src}
    testctx.go:206: acquisition delegation target=4394 address={"part":"mount:/schema.json"} field=withWorkdir parent=4393 source={OutputPath: Part:mount:/schema.json}
    testctx.go:206: acquisition delegation target=4395 address={"part":"mount:/schema.json"} field=withEnvVariable parent=4394 source={OutputPath: Part:mount:/schema.json}
    testctx.go:206: acquisition delegation target=4396 address={"part":"mount:/schema.json"} field=withoutDefaultArgs parent=4395 source={OutputPath: Part:mount:/schema.json}
    testctx.go:206: acquisition delegation target=4386 address={"part":"fs"} field=withMountedCache parent=4381 source={OutputPath: Part:fs}
    testctx.go:206: acquisition delegation target=4387 address={"part":"fs"} field=withMountedCache parent=4386 source={OutputPath: Part:fs}
    testctx.go:206: acquisition delegation target=4388 address={"part":"fs"} field=__withSystemEnvVariable parent=4387 source={OutputPath: Part:fs}
    testctx.go:206: acquisition delegation target=4389 address={"part":"fs"} field=__withSystemEnvVariable parent=4388 source={OutputPath: Part:fs}
    testctx.go:206: acquisition delegation target=4394 address={"part":"fs"} field=withWorkdir parent=4393 source={OutputPath: Part:fs}
    testctx.go:206: acquisition delegation target=4395 address={"part":"fs"} field=withEnvVariable parent=4394 source={OutputPath: Part:fs}
    testctx.go:206: acquisition delegation target=4396 address={"part":"fs"} field=withoutDefaultArgs parent=4395 source={OutputPath: Part:fs}
    testctx.go:206: producer mount-route row=4393 address={"part":"mount:/schema.json"} field=withMountedDirectory parent=4391 entries=1
    testctx.go:206: producer mount-route row=4391 address={"part":"mount:/schema.json"} field=withMountedFile parent=4389 entries=1
    testctx.go:206: producer mount-write row=4391 address={"part":"mount:/schema.json"} field=withMountedFile entries=1
    testctx.go:206: producer mount-route row=4393 address={"part":"fs"} field=withMountedDirectory parent=4391 entries=1
    testctx.go:206: producer mount-route row=4393 address={"part":"mount:/src"} field=withMountedDirectory parent=4391 entries=1
    testctx.go:206: producer mount-write row=4393 address={"part":"mount:/src"} field=withMountedDirectory entries=1
    testctx.go:206: producer mount-route row=4391 address={"part":"fs"} field=withMountedFile parent=4389 entries=1
    testctx.go:206: acquisition Host input imported=4379 address={OutputPath: Part:snapshot} local=4457 snapshot=[{0p59enjk3951z9tjt6k0mfoys snapshot }]
    testctx.go:206: acquisition SDK inherited-fs hops=map[__withSystemEnvVariable:2 withEnvVariable:1 withMountedCache:2 withWorkdir:1 withoutDefaultArgs:1]; producer mount-writer rows=map[withMountedDirectory:1 withMountedFile:1]
    testctx.go:206: acquisition route counters cold=true builtin=1 counts=map[installed-chain:1 installed-delegation:13 installed-producer:24 installed-ready:1 owner-sync:136 producer-enter:24 producer-ref-released:11 provider-read:1 selected-chain:1 selected-delegation:13 selected-ready:1 settled:45]
    testctx.go:206: acquisition changed-argument control cold=true report-body-count=1
    testctx.go:206: acquisition scratch cold=true ordinal=224 row=4450 address={"part":"snapshot"} group=whole platform=linux/amd64 producer-enter=1 provider-reads=0
    testctx.go:206: acquisition scratch cold=true ordinal=224 row=4450 address={"part":"snapshot"} group=whole platform=linux/amd64 producer-enter=1 provider-reads=0
    testctx.go:206: acquisition later controls cold=true noteFile=passed bound-tool=passed saved-row=4452 persisted=true
    testctx.go:206: restart persistence diagnostics: {PersistenceResetReason: LocalCacheResetReason: RemovedPersistedRootCount:0 DiskPrunedResults:[]}
    testctx.go:206: acquisition clean-restart control cold=true saved-row=4452 noteDirectory=passed report-body-count=1
    testctx.go:206: acquisition native-recorded-module control cold=true recorded-row=4942 lower-imported-equivalent=true passed
--- PASS: TestRemoteCacheTransferSuite (212.04s)
    --- PASS: TestRemoteCacheTransferSuite/TestSchemaRecoveryCold (212.04s)
        --- PASS: TestRemoteCacheTransferSuite/TestSchemaRecoveryCold/before (86.81s)
        --- PASS: TestRemoteCacheTransferSuite/TestSchemaRecoveryCold/foreign_context (65.69s)
