=== RUN   TestPartAcquisitionRootRoutes
=== RUN   TestPartAcquisitionRootRoutes/ready
    part_acquisition_test.go:172: route=ready latency=9.741958ms pins=1 owner-sync-attempts=1 private-bodies=0
2026/09/16 16:24:18 INFO discarding dagql cache without persistence hasSQLDB=true hasPersistDB=true
2026/09/16 16:24:18 INFO discarding dagql cache without persistence hasSQLDB=true hasPersistDB=true
=== RUN   TestPartAcquisitionRootRoutes/chain
2026/09/16 16:24:19 INFO start lazy evaluation field=File.blob
2026/09/16 16:24:19 INFO end lazy evaluation field=File.blob duration=26.867735ms
    part_acquisition_test.go:172: route=chain latency=55.362209ms pins=1 owner-sync-attempts=1 private-bodies=0
2026/09/16 16:24:19 INFO discarding dagql cache without persistence hasSQLDB=true hasPersistDB=true
2026/09/16 16:24:19 INFO discarding dagql cache without persistence hasSQLDB=true hasPersistDB=true
=== RUN   TestPartAcquisitionRootRoutes/chain-sync-retry
2026/09/16 16:24:19 INFO start lazy evaluation field=File.blob
2026/09/16 16:24:19 INFO end lazy evaluation field=File.blob duration=33.598043ms
    part_acquisition_test.go:172: route=chain-sync-retry latency=47.61169ms pins=1 owner-sync-attempts=2 private-bodies=0
2026/09/16 16:24:19 INFO discarding dagql cache without persistence hasSQLDB=true hasPersistDB=true
2026/09/16 16:24:19 INFO discarding dagql cache without persistence hasSQLDB=true hasPersistDB=true
=== RUN   TestPartAcquisitionRootRoutes/chain-sync-restart
2026/09/16 16:24:19 INFO start lazy evaluation field=File.blob
2026/09/16 16:24:19 INFO end lazy evaluation field=File.blob duration=29.392754ms
2026/09/16 16:24:19 INFO starting dagql cache close hasSQLDB=true hasPersistDB=true
2026/09/16 16:24:19 INFO marking dagql cache clean shutdown
2026/09/16 16:24:19 WARN successfully marked clean shutdown in persistence metadata
2026/09/16 16:24:19 INFO completed dagql cache close successfully
    part_acquisition_test.go:172: route=chain-sync-restart latency=57.402949ms pins=0 owner-sync-attempts=1 private-bodies=0
2026/09/16 16:24:19 INFO discarding dagql cache without persistence hasSQLDB=true hasPersistDB=true
2026/09/16 16:24:19 INFO discarding dagql cache without persistence hasSQLDB=true hasPersistDB=true
=== RUN   TestPartAcquisitionRootRoutes/chain-pin-release-retry
2026/09/16 16:24:19 INFO start lazy evaluation field=File.blob
2026/09/16 16:24:19 INFO end lazy evaluation field=File.blob duration=28.008914ms
    part_acquisition_test.go:172: route=chain-pin-release-retry latency=51.46324ms pins=1 owner-sync-attempts=1 private-bodies=0
2026/09/16 16:24:19 INFO discarding dagql cache without persistence hasSQLDB=true hasPersistDB=true
2026/09/16 16:24:19 INFO discarding dagql cache without persistence hasSQLDB=true hasPersistDB=true
=== RUN   TestPartAcquisitionRootRoutes/chain-fallback
2026/09/16 16:24:19 INFO start lazy evaluation field=File.blob
2026/09/16 16:24:19 INFO end lazy evaluation field=File.blob duration=24.656665ms
2026/09/16 16:24:19 INFO start lazy evaluation field=File.blob
2026/09/16 16:24:19 INFO end lazy evaluation field=File.blob duration=23.064905ms
    part_acquisition_test.go:172: route=chain-fallback latency=54.431139ms pins=1 owner-sync-attempts=1 private-bodies=1
2026/09/16 16:24:19 INFO discarding dagql cache without persistence hasSQLDB=true hasPersistDB=true
2026/09/16 16:24:19 INFO discarding dagql cache without persistence hasSQLDB=true hasPersistDB=true
=== RUN   TestPartAcquisitionRootRoutes/producer
2026/09/16 16:24:19 INFO start lazy evaluation field=File.blob
2026/09/16 16:24:19 INFO end lazy evaluation field=File.blob duration=27.625895ms
    part_acquisition_test.go:172: route=producer latency=40.152602ms pins=1 owner-sync-attempts=1 private-bodies=1
2026/09/16 16:24:19 INFO discarding dagql cache without persistence hasSQLDB=true hasPersistDB=true
2026/09/16 16:24:19 INFO discarding dagql cache without persistence hasSQLDB=true hasPersistDB=true
--- PASS: TestPartAcquisitionRootRoutes (1.01s)
    --- PASS: TestPartAcquisitionRootRoutes/ready (0.09s)
    --- PASS: TestPartAcquisitionRootRoutes/chain (0.17s)
    --- PASS: TestPartAcquisitionRootRoutes/chain-sync-retry (0.17s)
    --- PASS: TestPartAcquisitionRootRoutes/chain-sync-restart (0.17s)
    --- PASS: TestPartAcquisitionRootRoutes/chain-pin-release-retry (0.17s)
    --- PASS: TestPartAcquisitionRootRoutes/chain-fallback (0.16s)
    --- PASS: TestPartAcquisitionRootRoutes/producer (0.08s)
=== RUN   TestPartScopeRootRekeyCost
=== RUN   TestPartScopeRootRekeyCost/1
2026/09/16 16:24:19 INFO starting dagql cache close hasSQLDB=true hasPersistDB=true
2026/09/16 16:24:19 INFO marking dagql cache clean shutdown
2026/09/16 16:24:19 WARN successfully marked clean shutdown in persistence metadata
2026/09/16 16:24:19 INFO completed dagql cache close successfully
    part_scope_boot_test.go:133: root_rekey roots=1 attaches=1 stale_scans=1 stale_removes=1 peak_owner_leases=2 elapsed=6.200968ms
2026/09/16 16:24:19 INFO discarding dagql cache without persistence hasSQLDB=true hasPersistDB=true
=== RUN   TestPartScopeRootRekeyCost/32
2026/09/16 16:24:20 INFO starting dagql cache close hasSQLDB=true hasPersistDB=true
2026/09/16 16:24:20 INFO marking dagql cache clean shutdown
2026/09/16 16:24:20 WARN successfully marked clean shutdown in persistence metadata
2026/09/16 16:24:20 INFO completed dagql cache close successfully
    part_scope_boot_test.go:133: root_rekey roots=32 attaches=32 stale_scans=1 stale_removes=32 peak_owner_leases=64 elapsed=121.060676ms
2026/09/16 16:24:20 INFO discarding dagql cache without persistence hasSQLDB=true hasPersistDB=true
--- PASS: TestPartScopeRootRekeyCost (0.53s)
    --- PASS: TestPartScopeRootRekeyCost/1 (0.05s)
    --- PASS: TestPartScopeRootRekeyCost/32 (0.48s)
PASS
ok      github.com/dagger/dagger/core   1.617s
