=== RUN   TestCapturePersistedFilesystemDirectEvaluation
=== RUN   TestCapturePersistedFilesystemDirectEvaluation/File
2026/09/16 16:23:17 INFO start lazy evaluation field=File
2026/09/16 16:23:17 INFO end lazy evaluation field=File duration=361.84µs
    filesystem_capture_test.go:45: capture while File producer body latch held: err=capture persisted record 2: persist state not ready: filesystem body in use payload=
2026/09/16 16:23:17 INFO discarding dagql cache without persistence hasSQLDB=true hasPersistDB=true
=== RUN   TestCapturePersistedFilesystemDirectEvaluation/Directory
2026/09/16 16:23:17 INFO start lazy evaluation field=Directory
2026/09/16 16:23:17 INFO end lazy evaluation field=Directory duration=104.02µs
    filesystem_capture_test.go:45: capture while Directory producer body latch held: err=capture persisted record 2: persist state not ready: filesystem body in use payload=
2026/09/16 16:23:17 INFO discarding dagql cache without persistence hasSQLDB=true hasPersistDB=true
--- PASS: TestCapturePersistedFilesystemDirectEvaluation (0.07s)
    --- PASS: TestCapturePersistedFilesystemDirectEvaluation/File (0.04s)
    --- PASS: TestCapturePersistedFilesystemDirectEvaluation/Directory (0.03s)
=== RUN   TestFilesystemPersistenceRetainsBodyLatch
=== RUN   TestFilesystemPersistenceRetainsBodyLatch/File
=== RUN   TestFilesystemPersistenceRetainsBodyLatch/Directory
--- PASS: TestFilesystemPersistenceRetainsBodyLatch (0.00s)
    --- PASS: TestFilesystemPersistenceRetainsBodyLatch/File (0.00s)
    --- PASS: TestFilesystemPersistenceRetainsBodyLatch/Directory (0.00s)
=== RUN   TestPartAcquisitionRootRoutes
=== RUN   TestPartAcquisitionRootRoutes/ready
    part_acquisition_test.go:172: route=ready latency=12.243029ms pins=1 owner-sync-attempts=1 private-bodies=0
2026/09/16 16:23:17 INFO discarding dagql cache without persistence hasSQLDB=true hasPersistDB=true
2026/09/16 16:23:17 INFO discarding dagql cache without persistence hasSQLDB=true hasPersistDB=true
=== RUN   TestPartAcquisitionRootRoutes/chain
2026/09/16 16:23:17 INFO start lazy evaluation field=File.blob
2026/09/16 16:23:17 INFO end lazy evaluation field=File.blob duration=31.820548ms
    part_acquisition_test.go:172: route=chain latency=84.115495ms pins=1 owner-sync-attempts=1 private-bodies=0
2026/09/16 16:23:17 INFO discarding dagql cache without persistence hasSQLDB=true hasPersistDB=true
2026/09/16 16:23:17 INFO discarding dagql cache without persistence hasSQLDB=true hasPersistDB=true
=== RUN   TestPartAcquisitionRootRoutes/chain-sync-retry
2026/09/16 16:23:18 INFO start lazy evaluation field=File.blob
2026/09/16 16:23:18 INFO end lazy evaluation field=File.blob duration=41.456977ms
    part_acquisition_test.go:172: route=chain-sync-retry latency=90.594634ms pins=1 owner-sync-attempts=2 private-bodies=0
2026/09/16 16:23:18 INFO discarding dagql cache without persistence hasSQLDB=true hasPersistDB=true
2026/09/16 16:23:18 INFO discarding dagql cache without persistence hasSQLDB=true hasPersistDB=true
=== RUN   TestPartAcquisitionRootRoutes/chain-sync-restart
2026/09/16 16:23:18 INFO start lazy evaluation field=File.blob
2026/09/16 16:23:18 INFO end lazy evaluation field=File.blob duration=42.817967ms
2026/09/16 16:23:18 INFO starting dagql cache close hasSQLDB=true hasPersistDB=true
2026/09/16 16:23:18 INFO marking dagql cache clean shutdown
2026/09/16 16:23:18 WARN successfully marked clean shutdown in persistence metadata
2026/09/16 16:23:18 INFO completed dagql cache close successfully
    part_acquisition_test.go:172: route=chain-sync-restart latency=120.141132ms pins=0 owner-sync-attempts=1 private-bodies=0
2026/09/16 16:23:18 INFO discarding dagql cache without persistence hasSQLDB=true hasPersistDB=true
2026/09/16 16:23:18 INFO discarding dagql cache without persistence hasSQLDB=true hasPersistDB=true
=== RUN   TestPartAcquisitionRootRoutes/chain-pin-release-retry
2026/09/16 16:23:18 INFO start lazy evaluation field=File.blob
2026/09/16 16:23:18 INFO end lazy evaluation field=File.blob duration=32.360398ms
    part_acquisition_test.go:172: route=chain-pin-release-retry latency=67.105406ms pins=1 owner-sync-attempts=1 private-bodies=0
2026/09/16 16:23:18 INFO discarding dagql cache without persistence hasSQLDB=true hasPersistDB=true
2026/09/16 16:23:18 INFO discarding dagql cache without persistence hasSQLDB=true hasPersistDB=true
=== RUN   TestPartAcquisitionRootRoutes/chain-fallback
2026/09/16 16:23:19 INFO start lazy evaluation field=File.blob
2026/09/16 16:23:19 INFO end lazy evaluation field=File.blob duration=33.653238ms
2026/09/16 16:23:19 INFO start lazy evaluation field=File.blob
2026/09/16 16:23:19 INFO end lazy evaluation field=File.blob duration=38.918917ms
    part_acquisition_test.go:172: route=chain-fallback latency=92.050584ms pins=1 owner-sync-attempts=1 private-bodies=1
2026/09/16 16:23:19 INFO discarding dagql cache without persistence hasSQLDB=true hasPersistDB=true
2026/09/16 16:23:19 INFO discarding dagql cache without persistence hasSQLDB=true hasPersistDB=true
=== RUN   TestPartAcquisitionRootRoutes/producer
2026/09/16 16:23:19 INFO start lazy evaluation field=File.blob
2026/09/16 16:23:19 INFO end lazy evaluation field=File.blob duration=37.311237ms
    part_acquisition_test.go:172: route=producer latency=61.798736ms pins=1 owner-sync-attempts=1 private-bodies=1
2026/09/16 16:23:19 INFO discarding dagql cache without persistence hasSQLDB=true hasPersistDB=true
2026/09/16 16:23:19 INFO discarding dagql cache without persistence hasSQLDB=true hasPersistDB=true
--- PASS: TestPartAcquisitionRootRoutes (1.92s)
    --- PASS: TestPartAcquisitionRootRoutes/ready (0.13s)
    --- PASS: TestPartAcquisitionRootRoutes/chain (0.31s)
    --- PASS: TestPartAcquisitionRootRoutes/chain-sync-retry (0.35s)
    --- PASS: TestPartAcquisitionRootRoutes/chain-sync-restart (0.36s)
    --- PASS: TestPartAcquisitionRootRoutes/chain-pin-release-retry (0.28s)
    --- PASS: TestPartAcquisitionRootRoutes/chain-fallback (0.29s)
    --- PASS: TestPartAcquisitionRootRoutes/producer (0.19s)
=== RUN   TestPartFilesystemPublicationRoles
=== RUN   TestPartFilesystemPublicationRoles/File
    part_filesystem_race_test.go:144: File coherent tuple/role samples=287 publications=2048
2026/09/16 16:23:19 INFO discarding dagql cache without persistence hasSQLDB=false hasPersistDB=false
=== RUN   TestPartFilesystemPublicationRoles/Directory
    part_filesystem_race_test.go:144: Directory coherent tuple/role samples=255 publications=2048
2026/09/16 16:23:19 INFO discarding dagql cache without persistence hasSQLDB=false hasPersistDB=false
--- PASS: TestPartFilesystemPublicationRoles (0.52s)
    --- PASS: TestPartFilesystemPublicationRoles/File (0.28s)
    --- PASS: TestPartFilesystemPublicationRoles/Directory (0.24s)
=== RUN   TestPartTypedPublicationRoles
    part_publication_race_test.go:98: coherent concurrent raw reader samples=281
2026/09/16 16:23:20 INFO discarding dagql cache without persistence hasSQLDB=false hasPersistDB=false
2026/09/16 16:23:20 INFO discarding dagql cache without persistence hasSQLDB=false hasPersistDB=false
--- PASS: TestPartTypedPublicationRoles (0.33s)
PASS
ok      github.com/dagger/dagger/core   4.287s
