Passing warm trace 47888a25c79c32647da1c39d700064ba; CLI exit 0. Selected test 270.93 s.
    testctx.go:206: acquisition imported closure rows=226 cold=false order=before
    testctx.go:206: acquisition route counters cold=false builtin=0 counts=map[installed-chain:1 owner-sync:6 provider-read:1 selected-chain:1 settled:1]
    testctx.go:206: acquisition changed-argument control cold=false report-body-count=1
    testctx.go:206: acquisition scratch cold=false ordinal=224 row=4692 address={"part":"snapshot"} group=whole platform=linux/amd64 producer-enter=0 provider-reads=0
    testctx.go:206: acquisition scratch cold=false ordinal=224 row=4692 address={"part":"snapshot"} group=whole platform=linux/amd64 producer-enter=0 provider-reads=0
    testctx.go:206: acquisition later controls cold=false noteFile=passed bound-tool=passed saved-row=4694 persisted=true
    testctx.go:206: restart persistence diagnostics: {PersistenceResetReason: LocalCacheResetReason: RemovedPersistedRootCount:0 DiskPrunedResults:[]}
    testctx.go:206: acquisition clean-restart control cold=false saved-row=4694 noteDirectory=passed report-body-count=1
    testctx.go:206: acquisition native-recorded-module control cold=false recorded-row=5152 lower-imported-equivalent=true passed
    testctx.go:206: acquisition imported closure rows=226 cold=false order=after
    testctx.go:206: acquisition route counters cold=false builtin=0 counts=map[installed-chain:1 owner-sync:6 provider-read:1 selected-chain:1 settled:1]
    testctx.go:206: acquisition changed-argument control cold=false report-body-count=1
    testctx.go:206: acquisition scratch cold=false ordinal=224 row=4695 address={"part":"snapshot"} group=whole platform=linux/amd64 producer-enter=0 provider-reads=0
    testctx.go:206: acquisition scratch cold=false ordinal=224 row=4695 address={"part":"snapshot"} group=whole platform=linux/amd64 producer-enter=0 provider-reads=0
    testctx.go:206: acquisition later controls cold=false noteFile=passed bound-tool=passed saved-row=4697 persisted=true
    testctx.go:206: restart persistence diagnostics: {PersistenceResetReason: LocalCacheResetReason: RemovedPersistedRootCount:0 DiskPrunedResults:[]}
    testctx.go:206: acquisition clean-restart control cold=false saved-row=4697 noteDirectory=passed report-body-count=1
    testctx.go:206: acquisition native-recorded-module control cold=false recorded-row=5152 lower-imported-equivalent=true passed
--- PASS: TestRemoteCacheTransferSuite (270.93s)
    --- PASS: TestRemoteCacheTransferSuite/TestSchemaRecovery (270.93s)
        --- PASS: TestRemoteCacheTransferSuite/TestSchemaRecovery/before (82.72s)
        --- PASS: TestRemoteCacheTransferSuite/TestSchemaRecovery/after (77.07s)
        --- PASS: TestRemoteCacheTransferSuite/TestSchemaRecovery/foreign_context (45.25s)
