=== RUN   TestPartAcquisitionRootRoutes
=== RUN   TestPartAcquisitionRootRoutes/ready
    part_acquisition_test.go:172: route=ready latency=8.738296ms pins=1 owner-sync-attempts=1 private-bodies=0
2026/09/16 15:06:11 INFO discarding dagql cache without persistence hasSQLDB=true hasPersistDB=true
2026/09/16 15:06:11 INFO discarding dagql cache without persistence hasSQLDB=true hasPersistDB=true
=== RUN   TestPartAcquisitionRootRoutes/chain
2026/09/16 15:06:11 INFO start lazy evaluation field=File.blob
2026/09/16 15:06:11 INFO end lazy evaluation field=File.blob duration=105.288928ms
    part_acquisition_test.go:172: route=chain latency=45.803391ms pins=1 owner-sync-attempts=1 private-bodies=0
2026/09/16 15:06:11 INFO discarding dagql cache without persistence hasSQLDB=true hasPersistDB=true
2026/09/16 15:06:11 INFO discarding dagql cache without persistence hasSQLDB=true hasPersistDB=true
=== RUN   TestPartAcquisitionRootRoutes/chain-sync-retry
2026/09/16 15:06:11 INFO start lazy evaluation field=File.blob
2026/09/16 15:06:11 INFO end lazy evaluation field=File.blob duration=30.050023ms
    part_acquisition_test.go:172: route=chain-sync-retry latency=64.532688ms pins=1 owner-sync-attempts=2 private-bodies=0
2026/09/16 15:06:11 INFO discarding dagql cache without persistence hasSQLDB=true hasPersistDB=true
2026/09/16 15:06:11 INFO discarding dagql cache without persistence hasSQLDB=true hasPersistDB=true
=== RUN   TestPartAcquisitionRootRoutes/chain-sync-restart
2026/09/16 15:06:11 INFO start lazy evaluation field=File.blob
2026/09/16 15:06:11 INFO end lazy evaluation field=File.blob duration=26.531456ms
2026/09/16 15:06:11 INFO starting dagql cache close hasSQLDB=true hasPersistDB=true
2026/09/16 15:06:11 INFO marking dagql cache clean shutdown
2026/09/16 15:06:11 WARN successfully marked clean shutdown in persistence metadata
2026/09/16 15:06:11 INFO completed dagql cache close successfully
    part_acquisition_test.go:172: route=chain-sync-restart latency=66.47142ms pins=0 owner-sync-attempts=1 private-bodies=0
2026/09/16 15:06:11 INFO discarding dagql cache without persistence hasSQLDB=true hasPersistDB=true
2026/09/16 15:06:11 INFO discarding dagql cache without persistence hasSQLDB=true hasPersistDB=true
=== RUN   TestPartAcquisitionRootRoutes/chain-pin-release-retry
2026/09/16 15:06:11 INFO start lazy evaluation field=File.blob
2026/09/16 15:06:11 INFO end lazy evaluation field=File.blob duration=27.011404ms
    part_acquisition_test.go:172: route=chain-pin-release-retry latency=58.389781ms pins=1 owner-sync-attempts=1 private-bodies=0
2026/09/16 15:06:12 INFO discarding dagql cache without persistence hasSQLDB=true hasPersistDB=true
2026/09/16 15:06:12 INFO discarding dagql cache without persistence hasSQLDB=true hasPersistDB=true
=== RUN   TestPartAcquisitionRootRoutes/chain-fallback
2026/09/16 15:06:12 INFO start lazy evaluation field=File.blob
2026/09/16 15:06:12 INFO end lazy evaluation field=File.blob duration=23.341949ms
2026/09/16 15:06:12 INFO start lazy evaluation field=File.blob
2026/09/16 15:06:12 INFO end lazy evaluation field=File.blob duration=20.714329ms
    part_acquisition_test.go:172: route=chain-fallback latency=50.531203ms pins=1 owner-sync-attempts=1 private-bodies=1
2026/09/16 15:06:12 INFO discarding dagql cache without persistence hasSQLDB=true hasPersistDB=true
2026/09/16 15:06:12 INFO discarding dagql cache without persistence hasSQLDB=true hasPersistDB=true
=== RUN   TestPartAcquisitionRootRoutes/producer
2026/09/16 15:06:12 INFO start lazy evaluation field=File.blob
2026/09/16 15:06:12 INFO end lazy evaluation field=File.blob duration=32.188244ms
    part_acquisition_test.go:172: route=producer latency=42.358225ms pins=1 owner-sync-attempts=1 private-bodies=1
2026/09/16 15:06:12 INFO discarding dagql cache without persistence hasSQLDB=true hasPersistDB=true
2026/09/16 15:06:12 INFO discarding dagql cache without persistence hasSQLDB=true hasPersistDB=true
--- PASS: TestPartAcquisitionRootRoutes (1.32s)
    --- PASS: TestPartAcquisitionRootRoutes/ready (0.12s)
    --- PASS: TestPartAcquisitionRootRoutes/chain (0.38s)
    --- PASS: TestPartAcquisitionRootRoutes/chain-sync-retry (0.18s)
    --- PASS: TestPartAcquisitionRootRoutes/chain-sync-restart (0.22s)
    --- PASS: TestPartAcquisitionRootRoutes/chain-pin-release-retry (0.17s)
    --- PASS: TestPartAcquisitionRootRoutes/chain-fallback (0.16s)
    --- PASS: TestPartAcquisitionRootRoutes/producer (0.08s)
=== RUN   TestPartScopeRootRekeyCost
=== RUN   TestPartScopeRootRekeyCost/1
2026/09/16 15:06:12 INFO starting dagql cache close hasSQLDB=true hasPersistDB=true
2026/09/16 15:06:12 INFO marking dagql cache clean shutdown
2026/09/16 15:06:12 WARN successfully marked clean shutdown in persistence metadata
2026/09/16 15:06:12 INFO completed dagql cache close successfully
    part_scope_boot_test.go:133: root_rekey roots=1 attaches=1 stale_scans=1 stale_removes=1 peak_owner_leases=2 elapsed=5.372159ms
2026/09/16 15:06:12 INFO discarding dagql cache without persistence hasSQLDB=true hasPersistDB=true
=== RUN   TestPartScopeRootRekeyCost/32
2026/09/16 15:06:12 INFO starting dagql cache close hasSQLDB=true hasPersistDB=true
2026/09/16 15:06:12 INFO marking dagql cache clean shutdown
2026/09/16 15:06:12 WARN successfully marked clean shutdown in persistence metadata
2026/09/16 15:06:12 INFO completed dagql cache close successfully
    part_scope_boot_test.go:133: root_rekey roots=32 attaches=32 stale_scans=1 stale_removes=32 peak_owner_leases=64 elapsed=135.152962ms
2026/09/16 15:06:12 INFO discarding dagql cache without persistence hasSQLDB=true hasPersistDB=true
--- PASS: TestPartScopeRootRekeyCost (0.52s)
    --- PASS: TestPartScopeRootRekeyCost/1 (0.04s)
    --- PASS: TestPartScopeRootRekeyCost/32 (0.47s)
PASS
ok  	github.com/dagger/dagger/core	1.944s
