=== RUN   TestCapturePersistedFilesystemDirectEvaluation
=== RUN   TestCapturePersistedFilesystemDirectEvaluation/File
2026/09/16 15:04:59 INFO start lazy evaluation field=File
2026/09/16 15:04:59 INFO end lazy evaluation field=File duration=323.85µs
    filesystem_capture_test.go:45: capture while File producer body latch held: err=capture persisted record 2: persist state not ready: filesystem body in use payload=
2026/09/16 15:04:59 INFO discarding dagql cache without persistence hasSQLDB=true hasPersistDB=true
=== RUN   TestCapturePersistedFilesystemDirectEvaluation/Directory
2026/09/16 15:04:59 INFO start lazy evaluation field=Directory
2026/09/16 15:04:59 INFO end lazy evaluation field=Directory duration=189.16µs
    filesystem_capture_test.go:45: capture while Directory producer body latch held: err=capture persisted record 2: persist state not ready: filesystem body in use payload=
2026/09/16 15:04:59 INFO discarding dagql cache without persistence hasSQLDB=true hasPersistDB=true
--- PASS: TestCapturePersistedFilesystemDirectEvaluation (0.12s)
    --- PASS: TestCapturePersistedFilesystemDirectEvaluation/File (0.07s)
    --- PASS: TestCapturePersistedFilesystemDirectEvaluation/Directory (0.06s)
=== RUN   TestFilesystemPersistenceRetainsBodyLatch
=== RUN   TestFilesystemPersistenceRetainsBodyLatch/File
=== RUN   TestFilesystemPersistenceRetainsBodyLatch/Directory
--- PASS: TestFilesystemPersistenceRetainsBodyLatch (0.00s)
    --- PASS: TestFilesystemPersistenceRetainsBodyLatch/File (0.00s)
    --- PASS: TestFilesystemPersistenceRetainsBodyLatch/Directory (0.00s)
=== RUN   TestPartAcquisitionRootRoutes
=== RUN   TestPartAcquisitionRootRoutes/ready
    part_acquisition_test.go:172: route=ready latency=15.958532ms pins=1 owner-sync-attempts=1 private-bodies=0
2026/09/16 15:05:00 INFO discarding dagql cache without persistence hasSQLDB=true hasPersistDB=true
2026/09/16 15:05:00 INFO discarding dagql cache without persistence hasSQLDB=true hasPersistDB=true
=== RUN   TestPartAcquisitionRootRoutes/chain
2026/09/16 15:05:00 INFO start lazy evaluation field=File.blob
2026/09/16 15:05:00 INFO end lazy evaluation field=File.blob duration=52.433739ms
    part_acquisition_test.go:172: route=chain latency=97.755267ms pins=1 owner-sync-attempts=1 private-bodies=0
2026/09/16 15:05:00 INFO discarding dagql cache without persistence hasSQLDB=true hasPersistDB=true
2026/09/16 15:05:00 INFO discarding dagql cache without persistence hasSQLDB=true hasPersistDB=true
=== RUN   TestPartAcquisitionRootRoutes/chain-sync-retry
2026/09/16 15:05:00 INFO start lazy evaluation field=File.blob
2026/09/16 15:05:00 INFO end lazy evaluation field=File.blob duration=46.131954ms
    part_acquisition_test.go:172: route=chain-sync-retry latency=87.642259ms pins=1 owner-sync-attempts=2 private-bodies=0
2026/09/16 15:05:00 INFO discarding dagql cache without persistence hasSQLDB=true hasPersistDB=true
2026/09/16 15:05:00 INFO discarding dagql cache without persistence hasSQLDB=true hasPersistDB=true
=== RUN   TestPartAcquisitionRootRoutes/chain-sync-restart
2026/09/16 15:05:01 INFO start lazy evaluation field=File.blob
2026/09/16 15:05:01 INFO end lazy evaluation field=File.blob duration=29.427266ms
2026/09/16 15:05:01 INFO starting dagql cache close hasSQLDB=true hasPersistDB=true
2026/09/16 15:05:01 INFO marking dagql cache clean shutdown
2026/09/16 15:05:01 WARN successfully marked clean shutdown in persistence metadata
2026/09/16 15:05:01 INFO completed dagql cache close successfully
    part_acquisition_test.go:172: route=chain-sync-restart latency=122.875001ms pins=0 owner-sync-attempts=1 private-bodies=0
2026/09/16 15:05:01 INFO discarding dagql cache without persistence hasSQLDB=true hasPersistDB=true
2026/09/16 15:05:01 INFO discarding dagql cache without persistence hasSQLDB=true hasPersistDB=true
=== RUN   TestPartAcquisitionRootRoutes/chain-pin-release-retry
2026/09/16 15:05:01 INFO start lazy evaluation field=File.blob
2026/09/16 15:05:01 INFO end lazy evaluation field=File.blob duration=55.841214ms
    part_acquisition_test.go:172: route=chain-pin-release-retry latency=61.707119ms pins=1 owner-sync-attempts=1 private-bodies=0
2026/09/16 15:05:01 INFO discarding dagql cache without persistence hasSQLDB=true hasPersistDB=true
2026/09/16 15:05:01 INFO discarding dagql cache without persistence hasSQLDB=true hasPersistDB=true
=== RUN   TestPartAcquisitionRootRoutes/chain-fallback
2026/09/16 15:05:01 INFO start lazy evaluation field=File.blob
2026/09/16 15:05:01 INFO end lazy evaluation field=File.blob duration=30.058573ms
2026/09/16 15:05:01 INFO start lazy evaluation field=File.blob
2026/09/16 15:05:01 INFO end lazy evaluation field=File.blob duration=28.015591ms
    part_acquisition_test.go:172: route=chain-fallback latency=72.427024ms pins=1 owner-sync-attempts=1 private-bodies=1
2026/09/16 15:05:01 INFO discarding dagql cache without persistence hasSQLDB=true hasPersistDB=true
2026/09/16 15:05:01 INFO discarding dagql cache without persistence hasSQLDB=true hasPersistDB=true
=== RUN   TestPartAcquisitionRootRoutes/producer
2026/09/16 15:05:01 INFO start lazy evaluation field=File.blob
2026/09/16 15:05:01 INFO end lazy evaluation field=File.blob duration=27.663024ms
    part_acquisition_test.go:172: route=producer latency=42.512611ms pins=1 owner-sync-attempts=1 private-bodies=1
2026/09/16 15:05:01 INFO discarding dagql cache without persistence hasSQLDB=true hasPersistDB=true
2026/09/16 15:05:01 INFO discarding dagql cache without persistence hasSQLDB=true hasPersistDB=true
--- PASS: TestPartAcquisitionRootRoutes (1.97s)
    --- PASS: TestPartAcquisitionRootRoutes/ready (0.18s)
    --- PASS: TestPartAcquisitionRootRoutes/chain (0.39s)
    --- PASS: TestPartAcquisitionRootRoutes/chain-sync-retry (0.36s)
    --- PASS: TestPartAcquisitionRootRoutes/chain-sync-restart (0.38s)
    --- PASS: TestPartAcquisitionRootRoutes/chain-pin-release-retry (0.29s)
    --- PASS: TestPartAcquisitionRootRoutes/chain-fallback (0.25s)
    --- PASS: TestPartAcquisitionRootRoutes/producer (0.13s)
=== RUN   TestPartFilesystemPublicationRoles
=== RUN   TestPartFilesystemPublicationRoles/File
    part_filesystem_race_test.go:144: File coherent tuple/role samples=286 publications=2048
2026/09/16 15:05:02 INFO discarding dagql cache without persistence hasSQLDB=false hasPersistDB=false
=== RUN   TestPartFilesystemPublicationRoles/Directory
    part_filesystem_race_test.go:144: Directory coherent tuple/role samples=269 publications=2048
2026/09/16 15:05:02 INFO discarding dagql cache without persistence hasSQLDB=false hasPersistDB=false
--- PASS: TestPartFilesystemPublicationRoles (0.52s)
    --- PASS: TestPartFilesystemPublicationRoles/File (0.27s)
    --- PASS: TestPartFilesystemPublicationRoles/Directory (0.25s)
=== RUN   TestPartTypedPublicationRoles
    part_publication_race_test.go:98: coherent concurrent raw reader samples=323
2026/09/16 15:05:02 INFO discarding dagql cache without persistence hasSQLDB=false hasPersistDB=false
2026/09/16 15:05:02 INFO discarding dagql cache without persistence hasSQLDB=false hasPersistDB=false
--- PASS: TestPartTypedPublicationRoles (0.26s)
PASS
ok  	github.com/dagger/dagger/core	4.317s
