=== RUN   TestScopedCollectorConcurrentPublicationCost
=== RUN   TestScopedCollectorConcurrentPublicationCost/width128_depth1
    cache_snapshot_scope_bench_test.go:120: typed_collector outputs=128 depth=1 publications=8192 attempts=156 retries=28 accepted=128 elapsed=41.271468ms
=== RUN   TestScopedCollectorConcurrentPublicationCost/width8_depth3
    cache_snapshot_scope_bench_test.go:120: typed_collector outputs=512 depth=3 publications=8192 attempts=134 retries=6 accepted=128 elapsed=271.400412ms
--- PASS: TestScopedCollectorConcurrentPublicationCost (0.32s)
    --- PASS: TestScopedCollectorConcurrentPublicationCost/width128_depth1 (0.04s)
    --- PASS: TestScopedCollectorConcurrentPublicationCost/width8_depth3 (0.27s)
goos: linux
goarch: amd64
pkg: github.com/dagger/dagger/dagql
cpu: AMD EPYC 9554P 64-Core Processor
BenchmarkPartNativeHostEntry
BenchmarkPartNativeHostEntry/callback
BenchmarkPartNativeHostEntry/callback-16         	336984423	         0.6635 ns/op	       0 B/op	       0 allocs/op
BenchmarkPartNativeHostEntry/activated-host
BenchmarkPartNativeHostEntry/activated-host-16   	  169353	      1703 ns/op	     504 B/op	      13 allocs/op
BenchmarkScopedSnapshotCollector
BenchmarkScopedSnapshotCollector/width1_depth1
BenchmarkScopedSnapshotCollector/width1_depth1-16         	   80246	      2929 ns/op	    1794 B/op	      17 allocs/op
BenchmarkScopedSnapshotCollector/width128_depth1
BenchmarkScopedSnapshotCollector/width128_depth1-16       	     751	    316753 ns/op	  133205 B/op	    1185 allocs/op
BenchmarkScopedSnapshotCollector/width8_depth3
BenchmarkScopedSnapshotCollector/width8_depth3-16         	     112	   2074990 ns/op	  882868 B/op	    5446 allocs/op
PASS
ok  	github.com/dagger/dagger/dagql	1.657s
