=== RUN   TestScratchDirectoryProducer
    directory_scratch_test.go:175: scratch recipe-json-bytes=2 native-payload-added-bytes=35 eager-scratch-calls=1
2026/09/16 16:25:47 INFO start lazy evaluation field=Query.directory
2026/09/16 16:25:47 INFO end lazy evaluation field=Query.directory duration=40.24µs err="producer receiver: Directory snapshot already installed"
2026/09/16 16:25:47 INFO start lazy evaluation field=Query.directory
2026/09/16 16:25:47 INFO end lazy evaluation field=Query.directory duration=1.20207ms
2026/09/16 16:25:47 INFO start lazy evaluation field=Query.directory
2026/09/16 16:25:47 INFO end lazy evaluation field=Query.directory duration=1.175879ms
2026/09/16 16:25:47 INFO start lazy evaluation field=Query.directory
2026/09/16 16:25:47 INFO end lazy evaluation field=Query.directory duration=1.00364ms err="context canceled"
2026/09/16 16:25:47 INFO discarding dagql cache without persistence hasSQLDB=false hasPersistDB=false
--- PASS: TestScratchDirectoryProducer (0.05s)
=== RUN   TestScratchDirectoryAcquisition
=== RUN   TestScratchDirectoryAcquisition/cold
2026/09/16 16:25:47 INFO start lazy evaluation field=Query.directory
2026/09/16 16:25:48 INFO end lazy evaluation field=Query.directory duration=24.330141ms
    directory_scratch_test.go:337: scratch mode=cold acquisition=34.742127ms scratch-calls=1 provider-reads=0
2026/09/16 16:25:48 INFO discarding dagql cache without persistence hasSQLDB=false hasPersistDB=false
2026/09/16 16:25:48 INFO dagql pruned result resultID=1 call=Query.directory digest=xxh3:66b3e3c82e7ec924 args=[] description="dagql cache result 1" measuredSizeBytes=4096 reclaimedBytes=4096
2026/09/16 16:25:48 INFO discarding dagql cache without persistence hasSQLDB=true hasPersistDB=true
=== RUN   TestScratchDirectoryAcquisition/canonical-only
2026/09/16 16:25:48 INFO start lazy evaluation field=Query.directory
2026/09/16 16:25:48 INFO end lazy evaluation field=Query.directory duration=1.58425ms
    directory_scratch_test.go:337: scratch mode=canonical-only acquisition=11.119665ms scratch-calls=1 provider-reads=0
2026/09/16 16:25:48 INFO discarding dagql cache without persistence hasSQLDB=false hasPersistDB=false
2026/09/16 16:25:48 INFO dagql pruned result resultID=1 call=Query.directory digest=xxh3:66b3e3c82e7ec924 args=[] description="dagql cache result 1" measuredSizeBytes=4096 reclaimedBytes=4096
2026/09/16 16:25:48 INFO discarding dagql cache without persistence hasSQLDB=true hasPersistDB=true
=== RUN   TestScratchDirectoryAcquisition/warm
    directory_scratch_test.go:337: scratch mode=warm acquisition=8.751367ms scratch-calls=0 provider-reads=0
2026/09/16 16:25:48 INFO discarding dagql cache without persistence hasSQLDB=false hasPersistDB=false
2026/09/16 16:25:48 INFO dagql pruned result resultID=2 call=Query.directory digest=xxh3:66b3e3c82e7ec924 args=[] description="dagql cache result 2" measuredSizeBytes=4096 reclaimedBytes=4096
2026/09/16 16:25:48 INFO discarding dagql cache without persistence hasSQLDB=true hasPersistDB=true
=== RUN   TestScratchDirectoryAcquisition/pending-restart
2026/09/16 16:25:48 INFO starting dagql cache close hasSQLDB=true hasPersistDB=true
2026/09/16 16:25:48 INFO marking dagql cache clean shutdown
2026/09/16 16:25:48 WARN successfully marked clean shutdown in persistence metadata
2026/09/16 16:25:48 INFO completed dagql cache close successfully
2026/09/16 16:25:48 INFO start lazy evaluation field=Query.directory
2026/09/16 16:25:48 INFO end lazy evaluation field=Query.directory duration=19.924712ms
    directory_scratch_test.go:337: scratch mode=pending-restart acquisition=25.993291ms scratch-calls=1 provider-reads=0
2026/09/16 16:25:48 INFO discarding dagql cache without persistence hasSQLDB=false hasPersistDB=false
2026/09/16 16:25:48 INFO starting dagql cache close hasSQLDB=true hasPersistDB=true
2026/09/16 16:25:48 INFO marking dagql cache clean shutdown
2026/09/16 16:25:48 WARN successfully marked clean shutdown in persistence metadata
2026/09/16 16:25:48 INFO completed dagql cache close successfully
2026/09/16 16:25:48 INFO dagql pruned result resultID=1 call=Query.directory digest=xxh3:66b3e3c82e7ec924 args=[] description="dagql cache result 1" measuredSizeBytes=4096 reclaimedBytes=4096
2026/09/16 16:25:48 INFO discarding dagql cache without persistence hasSQLDB=true hasPersistDB=true
=== RUN   TestScratchDirectoryAcquisition/manager-failure
2026/09/16 16:25:48 INFO start lazy evaluation field=Query.directory
2026/09/16 16:25:48 INFO end lazy evaluation field=Query.directory duration=40.68µs err="injected scratch acquisition failure"
2026/09/16 16:25:48 INFO start lazy evaluation field=Query.directory
2026/09/16 16:25:48 INFO end lazy evaluation field=Query.directory duration=21.432302ms
    directory_scratch_test.go:337: scratch mode=manager-failure acquisition=30.676039ms scratch-calls=2 provider-reads=0
2026/09/16 16:25:48 INFO discarding dagql cache without persistence hasSQLDB=false hasPersistDB=false
2026/09/16 16:25:48 INFO dagql pruned result resultID=1 call=Query.directory digest=xxh3:66b3e3c82e7ec924 args=[] description="dagql cache result 1" measuredSizeBytes=4096 reclaimedBytes=4096
2026/09/16 16:25:48 INFO discarding dagql cache without persistence hasSQLDB=true hasPersistDB=true
=== RUN   TestScratchDirectoryAcquisition/manager-canceled
2026/09/16 16:25:48 INFO start lazy evaluation field=Query.directory
2026/09/16 16:25:48 INFO end lazy evaluation field=Query.directory duration=38.95µs err="context canceled"
2026/09/16 16:25:48 INFO start lazy evaluation field=Query.directory
2026/09/16 16:25:48 INFO end lazy evaluation field=Query.directory duration=22.755822ms
    directory_scratch_test.go:337: scratch mode=manager-canceled acquisition=31.294088ms scratch-calls=2 provider-reads=0
2026/09/16 16:25:48 INFO discarding dagql cache without persistence hasSQLDB=false hasPersistDB=false
2026/09/16 16:25:48 INFO dagql pruned result resultID=1 call=Query.directory digest=xxh3:66b3e3c82e7ec924 args=[] description="dagql cache result 1" measuredSizeBytes=4096 reclaimedBytes=4096
2026/09/16 16:25:48 INFO discarding dagql cache without persistence hasSQLDB=true hasPersistDB=true
=== RUN   TestScratchDirectoryAcquisition/prepare-failure
2026/09/16 16:25:48 INFO start lazy evaluation field=Query.directory
2026/09/16 16:25:48 INFO end lazy evaluation field=Query.directory duration=19.796753ms
2026/09/16 16:25:48 INFO start lazy evaluation field=Query.directory
2026/09/16 16:25:48 INFO end lazy evaluation field=Query.directory duration=1.547699ms
    directory_scratch_test.go:337: scratch mode=prepare-failure acquisition=30.571708ms scratch-calls=2 provider-reads=0
2026/09/16 16:25:48 INFO discarding dagql cache without persistence hasSQLDB=false hasPersistDB=false
2026/09/16 16:25:48 INFO dagql pruned result resultID=1 call=Query.directory digest=xxh3:66b3e3c82e7ec924 args=[] description="dagql cache result 1" measuredSizeBytes=4096 reclaimedBytes=4096
2026/09/16 16:25:48 INFO discarding dagql cache without persistence hasSQLDB=true hasPersistDB=true
=== RUN   TestScratchDirectoryAcquisition/sync-retry
2026/09/16 16:25:48 INFO start lazy evaluation field=Query.directory
2026/09/16 16:25:48 INFO end lazy evaluation field=Query.directory duration=21.289942ms
    directory_scratch_test.go:337: scratch mode=sync-retry acquisition=32.370068ms scratch-calls=1 provider-reads=0
2026/09/16 16:25:48 INFO discarding dagql cache without persistence hasSQLDB=false hasPersistDB=false
2026/09/16 16:25:48 INFO dagql pruned result resultID=1 call=Query.directory digest=xxh3:66b3e3c82e7ec924 args=[] description="dagql cache result 1" measuredSizeBytes=4096 reclaimedBytes=4096
2026/09/16 16:25:48 INFO discarding dagql cache without persistence hasSQLDB=true hasPersistDB=true
--- PASS: TestScratchDirectoryAcquisition (0.83s)
    --- PASS: TestScratchDirectoryAcquisition/cold (0.12s)
    --- PASS: TestScratchDirectoryAcquisition/canonical-only (0.10s)
    --- PASS: TestScratchDirectoryAcquisition/warm (0.11s)
    --- PASS: TestScratchDirectoryAcquisition/pending-restart (0.10s)
    --- PASS: TestScratchDirectoryAcquisition/manager-failure (0.10s)
    --- PASS: TestScratchDirectoryAcquisition/manager-canceled (0.10s)
    --- PASS: TestScratchDirectoryAcquisition/prepare-failure (0.10s)
    --- PASS: TestScratchDirectoryAcquisition/sync-retry (0.11s)
=== RUN   TestScratchDirectoryNativeReopen
2026/09/16 16:25:48 INFO starting dagql cache close hasSQLDB=true hasPersistDB=true
2026/09/16 16:25:48 INFO marking dagql cache clean shutdown
2026/09/16 16:25:48 WARN successfully marked clean shutdown in persistence metadata
2026/09/16 16:25:48 INFO completed dagql cache close successfully
2026/09/16 16:25:48 INFO start lazy evaluation field=Directory.restore
2026/09/16 16:25:48 INFO end lazy evaluation field=Directory.restore duration=97.93µs
2026/09/16 16:25:48 INFO starting dagql cache close hasSQLDB=true hasPersistDB=true
2026/09/16 16:25:48 INFO marking dagql cache clean shutdown
2026/09/16 16:25:48 WARN successfully marked clean shutdown in persistence metadata
2026/09/16 16:25:48 INFO completed dagql cache close successfully
2026/09/16 16:25:48 INFO start lazy evaluation field=Directory.restore
2026/09/16 16:25:48 INFO end lazy evaluation field=Directory.restore duration=84.98µs
2026/09/16 16:25:48 INFO discarding dagql cache without persistence hasSQLDB=true hasPersistDB=true
--- PASS: TestScratchDirectoryNativeReopen (0.05s)
PASS
ok      github.com/dagger/dagger/core/schema    1.042s
