=== RUN   TestContainerDirectEvaluateRunsRefinedGroups
=== PAUSE TestContainerDirectEvaluateRunsRefinedGroups
=== RUN   TestContainerConcurrentGroupCompletionClearsLazyOnce
=== PAUSE TestContainerConcurrentGroupCompletionClearsLazyOnce
=== RUN   TestContainerRoutingReadsRaceRefinedClear
=== PAUSE TestContainerRoutingReadsRaceRefinedClear
=== RUN   TestContainerRoutingReadsRaceUnrefinedClear
=== PAUSE TestContainerRoutingReadsRaceUnrefinedClear
=== RUN   TestPartAcquisitionRootRoutes
=== RUN   TestPartAcquisitionRootRoutes/ready
    part_acquisition_test.go:172: route=ready latency=25.062846ms pins=1 owner-sync-attempts=1 private-bodies=0
2026/09/16 16:23:49 INFO discarding dagql cache without persistence hasSQLDB=true hasPersistDB=true
2026/09/16 16:23:49 INFO discarding dagql cache without persistence hasSQLDB=true hasPersistDB=true
=== RUN   TestPartAcquisitionRootRoutes/chain
2026/09/16 16:23:49 INFO start lazy evaluation field=File.blob
2026/09/16 16:23:49 INFO end lazy evaluation field=File.blob duration=71.369491ms
    part_acquisition_test.go:172: route=chain latency=84.122769ms pins=1 owner-sync-attempts=1 private-bodies=0
2026/09/16 16:23:49 INFO discarding dagql cache without persistence hasSQLDB=true hasPersistDB=true
2026/09/16 16:23:49 INFO discarding dagql cache without persistence hasSQLDB=true hasPersistDB=true
=== RUN   TestPartAcquisitionRootRoutes/chain-sync-retry
2026/09/16 16:23:49 INFO start lazy evaluation field=File.blob
2026/09/16 16:23:49 INFO end lazy evaluation field=File.blob duration=46.726444ms
    part_acquisition_test.go:172: route=chain-sync-retry latency=85.431428ms pins=1 owner-sync-attempts=2 private-bodies=0
2026/09/16 16:23:50 INFO discarding dagql cache without persistence hasSQLDB=true hasPersistDB=true
2026/09/16 16:23:50 INFO discarding dagql cache without persistence hasSQLDB=true hasPersistDB=true
=== RUN   TestPartAcquisitionRootRoutes/chain-sync-restart
2026/09/16 16:23:50 INFO start lazy evaluation field=File.blob
2026/09/16 16:23:50 INFO end lazy evaluation field=File.blob duration=36.716224ms
2026/09/16 16:23:50 INFO starting dagql cache close hasSQLDB=true hasPersistDB=true
2026/09/16 16:23:50 INFO marking dagql cache clean shutdown
2026/09/16 16:23:50 WARN successfully marked clean shutdown in persistence metadata
2026/09/16 16:23:50 INFO completed dagql cache close successfully
    part_acquisition_test.go:172: route=chain-sync-restart latency=118.332774ms pins=0 owner-sync-attempts=1 private-bodies=0
2026/09/16 16:23:50 INFO discarding dagql cache without persistence hasSQLDB=true hasPersistDB=true
2026/09/16 16:23:50 INFO discarding dagql cache without persistence hasSQLDB=true hasPersistDB=true
=== RUN   TestPartAcquisitionRootRoutes/chain-pin-release-retry
2026/09/16 16:23:50 INFO start lazy evaluation field=File.blob
2026/09/16 16:23:50 INFO end lazy evaluation field=File.blob duration=40.731105ms
    part_acquisition_test.go:172: route=chain-pin-release-retry latency=83.476109ms pins=1 owner-sync-attempts=1 private-bodies=0
2026/09/16 16:23:50 INFO discarding dagql cache without persistence hasSQLDB=true hasPersistDB=true
2026/09/16 16:23:50 INFO discarding dagql cache without persistence hasSQLDB=true hasPersistDB=true
=== RUN   TestPartAcquisitionRootRoutes/chain-fallback
2026/09/16 16:23:50 INFO start lazy evaluation field=File.blob
2026/09/16 16:23:50 INFO end lazy evaluation field=File.blob duration=38.545985ms
2026/09/16 16:23:51 INFO start lazy evaluation field=File.blob
2026/09/16 16:23:51 INFO end lazy evaluation field=File.blob duration=38.703505ms
    part_acquisition_test.go:172: route=chain-fallback latency=93.980027ms pins=1 owner-sync-attempts=1 private-bodies=1
2026/09/16 16:23:51 INFO discarding dagql cache without persistence hasSQLDB=true hasPersistDB=true
2026/09/16 16:23:51 INFO discarding dagql cache without persistence hasSQLDB=true hasPersistDB=true
=== RUN   TestPartAcquisitionRootRoutes/producer
2026/09/16 16:23:51 INFO start lazy evaluation field=File.blob
2026/09/16 16:23:51 INFO end lazy evaluation field=File.blob duration=36.466975ms
    part_acquisition_test.go:172: route=producer latency=60.327931ms pins=1 owner-sync-attempts=1 private-bodies=1
2026/09/16 16:23:51 INFO discarding dagql cache without persistence hasSQLDB=true hasPersistDB=true
2026/09/16 16:23:51 INFO discarding dagql cache without persistence hasSQLDB=true hasPersistDB=true
--- PASS: TestPartAcquisitionRootRoutes (2.20s)
    --- PASS: TestPartAcquisitionRootRoutes/ready (0.17s)
    --- PASS: TestPartAcquisitionRootRoutes/chain (0.39s)
    --- PASS: TestPartAcquisitionRootRoutes/chain-sync-retry (0.33s)
    --- PASS: TestPartAcquisitionRootRoutes/chain-sync-restart (0.36s)
    --- PASS: TestPartAcquisitionRootRoutes/chain-pin-release-retry (0.33s)
    --- PASS: TestPartAcquisitionRootRoutes/chain-fallback (0.41s)
    --- PASS: TestPartAcquisitionRootRoutes/producer (0.21s)
=== RUN   TestPartContainerMixedRestart
2026/09/16 16:23:51 INFO starting dagql cache close hasSQLDB=true hasPersistDB=true
2026/09/16 16:23:51 INFO marking dagql cache clean shutdown
2026/09/16 16:23:51 WARN successfully marked clean shutdown in persistence metadata
2026/09/16 16:23:51 INFO completed dagql cache close successfully
2026/09/16 16:23:51 INFO discarding dagql cache without persistence hasSQLDB=true hasPersistDB=true
2026/09/16 16:23:51 INFO discarding dagql cache without persistence hasSQLDB=true hasPersistDB=true
--- PASS: TestPartContainerMixedRestart (0.52s)
=== RUN   TestPartMountReceiverRoles
2026/09/16 16:23:52 INFO discarding dagql cache without persistence hasSQLDB=false hasPersistDB=false
2026/09/16 16:23:52 INFO discarding dagql cache without persistence hasSQLDB=false hasPersistDB=false
--- PASS: TestPartMountReceiverRoles (0.20s)
=== RUN   TestPartPrivateWholeBuiltin
2026/09/16 16:23:52 INFO start lazy evaluation field=Query._builtinContainer
2026/09/16 16:23:52 INFO end lazy evaluation field=Query._builtinContainer duration=66.901101ms
2026/09/16 16:23:52 INFO discarding dagql cache without persistence hasSQLDB=false hasPersistDB=false
--- PASS: TestPartPrivateWholeBuiltin (0.15s)
=== RUN   TestPartDelegationMountRoles
=== RUN   TestPartDelegationMountRoles/shifted-role
2026/09/16 16:23:52 INFO discarding dagql cache without persistence hasSQLDB=false hasPersistDB=false
2026/09/16 16:23:52 INFO discarding dagql cache without persistence hasSQLDB=false hasPersistDB=false
2026/09/16 16:23:52 INFO discarding dagql cache without persistence hasSQLDB=false hasPersistDB=false
=== RUN   TestPartDelegationMountRoles/wrong-kind
2026/09/16 16:23:52 INFO discarding dagql cache without persistence hasSQLDB=false hasPersistDB=false
2026/09/16 16:23:52 INFO discarding dagql cache without persistence hasSQLDB=false hasPersistDB=false
--- PASS: TestPartDelegationMountRoles (0.57s)
    --- PASS: TestPartDelegationMountRoles/shifted-role (0.38s)
    --- PASS: TestPartDelegationMountRoles/wrong-kind (0.19s)
=== RUN   TestPartDelegationPureRoutes
=== RUN   TestPartDelegationPureRoutes/withWorkdir
=== RUN   TestPartDelegationPureRoutes/withEnvVariable
=== RUN   TestPartDelegationPureRoutes/withoutDefaultArgs
=== RUN   TestPartDelegationPureRoutes/__withSystemEnvVariable
=== RUN   TestPartDelegationPureRoutes/withEntrypoint
=== RUN   TestPartDelegationPureRoutes/withMountedCache
=== RUN   TestPartDelegationPureRoutes/withoutMount
=== RUN   TestPartDelegationPureRoutes/withUnixSocket
=== RUN   TestPartDelegationPureRoutes/withoutUnixSocket
=== RUN   TestPartDelegationPureRoutes/withoutEnvVariable
--- PASS: TestPartDelegationPureRoutes (0.02s)
    --- PASS: TestPartDelegationPureRoutes/withWorkdir (0.00s)
    --- PASS: TestPartDelegationPureRoutes/withEnvVariable (0.00s)
    --- PASS: TestPartDelegationPureRoutes/withoutDefaultArgs (0.00s)
    --- PASS: TestPartDelegationPureRoutes/__withSystemEnvVariable (0.00s)
    --- PASS: TestPartDelegationPureRoutes/withEntrypoint (0.00s)
    --- PASS: TestPartDelegationPureRoutes/withMountedCache (0.00s)
    --- PASS: TestPartDelegationPureRoutes/withoutMount (0.00s)
    --- PASS: TestPartDelegationPureRoutes/withUnixSocket (0.00s)
    --- PASS: TestPartDelegationPureRoutes/withoutUnixSocket (0.00s)
    --- PASS: TestPartDelegationPureRoutes/withoutEnvVariable (0.00s)
=== RUN   TestPartDelegationRealStore
=== RUN   TestPartDelegationRealStore/ready-parent
2026/09/16 16:23:53 INFO discarding dagql cache without persistence hasSQLDB=true hasPersistDB=true
2026/09/16 16:23:53 INFO discarding dagql cache without persistence hasSQLDB=false hasPersistDB=false
=== RUN   TestPartDelegationRealStore/pending-parent
2026/09/16 16:23:53 INFO discarding dagql cache without persistence hasSQLDB=true hasPersistDB=true
2026/09/16 16:23:53 INFO discarding dagql cache without persistence hasSQLDB=false hasPersistDB=false
=== RUN   TestPartDelegationRealStore/sync-retry
2026/09/16 16:23:53 INFO discarding dagql cache without persistence hasSQLDB=true hasPersistDB=true
2026/09/16 16:23:53 INFO discarding dagql cache without persistence hasSQLDB=false hasPersistDB=false
=== RUN   TestPartDelegationRealStore/native-restart
=== RUN   TestPartDelegationRealStore/native-restart/1
2026/09/16 16:23:53 INFO starting dagql cache close hasSQLDB=true hasPersistDB=true
2026/09/16 16:23:53 INFO marking dagql cache clean shutdown
2026/09/16 16:23:53 WARN successfully marked clean shutdown in persistence metadata
2026/09/16 16:23:53 INFO completed dagql cache close successfully
    part_delegation_test.go:273: native delegation depth=1 bookkeeping latency=15.641057ms pins=1 owner-syncs=1 independent-accessor-refs=1
2026/09/16 16:23:53 INFO discarding dagql cache without persistence hasSQLDB=true hasPersistDB=true
=== RUN   TestPartDelegationRealStore/native-restart/8
2026/09/16 16:23:53 INFO starting dagql cache close hasSQLDB=true hasPersistDB=true
2026/09/16 16:23:53 INFO marking dagql cache clean shutdown
2026/09/16 16:23:53 WARN successfully marked clean shutdown in persistence metadata
2026/09/16 16:23:53 INFO completed dagql cache close successfully
    part_delegation_test.go:273: native delegation depth=8 bookkeeping latency=172.381965ms pins=8 owner-syncs=8 independent-accessor-refs=8
2026/09/16 16:23:54 INFO discarding dagql cache without persistence hasSQLDB=true hasPersistDB=true
=== RUN   TestPartDelegationRealStore/native-restart/32
2026/09/16 16:23:54 INFO starting dagql cache close hasSQLDB=true hasPersistDB=true
2026/09/16 16:23:54 INFO marking dagql cache clean shutdown
2026/09/16 16:23:54 WARN successfully marked clean shutdown in persistence metadata
2026/09/16 16:23:54 INFO completed dagql cache close successfully
    part_delegation_test.go:273: native delegation depth=32 bookkeeping latency=791.323826ms pins=32 owner-syncs=32 independent-accessor-refs=32
2026/09/16 16:23:55 INFO discarding dagql cache without persistence hasSQLDB=true hasPersistDB=true
2026/09/16 16:23:55 INFO discarding dagql cache without persistence hasSQLDB=false hasPersistDB=false
=== RUN   TestPartDelegationRealStore/ready-parent-over-chain
2026/09/16 16:23:55 INFO discarding dagql cache without persistence hasSQLDB=true hasPersistDB=true
2026/09/16 16:23:55 INFO discarding dagql cache without persistence hasSQLDB=false hasPersistDB=false
=== RUN   TestPartDelegationRealStore/ordinary-ready-tie
2026/09/16 16:23:55 INFO discarding dagql cache without persistence hasSQLDB=true hasPersistDB=true
2026/09/16 16:23:55 INFO discarding dagql cache without persistence hasSQLDB=false hasPersistDB=false
=== RUN   TestPartDelegationRealStore/child-chain-first
2026/09/16 16:23:56 INFO discarding dagql cache without persistence hasSQLDB=true hasPersistDB=true
2026/09/16 16:23:56 INFO discarding dagql cache without persistence hasSQLDB=false hasPersistDB=false
=== RUN   TestPartDelegationRealStore/late-child
2026/09/16 16:23:56 INFO discarding dagql cache without persistence hasSQLDB=true hasPersistDB=true
2026/09/16 16:23:56 INFO discarding dagql cache without persistence hasSQLDB=false hasPersistDB=false
--- PASS: TestPartDelegationRealStore (3.61s)
    --- PASS: TestPartDelegationRealStore/ready-parent (0.31s)
    --- PASS: TestPartDelegationRealStore/pending-parent (0.30s)
    --- PASS: TestPartDelegationRealStore/sync-retry (0.28s)
    --- PASS: TestPartDelegationRealStore/native-restart (1.37s)
        --- PASS: TestPartDelegationRealStore/native-restart/1 (0.09s)
        --- PASS: TestPartDelegationRealStore/native-restart/8 (0.26s)
        --- PASS: TestPartDelegationRealStore/native-restart/32 (0.96s)
    --- PASS: TestPartDelegationRealStore/ready-parent-over-chain (0.29s)
    --- PASS: TestPartDelegationRealStore/ordinary-ready-tie (0.31s)
    --- PASS: TestPartDelegationRealStore/child-chain-first (0.33s)
    --- PASS: TestPartDelegationRealStore/late-child (0.43s)
=== RUN   TestPartFilesystemPublicationRoles
=== RUN   TestPartFilesystemPublicationRoles/File
    part_filesystem_race_test.go:144: File coherent tuple/role samples=291 publications=2048
2026/09/16 16:23:56 INFO discarding dagql cache without persistence hasSQLDB=false hasPersistDB=false
=== RUN   TestPartFilesystemPublicationRoles/Directory
    part_filesystem_race_test.go:144: Directory coherent tuple/role samples=269 publications=2048
2026/09/16 16:23:57 INFO discarding dagql cache without persistence hasSQLDB=false hasPersistDB=false
--- PASS: TestPartFilesystemPublicationRoles (0.57s)
    --- PASS: TestPartFilesystemPublicationRoles/File (0.29s)
    --- PASS: TestPartFilesystemPublicationRoles/Directory (0.28s)
=== RUN   TestPartInlineAddress
=== RUN   TestPartInlineAddress/sequential
2026/09/16 16:23:57 INFO starting dagql cache close hasSQLDB=true hasPersistDB=true
2026/09/16 16:23:57 INFO marking dagql cache clean shutdown
2026/09/16 16:23:57 WARN successfully marked clean shutdown in persistence metadata
2026/09/16 16:23:57 INFO completed dagql cache close successfully
2026/09/16 16:23:57 INFO dagql pruned result resultID=2 call=Query.inlineDirectories digest="" args=[] description="dagql cache result 2" measuredSizeBytes=0 reclaimedBytes=0
2026/09/16 16:23:57 INFO discarding dagql cache without persistence hasSQLDB=true hasPersistDB=true
2026/09/16 16:23:57 INFO discarding dagql cache without persistence hasSQLDB=true hasPersistDB=true
=== RUN   TestPartInlineAddress/concurrent
2026/09/16 16:23:58 INFO starting dagql cache close hasSQLDB=true hasPersistDB=true
2026/09/16 16:23:58 INFO marking dagql cache clean shutdown
2026/09/16 16:23:58 WARN successfully marked clean shutdown in persistence metadata
2026/09/16 16:23:58 INFO completed dagql cache close successfully
2026/09/16 16:23:58 INFO dagql pruned result resultID=2 call=Query.inlineDirectories digest="" args=[] description="dagql cache result 2" measuredSizeBytes=0 reclaimedBytes=0
2026/09/16 16:23:58 INFO discarding dagql cache without persistence hasSQLDB=true hasPersistDB=true
2026/09/16 16:23:58 INFO discarding dagql cache without persistence hasSQLDB=true hasPersistDB=true
=== RUN   TestPartInlineAddress/shared-snapshot-sync-retry
2026/09/16 16:23:59 INFO starting dagql cache close hasSQLDB=true hasPersistDB=true
2026/09/16 16:23:59 INFO marking dagql cache clean shutdown
2026/09/16 16:23:59 WARN successfully marked clean shutdown in persistence metadata
2026/09/16 16:23:59 INFO completed dagql cache close successfully
2026/09/16 16:23:59 INFO dagql pruned result resultID=2 call=Query.inlineDirectories digest="" args=[] description="dagql cache result 2" measuredSizeBytes=0 reclaimedBytes=0
2026/09/16 16:23:59 INFO discarding dagql cache without persistence hasSQLDB=true hasPersistDB=true
2026/09/16 16:23:59 INFO discarding dagql cache without persistence hasSQLDB=true hasPersistDB=true
--- PASS: TestPartInlineAddress (2.41s)
    --- PASS: TestPartInlineAddress/sequential (0.71s)
    --- PASS: TestPartInlineAddress/concurrent (0.75s)
    --- PASS: TestPartInlineAddress/shared-snapshot-sync-retry (0.94s)
=== RUN   TestPartTypedPublicationRoles
    part_publication_race_test.go:98: coherent concurrent raw reader samples=262
2026/09/16 16:23:59 INFO discarding dagql cache without persistence hasSQLDB=false hasPersistDB=false
2026/09/16 16:23:59 INFO discarding dagql cache without persistence hasSQLDB=false hasPersistDB=false
--- PASS: TestPartTypedPublicationRoles (0.38s)
=== RUN   TestPartPureRoutes
=== RUN   TestPartPureRoutes/withExec
=== RUN   TestPartPureRoutes/withExec#01
=== RUN   TestPartPureRoutes/from
=== RUN   TestPartPureRoutes/withRootfs
=== RUN   TestPartPureRoutes/withWorkdir
=== RUN   TestPartPureRoutes/withDirectory
=== RUN   TestPartPureRoutes/withMountedFile
=== RUN   TestPartPureRoutes/withSymlink
--- PASS: TestPartPureRoutes (0.02s)
    --- PASS: TestPartPureRoutes/withExec (0.00s)
    --- PASS: TestPartPureRoutes/withExec#01 (0.00s)
    --- PASS: TestPartPureRoutes/from (0.00s)
    --- PASS: TestPartPureRoutes/withRootfs (0.00s)
    --- PASS: TestPartPureRoutes/withWorkdir (0.00s)
    --- PASS: TestPartPureRoutes/withDirectory (0.00s)
    --- PASS: TestPartPureRoutes/withMountedFile (0.00s)
    --- PASS: TestPartPureRoutes/withSymlink (0.00s)
=== RUN   TestPartScopeEmptyBoot
=== RUN   TestPartScopeEmptyBoot/old_schema_false
2026/09/16 16:23:59 INFO starting dagql cache close hasSQLDB=true hasPersistDB=true
2026/09/16 16:23:59 INFO marking dagql cache clean shutdown
2026/09/16 16:23:59 WARN successfully marked clean shutdown in persistence metadata
2026/09/16 16:23:59 INFO completed dagql cache close successfully
2026/09/16 16:23:59 INFO discarding dagql cache without persistence hasSQLDB=true hasPersistDB=true
=== RUN   TestPartScopeEmptyBoot/old_schema_true
2026/09/16 16:24:00 INFO starting dagql cache close hasSQLDB=true hasPersistDB=true
2026/09/16 16:24:00 INFO marking dagql cache clean shutdown
2026/09/16 16:24:00 WARN successfully marked clean shutdown in persistence metadata
2026/09/16 16:24:00 INFO completed dagql cache close successfully
2026/09/16 16:24:00 WARN dagql persistence import failed; wiping and cold-starting err="list mirror result_snapshot_links: SQL logic error: no such column: output_path (1)"
2026/09/16 16:24:00 INFO discarding dagql cache without persistence hasSQLDB=true hasPersistDB=true
--- PASS: TestPartScopeEmptyBoot (0.29s)
    --- PASS: TestPartScopeEmptyBoot/old_schema_false (0.12s)
    --- PASS: TestPartScopeEmptyBoot/old_schema_true (0.18s)
=== RUN   TestPartScopeRootRekeyCost
=== RUN   TestPartScopeRootRekeyCost/1
2026/09/16 16:24:00 INFO starting dagql cache close hasSQLDB=true hasPersistDB=true
2026/09/16 16:24:00 INFO marking dagql cache clean shutdown
2026/09/16 16:24:00 WARN successfully marked clean shutdown in persistence metadata
2026/09/16 16:24:00 INFO completed dagql cache close successfully
    part_scope_boot_test.go:133: root_rekey roots=1 attaches=1 stale_scans=1 stale_removes=1 peak_owner_leases=2 elapsed=37.869664ms
2026/09/16 16:24:00 INFO discarding dagql cache without persistence hasSQLDB=true hasPersistDB=true
=== RUN   TestPartScopeRootRekeyCost/32
2026/09/16 16:24:00 INFO starting dagql cache close hasSQLDB=true hasPersistDB=true
2026/09/16 16:24:00 INFO marking dagql cache clean shutdown
2026/09/16 16:24:00 WARN successfully marked clean shutdown in persistence metadata
2026/09/16 16:24:00 INFO completed dagql cache close successfully
    part_scope_boot_test.go:133: root_rekey roots=32 attaches=32 stale_scans=1 stale_removes=32 peak_owner_leases=64 elapsed=225.438464ms
2026/09/16 16:24:01 INFO discarding dagql cache without persistence hasSQLDB=true hasPersistDB=true
--- PASS: TestPartScopeRootRekeyCost (0.90s)
    --- PASS: TestPartScopeRootRekeyCost/1 (0.16s)
    --- PASS: TestPartScopeRootRekeyCost/32 (0.74s)
=== RUN   TestPartScopeBootScanFailure
--- PASS: TestPartScopeBootScanFailure (0.06s)
=== RUN   TestPartScopeNestedNullableRepresentation
2026/09/16 16:24:01 INFO starting dagql cache close hasSQLDB=true hasPersistDB=true
2026/09/16 16:24:01 INFO marking dagql cache clean shutdown
2026/09/16 16:24:01 WARN successfully marked clean shutdown in persistence metadata
2026/09/16 16:24:01 INFO completed dagql cache close successfully
2026/09/16 16:24:01 INFO discarding dagql cache without persistence hasSQLDB=true hasPersistDB=true
--- PASS: TestPartScopeNestedNullableRepresentation (0.07s)
=== RUN   TestPartWholeProducerMixedRestart
2026/09/16 16:24:01 INFO starting dagql cache close hasSQLDB=true hasPersistDB=true
2026/09/16 16:24:01 INFO marking dagql cache clean shutdown
2026/09/16 16:24:01 WARN successfully marked clean shutdown in persistence metadata
2026/09/16 16:24:01 INFO completed dagql cache close successfully
2026/09/16 16:24:01 INFO start lazy evaluation field=Query._builtinContainer
2026/09/16 16:24:01 INFO end lazy evaluation field=Query._builtinContainer duration=39.969234ms
2026/09/16 16:24:01 INFO discarding dagql cache without persistence hasSQLDB=true hasPersistDB=true
2026/09/16 16:24:01 INFO discarding dagql cache without persistence hasSQLDB=false hasPersistDB=false
2026/09/16 16:24:01 INFO discarding dagql cache without persistence hasSQLDB=false hasPersistDB=false
--- PASS: TestPartWholeProducerMixedRestart (0.36s)
=== RUN   TestPartPendingImageMetadataStaysSelective
2026/09/16 16:24:01 INFO start lazy group evaluation field=Container.from group=metadata
2026/09/16 16:24:01 INFO end lazy group evaluation field=Container.from group=metadata duration=740.599µs
2026/09/16 16:24:01 INFO start lazy group evaluation field=Container.from group=execMeta
2026/09/16 16:24:01 INFO end lazy group evaluation field=Container.from group=execMeta duration=1.148ms
2026/09/16 16:24:01 INFO discarding dagql cache without persistence hasSQLDB=false hasPersistDB=false
2026/09/16 16:24:01 INFO discarding dagql cache without persistence hasSQLDB=false hasPersistDB=false
--- PASS: TestPartPendingImageMetadataStaysSelective (0.03s)
=== RUN   TestPartNativePendingContainerRequiresRecipe
2026/09/16 16:24:01 INFO discarding dagql cache without persistence hasSQLDB=false hasPersistDB=false
--- PASS: TestPartNativePendingContainerRequiresRecipe (0.01s)
=== CONT  TestContainerDirectEvaluateRunsRefinedGroups
=== CONT  TestContainerRoutingReadsRaceUnrefinedClear
=== CONT  TestContainerConcurrentGroupCompletionClearsLazyOnce
=== CONT  TestContainerRoutingReadsRaceRefinedClear
2026/09/16 16:24:01 INFO start lazy evaluation field=test.unrefinedWriter
2026/09/16 16:24:01 INFO end lazy evaluation field=test.unrefinedWriter duration=444.14µs
2026/09/16 16:24:01 INFO start lazy group evaluation field=test.base group=metadata
2026/09/16 16:24:01 INFO end lazy group evaluation field=test.base group=metadata duration=52.61µs
2026/09/16 16:24:01 INFO discarding dagql cache without persistence hasSQLDB=false hasPersistDB=false
2026/09/16 16:24:01 INFO start lazy group evaluation field=test.base group=execMeta
--- PASS: TestContainerRoutingReadsRaceUnrefinedClear (0.00s)
2026/09/16 16:24:01 INFO end lazy group evaluation field=test.base group=execMeta duration=23.17µs
2026/09/16 16:24:01 INFO start lazy group evaluation field=test.base group=fs
2026/09/16 16:24:01 INFO start lazy group evaluation field=Container.withUser group=metadata
2026/09/16 16:24:01 INFO start lazy group evaluation field=test.base group=metadata
2026/09/16 16:24:01 INFO end lazy group evaluation field=test.base group=metadata duration=104.82µs
2026/09/16 16:24:01 INFO end lazy group evaluation field=test.base group=fs duration=428.7µs
2026/09/16 16:24:01 INFO start lazy group evaluation field=test.base group=metadata
2026/09/16 16:24:01 INFO end lazy group evaluation field=test.base group=metadata duration=212.74µs
2026/09/16 16:24:01 INFO end lazy group evaluation field=Container.withUser group=metadata duration=386.12µs
2026/09/16 16:24:01 INFO start lazy group evaluation field=test.base group=fs
2026/09/16 16:24:01 INFO start lazy group evaluation field=Container.withUser group=execMeta
2026/09/16 16:24:01 INFO end lazy group evaluation field=test.base group=fs duration=73.26µs
2026/09/16 16:24:01 INFO start lazy group evaluation field=Container.withUser group=fs
2026/09/16 16:24:01 INFO start lazy group evaluation field=test.base group=fs
2026/09/16 16:24:01 INFO end lazy group evaluation field=test.base group=fs duration=96.5µs
2026/09/16 16:24:01 INFO end lazy group evaluation field=Container.withUser group=fs duration=238.87µs
2026/09/16 16:24:01 INFO start lazy group evaluation field=test.base group=execMeta
2026/09/16 16:24:01 INFO end lazy group evaluation field=test.base group=execMeta duration=15.44µs
2026/09/16 16:24:01 INFO start lazy group evaluation field=test.base group=execMeta
2026/09/16 16:24:01 INFO end lazy group evaluation field=Container.withUser group=execMeta duration=476.89µs
2026/09/16 16:24:01 INFO end lazy group evaluation field=test.base group=execMeta duration=57.78µs
2026/09/16 16:24:01 INFO discarding dagql cache without persistence hasSQLDB=false hasPersistDB=false
--- PASS: TestContainerDirectEvaluateRunsRefinedGroups (0.00s)
2026/09/16 16:24:01 INFO start lazy group evaluation field=test.base group=mount:/b
2026/09/16 16:24:01 INFO start lazy group evaluation field=test.base group=mount:/a
2026/09/16 16:24:01 INFO end lazy group evaluation field=test.base group=mount:/a duration=66.84µs
2026/09/16 16:24:01 INFO end lazy group evaluation field=test.base group=mount:/b duration=502.97µs
2026/09/16 16:24:01 INFO discarding dagql cache without persistence hasSQLDB=false hasPersistDB=false
--- PASS: TestContainerConcurrentGroupCompletionClearsLazyOnce (0.00s)
2026/09/16 16:24:01 INFO discarding dagql cache without persistence hasSQLDB=false hasPersistDB=false
--- PASS: TestContainerRoutingReadsRaceRefinedClear (0.00s)
PASS
ok      github.com/dagger/dagger/core   13.841s
