[dagger] 30.0s elapsed · 2 steps running
[dagger] 1m0s elapsed · 12 steps running
[dagger] 1m30s elapsed · 9 steps running
== TRACE ==  ✔ PASSED
engine-dev test --pkg ./core/integration --run=TestRemoteCacheTransferSuite/TestPartMixedExecOutputs$ --timeout=5m --test-verbose  1m51s

✔ connect 0.3s
✔ load workspace: . 2.1s
✔ parsing command line arguments 0.0s

✔ engineDev(
  ┆ ws: currentWorkspace: Workspace!
  ): EngineDev! 22.5s
✔ .test(run: "TestRemoteCacheTransferSuite/TestPartMixedExecOutputs$", pkg: "./core/integration", timeout: "5m", testVerbose: true): Void 1m26s
  ✔ 1 upload, 3 unpacks, 2 pulls, 1 transfer 9.4s

== SERVICES ==
✔ rogct0dgr0vls.ktevk703omgk2.dagger.local exec /entrypoint.sh /etc/docker/registry/config.yml 1m20s EXITED span=771adb77903fd04a
✔ h4avdn8nctrm4.ktevk703omgk2.dagger.local exec /entrypoint.sh /etc/docker/registry/config.yml 1m20s EXITED span=54aed3a44dc0a1bf
✘ aflb03jlhnai4.ktevk703omgk2.dagger.local exec dagger-entrypoint.sh --addr unix:///run/dagger-engine.sock --addr tcp://0.0.0.0:1234 --network-name dagger-dev --network-cidr 10.88.0.0/16 --debugaddr 0.0.0.0:6060 1m19s ERROR span=154e17d286d9e727

== TESTS ==
  ✔ github.com/dagger/dagger/core/integration  1 passed

  ✔ 1 passed

Trace ID: 0967fe7633b146e9202c701e625d3e1d
