=== RUN   TestContainerDirectEvaluateRunsRefinedGroups
=== PAUSE TestContainerDirectEvaluateRunsRefinedGroups
=== RUN   TestContainerConcurrentGroupCompletionClearsLazyOnce
=== PAUSE TestContainerConcurrentGroupCompletionClearsLazyOnce
=== RUN   TestContainerRoutingReadsRaceRefinedClear
=== PAUSE TestContainerRoutingReadsRaceRefinedClear
=== RUN   TestContainerRoutingReadsRaceUnrefinedClear
=== PAUSE TestContainerRoutingReadsRaceUnrefinedClear
=== RUN   TestPartAcquisitionRootRoutes
=== RUN   TestPartAcquisitionRootRoutes/ready
    part_acquisition_test.go:172: route=ready latency=11.801673ms pins=1 owner-sync-attempts=1 private-bodies=0
2026/09/16 15:05:32 INFO discarding dagql cache without persistence hasSQLDB=true hasPersistDB=true
2026/09/16 15:05:32 INFO discarding dagql cache without persistence hasSQLDB=true hasPersistDB=true
=== RUN   TestPartAcquisitionRootRoutes/chain
2026/09/16 15:05:32 INFO start lazy evaluation field=File.blob
2026/09/16 15:05:32 INFO end lazy evaluation field=File.blob duration=29.023691ms
    part_acquisition_test.go:172: route=chain latency=81.575357ms pins=1 owner-sync-attempts=1 private-bodies=0
2026/09/16 15:05:32 INFO discarding dagql cache without persistence hasSQLDB=true hasPersistDB=true
2026/09/16 15:05:32 INFO discarding dagql cache without persistence hasSQLDB=true hasPersistDB=true
=== RUN   TestPartAcquisitionRootRoutes/chain-sync-retry
2026/09/16 15:05:32 INFO start lazy evaluation field=File.blob
2026/09/16 15:05:32 INFO end lazy evaluation field=File.blob duration=44.26413ms
    part_acquisition_test.go:172: route=chain-sync-retry latency=88.55173ms pins=1 owner-sync-attempts=2 private-bodies=0
2026/09/16 15:05:33 INFO discarding dagql cache without persistence hasSQLDB=true hasPersistDB=true
2026/09/16 15:05:33 INFO discarding dagql cache without persistence hasSQLDB=true hasPersistDB=true
=== RUN   TestPartAcquisitionRootRoutes/chain-sync-restart
2026/09/16 15:05:33 INFO start lazy evaluation field=File.blob
2026/09/16 15:05:33 INFO end lazy evaluation field=File.blob duration=40.891723ms
2026/09/16 15:05:33 INFO starting dagql cache close hasSQLDB=true hasPersistDB=true
2026/09/16 15:05:33 INFO marking dagql cache clean shutdown
2026/09/16 15:05:33 WARN successfully marked clean shutdown in persistence metadata
2026/09/16 15:05:33 INFO completed dagql cache close successfully
    part_acquisition_test.go:172: route=chain-sync-restart latency=132.762019ms pins=0 owner-sync-attempts=1 private-bodies=0
2026/09/16 15:05:33 INFO discarding dagql cache without persistence hasSQLDB=true hasPersistDB=true
2026/09/16 15:05:33 INFO discarding dagql cache without persistence hasSQLDB=true hasPersistDB=true
=== RUN   TestPartAcquisitionRootRoutes/chain-pin-release-retry
2026/09/16 15:05:33 INFO start lazy evaluation field=File.blob
2026/09/16 15:05:33 INFO end lazy evaluation field=File.blob duration=43.342643ms
    part_acquisition_test.go:172: route=chain-pin-release-retry latency=74.324478ms pins=1 owner-sync-attempts=1 private-bodies=0
2026/09/16 15:05:33 INFO discarding dagql cache without persistence hasSQLDB=true hasPersistDB=true
2026/09/16 15:05:33 INFO discarding dagql cache without persistence hasSQLDB=true hasPersistDB=true
=== RUN   TestPartAcquisitionRootRoutes/chain-fallback
2026/09/16 15:05:33 INFO start lazy evaluation field=File.blob
2026/09/16 15:05:33 INFO end lazy evaluation field=File.blob duration=29.62668ms
2026/09/16 15:05:34 INFO start lazy evaluation field=File.blob
2026/09/16 15:05:34 INFO end lazy evaluation field=File.blob duration=41.020123ms
    part_acquisition_test.go:172: route=chain-fallback latency=92.771242ms pins=1 owner-sync-attempts=1 private-bodies=1
2026/09/16 15:05:34 INFO discarding dagql cache without persistence hasSQLDB=true hasPersistDB=true
2026/09/16 15:05:34 INFO discarding dagql cache without persistence hasSQLDB=true hasPersistDB=true
=== RUN   TestPartAcquisitionRootRoutes/producer
2026/09/16 15:05:34 INFO start lazy evaluation field=File.blob
2026/09/16 15:05:34 INFO end lazy evaluation field=File.blob duration=41.347462ms
    part_acquisition_test.go:172: route=producer latency=65.968832ms pins=1 owner-sync-attempts=1 private-bodies=1
2026/09/16 15:05:34 INFO discarding dagql cache without persistence hasSQLDB=true hasPersistDB=true
2026/09/16 15:05:34 INFO discarding dagql cache without persistence hasSQLDB=true hasPersistDB=true
--- PASS: TestPartAcquisitionRootRoutes (2.06s)
    --- PASS: TestPartAcquisitionRootRoutes/ready (0.16s)
    --- PASS: TestPartAcquisitionRootRoutes/chain (0.29s)
    --- PASS: TestPartAcquisitionRootRoutes/chain-sync-retry (0.34s)
    --- PASS: TestPartAcquisitionRootRoutes/chain-sync-restart (0.40s)
    --- PASS: TestPartAcquisitionRootRoutes/chain-pin-release-retry (0.33s)
    --- PASS: TestPartAcquisitionRootRoutes/chain-fallback (0.32s)
    --- PASS: TestPartAcquisitionRootRoutes/producer (0.20s)
=== RUN   TestPartContainerMixedRestart
2026/09/16 15:05:34 INFO starting dagql cache close hasSQLDB=true hasPersistDB=true
2026/09/16 15:05:34 INFO marking dagql cache clean shutdown
2026/09/16 15:05:34 WARN successfully marked clean shutdown in persistence metadata
2026/09/16 15:05:34 INFO completed dagql cache close successfully
2026/09/16 15:05:34 INFO discarding dagql cache without persistence hasSQLDB=true hasPersistDB=true
2026/09/16 15:05:34 INFO discarding dagql cache without persistence hasSQLDB=true hasPersistDB=true
--- PASS: TestPartContainerMixedRestart (0.50s)
=== RUN   TestPartMountReceiverRoles
2026/09/16 15:05:35 INFO discarding dagql cache without persistence hasSQLDB=false hasPersistDB=false
2026/09/16 15:05:35 INFO discarding dagql cache without persistence hasSQLDB=false hasPersistDB=false
--- PASS: TestPartMountReceiverRoles (0.19s)
=== RUN   TestPartPrivateWholeBuiltin
2026/09/16 15:05:35 INFO start lazy evaluation field=Query._builtinContainer
2026/09/16 15:05:35 INFO end lazy evaluation field=Query._builtinContainer duration=61.364601ms
2026/09/16 15:05:35 INFO discarding dagql cache without persistence hasSQLDB=false hasPersistDB=false
--- PASS: TestPartPrivateWholeBuiltin (0.13s)
=== RUN   TestPartDelegationMountRoles
=== RUN   TestPartDelegationMountRoles/shifted-role
2026/09/16 15:05:35 INFO discarding dagql cache without persistence hasSQLDB=false hasPersistDB=false
2026/09/16 15:05:35 INFO discarding dagql cache without persistence hasSQLDB=false hasPersistDB=false
2026/09/16 15:05:35 INFO discarding dagql cache without persistence hasSQLDB=false hasPersistDB=false
=== RUN   TestPartDelegationMountRoles/wrong-kind
2026/09/16 15:05:35 INFO discarding dagql cache without persistence hasSQLDB=false hasPersistDB=false
2026/09/16 15:05:35 INFO discarding dagql cache without persistence hasSQLDB=false hasPersistDB=false
--- PASS: TestPartDelegationMountRoles (0.49s)
    --- PASS: TestPartDelegationMountRoles/shifted-role (0.34s)
    --- PASS: TestPartDelegationMountRoles/wrong-kind (0.15s)
=== RUN   TestPartDelegationPureRoutes
=== RUN   TestPartDelegationPureRoutes/withWorkdir
=== RUN   TestPartDelegationPureRoutes/withEnvVariable
=== RUN   TestPartDelegationPureRoutes/withoutDefaultArgs
=== RUN   TestPartDelegationPureRoutes/__withSystemEnvVariable
=== RUN   TestPartDelegationPureRoutes/withEntrypoint
=== RUN   TestPartDelegationPureRoutes/withMountedCache
=== RUN   TestPartDelegationPureRoutes/withoutMount
=== RUN   TestPartDelegationPureRoutes/withUnixSocket
=== RUN   TestPartDelegationPureRoutes/withoutUnixSocket
=== RUN   TestPartDelegationPureRoutes/withoutEnvVariable
--- PASS: TestPartDelegationPureRoutes (0.03s)
    --- PASS: TestPartDelegationPureRoutes/withWorkdir (0.00s)
    --- PASS: TestPartDelegationPureRoutes/withEnvVariable (0.00s)
    --- PASS: TestPartDelegationPureRoutes/withoutDefaultArgs (0.00s)
    --- PASS: TestPartDelegationPureRoutes/__withSystemEnvVariable (0.00s)
    --- PASS: TestPartDelegationPureRoutes/withEntrypoint (0.00s)
    --- PASS: TestPartDelegationPureRoutes/withMountedCache (0.00s)
    --- PASS: TestPartDelegationPureRoutes/withoutMount (0.00s)
    --- PASS: TestPartDelegationPureRoutes/withUnixSocket (0.00s)
    --- PASS: TestPartDelegationPureRoutes/withoutUnixSocket (0.00s)
    --- PASS: TestPartDelegationPureRoutes/withoutEnvVariable (0.00s)
=== RUN   TestPartDelegationRealStore
=== RUN   TestPartDelegationRealStore/ready-parent
2026/09/16 15:05:35 INFO discarding dagql cache without persistence hasSQLDB=true hasPersistDB=true
2026/09/16 15:05:35 INFO discarding dagql cache without persistence hasSQLDB=false hasPersistDB=false
=== RUN   TestPartDelegationRealStore/pending-parent
2026/09/16 15:05:36 INFO discarding dagql cache without persistence hasSQLDB=true hasPersistDB=true
2026/09/16 15:05:36 INFO discarding dagql cache without persistence hasSQLDB=false hasPersistDB=false
=== RUN   TestPartDelegationRealStore/sync-retry
2026/09/16 15:05:36 INFO discarding dagql cache without persistence hasSQLDB=true hasPersistDB=true
2026/09/16 15:05:36 INFO discarding dagql cache without persistence hasSQLDB=false hasPersistDB=false
=== RUN   TestPartDelegationRealStore/native-restart
=== RUN   TestPartDelegationRealStore/native-restart/1
2026/09/16 15:05:36 INFO starting dagql cache close hasSQLDB=true hasPersistDB=true
2026/09/16 15:05:36 INFO marking dagql cache clean shutdown
2026/09/16 15:05:36 WARN successfully marked clean shutdown in persistence metadata
2026/09/16 15:05:36 INFO completed dagql cache close successfully
    part_delegation_test.go:273: native delegation depth=1 bookkeeping latency=19.6176ms pins=1 owner-syncs=1 independent-accessor-refs=1
2026/09/16 15:05:36 INFO discarding dagql cache without persistence hasSQLDB=true hasPersistDB=true
=== RUN   TestPartDelegationRealStore/native-restart/8
2026/09/16 15:05:36 INFO starting dagql cache close hasSQLDB=true hasPersistDB=true
2026/09/16 15:05:36 INFO marking dagql cache clean shutdown
2026/09/16 15:05:36 WARN successfully marked clean shutdown in persistence metadata
2026/09/16 15:05:36 INFO completed dagql cache close successfully
    part_delegation_test.go:273: native delegation depth=8 bookkeeping latency=146.355966ms pins=8 owner-syncs=8 independent-accessor-refs=8
2026/09/16 15:05:36 INFO discarding dagql cache without persistence hasSQLDB=true hasPersistDB=true
=== RUN   TestPartDelegationRealStore/native-restart/32
2026/09/16 15:05:37 INFO starting dagql cache close hasSQLDB=true hasPersistDB=true
2026/09/16 15:05:37 INFO marking dagql cache clean shutdown
2026/09/16 15:05:37 WARN successfully marked clean shutdown in persistence metadata
2026/09/16 15:05:37 INFO completed dagql cache close successfully
    part_delegation_test.go:273: native delegation depth=32 bookkeeping latency=634.073188ms pins=32 owner-syncs=32 independent-accessor-refs=32
2026/09/16 15:05:37 INFO discarding dagql cache without persistence hasSQLDB=true hasPersistDB=true
2026/09/16 15:05:37 INFO discarding dagql cache without persistence hasSQLDB=false hasPersistDB=false
=== RUN   TestPartDelegationRealStore/ready-parent-over-chain
2026/09/16 15:05:38 INFO discarding dagql cache without persistence hasSQLDB=true hasPersistDB=true
2026/09/16 15:05:38 INFO discarding dagql cache without persistence hasSQLDB=false hasPersistDB=false
=== RUN   TestPartDelegationRealStore/ordinary-ready-tie
2026/09/16 15:05:38 INFO discarding dagql cache without persistence hasSQLDB=true hasPersistDB=true
2026/09/16 15:05:38 INFO discarding dagql cache without persistence hasSQLDB=false hasPersistDB=false
=== RUN   TestPartDelegationRealStore/child-chain-first
2026/09/16 15:05:38 INFO discarding dagql cache without persistence hasSQLDB=true hasPersistDB=true
2026/09/16 15:05:38 INFO discarding dagql cache without persistence hasSQLDB=false hasPersistDB=false
=== RUN   TestPartDelegationRealStore/late-child
2026/09/16 15:05:39 INFO discarding dagql cache without persistence hasSQLDB=true hasPersistDB=true
2026/09/16 15:05:39 INFO discarding dagql cache without persistence hasSQLDB=false hasPersistDB=false
--- PASS: TestPartDelegationRealStore (3.37s)
    --- PASS: TestPartDelegationRealStore/ready-parent (0.28s)
    --- PASS: TestPartDelegationRealStore/pending-parent (0.29s)
    --- PASS: TestPartDelegationRealStore/sync-retry (0.28s)
    --- PASS: TestPartDelegationRealStore/native-restart (1.25s)
        --- PASS: TestPartDelegationRealStore/native-restart/1 (0.11s)
        --- PASS: TestPartDelegationRealStore/native-restart/8 (0.25s)
        --- PASS: TestPartDelegationRealStore/native-restart/32 (0.83s)
    --- PASS: TestPartDelegationRealStore/ready-parent-over-chain (0.28s)
    --- PASS: TestPartDelegationRealStore/ordinary-ready-tie (0.29s)
    --- PASS: TestPartDelegationRealStore/child-chain-first (0.27s)
    --- PASS: TestPartDelegationRealStore/late-child (0.43s)
=== RUN   TestPartFilesystemPublicationRoles
=== RUN   TestPartFilesystemPublicationRoles/File
    part_filesystem_race_test.go:144: File coherent tuple/role samples=241 publications=2048
2026/09/16 15:05:39 INFO discarding dagql cache without persistence hasSQLDB=false hasPersistDB=false
=== RUN   TestPartFilesystemPublicationRoles/Directory
    part_filesystem_race_test.go:144: Directory coherent tuple/role samples=249 publications=2048
2026/09/16 15:05:39 INFO discarding dagql cache without persistence hasSQLDB=false hasPersistDB=false
--- PASS: TestPartFilesystemPublicationRoles (0.63s)
    --- PASS: TestPartFilesystemPublicationRoles/File (0.31s)
    --- PASS: TestPartFilesystemPublicationRoles/Directory (0.32s)
=== RUN   TestPartInlineAddress
=== RUN   TestPartInlineAddress/sequential
2026/09/16 15:05:40 INFO starting dagql cache close hasSQLDB=true hasPersistDB=true
2026/09/16 15:05:40 INFO marking dagql cache clean shutdown
2026/09/16 15:05:40 WARN successfully marked clean shutdown in persistence metadata
2026/09/16 15:05:40 INFO completed dagql cache close successfully
2026/09/16 15:05:40 INFO dagql pruned result resultID=2 call=Query.inlineDirectories digest="" args=[] description="dagql cache result 2" measuredSizeBytes=0 reclaimedBytes=0
2026/09/16 15:05:40 INFO discarding dagql cache without persistence hasSQLDB=true hasPersistDB=true
2026/09/16 15:05:40 INFO discarding dagql cache without persistence hasSQLDB=true hasPersistDB=true
=== RUN   TestPartInlineAddress/concurrent
2026/09/16 15:05:40 INFO starting dagql cache close hasSQLDB=true hasPersistDB=true
2026/09/16 15:05:41 INFO marking dagql cache clean shutdown
2026/09/16 15:05:41 WARN successfully marked clean shutdown in persistence metadata
2026/09/16 15:05:41 INFO completed dagql cache close successfully
2026/09/16 15:05:41 INFO dagql pruned result resultID=2 call=Query.inlineDirectories digest="" args=[] description="dagql cache result 2" measuredSizeBytes=0 reclaimedBytes=0
2026/09/16 15:05:41 INFO discarding dagql cache without persistence hasSQLDB=true hasPersistDB=true
2026/09/16 15:05:41 INFO discarding dagql cache without persistence hasSQLDB=true hasPersistDB=true
=== RUN   TestPartInlineAddress/shared-snapshot-sync-retry
2026/09/16 15:05:41 INFO starting dagql cache close hasSQLDB=true hasPersistDB=true
2026/09/16 15:05:41 INFO marking dagql cache clean shutdown
2026/09/16 15:05:41 WARN successfully marked clean shutdown in persistence metadata
2026/09/16 15:05:41 INFO completed dagql cache close successfully
2026/09/16 15:05:42 INFO dagql pruned result resultID=2 call=Query.inlineDirectories digest="" args=[] description="dagql cache result 2" measuredSizeBytes=0 reclaimedBytes=0
2026/09/16 15:05:42 INFO discarding dagql cache without persistence hasSQLDB=true hasPersistDB=true
2026/09/16 15:05:42 INFO discarding dagql cache without persistence hasSQLDB=true hasPersistDB=true
--- PASS: TestPartInlineAddress (2.41s)
    --- PASS: TestPartInlineAddress/sequential (0.73s)
    --- PASS: TestPartInlineAddress/concurrent (0.71s)
    --- PASS: TestPartInlineAddress/shared-snapshot-sync-retry (0.98s)
=== RUN   TestPartTypedPublicationRoles
    part_publication_race_test.go:98: coherent concurrent raw reader samples=230
2026/09/16 15:05:42 INFO discarding dagql cache without persistence hasSQLDB=false hasPersistDB=false
2026/09/16 15:05:42 INFO discarding dagql cache without persistence hasSQLDB=false hasPersistDB=false
--- PASS: TestPartTypedPublicationRoles (0.35s)
=== RUN   TestPartPureRoutes
=== RUN   TestPartPureRoutes/withExec
=== RUN   TestPartPureRoutes/withExec#01
=== RUN   TestPartPureRoutes/from
=== RUN   TestPartPureRoutes/withRootfs
=== RUN   TestPartPureRoutes/withWorkdir
=== RUN   TestPartPureRoutes/withDirectory
=== RUN   TestPartPureRoutes/withMountedFile
=== RUN   TestPartPureRoutes/withSymlink
--- PASS: TestPartPureRoutes (0.02s)
    --- PASS: TestPartPureRoutes/withExec (0.00s)
    --- PASS: TestPartPureRoutes/withExec#01 (0.00s)
    --- PASS: TestPartPureRoutes/from (0.00s)
    --- PASS: TestPartPureRoutes/withRootfs (0.00s)
    --- PASS: TestPartPureRoutes/withWorkdir (0.00s)
    --- PASS: TestPartPureRoutes/withDirectory (0.00s)
    --- PASS: TestPartPureRoutes/withMountedFile (0.00s)
    --- PASS: TestPartPureRoutes/withSymlink (0.00s)
=== RUN   TestPartScopeEmptyBoot
=== RUN   TestPartScopeEmptyBoot/old_schema_false
2026/09/16 15:05:42 INFO starting dagql cache close hasSQLDB=true hasPersistDB=true
2026/09/16 15:05:42 INFO marking dagql cache clean shutdown
2026/09/16 15:05:42 WARN successfully marked clean shutdown in persistence metadata
2026/09/16 15:05:42 INFO completed dagql cache close successfully
2026/09/16 15:05:42 INFO discarding dagql cache without persistence hasSQLDB=true hasPersistDB=true
=== RUN   TestPartScopeEmptyBoot/old_schema_true
2026/09/16 15:05:42 INFO starting dagql cache close hasSQLDB=true hasPersistDB=true
2026/09/16 15:05:42 INFO marking dagql cache clean shutdown
2026/09/16 15:05:42 WARN successfully marked clean shutdown in persistence metadata
2026/09/16 15:05:42 INFO completed dagql cache close successfully
2026/09/16 15:05:42 WARN dagql persistence import failed; wiping and cold-starting err="list mirror result_snapshot_links: SQL logic error: no such column: output_path (1)"
2026/09/16 15:05:42 INFO discarding dagql cache without persistence hasSQLDB=true hasPersistDB=true
--- PASS: TestPartScopeEmptyBoot (0.27s)
    --- PASS: TestPartScopeEmptyBoot/old_schema_false (0.10s)
    --- PASS: TestPartScopeEmptyBoot/old_schema_true (0.17s)
=== RUN   TestPartScopeRootRekeyCost
=== RUN   TestPartScopeRootRekeyCost/1
2026/09/16 15:05:42 INFO starting dagql cache close hasSQLDB=true hasPersistDB=true
2026/09/16 15:05:42 INFO marking dagql cache clean shutdown
2026/09/16 15:05:42 WARN successfully marked clean shutdown in persistence metadata
2026/09/16 15:05:42 INFO completed dagql cache close successfully
    part_scope_boot_test.go:133: root_rekey roots=1 attaches=1 stale_scans=1 stale_removes=1 peak_owner_leases=2 elapsed=31.731642ms
2026/09/16 15:05:42 INFO discarding dagql cache without persistence hasSQLDB=true hasPersistDB=true
=== RUN   TestPartScopeRootRekeyCost/32
2026/09/16 15:05:43 INFO starting dagql cache close hasSQLDB=true hasPersistDB=true
2026/09/16 15:05:43 INFO marking dagql cache clean shutdown
2026/09/16 15:05:43 WARN successfully marked clean shutdown in persistence metadata
2026/09/16 15:05:43 INFO completed dagql cache close successfully
    part_scope_boot_test.go:133: root_rekey roots=32 attaches=32 stale_scans=1 stale_removes=32 peak_owner_leases=64 elapsed=302.298352ms
2026/09/16 15:05:43 INFO discarding dagql cache without persistence hasSQLDB=true hasPersistDB=true
--- PASS: TestPartScopeRootRekeyCost (1.03s)
    --- PASS: TestPartScopeRootRekeyCost/1 (0.14s)
    --- PASS: TestPartScopeRootRekeyCost/32 (0.89s)
=== RUN   TestPartScopeBootScanFailure
--- PASS: TestPartScopeBootScanFailure (0.07s)
=== RUN   TestPartScopeNestedNullableRepresentation
2026/09/16 15:05:43 INFO starting dagql cache close hasSQLDB=true hasPersistDB=true
2026/09/16 15:05:43 INFO marking dagql cache clean shutdown
2026/09/16 15:05:43 WARN successfully marked clean shutdown in persistence metadata
2026/09/16 15:05:43 INFO completed dagql cache close successfully
2026/09/16 15:05:43 INFO discarding dagql cache without persistence hasSQLDB=true hasPersistDB=true
--- PASS: TestPartScopeNestedNullableRepresentation (0.07s)
=== RUN   TestPartWholeProducerMixedRestart
2026/09/16 15:05:44 INFO starting dagql cache close hasSQLDB=true hasPersistDB=true
2026/09/16 15:05:44 INFO marking dagql cache clean shutdown
2026/09/16 15:05:44 WARN successfully marked clean shutdown in persistence metadata
2026/09/16 15:05:44 INFO completed dagql cache close successfully
2026/09/16 15:05:44 INFO start lazy evaluation field=Query._builtinContainer
2026/09/16 15:05:44 INFO end lazy evaluation field=Query._builtinContainer duration=57.389159ms
2026/09/16 15:05:44 INFO discarding dagql cache without persistence hasSQLDB=true hasPersistDB=true
2026/09/16 15:05:44 INFO discarding dagql cache without persistence hasSQLDB=false hasPersistDB=false
2026/09/16 15:05:44 INFO discarding dagql cache without persistence hasSQLDB=false hasPersistDB=false
--- PASS: TestPartWholeProducerMixedRestart (0.43s)
=== RUN   TestPartPendingImageMetadataStaysSelective
2026/09/16 15:05:44 INFO start lazy group evaluation field=Container.from group=metadata
2026/09/16 15:05:44 INFO end lazy group evaluation field=Container.from group=metadata duration=1.753893ms
2026/09/16 15:05:44 INFO start lazy group evaluation field=Container.from group=execMeta
2026/09/16 15:05:44 INFO end lazy group evaluation field=Container.from group=execMeta duration=1.298045ms
2026/09/16 15:05:44 INFO discarding dagql cache without persistence hasSQLDB=false hasPersistDB=false
2026/09/16 15:05:44 INFO discarding dagql cache without persistence hasSQLDB=false hasPersistDB=false
--- PASS: TestPartPendingImageMetadataStaysSelective (0.05s)
=== RUN   TestPartNativePendingContainerRequiresRecipe
2026/09/16 15:05:44 INFO discarding dagql cache without persistence hasSQLDB=false hasPersistDB=false
--- PASS: TestPartNativePendingContainerRequiresRecipe (0.01s)
=== CONT  TestContainerDirectEvaluateRunsRefinedGroups
=== CONT  TestContainerRoutingReadsRaceUnrefinedClear
=== CONT  TestContainerRoutingReadsRaceRefinedClear
=== CONT  TestContainerConcurrentGroupCompletionClearsLazyOnce
2026/09/16 15:05:44 INFO start lazy group evaluation field=test.base group=metadata
2026/09/16 15:05:44 INFO start lazy group evaluation field=test.base group=metadata
2026/09/16 15:05:44 INFO end lazy group evaluation field=test.base group=metadata duration=138.139µs
2026/09/16 15:05:44 INFO start lazy evaluation field=test.unrefinedWriter
2026/09/16 15:05:44 INFO end lazy group evaluation field=test.base group=metadata duration=195.809µs
2026/09/16 15:05:44 INFO start lazy group evaluation field=Container.withUser group=metadata
2026/09/16 15:05:44 INFO start lazy group evaluation field=test.base group=execMeta
2026/09/16 15:05:44 INFO end lazy group evaluation field=test.base group=execMeta duration=52.44µs
2026/09/16 15:05:44 INFO start lazy group evaluation field=test.base group=fs
2026/09/16 15:05:44 INFO end lazy group evaluation field=test.base group=fs duration=68.61µs
2026/09/16 15:05:44 INFO start lazy group evaluation field=test.base group=metadata
2026/09/16 15:05:44 INFO start lazy group evaluation field=test.base group=fs
2026/09/16 15:05:44 INFO end lazy group evaluation field=test.base group=metadata duration=212.089µs
2026/09/16 15:05:44 INFO start lazy group evaluation field=test.base group=execMeta
2026/09/16 15:05:44 INFO end lazy evaluation field=test.unrefinedWriter duration=938.887µs
2026/09/16 15:05:44 INFO end lazy group evaluation field=test.base group=execMeta duration=53.229µs
2026/09/16 15:05:44 INFO end lazy group evaluation field=Container.withUser group=metadata duration=953.467µs
2026/09/16 15:05:44 INFO discarding dagql cache without persistence hasSQLDB=false hasPersistDB=false
2026/09/16 15:05:44 INFO start lazy group evaluation field=test.base group=mount:/b
2026/09/16 15:05:44 INFO end lazy group evaluation field=test.base group=fs duration=563.088µs
--- PASS: TestContainerRoutingReadsRaceUnrefinedClear (0.00s)
2026/09/16 15:05:44 INFO start lazy group evaluation field=test.base group=mount:/a
2026/09/16 15:05:44 INFO end lazy group evaluation field=test.base group=mount:/b duration=212.229µs
2026/09/16 15:05:44 INFO end lazy group evaluation field=test.base group=mount:/a duration=94.449µs
2026/09/16 15:05:44 INFO discarding dagql cache without persistence hasSQLDB=false hasPersistDB=false
2026/09/16 15:05:44 INFO discarding dagql cache without persistence hasSQLDB=false hasPersistDB=false
2026/09/16 15:05:44 INFO start lazy group evaluation field=Container.withUser group=execMeta
--- PASS: TestContainerRoutingReadsRaceRefinedClear (0.00s)
--- PASS: TestContainerConcurrentGroupCompletionClearsLazyOnce (0.00s)
2026/09/16 15:05:44 INFO start lazy group evaluation field=Container.withUser group=fs
2026/09/16 15:05:44 INFO start lazy group evaluation field=test.base group=execMeta
2026/09/16 15:05:44 INFO end lazy group evaluation field=test.base group=execMeta duration=69.64µs
2026/09/16 15:05:44 INFO start lazy group evaluation field=test.base group=fs
2026/09/16 15:05:44 INFO end lazy group evaluation field=test.base group=fs duration=77.37µs
2026/09/16 15:05:44 INFO end lazy group evaluation field=Container.withUser group=execMeta duration=624.958µs
2026/09/16 15:05:44 INFO end lazy group evaluation field=Container.withUser group=fs duration=691.427µs
2026/09/16 15:05:44 INFO discarding dagql cache without persistence hasSQLDB=false hasPersistDB=false
--- PASS: TestContainerDirectEvaluateRunsRefinedGroups (0.00s)
PASS
ok  	github.com/dagger/dagger/core	13.568s
