[dagger] 30.0s elapsed · 27 steps running
[dagger] 1m0s elapsed · 6 steps running
[dagger] 1m30s elapsed · 5 steps running
[dagger] 2m0s elapsed · 6 steps running
[dagger] 2m30s elapsed · 10 steps running
[dagger] 3m0s elapsed · 27 steps running
[dagger] 3m30s elapsed · 12 steps running
[dagger] 4m0s elapsed · 13 steps running
[dagger] 4m30s elapsed · 13 steps running
[dagger] 5m0s elapsed · 13 steps running
[dagger] 5m30s elapsed · 14 steps running
[dagger] 6m0s elapsed · 12 steps running
== TRACE ==  ✔ PASSED
engine-dev test --pkg ./core/integration --run=TestRemoteCacheTransferSuite/TestSchemaRecovery$ --timeout=5m --test-verbose  6m16s

✔ connect 0.3s
✔ load workspace: . 2.3s
✔ parsing command line arguments 0.0s

✔ engineDev(
  ┆ ws: currentWorkspace: Workspace!
  ): EngineDev! 23.3s
  ✔ uploading /home/exedev/.tailcall/worktrees/dagger-a7378ed8352b/remote-cache-b4-acquisition-implementer-a22b8169-585bbf9d 1.2s ████████████ 80 kB
✔ .test(run: "TestRemoteCacheTransferSuite/TestSchemaRecovery$", pkg: "./core/integration", timeout: "5m", testVerbose: true): Void 5m50s
  ✔ 14 uploads, 6 unpacks, 1 pull, 2 transfers 20.9s

== SERVICES ==
✔ rogct0dgr0vls.fc3a1afve307e.dagger.local exec /entrypoint.sh /etc/docker/registry/config.yml 4m48s EXITED span=678f99206977afbb
✔ h4avdn8nctrm4.fc3a1afve307e.dagger.local exec /entrypoint.sh /etc/docker/registry/config.yml 4m48s EXITED span=87522e08bb08e8d2
✘ 9usvaiqgaoeh6.fc3a1afve307e.dagger.local exec dagger-entrypoint.sh --addr unix:///run/dagger-engine.sock --addr tcp://0.0.0.0:1234 --network-name dagger-dev --network-cidr 10.88.0.0/16 --debugaddr 0.0.0.0:6060 4m48s ERROR span=4e92307764cddbf3

== TESTS ==
  ✔ github.com/dagger/dagger/core/integration  1 passed

  ✔ 1 passed

Trace ID: 8cddde1419dc723e9cddead086ae3462
