[dagger] 30.0s elapsed · 2 steps running
[dagger] 1m0s elapsed · 9 steps running
[dagger] 1m30s elapsed · 23 steps running
[dagger] 2m0s elapsed · 6 steps running
[dagger] 2m30s elapsed · 6 steps running
[dagger] 3m0s elapsed · 13 steps running
[dagger] 3m30s elapsed · 5 steps running
[dagger] 4m0s elapsed · 6 steps running
[dagger] 4m30s elapsed · 9 steps running
[dagger] 5m0s elapsed · 12 steps running
[dagger] 5m30s elapsed · 12 steps running
[dagger] 6m0s elapsed · 12 steps running
[dagger] 6m30s elapsed · 28 steps running
[dagger] 7m0s elapsed · 13 steps running
[dagger] 7m30s elapsed · 13 steps running
[dagger] 8m0s elapsed · 14 steps running
[dagger] 8m30s elapsed · 12 steps running
== TRACE ==  ✔ PASSED
engine-dev test --pkg ./core/integration --run=TestRemoteCacheTransferSuite/TestSchemaRecovery$ --timeout=5m --test-verbose  8m44s

✔ connect 0.3s
✔ load workspace: . 3.8s
✔ parsing command line arguments 0.0s

✔ engineDev(
  ┆ ws: currentWorkspace: Workspace!
  ): EngineDev! 27.5s ◆ CPU Pressure (some): 136.952ms ◆ CPU Pressure (full): 134.214ms ◆ Memory Bytes (current): 832 kB ◆ Memory Bytes (peak): 29 MB
✔ .test(run: "TestRemoteCacheTransferSuite/TestSchemaRecovery$", pkg: "./core/integration", timeout: "5m", testVerbose: true): Void 8m13s ◆ Disk Read: 4.2 MB ◆ Disk Write: 0 B ◆ IO Pressure: 334.689ms ◆ CPU Pressure (some): 2.04472s ◆ CPU Pressure (full): 1.875104s ◆ Memory Bytes (current): 5.2 MB ◆ Memory Bytes (peak): 39 MB ◆ Network Rx: 70 B ◆ Network Tx: 4.8 kB
  ✔ 10 pulls, 14 unpacks, 146 fetches, 14 uploads, 2 transfers 38.8s

== SERVICES ==
✔ h4avdn8nctrm4.geqslqr0u0k4s.dagger.local exec /entrypoint.sh /etc/docker/registry/config.yml 5m43s EXITED span=daa2df1da407dc92
✔ rogct0dgr0vls.geqslqr0u0k4s.dagger.local exec /entrypoint.sh /etc/docker/registry/config.yml 5m43s EXITED span=074076a58b2fdf76
✘ 1q5fdh6090a0e.geqslqr0u0k4s.dagger.local exec dagger-entrypoint.sh --addr unix:///run/dagger-engine.sock --addr tcp://0.0.0.0:1234 --network-name dagger-dev --network-cidr 10.88.0.0/16 --debugaddr 0.0.0.0:6060 5m43s ERROR span=2b84a01b490e3f83

== TESTS ==
  ✔ github.com/dagger/dagger/core/integration  1 passed

  ✔ 1 passed

Trace ID: 47888a25c79c32647da1c39d700064ba
