[dagger] 30.0s elapsed · 14 steps running
[dagger] 1m0s elapsed · 5 steps running
[dagger] 1m30s elapsed · 10 steps running
[dagger] 2m0s elapsed · 26 steps running
[dagger] 2m30s elapsed · 12 steps running
[dagger] 3m0s elapsed · 10 steps running
== TRACE ==  ✔ PASSED
engine-dev test --pkg ./core/integration --run=TestRemoteCacheTransferSuite/TestDefaultGCPruneDiagnostic$ --timeout=5m --test-verbose --env-file=file:/tmp/b4-a3-default.env  3m22s

✔ connect 0.3s
✔ load workspace: . 3.4s
  ✔ uploading /home/exedev/.tailcall/worktrees/dagger-a7378ed8352b/remote-cache-b4-acquisition-implementer-a22b8169-585bbf9d 0.1s ████████████ 9.7 kB
✔ parsing command line arguments 0.0s

✔ address(value: "file:/tmp/b4-a3-default.env"): Address! 0.0s
✔ .secret: Secret! 0.0s

✔ engineDev(
  ┆ ws: currentWorkspace: Workspace!
  ): EngineDev! 24.8s ◆ Disk Read: 3.7 MB ◆ Disk Write: 0 B ◆ IO Pressure: 177µs ◆ CPU Pressure (some): 74.521ms ◆ CPU Pressure (full): 58.931ms ◆ Memory Bytes (current): 4.6 MB ◆ Memory Bytes (peak): 33 MB
✔ .test(
  ┆ run: "TestRemoteCacheTransferSuite/TestDefaultGCPruneDiagnostic$"
  ┆ pkg: "./core/integration"
  ┆ timeout: "5m"
  ┆ envFile: Address.secret: Secret!
  ┆ testVerbose: true
  ): Void 2m54s ◆ Disk Read: 7.0 MB ◆ Disk Write: 0 B ◆ IO Pressure: 2.618794s ◆ CPU Pressure (some): 776.793ms ◆ CPU Pressure (full): 691.404ms ◆ Memory Bytes (current): 8.0 MB ◆ Memory Bytes (peak): 42 MB ◆ Network Tx: 2.8 kB (5.26% dropped)
  ✔ 7 uploads, 4 unpacks, 1 pull, 1 transfer 15.0s

== SERVICES ==
✔ rogct0dgr0vls.u28gbq7fspvlu.dagger.local exec /entrypoint.sh /etc/docker/registry/config.yml 2m31s EXITED span=e97ec91ece333034
✔ h4avdn8nctrm4.u28gbq7fspvlu.dagger.local exec /entrypoint.sh /etc/docker/registry/config.yml 2m31s EXITED span=541e6111142d3b8e
✘ 611do54t3l4hi.u28gbq7fspvlu.dagger.local exec dagger-entrypoint.sh --addr unix:///run/dagger-engine.sock --addr tcp://0.0.0.0:1234 --network-name dagger-dev --network-cidr 10.88.0.0/16 --debugaddr 0.0.0.0:6060 2m31s ERROR span=538baca8c9e1a4fc

== TESTS ==
  ✔ github.com/dagger/dagger/core/integration  1 passed

  ✔ 1 passed

Trace ID: 51c009ebcf25f7674d15a3e2a4e0d025
