=== RUN   TestCapturePersistedFilesystemDirectEvaluation
=== RUN   TestCapturePersistedFilesystemDirectEvaluation/File
2026/09/16 13:55:32 INFO start lazy evaluation field=File
2026/09/16 13:55:32 INFO end lazy evaluation field=File duration=172.57µs
    filesystem_capture_test.go:45: capture while File producer body latch held: err=capture persisted record 2: persist state not ready: filesystem body in use payload=
2026/09/16 13:55:32 INFO discarding dagql cache without persistence hasSQLDB=true hasPersistDB=true
=== RUN   TestCapturePersistedFilesystemDirectEvaluation/Directory
2026/09/16 13:55:32 INFO start lazy evaluation field=Directory
2026/09/16 13:55:32 INFO end lazy evaluation field=Directory duration=104.42µs
    filesystem_capture_test.go:45: capture while Directory producer body latch held: err=capture persisted record 2: persist state not ready: filesystem body in use payload=
2026/09/16 13:55:32 INFO discarding dagql cache without persistence hasSQLDB=true hasPersistDB=true
--- PASS: TestCapturePersistedFilesystemDirectEvaluation (0.11s)
    --- PASS: TestCapturePersistedFilesystemDirectEvaluation/File (0.08s)
    --- PASS: TestCapturePersistedFilesystemDirectEvaluation/Directory (0.03s)
=== RUN   TestFilesystemPersistenceRetainsBodyLatch
=== RUN   TestFilesystemPersistenceRetainsBodyLatch/File
=== RUN   TestFilesystemPersistenceRetainsBodyLatch/Directory
--- PASS: TestFilesystemPersistenceRetainsBodyLatch (0.00s)
    --- PASS: TestFilesystemPersistenceRetainsBodyLatch/File (0.00s)
    --- PASS: TestFilesystemPersistenceRetainsBodyLatch/Directory (0.00s)
=== RUN   TestPartAcquisitionRootRoutes
=== RUN   TestPartAcquisitionRootRoutes/ready
    part_acquisition_test.go:166: route=ready latency=17.969386ms pins=1 owner-sync-attempts=1 private-bodies=0
2026/09/16 13:55:32 INFO discarding dagql cache without persistence hasSQLDB=true hasPersistDB=true
2026/09/16 13:55:32 INFO discarding dagql cache without persistence hasSQLDB=true hasPersistDB=true
=== RUN   TestPartAcquisitionRootRoutes/chain
2026/09/16 13:55:32 INFO start lazy evaluation field=File.blob
2026/09/16 13:55:32 INFO end lazy evaluation field=File.blob duration=30.985124ms
    part_acquisition_test.go:166: route=chain latency=78.761297ms pins=1 owner-sync-attempts=1 private-bodies=0
2026/09/16 13:55:32 INFO discarding dagql cache without persistence hasSQLDB=true hasPersistDB=true
2026/09/16 13:55:32 INFO discarding dagql cache without persistence hasSQLDB=true hasPersistDB=true
=== RUN   TestPartAcquisitionRootRoutes/chain-sync-retry
2026/09/16 13:55:32 INFO start lazy evaluation field=File.blob
2026/09/16 13:55:32 INFO end lazy evaluation field=File.blob duration=39.145684ms
    part_acquisition_test.go:166: route=chain-sync-retry latency=80.846202ms pins=1 owner-sync-attempts=2 private-bodies=0
2026/09/16 13:55:32 INFO discarding dagql cache without persistence hasSQLDB=true hasPersistDB=true
2026/09/16 13:55:32 INFO discarding dagql cache without persistence hasSQLDB=true hasPersistDB=true
=== RUN   TestPartAcquisitionRootRoutes/chain-sync-restart
2026/09/16 13:55:33 INFO start lazy evaluation field=File.blob
2026/09/16 13:55:33 INFO end lazy evaluation field=File.blob duration=34.675145ms
2026/09/16 13:55:33 INFO starting dagql cache close hasSQLDB=true hasPersistDB=true
2026/09/16 13:55:33 INFO marking dagql cache clean shutdown
2026/09/16 13:55:33 WARN successfully marked clean shutdown in persistence metadata
2026/09/16 13:55:33 INFO completed dagql cache close successfully
    part_acquisition_test.go:166: route=chain-sync-restart latency=89.29442ms pins=0 owner-sync-attempts=1 private-bodies=0
2026/09/16 13:55:33 INFO discarding dagql cache without persistence hasSQLDB=true hasPersistDB=true
2026/09/16 13:55:33 INFO discarding dagql cache without persistence hasSQLDB=true hasPersistDB=true
=== RUN   TestPartAcquisitionRootRoutes/chain-pin-release-retry
2026/09/16 13:55:33 INFO start lazy evaluation field=File.blob
2026/09/16 13:55:33 INFO end lazy evaluation field=File.blob duration=33.369078ms
    part_acquisition_test.go:166: route=chain-pin-release-retry latency=69.378239ms pins=1 owner-sync-attempts=1 private-bodies=0
2026/09/16 13:55:33 INFO discarding dagql cache without persistence hasSQLDB=true hasPersistDB=true
2026/09/16 13:55:33 INFO discarding dagql cache without persistence hasSQLDB=true hasPersistDB=true
=== RUN   TestPartAcquisitionRootRoutes/chain-fallback
2026/09/16 13:55:33 INFO start lazy evaluation field=File.blob
2026/09/16 13:55:33 INFO end lazy evaluation field=File.blob duration=29.782147ms
2026/09/16 13:55:33 INFO start lazy evaluation field=File.blob
2026/09/16 13:55:33 INFO end lazy evaluation field=File.blob duration=32.266901ms
    part_acquisition_test.go:166: route=chain-fallback latency=72.167144ms pins=1 owner-sync-attempts=1 private-bodies=1
2026/09/16 13:55:33 INFO discarding dagql cache without persistence hasSQLDB=true hasPersistDB=true
2026/09/16 13:55:33 INFO discarding dagql cache without persistence hasSQLDB=true hasPersistDB=true
=== RUN   TestPartAcquisitionRootRoutes/producer
2026/09/16 13:55:33 INFO start lazy evaluation field=File.blob
2026/09/16 13:55:33 INFO end lazy evaluation field=File.blob duration=48.361381ms
    part_acquisition_test.go:166: route=producer latency=76.418582ms pins=1 owner-sync-attempts=1 private-bodies=1
2026/09/16 13:55:33 INFO discarding dagql cache without persistence hasSQLDB=true hasPersistDB=true
2026/09/16 13:55:33 INFO discarding dagql cache without persistence hasSQLDB=true hasPersistDB=true
--- PASS: TestPartAcquisitionRootRoutes (1.80s)
    --- PASS: TestPartAcquisitionRootRoutes/ready (0.17s)
    --- PASS: TestPartAcquisitionRootRoutes/chain (0.28s)
    --- PASS: TestPartAcquisitionRootRoutes/chain-sync-retry (0.30s)
    --- PASS: TestPartAcquisitionRootRoutes/chain-sync-restart (0.31s)
    --- PASS: TestPartAcquisitionRootRoutes/chain-pin-release-retry (0.25s)
    --- PASS: TestPartAcquisitionRootRoutes/chain-fallback (0.26s)
    --- PASS: TestPartAcquisitionRootRoutes/producer (0.23s)
=== RUN   TestPartFilesystemPublicationRoles
=== RUN   TestPartFilesystemPublicationRoles/File
    part_filesystem_race_test.go:144: File coherent tuple/role samples=288 publications=2048
2026/09/16 13:55:34 INFO discarding dagql cache without persistence hasSQLDB=false hasPersistDB=false
=== RUN   TestPartFilesystemPublicationRoles/Directory
    part_filesystem_race_test.go:144: Directory coherent tuple/role samples=300 publications=2048
2026/09/16 13:55:34 INFO discarding dagql cache without persistence hasSQLDB=false hasPersistDB=false
--- PASS: TestPartFilesystemPublicationRoles (0.52s)
    --- PASS: TestPartFilesystemPublicationRoles/File (0.26s)
    --- PASS: TestPartFilesystemPublicationRoles/Directory (0.26s)
=== RUN   TestPartTypedPublicationRoles
    part_publication_race_test.go:98: coherent concurrent raw reader samples=317
2026/09/16 13:55:34 INFO discarding dagql cache without persistence hasSQLDB=false hasPersistDB=false
2026/09/16 13:55:34 INFO discarding dagql cache without persistence hasSQLDB=false hasPersistDB=false
--- PASS: TestPartTypedPublicationRoles (0.35s)
PASS
ok  	github.com/dagger/dagger/core	4.234s
