Command: dagger api call engine-dev test --pkg ./core/integration --run='TestRemoteCacheTransferSuite/TestSchemaRecoveryCold$' --timeout=5m
Exit: 1
Final run after the typed ModuleObject field fix; diagnostic excerpt only.

                Error Trace:    /app/core/integration/remote_cache_transfer_test.go:255
                Error:          Received unexpected error:
                                failed to call module "cache-probe" to get functions: call constructor: imported filesystem part is unavailable: {"part":"mount:/schema.json"} [traceparent:3d2311232b262d9242880d88c6437624-1406bbfa39c2f205]
                Test:           TestRemoteCacheTransferSuite/TestSchemaRecoveryCold/before
    testctx.go:198: 20  : ┆ ! failed to call module "cache-probe" to get functions: call constructor: imported filesystem part is unavailable: {"part":"mount:/schema.json"}
    testctx.go:198: 11  : ! failed to call module "cache-probe" to get functions: call constructor: imported filesystem part is unavailable: {"part":"mount:/schema.json"}
--- FAIL: TestRemoteCacheTransferSuite/TestSchemaRecoveryCold/before (24.41s)
    testctx.go:198: 40  : [5.8s] | time=2026-09-16T13:29:33.340Z level=INFO msg="end lazy group evaluation" client_id=u3puk8afeh0js4y0cs0n7lye7 client_hostname=dagger session_id=mdyvjn8gr2linxkw22ncldf5f trace=3d2311232b262d9242880d88c6437624 span=3f32c159852f84db field=Container.withExec group=execOutputs duration=1.165517ms err="imported filesystem part is unavailable: {\"part\":\"mount:/schema.json\"}"
    testctx.go:198: 40  : [5.8s] | time=2026-09-16T13:29:33.340Z level=INFO msg="end lazy group evaluation" client_id=u3puk8afeh0js4y0cs0n7lye7 client_hostname=dagger session_id=mdyvjn8gr2linxkw22ncldf5f trace=3d2311232b262d9242880d88c6437624 span=3f32c159852f84db field=Container.withExec group=execOutputs duration=3.840742ms err="imported filesystem part is unavailable: {\"part\":\"mount:/schema.json\"}"
    testctx.go:198: 40  : [5.8s] | time=2026-09-16T13:29:33.340Z level=INFO msg="end lazy group evaluation" client_id=u3puk8afeh0js4y0cs0n7lye7 client_hostname=dagger session_id=mdyvjn8gr2linxkw22ncldf5f trace=3d2311232b262d9242880d88c6437624 span=3f32c159852f84db field=Container.withEntrypoint group=mount:/src duration=5.637968ms err="imported filesystem part is unavailable: {\"part\":\"mount:/schema.json\"}"
    testctx.go:198: 40  : [5.8s] | time=2026-09-16T13:29:33.340Z level=INFO msg="end lazy group evaluation" client_id=u3puk8afeh0js4y0cs0n7lye7 client_hostname=dagger session_id=mdyvjn8gr2linxkw22ncldf5f trace=3d2311232b262d9242880d88c6437624 span=3f32c159852f84db field=Container.withWorkdir group=mount:/src duration=8.975869ms err="imported filesystem part is unavailable: {\"part\":\"mount:/schema.json\"}"
    testctx.go:198: 40  : [5.8s] | time=2026-09-16T13:29:33.340Z level=INFO msg="end lazy group evaluation" client_id=u3puk8afeh0js4y0cs0n7lye7 client_hostname=dagger session_id=mdyvjn8gr2linxkw22ncldf5f trace=3d2311232b262d9242880d88c6437624 span=3f32c159852f84db field=Container.withoutMount group=mount:/src duration=11.736163ms err="imported filesystem part is unavailable: {\"part\":\"mount:/schema.json\"}"
    testctx.go:198: 40  : [5.8s] | time=2026-09-16T13:29:33.340Z level=INFO msg="end lazy group evaluation" client_id=u3puk8afeh0js4y0cs0n7lye7 client_hostname=dagger session_id=mdyvjn8gr2linxkw22ncldf5f trace=3d2311232b262d9242880d88c6437624 span=3f32c159852f84db field=Container.withEntrypoint group=mount:/schema.json duration=7.547593ms err="imported filesystem part is unavailable: {\"part\":\"mount:/schema.json\"}"
    testctx.go:198: 40  : [5.8s] | time=2026-09-16T13:29:33.340Z level=INFO msg="end lazy group evaluation" client_id=u3puk8afeh0js4y0cs0n7lye7 client_hostname=dagger session_id=mdyvjn8gr2linxkw22ncldf5f trace=3d2311232b262d9242880d88c6437624 span=3f32c159852f84db field=Container.withoutMount group=mount:/src duration=12.789141ms err="imported filesystem part is unavailable: {\"part\":\"mount:/schema.json\"}"
    testctx.go:198: 40  : [5.8s] | time=2026-09-16T13:29:33.341Z level=INFO msg="end lazy group evaluation" client_id=u3puk8afeh0js4y0cs0n7lye7 client_hostname=dagger session_id=mdyvjn8gr2linxkw22ncldf5f trace=3d2311232b262d9242880d88c6437624 span=3f32c159852f84db field=Container.withWorkdir group=mount:/schema.json duration=8.85052ms err="imported filesystem part is unavailable: {\"part\":\"mount:/schema.json\"}"
    testctx.go:198: 40  : [5.8s] | time=2026-09-16T13:29:33.341Z level=INFO msg="end lazy group evaluation" client_id=u3puk8afeh0js4y0cs0n7lye7 client_hostname=dagger session_id=mdyvjn8gr2linxkw22ncldf5f trace=3d2311232b262d9242880d88c6437624 span=3f32c159852f84db field=Container.withoutMount group=mount:/schema.json duration=10.026738ms err="imported filesystem part is unavailable: {\"part\":\"mount:/schema.json\"}"
    testctx.go:198: 40  : [5.8s] | time=2026-09-16T13:29:33.341Z level=INFO msg="end lazy group evaluation" client_id=u3puk8afeh0js4y0cs0n7lye7 client_hostname=dagger session_id=mdyvjn8gr2linxkw22ncldf5f trace=3d2311232b262d9242880d88c6437624 span=3f32c159852f84db field=Container.withExec group=execOutputs duration=14.330067ms err="imported filesystem part is unavailable: {\"part\":\"mount:/schema.json\"}"
    testctx.go:198: 40  : [5.8s] | time=2026-09-16T13:29:33.341Z level=INFO msg="end lazy group evaluation" client_id=u3puk8afeh0js4y0cs0n7lye7 client_hostname=dagger session_id=mdyvjn8gr2linxkw22ncldf5f trace=3d2311232b262d9242880d88c6437624 span=3f32c159852f84db field=Container.withoutMount group=mount:/schema.json duration=11.042335ms err="imported filesystem part is unavailable: {\"part\":\"mount:/schema.json\"}"
    testctx.go:198: 40  : [5.8s] | time=2026-09-16T13:29:33.341Z level=INFO msg="end lazy group evaluation" client_id=u3puk8afeh0js4y0cs0n7lye7 client_hostname=dagger session_id=mdyvjn8gr2linxkw22ncldf5f trace=3d2311232b262d9242880d88c6437624 span=3f32c159852f84db field=Container.withoutMount group=fs duration=8.65538ms err="imported filesystem part is unavailable: {\"part\":\"mount:/schema.json\"}"
    testctx.go:198: 40  : [5.8s] | time="2026-09-16T13:29:33Z" level=error msg="function call errored" client_hostname=dagger client_id=u3puk8afeh0js4y0cs0n7lye7 error="call constructor: imported filesystem part is unavailable: {\"part\":\"mount:/schema.json\"}" function= module=cache-probe session_id=mdyvjn8gr2linxkw22ncldf5f span=3f32c159852f84db spanID=1406bbfa39c2f205 trace=3d2311232b262d9242880d88c6437624 traceID=3d2311232b262d9242880d88c6437624
    testctx.go:198: 40  : [5.8s] | time=2026-09-16T13:29:33.341Z level=INFO msg="end lazy group evaluation" client_id=u3puk8afeh0js4y0cs0n7lye7 client_hostname=dagger session_id=mdyvjn8gr2linxkw22ncldf5f trace=3d2311232b262d9242880d88c6437624 span=3f32c159852f84db field=Container.withoutMount group=fs duration=5.371468ms err="imported filesystem part is unavailable: {\"part\":\"mount:/schema.json\"}"
    testctx.go:198: 40  : [5.8s] | time=2026-09-16T13:29:33.341Z level=INFO msg="end lazy group evaluation" client_id=u3puk8afeh0js4y0cs0n7lye7 client_hostname=dagger session_id=mdyvjn8gr2linxkw22ncldf5f trace=3d2311232b262d9242880d88c6437624 span=3f32c159852f84db field=Container.withWorkdir group=fs duration=2.707124ms err="imported filesystem part is unavailable: {\"part\":\"mount:/schema.json\"}"
    testctx.go:198: 40  : [5.8s] | time=2026-09-16T13:29:33.341Z level=INFO msg="end lazy group evaluation" client_id=u3puk8afeh0js4y0cs0n7lye7 client_hostname=dagger session_id=mdyvjn8gr2linxkw22ncldf5f trace=3d2311232b262d9242880d88c6437624 span=3f32c159852f84db field=Container.withEntrypoint group=fs duration=531.939µs err="imported filesystem part is unavailable: {\"part\":\"mount:/schema.json\"}"
--- FAIL: TestRemoteCacheTransferSuite/TestSchemaRecoveryCold (126.91s)
--- FAIL: TestRemoteCacheTransferSuite (126.91s)
Full trace at https://dagger.cloud/dagger/traces/3d2311232b262d9242880d88c6437624
