Command: dagger api call engine-dev test --pkg ./core/integration --run=TestRemoteCacheTransferSuite/TestSchemaRecoveryCold$ --timeout=5m --test-verbose
Trace ID: 153bdebcb2fa21f394410d472b883849
Exit: 1

    testctx.go:206: acquisition delegation target=4243 address={"part":"mount:/src"} field=withWorkdir parent=4242 source={OutputPath: Part:mount:/src}
    testctx.go:206: acquisition delegation target=4244 address={"part":"mount:/src"} field=withEnvVariable parent=4243 source={OutputPath: Part:mount:/src}
    testctx.go:206: acquisition delegation target=4245 address={"part":"mount:/src"} field=withoutDefaultArgs parent=4244 source={OutputPath: Part:mount:/src}
    testctx.go:206: acquisition delegation target=4243 address={"part":"mount:/schema.json"} field=withWorkdir parent=4242 source={OutputPath: Part:mount:/schema.json}
    testctx.go:206: acquisition delegation target=4244 address={"part":"mount:/schema.json"} field=withEnvVariable parent=4243 source={OutputPath: Part:mount:/schema.json}
    testctx.go:206: acquisition delegation target=4245 address={"part":"mount:/schema.json"} field=withoutDefaultArgs parent=4244 source={OutputPath: Part:mount:/schema.json}
    testctx.go:206: acquisition delegation target=4236 address={"part":"fs"} field=withMountedCache parent=4230 source={OutputPath: Part:fs}
    testctx.go:206: acquisition delegation target=4237 address={"part":"fs"} field=withMountedCache parent=4236 source={OutputPath: Part:fs}
    testctx.go:206: acquisition delegation target=4238 address={"part":"fs"} field=__withSystemEnvVariable parent=4237 source={OutputPath: Part:fs}
    testctx.go:206: acquisition delegation target=4239 address={"part":"fs"} field=__withSystemEnvVariable parent=4238 source={OutputPath: Part:fs}
    testctx.go:206: acquisition delegation target=4243 address={"part":"fs"} field=withWorkdir parent=4242 source={OutputPath: Part:fs}
    testctx.go:206: acquisition delegation target=4244 address={"part":"fs"} field=withEnvVariable parent=4243 source={OutputPath: Part:fs}
    testctx.go:206: acquisition delegation target=4245 address={"part":"fs"} field=withoutDefaultArgs parent=4244 source={OutputPath: Part:fs}
    testctx.go:206: producer mount-write row=4241 address={"part":"mount:/schema.json"} field=withMountedFile entries=1
    testctx.go:206: producer mount-write row=4242 address={"part":"mount:/src"} field=withMountedDirectory entries=1
    testctx.go:206: acquisition Host input imported=4228 address={OutputPath: Part:snapshot} local=4457 snapshot=[{7qtf6l89eu4l997dq61dvuh7w snapshot }]
    testctx.go:206: acquisition SDK inherited-fs hops=map[__withSystemEnvVariable:2 withEnvVariable:1 withMountedCache:2 withWorkdir:1 withoutDefaultArgs:1]; producer mount-writer rows=map[withMountedDirectory:1 withMountedFile:1]
    testctx.go:206: acquisition route counters cold=true builtin=1 counts=map[installed-chain:1 installed-delegation:13 installed-producer:24 installed-ready:1 owner-sync:138 producer-enter:24 producer-ref-released:14 provider-read:1 selected-chain:1 selected-delegation:13 selected-ready:1 settled:45]
                Error Trace:    /app/core/integration/remote_cache_transfer_test.go:187
                                                        /app/core/integration/remote_cache_transfer_test.go:285
                                                        /go/pkg/mod/github.com/dagger/testctx@v0.1.2/testctx.go:296
                                                        /go/pkg/mod/github.com/dagger/otel-go@v1.43.1-0.20260810200237-752a39ce1610/oteltestctx/trace.go:74
                                                        /go/pkg/mod/github.com/dagger/testctx@v0.1.2/testctx.go:150
                                                        /usr/lib/go/src/runtime/asm_amd64.s:1771
                Error:          Received unexpected error:
                                imported filesystem part is unavailable: {"part":"snapshot"} [traceparent:153bdebcb2fa21f394410d472b883849-df2ebb0093a7aaff]
                Test:           TestRemoteCacheTransferSuite/TestSchemaRecoveryCold/before
    testctx.go:198:
--- FAIL: TestRemoteCacheTransferSuite (154.12s)
    --- FAIL: TestRemoteCacheTransferSuite/TestSchemaRecoveryCold (154.12s)
        --- FAIL: TestRemoteCacheTransferSuite/TestSchemaRecoveryCold/before (50.40s)
FAIL    github.com/dagger/dagger/core/integration       154.208s
