=== RUN   TestScopedCollectorConcurrentPublicationCost
=== RUN   TestScopedCollectorConcurrentPublicationCost/width128_depth1
    cache_snapshot_scope_bench_test.go:120: typed_collector outputs=128 depth=1 publications=8192 attempts=153 retries=25 accepted=128 elapsed=39.708718ms
=== RUN   TestScopedCollectorConcurrentPublicationCost/width8_depth3
    cache_snapshot_scope_bench_test.go:120: typed_collector outputs=512 depth=3 publications=8192 attempts=132 retries=4 accepted=128 elapsed=246.826378ms
--- PASS: TestScopedCollectorConcurrentPublicationCost (0.29s)
    --- PASS: TestScopedCollectorConcurrentPublicationCost/width128_depth1 (0.04s)
    --- PASS: TestScopedCollectorConcurrentPublicationCost/width8_depth3 (0.25s)
goos: linux
goarch: amd64
pkg: github.com/dagger/dagger/dagql
cpu: AMD EPYC 9554P 64-Core Processor
BenchmarkPartNativeHostEntry
BenchmarkPartNativeHostEntry/callback
BenchmarkPartNativeHostEntry/callback-16         	227636803	         0.9051 ns/op	       0 B/op	       0 allocs/op
BenchmarkPartNativeHostEntry/activated-host
BenchmarkPartNativeHostEntry/activated-host-16   	  138044	      1679 ns/op	     504 B/op	      13 allocs/op
BenchmarkScopedSnapshotCollector
BenchmarkScopedSnapshotCollector/width1_depth1
BenchmarkScopedSnapshotCollector/width1_depth1-16         	   63384	      3912 ns/op	    1794 B/op	      17 allocs/op
BenchmarkScopedSnapshotCollector/width128_depth1
BenchmarkScopedSnapshotCollector/width128_depth1-16       	     772	    300806 ns/op	  133195 B/op	    1185 allocs/op
BenchmarkScopedSnapshotCollector/width8_depth3
BenchmarkScopedSnapshotCollector/width8_depth3-16         	     100	   2087536 ns/op	  882749 B/op	    5446 allocs/op
PASS
ok  	github.com/dagger/dagger/dagql	1.575s
