=== RUN   TestContainerDirectEvaluateRunsRefinedGroups
=== PAUSE TestContainerDirectEvaluateRunsRefinedGroups
=== RUN   TestContainerConcurrentGroupCompletionClearsLazyOnce
=== PAUSE TestContainerConcurrentGroupCompletionClearsLazyOnce
=== RUN   TestContainerRoutingReadsRaceRefinedClear
=== PAUSE TestContainerRoutingReadsRaceRefinedClear
=== RUN   TestContainerRoutingReadsRaceUnrefinedClear
=== PAUSE TestContainerRoutingReadsRaceUnrefinedClear
=== RUN   TestPartAcquisitionRootRoutes
=== RUN   TestPartAcquisitionRootRoutes/ready
    part_acquisition_test.go:134: route=ready latency=15.953523ms pins=1 owner-sync-attempts=1 private-bodies=0
2026/09/16 13:32:31 INFO discarding dagql cache without persistence hasSQLDB=true hasPersistDB=true
2026/09/16 13:32:31 INFO discarding dagql cache without persistence hasSQLDB=true hasPersistDB=true
=== RUN   TestPartAcquisitionRootRoutes/chain
2026/09/16 13:32:31 INFO start lazy evaluation field=File.blob
2026/09/16 13:32:31 INFO end lazy evaluation field=File.blob duration=43.57115ms
    part_acquisition_test.go:134: route=chain latency=80.630564ms pins=1 owner-sync-attempts=1 private-bodies=0
2026/09/16 13:32:31 INFO discarding dagql cache without persistence hasSQLDB=true hasPersistDB=true
2026/09/16 13:32:31 INFO discarding dagql cache without persistence hasSQLDB=true hasPersistDB=true
=== RUN   TestPartAcquisitionRootRoutes/chain-sync-retry
2026/09/16 13:32:31 INFO start lazy evaluation field=File.blob
2026/09/16 13:32:31 INFO end lazy evaluation field=File.blob duration=33.727002ms
    part_acquisition_test.go:134: route=chain-sync-retry latency=83.175329ms pins=1 owner-sync-attempts=2 private-bodies=0
2026/09/16 13:32:32 INFO discarding dagql cache without persistence hasSQLDB=true hasPersistDB=true
2026/09/16 13:32:32 INFO discarding dagql cache without persistence hasSQLDB=true hasPersistDB=true
=== RUN   TestPartAcquisitionRootRoutes/chain-sync-restart
2026/09/16 13:32:32 INFO start lazy evaluation field=File.blob
2026/09/16 13:32:32 INFO end lazy evaluation field=File.blob duration=31.066129ms
2026/09/16 13:32:32 INFO starting dagql cache close hasSQLDB=true hasPersistDB=true
2026/09/16 13:32:32 INFO marking dagql cache clean shutdown
2026/09/16 13:32:32 WARN successfully marked clean shutdown in persistence metadata
2026/09/16 13:32:32 INFO completed dagql cache close successfully
    part_acquisition_test.go:134: route=chain-sync-restart latency=111.146144ms pins=0 owner-sync-attempts=1 private-bodies=0
2026/09/16 13:32:32 INFO discarding dagql cache without persistence hasSQLDB=true hasPersistDB=true
2026/09/16 13:32:32 INFO discarding dagql cache without persistence hasSQLDB=true hasPersistDB=true
=== RUN   TestPartAcquisitionRootRoutes/chain-fallback
2026/09/16 13:32:32 INFO start lazy evaluation field=File.blob
2026/09/16 13:32:32 INFO end lazy evaluation field=File.blob duration=37.082534ms
2026/09/16 13:32:32 INFO start lazy evaluation field=File.blob
2026/09/16 13:32:32 INFO end lazy evaluation field=File.blob duration=41.167345ms
    part_acquisition_test.go:134: route=chain-fallback latency=90.023132ms pins=1 owner-sync-attempts=1 private-bodies=1
2026/09/16 13:32:32 INFO discarding dagql cache without persistence hasSQLDB=true hasPersistDB=true
2026/09/16 13:32:32 INFO discarding dagql cache without persistence hasSQLDB=true hasPersistDB=true
=== RUN   TestPartAcquisitionRootRoutes/producer
2026/09/16 13:32:32 INFO start lazy evaluation field=File.blob
2026/09/16 13:32:32 INFO end lazy evaluation field=File.blob duration=30.795829ms
    part_acquisition_test.go:134: route=producer latency=47.107851ms pins=1 owner-sync-attempts=1 private-bodies=1
2026/09/16 13:32:32 INFO discarding dagql cache without persistence hasSQLDB=true hasPersistDB=true
2026/09/16 13:32:32 INFO discarding dagql cache without persistence hasSQLDB=true hasPersistDB=true
--- PASS: TestPartAcquisitionRootRoutes (1.74s)
    --- PASS: TestPartAcquisitionRootRoutes/ready (0.25s)
    --- PASS: TestPartAcquisitionRootRoutes/chain (0.34s)
    --- PASS: TestPartAcquisitionRootRoutes/chain-sync-retry (0.34s)
    --- PASS: TestPartAcquisitionRootRoutes/chain-sync-restart (0.31s)
    --- PASS: TestPartAcquisitionRootRoutes/chain-fallback (0.31s)
    --- PASS: TestPartAcquisitionRootRoutes/producer (0.19s)
=== RUN   TestPartContainerMixedRestart
2026/09/16 13:32:33 INFO starting dagql cache close hasSQLDB=true hasPersistDB=true
2026/09/16 13:32:33 INFO marking dagql cache clean shutdown
2026/09/16 13:32:33 WARN successfully marked clean shutdown in persistence metadata
2026/09/16 13:32:33 INFO completed dagql cache close successfully
2026/09/16 13:32:33 INFO discarding dagql cache without persistence hasSQLDB=true hasPersistDB=true
2026/09/16 13:32:33 INFO discarding dagql cache without persistence hasSQLDB=true hasPersistDB=true
--- PASS: TestPartContainerMixedRestart (0.52s)
=== RUN   TestPartMountReceiverRoles
2026/09/16 13:32:33 INFO discarding dagql cache without persistence hasSQLDB=false hasPersistDB=false
2026/09/16 13:32:33 INFO discarding dagql cache without persistence hasSQLDB=false hasPersistDB=false
--- PASS: TestPartMountReceiverRoles (0.20s)
=== RUN   TestPartPrivateWholeBuiltin
2026/09/16 13:32:33 INFO start lazy evaluation field=Query._builtinContainer
2026/09/16 13:32:33 INFO end lazy evaluation field=Query._builtinContainer duration=108.782199ms
2026/09/16 13:32:33 INFO discarding dagql cache without persistence hasSQLDB=false hasPersistDB=false
--- PASS: TestPartPrivateWholeBuiltin (0.21s)
=== RUN   TestPartInlineAddress
=== RUN   TestPartInlineAddress/sequential
2026/09/16 13:32:34 INFO starting dagql cache close hasSQLDB=true hasPersistDB=true
2026/09/16 13:32:34 INFO marking dagql cache clean shutdown
2026/09/16 13:32:34 WARN successfully marked clean shutdown in persistence metadata
2026/09/16 13:32:34 INFO completed dagql cache close successfully
2026/09/16 13:32:34 INFO dagql pruned result resultID=2 call=Query.inlineDirectories digest="" args=[] description="dagql cache result 2" measuredSizeBytes=0 reclaimedBytes=0
2026/09/16 13:32:34 INFO discarding dagql cache without persistence hasSQLDB=true hasPersistDB=true
2026/09/16 13:32:34 INFO discarding dagql cache without persistence hasSQLDB=true hasPersistDB=true
=== RUN   TestPartInlineAddress/concurrent
2026/09/16 13:32:35 INFO starting dagql cache close hasSQLDB=true hasPersistDB=true
2026/09/16 13:32:35 INFO marking dagql cache clean shutdown
2026/09/16 13:32:35 WARN successfully marked clean shutdown in persistence metadata
2026/09/16 13:32:35 INFO completed dagql cache close successfully
2026/09/16 13:32:35 INFO dagql pruned result resultID=2 call=Query.inlineDirectories digest="" args=[] description="dagql cache result 2" measuredSizeBytes=0 reclaimedBytes=0
2026/09/16 13:32:35 INFO discarding dagql cache without persistence hasSQLDB=true hasPersistDB=true
2026/09/16 13:32:35 INFO discarding dagql cache without persistence hasSQLDB=true hasPersistDB=true
=== RUN   TestPartInlineAddress/shared-snapshot-sync-retry
2026/09/16 13:32:36 INFO starting dagql cache close hasSQLDB=true hasPersistDB=true
2026/09/16 13:32:36 INFO marking dagql cache clean shutdown
2026/09/16 13:32:36 WARN successfully marked clean shutdown in persistence metadata
2026/09/16 13:32:36 INFO completed dagql cache close successfully
2026/09/16 13:32:36 INFO dagql pruned result resultID=2 call=Query.inlineDirectories digest="" args=[] description="dagql cache result 2" measuredSizeBytes=0 reclaimedBytes=0
2026/09/16 13:32:36 INFO discarding dagql cache without persistence hasSQLDB=true hasPersistDB=true
2026/09/16 13:32:36 INFO discarding dagql cache without persistence hasSQLDB=true hasPersistDB=true
--- PASS: TestPartInlineAddress (2.48s)
    --- PASS: TestPartInlineAddress/sequential (0.87s)
    --- PASS: TestPartInlineAddress/concurrent (0.68s)
    --- PASS: TestPartInlineAddress/shared-snapshot-sync-retry (0.92s)
=== RUN   TestPartTypedPublicationRoles
    part_publication_race_test.go:98: coherent concurrent raw reader samples=272
2026/09/16 13:32:36 INFO discarding dagql cache without persistence hasSQLDB=false hasPersistDB=false
2026/09/16 13:32:36 INFO discarding dagql cache without persistence hasSQLDB=false hasPersistDB=false
--- PASS: TestPartTypedPublicationRoles (0.36s)
=== RUN   TestPartPureRoutes
=== RUN   TestPartPureRoutes/withExec
=== RUN   TestPartPureRoutes/withExec#01
=== RUN   TestPartPureRoutes/from
=== RUN   TestPartPureRoutes/withRootfs
=== RUN   TestPartPureRoutes/withWorkdir
=== RUN   TestPartPureRoutes/withDirectory
=== RUN   TestPartPureRoutes/withMountedFile
=== RUN   TestPartPureRoutes/withSymlink
--- PASS: TestPartPureRoutes (0.02s)
    --- PASS: TestPartPureRoutes/withExec (0.00s)
    --- PASS: TestPartPureRoutes/withExec#01 (0.00s)
    --- PASS: TestPartPureRoutes/from (0.00s)
    --- PASS: TestPartPureRoutes/withRootfs (0.00s)
    --- PASS: TestPartPureRoutes/withWorkdir (0.00s)
    --- PASS: TestPartPureRoutes/withDirectory (0.00s)
    --- PASS: TestPartPureRoutes/withMountedFile (0.00s)
    --- PASS: TestPartPureRoutes/withSymlink (0.00s)
=== RUN   TestPartScopeEmptyBoot
=== RUN   TestPartScopeEmptyBoot/old_schema_false
2026/09/16 13:32:36 INFO starting dagql cache close hasSQLDB=true hasPersistDB=true
2026/09/16 13:32:36 INFO marking dagql cache clean shutdown
2026/09/16 13:32:36 WARN successfully marked clean shutdown in persistence metadata
2026/09/16 13:32:36 INFO completed dagql cache close successfully
2026/09/16 13:32:36 INFO discarding dagql cache without persistence hasSQLDB=true hasPersistDB=true
=== RUN   TestPartScopeEmptyBoot/old_schema_true
2026/09/16 13:32:36 INFO starting dagql cache close hasSQLDB=true hasPersistDB=true
2026/09/16 13:32:36 INFO marking dagql cache clean shutdown
2026/09/16 13:32:36 WARN successfully marked clean shutdown in persistence metadata
2026/09/16 13:32:36 INFO completed dagql cache close successfully
2026/09/16 13:32:37 WARN dagql persistence import failed; wiping and cold-starting err="list mirror result_snapshot_links: SQL logic error: no such column: output_path (1)"
2026/09/16 13:32:37 INFO discarding dagql cache without persistence hasSQLDB=true hasPersistDB=true
--- PASS: TestPartScopeEmptyBoot (0.31s)
    --- PASS: TestPartScopeEmptyBoot/old_schema_false (0.11s)
    --- PASS: TestPartScopeEmptyBoot/old_schema_true (0.20s)
=== RUN   TestPartScopeRootRekeyCost
=== RUN   TestPartScopeRootRekeyCost/1
2026/09/16 13:32:37 INFO starting dagql cache close hasSQLDB=true hasPersistDB=true
2026/09/16 13:32:37 INFO marking dagql cache clean shutdown
2026/09/16 13:32:37 WARN successfully marked clean shutdown in persistence metadata
2026/09/16 13:32:37 INFO completed dagql cache close successfully
    part_scope_boot_test.go:133: root_rekey roots=1 attaches=1 stale_scans=1 stale_removes=1 peak_owner_leases=2 elapsed=24.231114ms
2026/09/16 13:32:37 INFO discarding dagql cache without persistence hasSQLDB=true hasPersistDB=true
=== RUN   TestPartScopeRootRekeyCost/32
2026/09/16 13:32:37 INFO starting dagql cache close hasSQLDB=true hasPersistDB=true
2026/09/16 13:32:37 INFO marking dagql cache clean shutdown
2026/09/16 13:32:37 WARN successfully marked clean shutdown in persistence metadata
2026/09/16 13:32:37 INFO completed dagql cache close successfully
    part_scope_boot_test.go:133: root_rekey roots=32 attaches=32 stale_scans=1 stale_removes=32 peak_owner_leases=64 elapsed=174.729147ms
2026/09/16 13:32:37 INFO discarding dagql cache without persistence hasSQLDB=true hasPersistDB=true
--- PASS: TestPartScopeRootRekeyCost (0.86s)
    --- PASS: TestPartScopeRootRekeyCost/1 (0.14s)
    --- PASS: TestPartScopeRootRekeyCost/32 (0.73s)
=== RUN   TestPartScopeBootScanFailure
--- PASS: TestPartScopeBootScanFailure (0.04s)
=== RUN   TestPartScopeNestedNullableRepresentation
2026/09/16 13:32:38 INFO starting dagql cache close hasSQLDB=true hasPersistDB=true
2026/09/16 13:32:38 INFO marking dagql cache clean shutdown
2026/09/16 13:32:38 WARN successfully marked clean shutdown in persistence metadata
2026/09/16 13:32:38 INFO completed dagql cache close successfully
2026/09/16 13:32:38 INFO discarding dagql cache without persistence hasSQLDB=true hasPersistDB=true
--- PASS: TestPartScopeNestedNullableRepresentation (0.08s)
=== CONT  TestContainerDirectEvaluateRunsRefinedGroups
=== CONT  TestContainerRoutingReadsRaceUnrefinedClear
=== CONT  TestContainerRoutingReadsRaceRefinedClear
=== CONT  TestContainerConcurrentGroupCompletionClearsLazyOnce
2026/09/16 13:32:38 INFO start lazy group evaluation field=Container.withUser group=metadata
2026/09/16 13:32:38 INFO start lazy group evaluation field=test.base group=metadata
2026/09/16 13:32:38 INFO end lazy group evaluation field=test.base group=metadata duration=42.26µs
2026/09/16 13:32:38 INFO end lazy group evaluation field=Container.withUser group=metadata duration=273.549µs
2026/09/16 13:32:38 INFO start lazy evaluation field=test.unrefinedWriter
2026/09/16 13:32:38 INFO start lazy group evaluation field=Container.withUser group=execMeta
2026/09/16 13:32:38 INFO start lazy group evaluation field=test.base group=metadata
2026/09/16 13:32:38 INFO start lazy group evaluation field=Container.withUser group=fs
2026/09/16 13:32:38 INFO start lazy group evaluation field=test.base group=metadata
2026/09/16 13:32:38 INFO start lazy group evaluation field=test.base group=execMeta
2026/09/16 13:32:38 INFO end lazy group evaluation field=test.base group=metadata duration=207.619µs
2026/09/16 13:32:38 INFO end lazy group evaluation field=test.base group=metadata duration=112.79µs
2026/09/16 13:32:38 INFO end lazy group evaluation field=test.base group=execMeta duration=82.51µs
2026/09/16 13:32:38 INFO start lazy group evaluation field=test.base group=fs
2026/09/16 13:32:38 INFO start lazy group evaluation field=test.base group=execMeta
2026/09/16 13:32:38 INFO end lazy group evaluation field=test.base group=execMeta duration=57.23µs
2026/09/16 13:32:38 INFO end lazy group evaluation field=test.base group=fs duration=86.55µs
2026/09/16 13:32:38 INFO end lazy group evaluation field=Container.withUser group=execMeta duration=808.168µs
2026/09/16 13:32:38 INFO end lazy evaluation field=test.unrefinedWriter duration=720.718µs
2026/09/16 13:32:38 INFO end lazy group evaluation field=Container.withUser group=fs duration=845.228µs
2026/09/16 13:32:38 INFO start lazy group evaluation field=test.base group=fs
2026/09/16 13:32:38 INFO start lazy group evaluation field=test.base group=fs
2026/09/16 13:32:38 INFO discarding dagql cache without persistence hasSQLDB=false hasPersistDB=false
--- PASS: TestContainerRoutingReadsRaceUnrefinedClear (0.00s)
2026/09/16 13:32:38 INFO end lazy group evaluation field=test.base group=fs duration=137.56µs
2026/09/16 13:32:38 INFO discarding dagql cache without persistence hasSQLDB=false hasPersistDB=false
--- PASS: TestContainerDirectEvaluateRunsRefinedGroups (0.00s)
2026/09/16 13:32:38 INFO end lazy group evaluation field=test.base group=fs duration=656.149µs
2026/09/16 13:32:38 INFO start lazy group evaluation field=test.base group=execMeta
2026/09/16 13:32:38 INFO end lazy group evaluation field=test.base group=execMeta duration=48.45µs
2026/09/16 13:32:38 INFO discarding dagql cache without persistence hasSQLDB=false hasPersistDB=false
--- PASS: TestContainerRoutingReadsRaceRefinedClear (0.00s)
2026/09/16 13:32:38 INFO start lazy group evaluation field=test.base group=mount:/a
2026/09/16 13:32:38 INFO start lazy group evaluation field=test.base group=mount:/b
2026/09/16 13:32:38 INFO end lazy group evaluation field=test.base group=mount:/b duration=85.02µs
2026/09/16 13:32:38 INFO end lazy group evaluation field=test.base group=mount:/a duration=219.499µs
2026/09/16 13:32:38 INFO discarding dagql cache without persistence hasSQLDB=false hasPersistDB=false
--- PASS: TestContainerConcurrentGroupCompletionClearsLazyOnce (0.00s)
PASS
ok  	github.com/dagger/dagger/core	8.254s
