=== RUN   TestCapturePersistedFilesystemDirectEvaluation
=== RUN   TestCapturePersistedFilesystemDirectEvaluation/File
2026/09/16 17:37:04 INFO start lazy evaluation field=File
2026/09/16 17:37:04 INFO end lazy evaluation field=File duration=236.95µs
    filesystem_capture_test.go:45: capture while File producer body latch held: err=capture persisted record 2: persist state not ready: filesystem body in use payload=
2026/09/16 17:37:04 INFO discarding dagql cache without persistence hasSQLDB=true hasPersistDB=true
=== RUN   TestCapturePersistedFilesystemDirectEvaluation/Directory
2026/09/16 17:37:04 INFO start lazy evaluation field=Directory
2026/09/16 17:37:04 INFO end lazy evaluation field=Directory duration=109.63µs
    filesystem_capture_test.go:45: capture while Directory producer body latch held: err=capture persisted record 2: persist state not ready: filesystem body in use payload=
2026/09/16 17:37:04 INFO discarding dagql cache without persistence hasSQLDB=true hasPersistDB=true
--- PASS: TestCapturePersistedFilesystemDirectEvaluation (0.12s)
    --- PASS: TestCapturePersistedFilesystemDirectEvaluation/File (0.09s)
    --- PASS: TestCapturePersistedFilesystemDirectEvaluation/Directory (0.03s)
=== RUN   TestFilesystemPersistenceRetainsBodyLatch
=== RUN   TestFilesystemPersistenceRetainsBodyLatch/File
=== RUN   TestFilesystemPersistenceRetainsBodyLatch/Directory
--- PASS: TestFilesystemPersistenceRetainsBodyLatch (0.00s)
    --- PASS: TestFilesystemPersistenceRetainsBodyLatch/File (0.00s)
    --- PASS: TestFilesystemPersistenceRetainsBodyLatch/Directory (0.00s)
=== RUN   TestPartAcquisitionRootRoutes
=== RUN   TestPartAcquisitionRootRoutes/ready
    part_acquisition_test.go:190: route=ready latency=16.5586ms pins=1 owner-sync-attempts=1 private-bodies=0
2026/09/16 17:37:04 INFO discarding dagql cache without persistence hasSQLDB=true hasPersistDB=true
2026/09/16 17:37:04 INFO discarding dagql cache without persistence hasSQLDB=true hasPersistDB=true
=== RUN   TestPartAcquisitionRootRoutes/chain
2026/09/16 17:37:04 INFO start lazy evaluation field=File.blob
2026/09/16 17:37:04 INFO end lazy evaluation field=File.blob duration=40.490112ms
    part_acquisition_test.go:190: route=chain latency=72.498345ms pins=1 owner-sync-attempts=1 private-bodies=0
2026/09/16 17:37:04 INFO discarding dagql cache without persistence hasSQLDB=true hasPersistDB=true
2026/09/16 17:37:04 INFO discarding dagql cache without persistence hasSQLDB=true hasPersistDB=true
=== RUN   TestPartAcquisitionRootRoutes/chain-sync-retry
2026/09/16 17:37:04 INFO start lazy evaluation field=File.blob
2026/09/16 17:37:04 INFO end lazy evaluation field=File.blob duration=31.499003ms
    part_acquisition_test.go:190: route=chain-sync-retry latency=67.55745ms pins=1 owner-sync-attempts=2 private-bodies=0
2026/09/16 17:37:04 INFO discarding dagql cache without persistence hasSQLDB=true hasPersistDB=true
2026/09/16 17:37:04 INFO discarding dagql cache without persistence hasSQLDB=true hasPersistDB=true
=== RUN   TestPartAcquisitionRootRoutes/chain-sync-restart
2026/09/16 17:37:05 INFO start lazy evaluation field=File.blob
2026/09/16 17:37:05 INFO end lazy evaluation field=File.blob duration=34.423909ms
2026/09/16 17:37:05 INFO starting dagql cache close hasSQLDB=true hasPersistDB=true
2026/09/16 17:37:05 INFO marking dagql cache clean shutdown
2026/09/16 17:37:05 WARN successfully marked clean shutdown in persistence metadata
2026/09/16 17:37:05 INFO completed dagql cache close successfully
    part_acquisition_test.go:190: route=chain-sync-restart latency=118.018041ms pins=0 owner-sync-attempts=1 private-bodies=0
2026/09/16 17:37:05 INFO discarding dagql cache without persistence hasSQLDB=true hasPersistDB=true
2026/09/16 17:37:05 INFO discarding dagql cache without persistence hasSQLDB=true hasPersistDB=true
=== RUN   TestPartAcquisitionRootRoutes/chain-pin-release-retry
2026/09/16 17:37:05 INFO start lazy evaluation field=File.blob
2026/09/16 17:37:05 INFO end lazy evaluation field=File.blob duration=31.523243ms
    part_acquisition_test.go:190: route=chain-pin-release-retry latency=89.981654ms pins=1 owner-sync-attempts=1 private-bodies=0
2026/09/16 17:37:05 INFO discarding dagql cache without persistence hasSQLDB=true hasPersistDB=true
2026/09/16 17:37:05 INFO discarding dagql cache without persistence hasSQLDB=true hasPersistDB=true
=== RUN   TestPartAcquisitionRootRoutes/chain-fallback
2026/09/16 17:37:05 INFO start lazy evaluation field=File.blob
2026/09/16 17:37:05 INFO end lazy evaluation field=File.blob duration=42.82825ms
2026/09/16 17:37:05 INFO start lazy evaluation field=File.blob
2026/09/16 17:37:05 INFO end lazy evaluation field=File.blob duration=37.214346ms
    part_acquisition_test.go:190: route=chain-fallback latency=96.266627ms pins=1 owner-sync-attempts=1 private-bodies=1
2026/09/16 17:37:06 INFO discarding dagql cache without persistence hasSQLDB=true hasPersistDB=true
2026/09/16 17:37:06 INFO discarding dagql cache without persistence hasSQLDB=true hasPersistDB=true
=== RUN   TestPartAcquisitionRootRoutes/chain-fallback-producer-failure
2026/09/16 17:37:06 INFO start lazy evaluation field=File.blob
2026/09/16 17:37:06 INFO end lazy evaluation field=File.blob duration=39.541803ms
2026/09/16 17:37:06 INFO start lazy evaluation field=File.blob
2026/09/16 17:37:06 INFO end lazy evaluation field=File.blob duration=24.105112ms err="create blob snapshot: private producer failed"
2026/09/16 17:37:06 INFO discarding dagql cache without persistence hasSQLDB=true hasPersistDB=true
2026/09/16 17:37:06 INFO discarding dagql cache without persistence hasSQLDB=true hasPersistDB=true
=== RUN   TestPartAcquisitionRootRoutes/producer
2026/09/16 17:37:06 INFO start lazy evaluation field=File.blob
2026/09/16 17:37:06 INFO end lazy evaluation field=File.blob duration=31.702332ms
    part_acquisition_test.go:190: route=producer latency=47.733453ms pins=1 owner-sync-attempts=1 private-bodies=1
2026/09/16 17:37:06 INFO discarding dagql cache without persistence hasSQLDB=true hasPersistDB=true
2026/09/16 17:37:06 INFO discarding dagql cache without persistence hasSQLDB=true hasPersistDB=true
--- PASS: TestPartAcquisitionRootRoutes (2.24s)
    --- PASS: TestPartAcquisitionRootRoutes/ready (0.20s)
    --- PASS: TestPartAcquisitionRootRoutes/chain (0.29s)
    --- PASS: TestPartAcquisitionRootRoutes/chain-sync-retry (0.30s)
    --- PASS: TestPartAcquisitionRootRoutes/chain-sync-restart (0.34s)
    --- PASS: TestPartAcquisitionRootRoutes/chain-pin-release-retry (0.33s)
    --- PASS: TestPartAcquisitionRootRoutes/chain-fallback (0.35s)
    --- PASS: TestPartAcquisitionRootRoutes/chain-fallback-producer-failure (0.29s)
    --- PASS: TestPartAcquisitionRootRoutes/producer (0.14s)
=== RUN   TestPartFilesystemPublicationRoles
=== RUN   TestPartFilesystemPublicationRoles/File
    part_filesystem_race_test.go:144: File coherent tuple/role samples=297 publications=2048
2026/09/16 17:37:06 INFO discarding dagql cache without persistence hasSQLDB=false hasPersistDB=false
=== RUN   TestPartFilesystemPublicationRoles/Directory
    part_filesystem_race_test.go:144: Directory coherent tuple/role samples=297 publications=2048
2026/09/16 17:37:06 INFO discarding dagql cache without persistence hasSQLDB=false hasPersistDB=false
--- PASS: TestPartFilesystemPublicationRoles (0.54s)
    --- PASS: TestPartFilesystemPublicationRoles/File (0.31s)
    --- PASS: TestPartFilesystemPublicationRoles/Directory (0.24s)
=== RUN   TestPartTypedPublicationRoles
    part_publication_race_test.go:98: coherent concurrent raw reader samples=313
2026/09/16 17:37:07 INFO discarding dagql cache without persistence hasSQLDB=false hasPersistDB=false
2026/09/16 17:37:07 INFO discarding dagql cache without persistence hasSQLDB=false hasPersistDB=false
--- PASS: TestPartTypedPublicationRoles (0.32s)
PASS
ok      github.com/dagger/dagger/core   4.633s
