=== RUN   TestRecordCompletedContainerMountProducer
=== RUN   TestRecordCompletedContainerMountProducer/Directory
=== RUN   TestRecordCompletedContainerMountProducer/Directory/nil
=== RUN   TestRecordCompletedContainerMountProducer/Directory/typed-nil
=== RUN   TestRecordCompletedContainerMountProducer/Directory/wrong-kind
=== RUN   TestRecordCompletedContainerMountProducer/Directory/missing-parent
=== RUN   TestRecordCompletedContainerMountProducer/Directory/missing-source
=== RUN   TestRecordCompletedContainerMountProducer/Directory/missing-target
=== RUN   TestRecordCompletedContainerMountProducer/Directory/pending
=== RUN   TestRecordCompletedContainerMountProducer/Directory/imported
=== RUN   TestRecordCompletedContainerMountProducer/Directory/encoded
=== RUN   TestRecordCompletedContainerMountProducer/Directory/success
2026/09/16 17:39:20 INFO start lazy group evaluation field=Container.withMountedDirectory group=metadata
2026/09/16 17:39:20 INFO end lazy group evaluation field=Container.withMountedDirectory group=metadata duration=141.569µs
2026/09/16 17:39:20 INFO start lazy group evaluation field=Container.withMountedDirectory group=fs
2026/09/16 17:39:20 INFO end lazy group evaluation field=Container.withMountedDirectory group=fs duration=26.38µs
2026/09/16 17:39:20 INFO start lazy group evaluation field=Container.withMountedDirectory group=execMeta
2026/09/16 17:39:20 INFO end lazy group evaluation field=Container.withMountedDirectory group=execMeta duration=1.445269ms
2026/09/16 17:39:20 INFO start lazy group evaluation field=Container.withMountedDirectory group=write
2026/09/16 17:39:20 INFO end lazy group evaluation field=Container.withMountedDirectory group=write duration=408.289µs
2026/09/16 17:39:20 INFO start lazy group evaluation field=Container.withMountedDirectory group=metadata
2026/09/16 17:39:20 INFO end lazy group evaluation field=Container.withMountedDirectory group=metadata duration=79.54µs
2026/09/16 17:39:20 INFO start lazy group evaluation field=Container.withMountedDirectory group=fs
2026/09/16 17:39:20 INFO end lazy group evaluation field=Container.withMountedDirectory group=fs duration=29.35µs
2026/09/16 17:39:20 INFO start lazy group evaluation field=Container.withMountedDirectory group=execMeta
2026/09/16 17:39:20 INFO end lazy group evaluation field=Container.withMountedDirectory group=execMeta duration=20.77µs
2026/09/16 17:39:20 INFO start lazy group evaluation field=Container.withMountedDirectory group=write
2026/09/16 17:39:20 INFO end lazy group evaluation field=Container.withMountedDirectory group=write duration=155.18µs
2026/09/16 17:39:20 INFO discarding dagql cache without persistence hasSQLDB=false hasPersistDB=false
=== RUN   TestRecordCompletedContainerMountProducer/File
=== RUN   TestRecordCompletedContainerMountProducer/File/nil
=== RUN   TestRecordCompletedContainerMountProducer/File/typed-nil
=== RUN   TestRecordCompletedContainerMountProducer/File/wrong-kind
=== RUN   TestRecordCompletedContainerMountProducer/File/missing-parent
=== RUN   TestRecordCompletedContainerMountProducer/File/missing-source
=== RUN   TestRecordCompletedContainerMountProducer/File/missing-target
=== RUN   TestRecordCompletedContainerMountProducer/File/pending
=== RUN   TestRecordCompletedContainerMountProducer/File/imported
=== RUN   TestRecordCompletedContainerMountProducer/File/encoded
=== RUN   TestRecordCompletedContainerMountProducer/File/success
2026/09/16 17:39:20 INFO start lazy group evaluation field=Container.withMountedFile group=metadata
2026/09/16 17:39:20 INFO end lazy group evaluation field=Container.withMountedFile group=metadata duration=71.099µs
2026/09/16 17:39:20 INFO start lazy group evaluation field=Container.withMountedFile group=fs
2026/09/16 17:39:20 INFO end lazy group evaluation field=Container.withMountedFile group=fs duration=23.97µs
2026/09/16 17:39:20 INFO start lazy group evaluation field=Container.withMountedFile group=execMeta
2026/09/16 17:39:20 INFO end lazy group evaluation field=Container.withMountedFile group=execMeta duration=19.88µs
2026/09/16 17:39:20 INFO start lazy group evaluation field=Container.withMountedFile group=write
2026/09/16 17:39:20 INFO end lazy group evaluation field=Container.withMountedFile group=write duration=113.25µs
2026/09/16 17:39:20 INFO start lazy group evaluation field=Container.withMountedFile group=metadata
2026/09/16 17:39:20 INFO end lazy group evaluation field=Container.withMountedFile group=metadata duration=96.21µs
2026/09/16 17:39:20 INFO start lazy group evaluation field=Container.withMountedFile group=fs
2026/09/16 17:39:20 INFO end lazy group evaluation field=Container.withMountedFile group=fs duration=34.79µs
2026/09/16 17:39:20 INFO start lazy group evaluation field=Container.withMountedFile group=execMeta
2026/09/16 17:39:20 INFO end lazy group evaluation field=Container.withMountedFile group=execMeta duration=25.36µs
2026/09/16 17:39:20 INFO start lazy group evaluation field=Container.withMountedFile group=write
2026/09/16 17:39:20 INFO end lazy group evaluation field=Container.withMountedFile group=write duration=187.21µs
2026/09/16 17:39:20 INFO discarding dagql cache without persistence hasSQLDB=false hasPersistDB=false
--- PASS: TestRecordCompletedContainerMountProducer (0.18s)
    --- PASS: TestRecordCompletedContainerMountProducer/Directory (0.11s)
        --- PASS: TestRecordCompletedContainerMountProducer/Directory/nil (0.00s)
        --- PASS: TestRecordCompletedContainerMountProducer/Directory/typed-nil (0.00s)
        --- PASS: TestRecordCompletedContainerMountProducer/Directory/wrong-kind (0.00s)
        --- PASS: TestRecordCompletedContainerMountProducer/Directory/missing-parent (0.00s)
        --- PASS: TestRecordCompletedContainerMountProducer/Directory/missing-source (0.00s)
        --- PASS: TestRecordCompletedContainerMountProducer/Directory/missing-target (0.00s)
        --- PASS: TestRecordCompletedContainerMountProducer/Directory/pending (0.00s)
        --- PASS: TestRecordCompletedContainerMountProducer/Directory/imported (0.00s)
        --- PASS: TestRecordCompletedContainerMountProducer/Directory/encoded (0.00s)
        --- PASS: TestRecordCompletedContainerMountProducer/Directory/success (0.03s)
    --- PASS: TestRecordCompletedContainerMountProducer/File (0.07s)
        --- PASS: TestRecordCompletedContainerMountProducer/File/nil (0.00s)
        --- PASS: TestRecordCompletedContainerMountProducer/File/typed-nil (0.00s)
        --- PASS: TestRecordCompletedContainerMountProducer/File/wrong-kind (0.00s)
        --- PASS: TestRecordCompletedContainerMountProducer/File/missing-parent (0.00s)
        --- PASS: TestRecordCompletedContainerMountProducer/File/missing-source (0.00s)
        --- PASS: TestRecordCompletedContainerMountProducer/File/missing-target (0.00s)
        --- PASS: TestRecordCompletedContainerMountProducer/File/pending (0.00s)
        --- PASS: TestRecordCompletedContainerMountProducer/File/imported (0.00s)
        --- PASS: TestRecordCompletedContainerMountProducer/File/encoded (0.00s)
        --- PASS: TestRecordCompletedContainerMountProducer/File/success (0.03s)
PASS
ok      github.com/dagger/dagger/core   1.644s
