=== RUN   TestPartAcquisitionRootRoutes
=== RUN   TestPartAcquisitionRootRoutes/ready
    part_acquisition_test.go:190: route=ready latency=15.138735ms pins=1 owner-sync-attempts=1 private-bodies=0
2026/09/16 17:23:14 INFO discarding dagql cache without persistence hasSQLDB=true hasPersistDB=true
2026/09/16 17:23:14 INFO discarding dagql cache without persistence hasSQLDB=true hasPersistDB=true
=== RUN   TestPartAcquisitionRootRoutes/chain
2026/09/16 17:23:14 INFO start lazy evaluation field=File.blob
2026/09/16 17:23:14 INFO end lazy evaluation field=File.blob duration=30.37104ms
    part_acquisition_test.go:190: route=chain latency=79.257216ms pins=1 owner-sync-attempts=1 private-bodies=0
2026/09/16 17:23:14 INFO discarding dagql cache without persistence hasSQLDB=true hasPersistDB=true
2026/09/16 17:23:14 INFO discarding dagql cache without persistence hasSQLDB=true hasPersistDB=true
=== RUN   TestPartAcquisitionRootRoutes/chain-sync-retry
2026/09/16 17:23:15 INFO start lazy evaluation field=File.blob
2026/09/16 17:23:15 INFO end lazy evaluation field=File.blob duration=45.326725ms
    part_acquisition_test.go:190: route=chain-sync-retry latency=91.45434ms pins=1 owner-sync-attempts=2 private-bodies=0
2026/09/16 17:23:15 INFO discarding dagql cache without persistence hasSQLDB=true hasPersistDB=true
2026/09/16 17:23:15 INFO discarding dagql cache without persistence hasSQLDB=true hasPersistDB=true
=== RUN   TestPartAcquisitionRootRoutes/chain-sync-restart
2026/09/16 17:23:15 INFO start lazy evaluation field=File.blob
2026/09/16 17:23:15 INFO end lazy evaluation field=File.blob duration=40.622943ms
2026/09/16 17:23:15 INFO starting dagql cache close hasSQLDB=true hasPersistDB=true
2026/09/16 17:23:15 INFO marking dagql cache clean shutdown
2026/09/16 17:23:15 WARN successfully marked clean shutdown in persistence metadata
2026/09/16 17:23:15 INFO completed dagql cache close successfully
    part_acquisition_test.go:190: route=chain-sync-restart latency=114.485108ms pins=0 owner-sync-attempts=1 private-bodies=0
2026/09/16 17:23:15 INFO discarding dagql cache without persistence hasSQLDB=true hasPersistDB=true
2026/09/16 17:23:15 INFO discarding dagql cache without persistence hasSQLDB=true hasPersistDB=true
=== RUN   TestPartAcquisitionRootRoutes/chain-pin-release-retry
2026/09/16 17:23:15 INFO start lazy evaluation field=File.blob
2026/09/16 17:23:15 INFO end lazy evaluation field=File.blob duration=41.602554ms
    part_acquisition_test.go:190: route=chain-pin-release-retry latency=76.409356ms pins=1 owner-sync-attempts=1 private-bodies=0
2026/09/16 17:23:15 INFO discarding dagql cache without persistence hasSQLDB=true hasPersistDB=true
2026/09/16 17:23:15 INFO discarding dagql cache without persistence hasSQLDB=true hasPersistDB=true
=== RUN   TestPartAcquisitionRootRoutes/chain-fallback
2026/09/16 17:23:16 INFO start lazy evaluation field=File.blob
2026/09/16 17:23:16 INFO end lazy evaluation field=File.blob duration=36.749893ms
2026/09/16 17:23:16 INFO start lazy evaluation field=File.blob
2026/09/16 17:23:16 INFO end lazy evaluation field=File.blob duration=35.146401ms
    part_acquisition_test.go:190: route=chain-fallback latency=88.245379ms pins=1 owner-sync-attempts=1 private-bodies=1
2026/09/16 17:23:16 INFO discarding dagql cache without persistence hasSQLDB=true hasPersistDB=true
2026/09/16 17:23:16 INFO discarding dagql cache without persistence hasSQLDB=true hasPersistDB=true
=== RUN   TestPartAcquisitionRootRoutes/chain-fallback-producer-failure
2026/09/16 17:23:16 INFO start lazy evaluation field=File.blob
2026/09/16 17:23:16 INFO end lazy evaluation field=File.blob duration=34.759342ms
2026/09/16 17:23:16 INFO start lazy evaluation field=File.blob
2026/09/16 17:23:16 INFO end lazy evaluation field=File.blob duration=19.440096ms err="create blob snapshot: private producer failed"
2026/09/16 17:23:16 INFO discarding dagql cache without persistence hasSQLDB=true hasPersistDB=true
2026/09/16 17:23:16 INFO discarding dagql cache without persistence hasSQLDB=true hasPersistDB=true
=== RUN   TestPartAcquisitionRootRoutes/producer
2026/09/16 17:23:16 INFO start lazy evaluation field=File.blob
2026/09/16 17:23:16 INFO end lazy evaluation field=File.blob duration=40.451733ms
    part_acquisition_test.go:190: route=producer latency=63.903761ms pins=1 owner-sync-attempts=1 private-bodies=1
2026/09/16 17:23:16 INFO discarding dagql cache without persistence hasSQLDB=true hasPersistDB=true
2026/09/16 17:23:16 INFO discarding dagql cache without persistence hasSQLDB=true hasPersistDB=true
--- PASS: TestPartAcquisitionRootRoutes (2.42s)
    --- PASS: TestPartAcquisitionRootRoutes/ready (0.26s)
    --- PASS: TestPartAcquisitionRootRoutes/chain (0.33s)
    --- PASS: TestPartAcquisitionRootRoutes/chain-sync-retry (0.36s)
    --- PASS: TestPartAcquisitionRootRoutes/chain-sync-restart (0.36s)
    --- PASS: TestPartAcquisitionRootRoutes/chain-pin-release-retry (0.32s)
    --- PASS: TestPartAcquisitionRootRoutes/chain-fallback (0.33s)
    --- PASS: TestPartAcquisitionRootRoutes/chain-fallback-producer-failure (0.26s)
    --- PASS: TestPartAcquisitionRootRoutes/producer (0.20s)
=== RUN   TestPartDelegationRealStore
=== RUN   TestPartDelegationRealStore/ready-parent
2026/09/16 17:23:17 INFO discarding dagql cache without persistence hasSQLDB=true hasPersistDB=true
2026/09/16 17:23:17 INFO discarding dagql cache without persistence hasSQLDB=false hasPersistDB=false
=== RUN   TestPartDelegationRealStore/pending-parent
2026/09/16 17:23:17 INFO discarding dagql cache without persistence hasSQLDB=true hasPersistDB=true
2026/09/16 17:23:17 INFO discarding dagql cache without persistence hasSQLDB=false hasPersistDB=false
=== RUN   TestPartDelegationRealStore/sync-retry
2026/09/16 17:23:17 INFO discarding dagql cache without persistence hasSQLDB=true hasPersistDB=true
2026/09/16 17:23:17 INFO discarding dagql cache without persistence hasSQLDB=false hasPersistDB=false
=== RUN   TestPartDelegationRealStore/native-restart
=== RUN   TestPartDelegationRealStore/native-restart/1
2026/09/16 17:23:17 INFO starting dagql cache close hasSQLDB=true hasPersistDB=true
2026/09/16 17:23:17 INFO marking dagql cache clean shutdown
2026/09/16 17:23:17 WARN successfully marked clean shutdown in persistence metadata
2026/09/16 17:23:17 INFO completed dagql cache close successfully
    part_delegation_test.go:289: native delegation depth=1 bookkeeping latency=22.155397ms pins=1 owner-syncs=1 independent-accessor-refs=1
2026/09/16 17:23:17 INFO discarding dagql cache without persistence hasSQLDB=true hasPersistDB=true
=== RUN   TestPartDelegationRealStore/native-restart/8
2026/09/16 17:23:17 INFO starting dagql cache close hasSQLDB=true hasPersistDB=true
2026/09/16 17:23:17 INFO marking dagql cache clean shutdown
2026/09/16 17:23:17 WARN successfully marked clean shutdown in persistence metadata
2026/09/16 17:23:17 INFO completed dagql cache close successfully
    part_delegation_test.go:289: native delegation depth=8 bookkeeping latency=158.845161ms pins=8 owner-syncs=8 independent-accessor-refs=8
2026/09/16 17:23:18 INFO discarding dagql cache without persistence hasSQLDB=true hasPersistDB=true
=== RUN   TestPartDelegationRealStore/native-restart/32
2026/09/16 17:23:18 INFO starting dagql cache close hasSQLDB=true hasPersistDB=true
2026/09/16 17:23:18 INFO marking dagql cache clean shutdown
2026/09/16 17:23:18 WARN successfully marked clean shutdown in persistence metadata
2026/09/16 17:23:18 INFO completed dagql cache close successfully
    part_delegation_test.go:289: native delegation depth=32 bookkeeping latency=696.893604ms pins=32 owner-syncs=32 independent-accessor-refs=32
2026/09/16 17:23:18 INFO discarding dagql cache without persistence hasSQLDB=true hasPersistDB=true
2026/09/16 17:23:18 INFO discarding dagql cache without persistence hasSQLDB=false hasPersistDB=false
=== RUN   TestPartDelegationRealStore/ready-parent-over-chain
2026/09/16 17:23:19 INFO discarding dagql cache without persistence hasSQLDB=true hasPersistDB=true
2026/09/16 17:23:19 INFO discarding dagql cache without persistence hasSQLDB=false hasPersistDB=false
=== RUN   TestPartDelegationRealStore/ordinary-ready-tie
2026/09/16 17:23:19 INFO discarding dagql cache without persistence hasSQLDB=true hasPersistDB=true
2026/09/16 17:23:19 INFO discarding dagql cache without persistence hasSQLDB=false hasPersistDB=false
=== RUN   TestPartDelegationRealStore/child-chain-first
2026/09/16 17:23:19 INFO discarding dagql cache without persistence hasSQLDB=true hasPersistDB=true
2026/09/16 17:23:19 INFO discarding dagql cache without persistence hasSQLDB=false hasPersistDB=false
=== RUN   TestPartDelegationRealStore/late-child
2026/09/16 17:23:20 INFO discarding dagql cache without persistence hasSQLDB=true hasPersistDB=true
2026/09/16 17:23:20 INFO discarding dagql cache without persistence hasSQLDB=false hasPersistDB=false
=== RUN   TestPartDelegationRealStore/child-and-parent-failure
2026/09/16 17:23:20 INFO discarding dagql cache without persistence hasSQLDB=true hasPersistDB=true
2026/09/16 17:23:20 INFO discarding dagql cache without persistence hasSQLDB=false hasPersistDB=false
--- PASS: TestPartDelegationRealStore (3.76s)
    --- PASS: TestPartDelegationRealStore/ready-parent (0.30s)
    --- PASS: TestPartDelegationRealStore/pending-parent (0.30s)
    --- PASS: TestPartDelegationRealStore/sync-retry (0.29s)
    --- PASS: TestPartDelegationRealStore/native-restart (1.30s)
        --- PASS: TestPartDelegationRealStore/native-restart/1 (0.13s)
        --- PASS: TestPartDelegationRealStore/native-restart/8 (0.28s)
        --- PASS: TestPartDelegationRealStore/native-restart/32 (0.84s)
    --- PASS: TestPartDelegationRealStore/ready-parent-over-chain (0.34s)
    --- PASS: TestPartDelegationRealStore/ordinary-ready-tie (0.30s)
    --- PASS: TestPartDelegationRealStore/child-chain-first (0.30s)
    --- PASS: TestPartDelegationRealStore/late-child (0.43s)
    --- PASS: TestPartDelegationRealStore/child-and-parent-failure (0.19s)
PASS
ok      github.com/dagger/dagger/core   7.616s
