=== RUN   TestPartSourceSelectionLaterRoute
--- PASS: TestPartSourceSelectionLaterRoute (0.07s)
=== RUN   TestPartSessionlessOwnSubset
=== RUN   TestPartSessionlessOwnSubset/offer-only
=== RUN   TestPartSessionlessOwnSubset/own
=== RUN   TestPartSessionlessOwnSubset/revoked-before-commit
=== RUN   TestPartSessionlessOwnSubset/native-receiver
--- PASS: TestPartSessionlessOwnSubset (0.18s)
    --- PASS: TestPartSessionlessOwnSubset/offer-only (0.05s)
    --- PASS: TestPartSessionlessOwnSubset/own (0.04s)
    --- PASS: TestPartSessionlessOwnSubset/revoked-before-commit (0.05s)
    --- PASS: TestPartSessionlessOwnSubset/native-receiver (0.04s)
=== RUN   TestPartDecisionPreparationArrival
=== RUN   TestPartDecisionPreparationArrival/ready
=== RUN   TestPartDecisionPreparationArrival/chain
=== RUN   TestPartDecisionPreparationArrival/second-refusal
--- PASS: TestPartDecisionPreparationArrival (0.65s)
    --- PASS: TestPartDecisionPreparationArrival/ready (0.23s)
    --- PASS: TestPartDecisionPreparationArrival/chain (0.22s)
    --- PASS: TestPartDecisionPreparationArrival/second-refusal (0.20s)
=== RUN   TestPartDecisionInlineAdmissionAndPendingSync
--- PASS: TestPartDecisionInlineAdmissionAndPendingSync (0.05s)
=== RUN   TestPartDecisionOfferAfterRunning
--- PASS: TestPartDecisionOfferAfterRunning (0.03s)
=== RUN   TestPartSourceSelection
--- PASS: TestPartSourceSelection (0.06s)
=== RUN   TestPartDecisionFinalSource
--- PASS: TestPartDecisionFinalSource (0.03s)
=== RUN   TestPartSourceScanFailureReleasesWinner
=== RUN   TestPartSourceScanFailureReleasesWinner/ready
=== RUN   TestPartSourceScanFailureReleasesWinner/chain
--- PASS: TestPartSourceScanFailureReleasesWinner (0.09s)
    --- PASS: TestPartSourceScanFailureReleasesWinner/ready (0.06s)
    --- PASS: TestPartSourceScanFailureReleasesWinner/chain (0.03s)
=== RUN   TestPartGateFiniteDrain
--- PASS: TestPartGateFiniteDrain (0.00s)
=== RUN   TestPartSessionlessRestoredDirectory
--- PASS: TestPartSessionlessRestoredDirectory (0.23s)
PASS
ok      github.com/dagger/dagger/dagql  2.863s
