[dagger] 30.0s elapsed · 3 steps running
[dagger] 1m0s elapsed · 19 steps running
[dagger] 1m30s elapsed · 11 steps running
[dagger] 2m0s elapsed · 9 steps running
== TRACE ==  ✔ PASSED
engine-dev test --pkg ./core/integration --run=TestRemoteCacheTransferSuite/TestPartMixedExecOutputs$ --timeout=5m --test-verbose  2m16s

✔ connect 0.3s
✔ load workspace: . 3.6s
✔ parsing command line arguments 0.0s

✔ engineDev(
  ┆ ws: currentWorkspace: Workspace!
  ): EngineDev! 23.8s ◆ CPU Pressure (some): 63.645ms ◆ CPU Pressure (full): 38.695ms ◆ Memory Bytes (current): 840 kB ◆ Memory Bytes (peak): 30 MB
✔ .test(run: "TestRemoteCacheTransferSuite/TestPartMixedExecOutputs$", pkg: "./core/integration", timeout: "5m", testVerbose: true): Void 1m48s ◆ CPU Pressure (some): 163.609ms ◆ CPU Pressure (full): 122.53ms ◆ Memory Bytes (current): 1.0 MB ◆ Memory Bytes (peak): 35 MB ◆ Network Tx: 2.4 kB
  ✔ 3 pulls, 4 unpacks, 1 upload, 1 transfer 11.3s

== SERVICES ==
✔ h4avdn8nctrm4.bslo2mhu502o6.dagger.local exec /entrypoint.sh /etc/docker/registry/config.yml 1m36s EXITED span=649b2d610f2a1df0
✔ rogct0dgr0vls.bslo2mhu502o6.dagger.local exec /entrypoint.sh /etc/docker/registry/config.yml 1m36s EXITED span=e98478f1587632c6
✘ n8fndklo1jmsi.bslo2mhu502o6.dagger.local exec dagger-entrypoint.sh --addr unix:///run/dagger-engine.sock --addr tcp://0.0.0.0:1234 --network-name dagger-dev --network-cidr 10.88.0.0/16 --debugaddr 0.0.0.0:6060 1m35s ERROR span=f8eec7e75d644efc

== TESTS ==
  ✔ github.com/dagger/dagger/core/integration  1 passed

  ✔ 1 passed

Trace ID: 937a5d528c9b7d49fa4e6fb4919b5477
