[dagger] 30.0s elapsed · 3 steps running
[dagger] 1m0s elapsed · 10 steps running
[dagger] 1m30s elapsed · 26 steps running
[dagger] 2m0s elapsed · 12 steps running
[dagger] 2m30s elapsed · 12 steps running
[dagger] 3m0s elapsed · 13 steps running
[dagger] 3m30s elapsed · 13 steps running
[dagger] 4m0s elapsed · 27 steps running
[dagger] 4m30s elapsed · 12 steps running
== TRACE ==  ✔ PASSED
engine-dev test --pkg ./core/integration --run=TestRemoteCacheTransferSuite/TestSchemaRecovery$ --timeout=5m --test-verbose  4m54s

✔ connect 0.3s
✔ load workspace: . 2.2s
✔ parsing command line arguments 0.0s

✔ engineDev(
  ┆ ws: currentWorkspace: Workspace!
  ): EngineDev! 24.9s ◆ CPU Pressure (some): 54.992ms ◆ CPU Pressure (full): 29.855ms ◆ Memory Bytes (current): 1.0 MB ◆ Memory Bytes (peak): 32 MB ◆ Network Tx: 300 B
✔ .test(run: "TestRemoteCacheTransferSuite/TestSchemaRecovery$", pkg: "./core/integration", timeout: "5m", testVerbose: true): Void 4m26s ◆ Disk Read: 6.0 MB ◆ Disk Write: 0 B ◆ IO Pressure: 216.527ms ◆ CPU Pressure (some): 490.849ms ◆ CPU Pressure (full): 392.777ms ◆ Memory Bytes (current): 7.0 MB ◆ Memory Bytes (peak): 41 MB ◆ Network Tx: 2.7 kB
  ✔ 14 uploads, 6 unpacks, 1 pull, 2 transfers 21.0s

== SERVICES ==
✔ rogct0dgr0vls.gsg45nfbvknva.dagger.local exec /entrypoint.sh /etc/docker/registry/config.yml 4m19s EXITED span=6fb3cf6730b7159f
✔ h4avdn8nctrm4.gsg45nfbvknva.dagger.local exec /entrypoint.sh /etc/docker/registry/config.yml 4m19s EXITED span=4f9abdf93749b05f
✘ ejf789h4p6iuk.gsg45nfbvknva.dagger.local exec dagger-entrypoint.sh --addr unix:///run/dagger-engine.sock --addr tcp://0.0.0.0:1234 --network-name dagger-dev --network-cidr 10.88.0.0/16 --debugaddr 0.0.0.0:6060 4m18s ERROR span=6f45c841bc46d8f1

== TESTS ==
  ✔ github.com/dagger/dagger/core/integration  1 passed

  ✔ 1 passed

Trace ID: 0a22a548c1ad35d8f605611e47fde4da
