=== RUN   TestCacheEvaluateRetiresFinishedAttemptBeforeWaitersDrain
--- PASS: TestCacheEvaluateRetiresFinishedAttemptBeforeWaitersDrain (0.00s)
=== RUN   TestCacheEvaluateOwnCancellationOnlyCancelsOwnWait
--- PASS: TestCacheEvaluateOwnCancellationOnlyCancelsOwnWait (0.00s)
=== RUN   TestCacheEvaluateSettlesBookkeepingBeforeReportingComplete
--- PASS: TestCacheEvaluateSettlesBookkeepingBeforeReportingComplete (0.00s)
=== RUN   TestCacheEvaluatePendingBookkeepingSkipsUnclearedCallback
--- PASS: TestCacheEvaluatePendingBookkeepingSkipsUnclearedCallback (0.00s)
=== RUN   TestPartSourceSelectionLaterRoute
--- PASS: TestPartSourceSelectionLaterRoute (0.08s)
=== RUN   TestPartSessionlessOwnSubset
=== RUN   TestPartSessionlessOwnSubset/offer-only
=== RUN   TestPartSessionlessOwnSubset/own
=== RUN   TestPartSessionlessOwnSubset/revoked-before-commit
=== RUN   TestPartSessionlessOwnSubset/native-receiver
--- PASS: TestPartSessionlessOwnSubset (0.17s)
    --- PASS: TestPartSessionlessOwnSubset/offer-only (0.04s)
    --- PASS: TestPartSessionlessOwnSubset/own (0.05s)
    --- PASS: TestPartSessionlessOwnSubset/revoked-before-commit (0.05s)
    --- PASS: TestPartSessionlessOwnSubset/native-receiver (0.04s)
=== RUN   TestPartReadyRevalidationAndCanceledFinish
=== RUN   TestPartReadyRevalidationAndCanceledFinish/stale-donor
=== RUN   TestPartReadyRevalidationAndCanceledFinish/cancel-commit
=== RUN   TestPartReadyRevalidationAndCanceledFinish/cancel-finish
--- PASS: TestPartReadyRevalidationAndCanceledFinish (0.11s)
    --- PASS: TestPartReadyRevalidationAndCanceledFinish/stale-donor (0.04s)
    --- PASS: TestPartReadyRevalidationAndCanceledFinish/cancel-commit (0.04s)
    --- PASS: TestPartReadyRevalidationAndCanceledFinish/cancel-finish (0.03s)
=== RUN   TestPartProducerMissingOutputStopsOnce
--- PASS: TestPartProducerMissingOutputStopsOnce (0.05s)
=== RUN   TestPartReadyPreparationBoundaries
=== RUN   TestPartReadyPreparationBoundaries/cancel-during-pin
=== RUN   TestPartReadyPreparationBoundaries/missing-local-descriptor
--- PASS: TestPartReadyPreparationBoundaries (0.78s)
    --- PASS: TestPartReadyPreparationBoundaries/cancel-during-pin (0.12s)
    --- PASS: TestPartReadyPreparationBoundaries/missing-local-descriptor (0.66s)
=== RUN   TestPartDecisionPreparationArrival
=== RUN   TestPartDecisionPreparationArrival/ready
=== RUN   TestPartDecisionPreparationArrival/chain
=== RUN   TestPartDecisionPreparationArrival/second-refusal
--- PASS: TestPartDecisionPreparationArrival (0.98s)
    --- PASS: TestPartDecisionPreparationArrival/ready (0.36s)
    --- PASS: TestPartDecisionPreparationArrival/chain (0.31s)
    --- PASS: TestPartDecisionPreparationArrival/second-refusal (0.32s)
=== RUN   TestPartDecisionInlineAdmissionAndPendingSync
--- PASS: TestPartDecisionInlineAdmissionAndPendingSync (0.06s)
=== RUN   TestPartDecisionOfferAfterRunning
--- PASS: TestPartDecisionOfferAfterRunning (0.03s)
=== RUN   TestPartAdmittedChainLifetime
=== RUN   TestPartAdmittedChainLifetime/donor-collected
=== RUN   TestPartAdmittedChainLifetime/slot-replaced
=== RUN   TestPartAdmittedChainLifetime/owner-backref-sync-failure
=== RUN   TestPartAdmittedChainLifetime/output-backref-rejected
--- PASS: TestPartAdmittedChainLifetime (1.73s)
    --- PASS: TestPartAdmittedChainLifetime/donor-collected (0.37s)
    --- PASS: TestPartAdmittedChainLifetime/slot-replaced (0.70s)
    --- PASS: TestPartAdmittedChainLifetime/owner-backref-sync-failure (0.45s)
    --- PASS: TestPartAdmittedChainLifetime/output-backref-rejected (0.20s)
=== RUN   TestPartImportChainRefCleanupHandoff
=== RUN   TestPartImportChainRefCleanupHandoff/retry
=== RUN   TestPartImportChainRefCleanupHandoff/collect
--- PASS: TestPartImportChainRefCleanupHandoff (0.48s)
    --- PASS: TestPartImportChainRefCleanupHandoff/retry (0.21s)
    --- PASS: TestPartImportChainRefCleanupHandoff/collect (0.26s)
=== RUN   TestPartDecodeBeforeExternalFinish
--- PASS: TestPartDecodeBeforeExternalFinish (0.34s)
=== RUN   TestPartDecodeLosesToInstalledRevision
--- PASS: TestPartDecodeLosesToInstalledRevision (0.21s)
=== RUN   TestPartDelegationPath
--- PASS: TestPartDelegationPath (0.00s)
=== RUN   TestPartDelegationProofAdmission
--- PASS: TestPartDelegationProofAdmission (0.07s)
=== RUN   TestPartUnusedHostAllocatesNoGate
--- PASS: TestPartUnusedHostAllocatesNoGate (0.00s)
=== RUN   TestPartFixedProviderAndContentExhaustion
--- PASS: TestPartFixedProviderAndContentExhaustion (0.03s)
=== RUN   TestPartOfferReplacementNotExhausted
--- PASS: TestPartOfferReplacementNotExhausted (0.07s)
=== RUN   TestPartFixedProviderMultiBuffer
=== RUN   TestPartFixedProviderMultiBuffer/ranges
    cache_part_provider_test.go:167: bytes=320000 buffer=16384 reads=20 requests=23 initial-path-requests=20
=== RUN   TestPartFixedProviderMultiBuffer/full-body
    cache_part_provider_test.go:167: bytes=320000 buffer=16384 reads=20 requests=3 initial-path-requests=1
--- PASS: TestPartFixedProviderMultiBuffer (0.02s)
    --- PASS: TestPartFixedProviderMultiBuffer/ranges (0.01s)
    --- PASS: TestPartFixedProviderMultiBuffer/full-body (0.01s)
=== RUN   TestPartFixedProviderCancellationClosesStream
--- PASS: TestPartFixedProviderCancellationClosesStream (0.00s)
=== RUN   TestPartSourceSelection
--- PASS: TestPartSourceSelection (0.05s)
=== RUN   TestPartOfferSessionAdmission
--- PASS: TestPartOfferSessionAdmission (0.04s)
=== RUN   TestReadyPartReceipt
--- PASS: TestReadyPartReceipt (0.04s)
=== RUN   TestPartSettlementRetiresReplacement
--- PASS: TestPartSettlementRetiresReplacement (0.04s)
=== RUN   TestPartDecisionFinalSource
--- PASS: TestPartDecisionFinalSource (0.23s)
=== RUN   TestPartSourceScanFailureReleasesWinner
=== RUN   TestPartSourceScanFailureReleasesWinner/ready
=== RUN   TestPartSourceScanFailureReleasesWinner/chain
--- PASS: TestPartSourceScanFailureReleasesWinner (0.08s)
    --- PASS: TestPartSourceScanFailureReleasesWinner/ready (0.04s)
    --- PASS: TestPartSourceScanFailureReleasesWinner/chain (0.03s)
=== RUN   TestPartNativeCompletionRetiresOffer
--- PASS: TestPartNativeCompletionRetiresOffer (0.00s)
=== RUN   TestPartTaskBodyIsolation
--- PASS: TestPartTaskBodyIsolation (0.00s)
=== RUN   TestPartTaskContinuation
--- PASS: TestPartTaskContinuation (0.00s)
=== RUN   TestPartTaskNoJoinBarrier
--- PASS: TestPartTaskNoJoinBarrier (0.00s)
=== RUN   TestPartGateFiniteDrain
--- PASS: TestPartGateFiniteDrain (0.00s)
=== RUN   TestEvaluatePartsSiblingGroupsRunConcurrently
--- PASS: TestEvaluatePartsSiblingGroupsRunConcurrently (0.00s)
=== RUN   TestEvaluatePartsOneCallRunsGroupsConcurrently
--- PASS: TestEvaluatePartsOneCallRunsGroupsConcurrently (0.00s)
=== RUN   TestEvaluatePartsSyncFailureRetriesOnlyBookkeepingPerGroup
--- PASS: TestEvaluatePartsSyncFailureRetriesOnlyBookkeepingPerGroup (0.00s)
=== RUN   TestVisitEncodedReferencesRelocatesDeclaredPositions
=== RUN   TestVisitEncodedReferencesRelocatesDeclaredPositions/a_missing_mapping_fails_without_partial_writes
=== RUN   TestVisitEncodedReferencesRelocatesDeclaredPositions/a_mismatched_envelope_identity_is_rejected
=== RUN   TestVisitEncodedReferencesRelocatesDeclaredPositions/a_root_reference_envelope_is_rejected
--- PASS: TestVisitEncodedReferencesRelocatesDeclaredPositions (0.00s)
    --- PASS: TestVisitEncodedReferencesRelocatesDeclaredPositions/a_missing_mapping_fails_without_partial_writes (0.00s)
    --- PASS: TestVisitEncodedReferencesRelocatesDeclaredPositions/a_mismatched_envelope_identity_is_rejected (0.00s)
    --- PASS: TestVisitEncodedReferencesRelocatesDeclaredPositions/a_root_reference_envelope_is_rejected (0.00s)
=== RUN   TestVisitEncodedReferencesClassifiesStorageRoles
=== RUN   TestVisitEncodedReferencesClassifiesStorageRoles/a_family_declaring_no_references_rejects_storage_links
--- PASS: TestVisitEncodedReferencesClassifiesStorageRoles (0.00s)
    --- PASS: TestVisitEncodedReferencesClassifiesStorageRoles/a_family_declaring_no_references_rejects_storage_links (0.00s)
=== RUN   TestVisitEncodedReferencesRequiresEveryRoleOnce
=== RUN   TestVisitEncodedReferencesRequiresEveryRoleOnce/a_null_root_cannot_declare_storage_roles
=== RUN   TestVisitEncodedReferencesRequiresEveryRoleOnce/a_scalar_json_root_cannot_declare_storage_roles
=== RUN   TestVisitEncodedReferencesRequiresEveryRoleOnce/a_list_root_cannot_declare_storage_roles
--- PASS: TestVisitEncodedReferencesRequiresEveryRoleOnce (0.00s)
    --- PASS: TestVisitEncodedReferencesRequiresEveryRoleOnce/a_null_root_cannot_declare_storage_roles (0.00s)
    --- PASS: TestVisitEncodedReferencesRequiresEveryRoleOnce/a_scalar_json_root_cannot_declare_storage_roles (0.00s)
    --- PASS: TestVisitEncodedReferencesRequiresEveryRoleOnce/a_list_root_cannot_declare_storage_roles (0.00s)
=== RUN   TestScopedCollectorConcurrentPublicationCost
=== RUN   TestScopedCollectorConcurrentPublicationCost/width128_depth1
    cache_snapshot_scope_bench_test.go:120: typed_collector outputs=128 depth=1 publications=8192 attempts=158 retries=30 accepted=128 elapsed=212.677504ms
=== RUN   TestScopedCollectorConcurrentPublicationCost/width8_depth3
    cache_snapshot_scope_bench_test.go:120: typed_collector outputs=512 depth=3 publications=8192 attempts=136 retries=8 accepted=128 elapsed=1.49620838s
--- PASS: TestScopedCollectorConcurrentPublicationCost (1.72s)
    --- PASS: TestScopedCollectorConcurrentPublicationCost/width128_depth1 (0.22s)
    --- PASS: TestScopedCollectorConcurrentPublicationCost/width8_depth3 (1.50s)
=== RUN   TestScopedSnapshotVisitor
--- PASS: TestScopedSnapshotVisitor (0.00s)
=== RUN   TestScopedSnapshotDecodeCarrier
--- PASS: TestScopedSnapshotDecodeCarrier (0.00s)
=== RUN   TestScopedSnapshotCanonicalKeys
--- PASS: TestScopedSnapshotCanonicalKeys (0.00s)
=== RUN   TestScopedSnapshotSQLConflict
--- PASS: TestScopedSnapshotSQLConflict (0.27s)
=== RUN   TestScopedDecodeRejectsMismatchedCarrierBeforeCodec
--- PASS: TestScopedDecodeRejectsMismatchedCarrierBeforeCodec (0.00s)
=== RUN   TestValueTransferPersistenceDecodePublication
--- PASS: TestValueTransferPersistenceDecodePublication (0.12s)
=== RUN   TestPartSessionlessRestoredDirectory
--- PASS: TestPartSessionlessRestoredDirectory (0.23s)
PASS
ok      github.com/dagger/dagger/dagql  9.474s
