=== RUN   TestEagerContainerMountMetadataResolvers
=== RUN   TestEagerContainerMountMetadataResolvers/without_mount
=== RUN   TestEagerContainerMountMetadataResolvers/mounted_temp
=== RUN   TestEagerContainerMountMetadataResolvers/mounted_volume
=== RUN   TestEagerContainerMountMetadataResolvers/mounted_secret_without_owner
=== RUN   TestEagerContainerMountMetadataResolvers/unix_socket_without_owner
=== RUN   TestEagerContainerMountMetadataResolvers/without_unix_socket
2026/09/16 17:39:26 INFO discarding dagql cache without persistence hasSQLDB=false hasPersistDB=false
--- PASS: TestEagerContainerMountMetadataResolvers (0.00s)
    --- PASS: TestEagerContainerMountMetadataResolvers/without_mount (0.00s)
    --- PASS: TestEagerContainerMountMetadataResolvers/mounted_temp (0.00s)
    --- PASS: TestEagerContainerMountMetadataResolvers/mounted_volume (0.00s)
    --- PASS: TestEagerContainerMountMetadataResolvers/mounted_secret_without_owner (0.00s)
    --- PASS: TestEagerContainerMountMetadataResolvers/unix_socket_without_owner (0.00s)
    --- PASS: TestEagerContainerMountMetadataResolvers/without_unix_socket (0.00s)
=== RUN   TestProducerResolverCleanup
=== RUN   TestProducerResolverCleanup/constructed_output_recording
    producer_recording_fault_test.go:89: === RUN   TestProducerResolverCleanup
        === RUN   TestProducerResolverCleanup/constructed_output_recording
        === RUN   TestProducerResolverCleanup/constructed_output_recording/cleaned
        2026/09/16 17:40:08 INFO discarding dagql cache without persistence hasSQLDB=false hasPersistDB=false
        === RUN   TestProducerResolverCleanup/constructed_output_recording/HTTP
        2026/09/16 17:40:08 INFO discarding dagql cache without persistence hasSQLDB=false hasPersistDB=false
        === RUN   TestProducerResolverCleanup/constructed_output_recording/bundle
        2026/09/16 17:40:08 INFO discarding dagql cache without persistence hasSQLDB=false hasPersistDB=false
        === RUN   TestProducerResolverCleanup/constructed_output_recording/schema_File
        2026/09/16 17:40:08 INFO discarding dagql cache without persistence hasSQLDB=false hasPersistDB=false
        === RUN   TestProducerResolverCleanup/constructed_output_recording/builtin_Container
        2026/09/16 17:40:08 INFO discarding dagql cache without persistence hasSQLDB=false hasPersistDB=false
        === RUN   TestProducerResolverCleanup/constructed_output_recording/mounted_File
        2026/09/16 17:40:08 INFO discarding dagql cache without persistence hasSQLDB=false hasPersistDB=false
        === RUN   TestProducerResolverCleanup/constructed_output_recording/mounted_Directory
        2026/09/16 17:40:08 INFO discarding dagql cache without persistence hasSQLDB=false hasPersistDB=false
        === RUN   TestProducerResolverCleanup/constructed_output_recording/scratch
        2026/09/16 17:40:08 INFO discarding dagql cache without persistence hasSQLDB=false hasPersistDB=false
        --- PASS: TestProducerResolverCleanup (0.11s)
            --- PASS: TestProducerResolverCleanup/constructed_output_recording (0.11s)
                --- PASS: TestProducerResolverCleanup/constructed_output_recording/cleaned (0.04s)
                --- PASS: TestProducerResolverCleanup/constructed_output_recording/HTTP (0.01s)
                --- PASS: TestProducerResolverCleanup/constructed_output_recording/bundle (0.05s)
                --- PASS: TestProducerResolverCleanup/constructed_output_recording/schema_File (0.00s)
                --- PASS: TestProducerResolverCleanup/constructed_output_recording/builtin_Container (0.02s)
                --- PASS: TestProducerResolverCleanup/constructed_output_recording/mounted_File (0.00s)
                --- PASS: TestProducerResolverCleanup/constructed_output_recording/mounted_Directory (0.00s)
                --- PASS: TestProducerResolverCleanup/constructed_output_recording/scratch (0.00s)
        PASS
        ok      github.com/dagger/dagger/core/schema    0.181s

=== RUN   TestProducerResolverCleanup/ref_wrapping
=== RUN   TestProducerResolverCleanup/ref_digest
=== RUN   TestProducerResolverCleanup/commit_wrapping
2026/09/16 17:40:08 INFO discarding dagql cache without persistence hasSQLDB=false hasPersistDB=false
=== RUN   TestProducerResolverCleanup/ref_recording
=== RUN   TestProducerResolverCleanup/commit_recording
2026/09/16 17:40:08 INFO discarding dagql cache without persistence hasSQLDB=false hasPersistDB=false
--- PASS: TestProducerResolverCleanup (42.44s)
    --- PASS: TestProducerResolverCleanup/constructed_output_recording (42.43s)
    --- PASS: TestProducerResolverCleanup/ref_wrapping (0.00s)
    --- PASS: TestProducerResolverCleanup/ref_digest (0.00s)
    --- PASS: TestProducerResolverCleanup/commit_wrapping (0.00s)
    --- PASS: TestProducerResolverCleanup/ref_recording (0.00s)
    --- PASS: TestProducerResolverCleanup/commit_recording (0.00s)
=== RUN   TestProducerResolverOutputCleanup
=== RUN   TestProducerResolverOutputCleanup/scratch_wrapping
2026/09/16 17:40:08 INFO discarding dagql cache without persistence hasSQLDB=false hasPersistDB=false
=== RUN   TestProducerResolverOutputCleanup/http_state_sync
2026/09/16 17:40:08 INFO discarding dagql cache without persistence hasSQLDB=false hasPersistDB=false
=== RUN   TestProducerResolverOutputCleanup/schema_wrapping
2026/09/16 17:40:08 INFO discarding dagql cache without persistence hasSQLDB=false hasPersistDB=false
=== RUN   TestProducerResolverOutputCleanup/builtin_wrapping
2026/09/16 17:40:08 INFO discarding dagql cache without persistence hasSQLDB=false hasPersistDB=false
=== RUN   TestProducerResolverOutputCleanup/bundle_wrapping
2026/09/16 17:40:08 INFO discarding dagql cache without persistence hasSQLDB=false hasPersistDB=false
--- PASS: TestProducerResolverOutputCleanup (0.08s)
    --- PASS: TestProducerResolverOutputCleanup/scratch_wrapping (0.00s)
    --- PASS: TestProducerResolverOutputCleanup/http_state_sync (0.01s)
    --- PASS: TestProducerResolverOutputCleanup/schema_wrapping (0.00s)
    --- PASS: TestProducerResolverOutputCleanup/builtin_wrapping (0.03s)
    --- PASS: TestProducerResolverOutputCleanup/bundle_wrapping (0.04s)
=== RUN   TestProducerResolverCapture
=== RUN   TestProducerResolverCapture/scratch_wrapping
2026/09/16 17:40:08 INFO discarding dagql cache without persistence hasSQLDB=false hasPersistDB=false
=== RUN   TestProducerResolverCapture/http_state_sync
2026/09/16 17:40:08 INFO discarding dagql cache without persistence hasSQLDB=false hasPersistDB=false
=== RUN   TestProducerResolverCapture/schema_wrapping
2026/09/16 17:40:08 INFO discarding dagql cache without persistence hasSQLDB=false hasPersistDB=false
=== RUN   TestProducerResolverCapture/builtin_wrapping
2026/09/16 17:40:08 INFO discarding dagql cache without persistence hasSQLDB=false hasPersistDB=false
=== RUN   TestProducerResolverCapture/bundle_wrapping
2026/09/16 17:40:08 INFO discarding dagql cache without persistence hasSQLDB=false hasPersistDB=false
=== RUN   TestProducerResolverCapture/gitCleaned
2026/09/16 17:40:08 INFO discarding dagql cache without persistence hasSQLDB=false hasPersistDB=false
=== RUN   TestProducerResolverCapture/gitTree
2026/09/16 17:40:09 INFO discarding dagql cache without persistence hasSQLDB=false hasPersistDB=false
=== RUN   TestProducerResolverCapture/gitCommitTree
2026/09/16 17:40:09 INFO discarding dagql cache without persistence hasSQLDB=false hasPersistDB=false
--- PASS: TestProducerResolverCapture (0.21s)
    --- PASS: TestProducerResolverCapture/scratch_wrapping (0.00s)
    --- PASS: TestProducerResolverCapture/http_state_sync (0.00s)
    --- PASS: TestProducerResolverCapture/schema_wrapping (0.00s)
    --- PASS: TestProducerResolverCapture/builtin_wrapping (0.02s)
    --- PASS: TestProducerResolverCapture/bundle_wrapping (0.04s)
    --- PASS: TestProducerResolverCapture/gitCleaned (0.02s)
    --- PASS: TestProducerResolverCapture/gitTree (0.06s)
    --- PASS: TestProducerResolverCapture/gitCommitTree (0.07s)
PASS
ok      github.com/dagger/dagger/core/schema    42.797s
