=== RUN   TestScopedCollectorConcurrentPublicationCost
=== RUN   TestScopedCollectorConcurrentPublicationCost/width128_depth1
    cache_snapshot_scope_bench_test.go:120: typed_collector outputs=128 depth=1 publications=8192 attempts=151 retries=23 accepted=128 elapsed=30.925972ms
=== RUN   TestScopedCollectorConcurrentPublicationCost/width8_depth3
    cache_snapshot_scope_bench_test.go:120: typed_collector outputs=512 depth=3 publications=8192 attempts=136 retries=8 accepted=128 elapsed=140.962873ms
--- PASS: TestScopedCollectorConcurrentPublicationCost (0.17s)
    --- PASS: TestScopedCollectorConcurrentPublicationCost/width128_depth1 (0.03s)
    --- PASS: TestScopedCollectorConcurrentPublicationCost/width8_depth3 (0.14s)
goos: linux
goarch: amd64
pkg: github.com/dagger/dagger/dagql
cpu: AMD EPYC 9554P 64-Core Processor
BenchmarkPartNativeHostEntry
BenchmarkPartNativeHostEntry/callback
BenchmarkPartNativeHostEntry/callback-16            236415460            0.8688 ns/op          0 B/op          0 allocs/op
BenchmarkPartNativeHostEntry/activated-host
BenchmarkPartNativeHostEntry/activated-host-16        259359           958.7 ns/op       504 B/op         13 allocs/op
BenchmarkScopedSnapshotCollector
BenchmarkScopedSnapshotCollector/width1_depth1
BenchmarkScopedSnapshotCollector/width1_depth1-16             109496          2271 ns/op        1792 B/op         17 allocs/op
BenchmarkScopedSnapshotCollector/width128_depth1
BenchmarkScopedSnapshotCollector/width128_depth1-16             1029        194765 ns/op      133103 B/op       1185 allocs/op
BenchmarkScopedSnapshotCollector/width8_depth3
BenchmarkScopedSnapshotCollector/width8_depth3-16                177       1290635 ns/op      882072 B/op       5444 allocs/op
PASS
ok      github.com/dagger/dagger/dagql  1.691s
