=== RUN   TestRecordCompletedContainerMountProducer
=== RUN   TestRecordCompletedContainerMountProducer/Directory
=== RUN   TestRecordCompletedContainerMountProducer/Directory/nil
=== RUN   TestRecordCompletedContainerMountProducer/Directory/typed-nil
=== RUN   TestRecordCompletedContainerMountProducer/Directory/wrong-kind
=== RUN   TestRecordCompletedContainerMountProducer/Directory/missing-parent
=== RUN   TestRecordCompletedContainerMountProducer/Directory/missing-source
=== RUN   TestRecordCompletedContainerMountProducer/Directory/missing-target
=== RUN   TestRecordCompletedContainerMountProducer/Directory/pending
=== RUN   TestRecordCompletedContainerMountProducer/Directory/imported
=== RUN   TestRecordCompletedContainerMountProducer/Directory/encoded
=== RUN   TestRecordCompletedContainerMountProducer/Directory/success
2026/09/16 17:30:42 INFO start lazy group evaluation field=Container.withMountedDirectory group=metadata
2026/09/16 17:30:42 INFO end lazy group evaluation field=Container.withMountedDirectory group=metadata duration=230.48µs
2026/09/16 17:30:42 INFO start lazy group evaluation field=Container.withMountedDirectory group=fs
2026/09/16 17:30:42 INFO end lazy group evaluation field=Container.withMountedDirectory group=fs duration=50.65µs
2026/09/16 17:30:42 INFO start lazy group evaluation field=Container.withMountedDirectory group=execMeta
2026/09/16 17:30:42 INFO end lazy group evaluation field=Container.withMountedDirectory group=execMeta duration=52.69µs
2026/09/16 17:30:42 INFO start lazy group evaluation field=Container.withMountedDirectory group=write
2026/09/16 17:30:42 INFO end lazy group evaluation field=Container.withMountedDirectory group=write duration=314.759µs
2026/09/16 17:30:42 INFO start lazy group evaluation field=Container.withMountedDirectory group=metadata
2026/09/16 17:30:42 INFO end lazy group evaluation field=Container.withMountedDirectory group=metadata duration=111.64µs
2026/09/16 17:30:42 INFO start lazy group evaluation field=Container.withMountedDirectory group=fs
2026/09/16 17:30:42 INFO end lazy group evaluation field=Container.withMountedDirectory group=fs duration=54.41µs
2026/09/16 17:30:42 INFO start lazy group evaluation field=Container.withMountedDirectory group=execMeta
2026/09/16 17:30:42 INFO end lazy group evaluation field=Container.withMountedDirectory group=execMeta duration=46.7µs
2026/09/16 17:30:42 INFO start lazy group evaluation field=Container.withMountedDirectory group=write
2026/09/16 17:30:42 INFO end lazy group evaluation field=Container.withMountedDirectory group=write duration=290.88µs
2026/09/16 17:30:42 INFO discarding dagql cache without persistence hasSQLDB=false hasPersistDB=false
=== RUN   TestRecordCompletedContainerMountProducer/File
=== RUN   TestRecordCompletedContainerMountProducer/File/nil
=== RUN   TestRecordCompletedContainerMountProducer/File/typed-nil
=== RUN   TestRecordCompletedContainerMountProducer/File/wrong-kind
=== RUN   TestRecordCompletedContainerMountProducer/File/missing-parent
=== RUN   TestRecordCompletedContainerMountProducer/File/missing-source
=== RUN   TestRecordCompletedContainerMountProducer/File/missing-target
=== RUN   TestRecordCompletedContainerMountProducer/File/pending
=== RUN   TestRecordCompletedContainerMountProducer/File/imported
=== RUN   TestRecordCompletedContainerMountProducer/File/encoded
=== RUN   TestRecordCompletedContainerMountProducer/File/success
2026/09/16 17:30:42 INFO start lazy group evaluation field=Container.withMountedFile group=metadata
2026/09/16 17:30:42 INFO end lazy group evaluation field=Container.withMountedFile group=metadata duration=90.85µs
2026/09/16 17:30:42 INFO start lazy group evaluation field=Container.withMountedFile group=fs
2026/09/16 17:30:42 INFO end lazy group evaluation field=Container.withMountedFile group=fs duration=22.93µs
2026/09/16 17:30:42 INFO start lazy group evaluation field=Container.withMountedFile group=execMeta
2026/09/16 17:30:42 INFO end lazy group evaluation field=Container.withMountedFile group=execMeta duration=19.99µs
2026/09/16 17:30:42 INFO start lazy group evaluation field=Container.withMountedFile group=write
2026/09/16 17:30:42 INFO end lazy group evaluation field=Container.withMountedFile group=write duration=121.74µs
2026/09/16 17:30:42 INFO start lazy group evaluation field=Container.withMountedFile group=metadata
2026/09/16 17:30:42 INFO end lazy group evaluation field=Container.withMountedFile group=metadata duration=73.86µs
2026/09/16 17:30:42 INFO start lazy group evaluation field=Container.withMountedFile group=fs
2026/09/16 17:30:42 INFO end lazy group evaluation field=Container.withMountedFile group=fs duration=28.9µs
2026/09/16 17:30:42 INFO start lazy group evaluation field=Container.withMountedFile group=execMeta
2026/09/16 17:30:42 INFO end lazy group evaluation field=Container.withMountedFile group=execMeta duration=20.71µs
2026/09/16 17:30:42 INFO start lazy group evaluation field=Container.withMountedFile group=write
2026/09/16 17:30:42 INFO end lazy group evaluation field=Container.withMountedFile group=write duration=195.89µs
2026/09/16 17:30:42 INFO discarding dagql cache without persistence hasSQLDB=false hasPersistDB=false
--- PASS: TestRecordCompletedContainerMountProducer (0.21s)
    --- PASS: TestRecordCompletedContainerMountProducer/Directory (0.11s)
        --- PASS: TestRecordCompletedContainerMountProducer/Directory/nil (0.00s)
        --- PASS: TestRecordCompletedContainerMountProducer/Directory/typed-nil (0.00s)
        --- PASS: TestRecordCompletedContainerMountProducer/Directory/wrong-kind (0.00s)
        --- PASS: TestRecordCompletedContainerMountProducer/Directory/missing-parent (0.00s)
        --- PASS: TestRecordCompletedContainerMountProducer/Directory/missing-source (0.00s)
        --- PASS: TestRecordCompletedContainerMountProducer/Directory/missing-target (0.00s)
        --- PASS: TestRecordCompletedContainerMountProducer/Directory/pending (0.00s)
        --- PASS: TestRecordCompletedContainerMountProducer/Directory/imported (0.00s)
        --- PASS: TestRecordCompletedContainerMountProducer/Directory/encoded (0.00s)
        --- PASS: TestRecordCompletedContainerMountProducer/Directory/success (0.05s)
    --- PASS: TestRecordCompletedContainerMountProducer/File (0.10s)
        --- PASS: TestRecordCompletedContainerMountProducer/File/nil (0.00s)
        --- PASS: TestRecordCompletedContainerMountProducer/File/typed-nil (0.00s)
        --- PASS: TestRecordCompletedContainerMountProducer/File/wrong-kind (0.00s)
        --- PASS: TestRecordCompletedContainerMountProducer/File/missing-parent (0.00s)
        --- PASS: TestRecordCompletedContainerMountProducer/File/missing-source (0.00s)
        --- PASS: TestRecordCompletedContainerMountProducer/File/missing-target (0.00s)
        --- PASS: TestRecordCompletedContainerMountProducer/File/pending (0.00s)
        --- PASS: TestRecordCompletedContainerMountProducer/File/imported (0.00s)
        --- PASS: TestRecordCompletedContainerMountProducer/File/encoded (0.00s)
        --- PASS: TestRecordCompletedContainerMountProducer/File/success (0.04s)
=== RUN   TestContainerDirectEvaluateRunsRefinedGroups
=== PAUSE TestContainerDirectEvaluateRunsRefinedGroups
=== RUN   TestContainerConcurrentGroupCompletionClearsLazyOnce
=== PAUSE TestContainerConcurrentGroupCompletionClearsLazyOnce
=== RUN   TestContainerRoutingReadsRaceRefinedClear
=== PAUSE TestContainerRoutingReadsRaceRefinedClear
=== RUN   TestContainerRoutingReadsRaceUnrefinedClear
=== PAUSE TestContainerRoutingReadsRaceUnrefinedClear
=== RUN   TestPartContainerMixedRestart
2026/09/16 17:30:43 INFO starting dagql cache close hasSQLDB=true hasPersistDB=true
2026/09/16 17:30:43 INFO marking dagql cache clean shutdown
2026/09/16 17:30:43 WARN successfully marked clean shutdown in persistence metadata
2026/09/16 17:30:43 INFO completed dagql cache close successfully
2026/09/16 17:30:43 INFO discarding dagql cache without persistence hasSQLDB=true hasPersistDB=true
2026/09/16 17:30:43 INFO discarding dagql cache without persistence hasSQLDB=true hasPersistDB=true
--- PASS: TestPartContainerMixedRestart (0.51s)
=== RUN   TestPartWholeProducerMixedRestart
2026/09/16 17:30:43 INFO starting dagql cache close hasSQLDB=true hasPersistDB=true
2026/09/16 17:30:43 INFO marking dagql cache clean shutdown
2026/09/16 17:30:43 WARN successfully marked clean shutdown in persistence metadata
2026/09/16 17:30:43 INFO completed dagql cache close successfully
2026/09/16 17:30:43 INFO start lazy evaluation field=Query._builtinContainer
2026/09/16 17:30:43 INFO end lazy evaluation field=Query._builtinContainer duration=83.720486ms
2026/09/16 17:30:43 INFO discarding dagql cache without persistence hasSQLDB=true hasPersistDB=true
2026/09/16 17:30:43 INFO discarding dagql cache without persistence hasSQLDB=false hasPersistDB=false
2026/09/16 17:30:43 INFO discarding dagql cache without persistence hasSQLDB=false hasPersistDB=false
--- PASS: TestPartWholeProducerMixedRestart (0.47s)
=== RUN   TestPartNativePendingContainerRequiresRecipe
2026/09/16 17:30:43 INFO discarding dagql cache without persistence hasSQLDB=false hasPersistDB=false
--- PASS: TestPartNativePendingContainerRequiresRecipe (0.04s)
=== CONT  TestContainerConcurrentGroupCompletionClearsLazyOnce
=== CONT  TestContainerDirectEvaluateRunsRefinedGroups
2026/09/16 17:30:43 INFO start lazy group evaluation field=test.base group=metadata
2026/09/16 17:30:43 INFO end lazy group evaluation field=test.base group=metadata duration=89.21µs
=== CONT  TestContainerRoutingReadsRaceUnrefinedClear
=== CONT  TestContainerRoutingReadsRaceRefinedClear
2026/09/16 17:30:43 INFO start lazy group evaluation field=test.base group=fs
2026/09/16 17:30:43 INFO end lazy group evaluation field=test.base group=fs duration=122.88µs
2026/09/16 17:30:43 INFO start lazy evaluation field=test.unrefinedWriter
2026/09/16 17:30:43 INFO start lazy group evaluation field=test.base group=execMeta
2026/09/16 17:30:43 INFO end lazy group evaluation field=test.base group=execMeta duration=70.53µs
2026/09/16 17:30:43 INFO start lazy group evaluation field=test.base group=metadata
2026/09/16 17:30:43 INFO end lazy evaluation field=test.unrefinedWriter duration=667.029µs
2026/09/16 17:30:43 INFO start lazy group evaluation field=test.base group=mount:/a
2026/09/16 17:30:43 INFO end lazy group evaluation field=test.base group=metadata duration=123.82µs
2026/09/16 17:30:43 INFO start lazy group evaluation field=test.base group=mount:/b
2026/09/16 17:30:43 INFO end lazy group evaluation field=test.base group=mount:/b duration=98.1µs
2026/09/16 17:30:43 INFO discarding dagql cache without persistence hasSQLDB=false hasPersistDB=false
--- PASS: TestContainerRoutingReadsRaceUnrefinedClear (0.00s)
2026/09/16 17:30:43 INFO end lazy group evaluation field=test.base group=mount:/a duration=317.9µs
2026/09/16 17:30:43 INFO start lazy group evaluation field=test.base group=execMeta
2026/09/16 17:30:43 INFO end lazy group evaluation field=test.base group=execMeta duration=56.15µs
2026/09/16 17:30:43 INFO discarding dagql cache without persistence hasSQLDB=false hasPersistDB=false
--- PASS: TestContainerConcurrentGroupCompletionClearsLazyOnce (0.01s)
2026/09/16 17:30:43 INFO start lazy group evaluation field=Container.withUser group=metadata
2026/09/16 17:30:43 INFO start lazy group evaluation field=test.base group=fs
2026/09/16 17:30:43 INFO end lazy group evaluation field=test.base group=fs duration=396.23µs
2026/09/16 17:30:43 INFO discarding dagql cache without persistence hasSQLDB=false hasPersistDB=false
--- PASS: TestContainerRoutingReadsRaceRefinedClear (0.00s)
2026/09/16 17:30:43 INFO start lazy group evaluation field=test.base group=metadata
2026/09/16 17:30:43 INFO end lazy group evaluation field=test.base group=metadata duration=46.38µs
2026/09/16 17:30:43 INFO end lazy group evaluation field=Container.withUser group=metadata duration=1.16423ms
2026/09/16 17:30:43 INFO start lazy group evaluation field=Container.withUser group=fs
2026/09/16 17:30:43 INFO start lazy group evaluation field=test.base group=fs
2026/09/16 17:30:43 INFO end lazy group evaluation field=test.base group=fs duration=61.05µs
2026/09/16 17:30:43 INFO end lazy group evaluation field=Container.withUser group=fs duration=394.46µs
2026/09/16 17:30:43 INFO start lazy group evaluation field=Container.withUser group=execMeta
2026/09/16 17:30:43 INFO start lazy group evaluation field=test.base group=execMeta
2026/09/16 17:30:43 INFO end lazy group evaluation field=test.base group=execMeta duration=36.07µs
2026/09/16 17:30:43 INFO end lazy group evaluation field=Container.withUser group=execMeta duration=376.529µs
2026/09/16 17:30:43 INFO discarding dagql cache without persistence hasSQLDB=false hasPersistDB=false
--- PASS: TestContainerDirectEvaluateRunsRefinedGroups (0.01s)
PASS
ok      github.com/dagger/dagger/core   2.682s
