=== RUN   TestContainerDirectEvaluateRunsRefinedGroups
=== PAUSE TestContainerDirectEvaluateRunsRefinedGroups
=== RUN   TestContainerConcurrentGroupCompletionClearsLazyOnce
=== PAUSE TestContainerConcurrentGroupCompletionClearsLazyOnce
=== RUN   TestContainerRoutingReadsRaceRefinedClear
=== PAUSE TestContainerRoutingReadsRaceRefinedClear
=== RUN   TestContainerRoutingReadsRaceUnrefinedClear
=== PAUSE TestContainerRoutingReadsRaceUnrefinedClear
=== RUN   TestPartAcquisitionRootRoutes
=== RUN   TestPartAcquisitionRootRoutes/ready
    part_acquisition_test.go:190: route=ready latency=17.084409ms pins=1 owner-sync-attempts=1 private-bodies=0
2026/09/16 17:37:50 INFO discarding dagql cache without persistence hasSQLDB=true hasPersistDB=true
2026/09/16 17:37:50 INFO discarding dagql cache without persistence hasSQLDB=true hasPersistDB=true
=== RUN   TestPartAcquisitionRootRoutes/chain
2026/09/16 17:37:50 INFO start lazy evaluation field=File.blob
2026/09/16 17:37:50 INFO end lazy evaluation field=File.blob duration=81.087082ms
    part_acquisition_test.go:190: route=chain latency=112.493283ms pins=1 owner-sync-attempts=1 private-bodies=0
2026/09/16 17:37:50 INFO discarding dagql cache without persistence hasSQLDB=true hasPersistDB=true
2026/09/16 17:37:50 INFO discarding dagql cache without persistence hasSQLDB=true hasPersistDB=true
=== RUN   TestPartAcquisitionRootRoutes/chain-sync-retry
2026/09/16 17:37:51 INFO start lazy evaluation field=File.blob
2026/09/16 17:37:51 INFO end lazy evaluation field=File.blob duration=45.064755ms
    part_acquisition_test.go:190: route=chain-sync-retry latency=99.655159ms pins=1 owner-sync-attempts=2 private-bodies=0
2026/09/16 17:37:51 INFO discarding dagql cache without persistence hasSQLDB=true hasPersistDB=true
2026/09/16 17:37:51 INFO discarding dagql cache without persistence hasSQLDB=true hasPersistDB=true
=== RUN   TestPartAcquisitionRootRoutes/chain-sync-restart
2026/09/16 17:37:51 INFO start lazy evaluation field=File.blob
2026/09/16 17:37:51 INFO end lazy evaluation field=File.blob duration=46.646994ms
2026/09/16 17:37:51 INFO starting dagql cache close hasSQLDB=true hasPersistDB=true
2026/09/16 17:37:51 INFO marking dagql cache clean shutdown
2026/09/16 17:37:51 WARN successfully marked clean shutdown in persistence metadata
2026/09/16 17:37:51 INFO completed dagql cache close successfully
    part_acquisition_test.go:190: route=chain-sync-restart latency=122.809422ms pins=0 owner-sync-attempts=1 private-bodies=0
2026/09/16 17:37:51 INFO discarding dagql cache without persistence hasSQLDB=true hasPersistDB=true
2026/09/16 17:37:51 INFO discarding dagql cache without persistence hasSQLDB=true hasPersistDB=true
=== RUN   TestPartAcquisitionRootRoutes/chain-pin-release-retry
2026/09/16 17:37:51 INFO start lazy evaluation field=File.blob
2026/09/16 17:37:51 INFO end lazy evaluation field=File.blob duration=33.958009ms
    part_acquisition_test.go:190: route=chain-pin-release-retry latency=75.262969ms pins=1 owner-sync-attempts=1 private-bodies=0
2026/09/16 17:37:52 INFO discarding dagql cache without persistence hasSQLDB=true hasPersistDB=true
2026/09/16 17:37:52 INFO discarding dagql cache without persistence hasSQLDB=true hasPersistDB=true
=== RUN   TestPartAcquisitionRootRoutes/chain-fallback
2026/09/16 17:37:52 INFO start lazy evaluation field=File.blob
2026/09/16 17:37:52 INFO end lazy evaluation field=File.blob duration=241.284598ms
2026/09/16 17:37:52 INFO start lazy evaluation field=File.blob
2026/09/16 17:37:52 INFO end lazy evaluation field=File.blob duration=33.3368ms
    part_acquisition_test.go:190: route=chain-fallback latency=84.597558ms pins=1 owner-sync-attempts=1 private-bodies=1
2026/09/16 17:37:52 INFO discarding dagql cache without persistence hasSQLDB=true hasPersistDB=true
2026/09/16 17:37:52 INFO discarding dagql cache without persistence hasSQLDB=true hasPersistDB=true
=== RUN   TestPartAcquisitionRootRoutes/chain-fallback-producer-failure
2026/09/16 17:37:52 INFO start lazy evaluation field=File.blob
2026/09/16 17:37:52 INFO end lazy evaluation field=File.blob duration=37.387704ms
2026/09/16 17:37:52 INFO start lazy evaluation field=File.blob
2026/09/16 17:37:52 INFO end lazy evaluation field=File.blob duration=28.925796ms err="create blob snapshot: private producer failed"
2026/09/16 17:37:52 INFO discarding dagql cache without persistence hasSQLDB=true hasPersistDB=true
2026/09/16 17:37:52 INFO discarding dagql cache without persistence hasSQLDB=true hasPersistDB=true
=== RUN   TestPartAcquisitionRootRoutes/producer
2026/09/16 17:37:53 INFO start lazy evaluation field=File.blob
2026/09/16 17:37:53 INFO end lazy evaluation field=File.blob duration=75.177518ms
    part_acquisition_test.go:190: route=producer latency=105.821672ms pins=1 owner-sync-attempts=1 private-bodies=1
2026/09/16 17:37:53 INFO discarding dagql cache without persistence hasSQLDB=true hasPersistDB=true
2026/09/16 17:37:53 INFO discarding dagql cache without persistence hasSQLDB=true hasPersistDB=true
--- PASS: TestPartAcquisitionRootRoutes (2.88s)
    --- PASS: TestPartAcquisitionRootRoutes/ready (0.23s)
    --- PASS: TestPartAcquisitionRootRoutes/chain (0.43s)
    --- PASS: TestPartAcquisitionRootRoutes/chain-sync-retry (0.38s)
    --- PASS: TestPartAcquisitionRootRoutes/chain-sync-restart (0.39s)
    --- PASS: TestPartAcquisitionRootRoutes/chain-pin-release-retry (0.33s)
    --- PASS: TestPartAcquisitionRootRoutes/chain-fallback (0.54s)
    --- PASS: TestPartAcquisitionRootRoutes/chain-fallback-producer-failure (0.33s)
    --- PASS: TestPartAcquisitionRootRoutes/producer (0.24s)
=== RUN   TestPartContainerMixedRestart
2026/09/16 17:37:53 INFO starting dagql cache close hasSQLDB=true hasPersistDB=true
2026/09/16 17:37:53 INFO marking dagql cache clean shutdown
2026/09/16 17:37:53 WARN successfully marked clean shutdown in persistence metadata
2026/09/16 17:37:53 INFO completed dagql cache close successfully
2026/09/16 17:37:53 INFO discarding dagql cache without persistence hasSQLDB=true hasPersistDB=true
2026/09/16 17:37:53 INFO discarding dagql cache without persistence hasSQLDB=true hasPersistDB=true
--- PASS: TestPartContainerMixedRestart (0.54s)
=== RUN   TestPartMountReceiverRoles
2026/09/16 17:37:53 INFO discarding dagql cache without persistence hasSQLDB=false hasPersistDB=false
2026/09/16 17:37:53 INFO discarding dagql cache without persistence hasSQLDB=false hasPersistDB=false
--- PASS: TestPartMountReceiverRoles (0.25s)
=== RUN   TestPartPrivateWholeBuiltin
2026/09/16 17:37:54 INFO start lazy evaluation field=Query._builtinContainer
2026/09/16 17:37:54 INFO end lazy evaluation field=Query._builtinContainer duration=56.698272ms
2026/09/16 17:37:54 INFO discarding dagql cache without persistence hasSQLDB=false hasPersistDB=false
--- PASS: TestPartPrivateWholeBuiltin (0.13s)
=== RUN   TestPartFixtureReleaseObserverPrivateFS
--- PASS: TestPartFixtureReleaseObserverPrivateFS (0.00s)
=== RUN   TestPartDelegationMountRoles
=== RUN   TestPartDelegationMountRoles/shifted-role
2026/09/16 17:37:54 INFO discarding dagql cache without persistence hasSQLDB=false hasPersistDB=false
2026/09/16 17:37:54 INFO discarding dagql cache without persistence hasSQLDB=false hasPersistDB=false
2026/09/16 17:37:54 INFO discarding dagql cache without persistence hasSQLDB=false hasPersistDB=false
=== RUN   TestPartDelegationMountRoles/wrong-kind
2026/09/16 17:37:54 INFO discarding dagql cache without persistence hasSQLDB=false hasPersistDB=false
2026/09/16 17:37:54 INFO discarding dagql cache without persistence hasSQLDB=false hasPersistDB=false
--- PASS: TestPartDelegationMountRoles (0.70s)
    --- PASS: TestPartDelegationMountRoles/shifted-role (0.47s)
    --- PASS: TestPartDelegationMountRoles/wrong-kind (0.23s)
=== RUN   TestPartDelegationPureRoutes
=== RUN   TestPartDelegationPureRoutes/withWorkdir
=== RUN   TestPartDelegationPureRoutes/withEnvVariable
=== RUN   TestPartDelegationPureRoutes/withoutDefaultArgs
=== RUN   TestPartDelegationPureRoutes/__withSystemEnvVariable
=== RUN   TestPartDelegationPureRoutes/withEntrypoint
=== RUN   TestPartDelegationPureRoutes/withMountedCache
=== RUN   TestPartDelegationPureRoutes/withoutMount
=== RUN   TestPartDelegationPureRoutes/withUnixSocket
=== RUN   TestPartDelegationPureRoutes/withoutUnixSocket
=== RUN   TestPartDelegationPureRoutes/withoutEnvVariable
--- PASS: TestPartDelegationPureRoutes (0.02s)
    --- PASS: TestPartDelegationPureRoutes/withWorkdir (0.00s)
    --- PASS: TestPartDelegationPureRoutes/withEnvVariable (0.00s)
    --- PASS: TestPartDelegationPureRoutes/withoutDefaultArgs (0.00s)
    --- PASS: TestPartDelegationPureRoutes/__withSystemEnvVariable (0.00s)
    --- PASS: TestPartDelegationPureRoutes/withEntrypoint (0.00s)
    --- PASS: TestPartDelegationPureRoutes/withMountedCache (0.00s)
    --- PASS: TestPartDelegationPureRoutes/withoutMount (0.00s)
    --- PASS: TestPartDelegationPureRoutes/withUnixSocket (0.00s)
    --- PASS: TestPartDelegationPureRoutes/withoutUnixSocket (0.00s)
    --- PASS: TestPartDelegationPureRoutes/withoutEnvVariable (0.00s)
=== RUN   TestPartDelegationRealStore
=== RUN   TestPartDelegationRealStore/ready-parent
2026/09/16 17:37:55 INFO discarding dagql cache without persistence hasSQLDB=true hasPersistDB=true
2026/09/16 17:37:55 INFO discarding dagql cache without persistence hasSQLDB=false hasPersistDB=false
=== RUN   TestPartDelegationRealStore/pending-parent
2026/09/16 17:37:55 INFO discarding dagql cache without persistence hasSQLDB=true hasPersistDB=true
2026/09/16 17:37:55 INFO discarding dagql cache without persistence hasSQLDB=false hasPersistDB=false
=== RUN   TestPartDelegationRealStore/sync-retry
2026/09/16 17:37:55 INFO discarding dagql cache without persistence hasSQLDB=true hasPersistDB=true
2026/09/16 17:37:55 INFO discarding dagql cache without persistence hasSQLDB=false hasPersistDB=false
=== RUN   TestPartDelegationRealStore/native-restart
=== RUN   TestPartDelegationRealStore/native-restart/1
2026/09/16 17:37:56 INFO starting dagql cache close hasSQLDB=true hasPersistDB=true
2026/09/16 17:37:56 INFO marking dagql cache clean shutdown
2026/09/16 17:37:56 WARN successfully marked clean shutdown in persistence metadata
2026/09/16 17:37:56 INFO completed dagql cache close successfully
    part_delegation_test.go:289: native delegation depth=1 bookkeeping latency=54.119635ms pins=1 owner-syncs=1 independent-accessor-refs=1
2026/09/16 17:37:56 INFO discarding dagql cache without persistence hasSQLDB=true hasPersistDB=true
=== RUN   TestPartDelegationRealStore/native-restart/8
2026/09/16 17:37:56 INFO starting dagql cache close hasSQLDB=true hasPersistDB=true
2026/09/16 17:37:56 INFO marking dagql cache clean shutdown
2026/09/16 17:37:56 WARN successfully marked clean shutdown in persistence metadata
2026/09/16 17:37:56 INFO completed dagql cache close successfully
    part_delegation_test.go:289: native delegation depth=8 bookkeeping latency=260.552264ms pins=8 owner-syncs=8 independent-accessor-refs=8
2026/09/16 17:37:56 INFO discarding dagql cache without persistence hasSQLDB=true hasPersistDB=true
=== RUN   TestPartDelegationRealStore/native-restart/32
2026/09/16 17:37:56 INFO starting dagql cache close hasSQLDB=true hasPersistDB=true
2026/09/16 17:37:56 INFO marking dagql cache clean shutdown
2026/09/16 17:37:56 WARN successfully marked clean shutdown in persistence metadata
2026/09/16 17:37:56 INFO completed dagql cache close successfully
    part_delegation_test.go:289: native delegation depth=32 bookkeeping latency=2.212115548s pins=32 owner-syncs=32 independent-accessor-refs=32
2026/09/16 17:37:59 INFO discarding dagql cache without persistence hasSQLDB=true hasPersistDB=true
2026/09/16 17:37:59 INFO discarding dagql cache without persistence hasSQLDB=false hasPersistDB=false
=== RUN   TestPartDelegationRealStore/ready-parent-over-chain
2026/09/16 17:38:00 INFO discarding dagql cache without persistence hasSQLDB=true hasPersistDB=true
2026/09/16 17:38:00 INFO discarding dagql cache without persistence hasSQLDB=false hasPersistDB=false
=== RUN   TestPartDelegationRealStore/ordinary-ready-tie
2026/09/16 17:38:00 INFO discarding dagql cache without persistence hasSQLDB=true hasPersistDB=true
2026/09/16 17:38:00 INFO discarding dagql cache without persistence hasSQLDB=false hasPersistDB=false
=== RUN   TestPartDelegationRealStore/child-chain-first
2026/09/16 17:38:01 INFO discarding dagql cache without persistence hasSQLDB=true hasPersistDB=true
2026/09/16 17:38:01 INFO discarding dagql cache without persistence hasSQLDB=false hasPersistDB=false
=== RUN   TestPartDelegationRealStore/late-child
2026/09/16 17:38:01 INFO discarding dagql cache without persistence hasSQLDB=true hasPersistDB=true
2026/09/16 17:38:01 INFO discarding dagql cache without persistence hasSQLDB=false hasPersistDB=false
=== RUN   TestPartDelegationRealStore/child-and-parent-failure
2026/09/16 17:38:02 INFO discarding dagql cache without persistence hasSQLDB=true hasPersistDB=true
2026/09/16 17:38:02 INFO discarding dagql cache without persistence hasSQLDB=false hasPersistDB=false
--- PASS: TestPartDelegationRealStore (7.23s)
    --- PASS: TestPartDelegationRealStore/ready-parent (0.36s)
    --- PASS: TestPartDelegationRealStore/pending-parent (0.35s)
    --- PASS: TestPartDelegationRealStore/sync-retry (0.45s)
    --- PASS: TestPartDelegationRealStore/native-restart (3.07s)
        --- PASS: TestPartDelegationRealStore/native-restart/1 (0.13s)
        --- PASS: TestPartDelegationRealStore/native-restart/8 (0.37s)
        --- PASS: TestPartDelegationRealStore/native-restart/32 (2.46s)
    --- PASS: TestPartDelegationRealStore/ready-parent-over-chain (1.46s)
    --- PASS: TestPartDelegationRealStore/ordinary-ready-tie (0.42s)
    --- PASS: TestPartDelegationRealStore/child-chain-first (0.37s)
    --- PASS: TestPartDelegationRealStore/late-child (0.46s)
    --- PASS: TestPartDelegationRealStore/child-and-parent-failure (0.29s)
=== RUN   TestPartFilesystemPublicationRoles
=== RUN   TestPartFilesystemPublicationRoles/File
    part_filesystem_race_test.go:144: File coherent tuple/role samples=523 publications=2048
2026/09/16 17:38:02 INFO discarding dagql cache without persistence hasSQLDB=false hasPersistDB=false
=== RUN   TestPartFilesystemPublicationRoles/Directory
    part_filesystem_race_test.go:144: Directory coherent tuple/role samples=443 publications=2048
2026/09/16 17:38:02 INFO discarding dagql cache without persistence hasSQLDB=false hasPersistDB=false
--- PASS: TestPartFilesystemPublicationRoles (0.56s)
    --- PASS: TestPartFilesystemPublicationRoles/File (0.28s)
    --- PASS: TestPartFilesystemPublicationRoles/Directory (0.28s)
=== RUN   TestPartInlineAddress
=== RUN   TestPartInlineAddress/sequential
2026/09/16 17:38:03 INFO starting dagql cache close hasSQLDB=true hasPersistDB=true
2026/09/16 17:38:03 INFO marking dagql cache clean shutdown
2026/09/16 17:38:03 WARN successfully marked clean shutdown in persistence metadata
2026/09/16 17:38:03 INFO completed dagql cache close successfully
2026/09/16 17:38:04 INFO dagql pruned result resultID=2 call=Query.inlineDirectories digest="" args=[] description="dagql cache result 2" measuredSizeBytes=0 reclaimedBytes=0
2026/09/16 17:38:04 INFO discarding dagql cache without persistence hasSQLDB=true hasPersistDB=true
2026/09/16 17:38:04 INFO discarding dagql cache without persistence hasSQLDB=true hasPersistDB=true
=== RUN   TestPartInlineAddress/concurrent
2026/09/16 17:38:05 INFO starting dagql cache close hasSQLDB=true hasPersistDB=true
2026/09/16 17:38:05 INFO marking dagql cache clean shutdown
2026/09/16 17:38:05 WARN successfully marked clean shutdown in persistence metadata
2026/09/16 17:38:05 INFO completed dagql cache close successfully
2026/09/16 17:38:05 INFO dagql pruned result resultID=2 call=Query.inlineDirectories digest="" args=[] description="dagql cache result 2" measuredSizeBytes=0 reclaimedBytes=0
2026/09/16 17:38:05 INFO discarding dagql cache without persistence hasSQLDB=true hasPersistDB=true
2026/09/16 17:38:05 INFO discarding dagql cache without persistence hasSQLDB=true hasPersistDB=true
=== RUN   TestPartInlineAddress/shared-snapshot-sync-retry
2026/09/16 17:38:06 INFO starting dagql cache close hasSQLDB=true hasPersistDB=true
2026/09/16 17:38:06 INFO marking dagql cache clean shutdown
2026/09/16 17:38:06 WARN successfully marked clean shutdown in persistence metadata
2026/09/16 17:38:06 INFO completed dagql cache close successfully
2026/09/16 17:38:06 INFO dagql pruned result resultID=2 call=Query.inlineDirectories digest="" args=[] description="dagql cache result 2" measuredSizeBytes=0 reclaimedBytes=0
2026/09/16 17:38:06 INFO discarding dagql cache without persistence hasSQLDB=true hasPersistDB=true
2026/09/16 17:38:06 INFO discarding dagql cache without persistence hasSQLDB=true hasPersistDB=true
--- PASS: TestPartInlineAddress (3.85s)
    --- PASS: TestPartInlineAddress/sequential (1.88s)
    --- PASS: TestPartInlineAddress/concurrent (0.88s)
    --- PASS: TestPartInlineAddress/shared-snapshot-sync-retry (1.09s)
=== RUN   TestPartTypedPublicationRoles
    part_publication_race_test.go:98: coherent concurrent raw reader samples=459
2026/09/16 17:38:06 INFO discarding dagql cache without persistence hasSQLDB=false hasPersistDB=false
2026/09/16 17:38:06 INFO discarding dagql cache without persistence hasSQLDB=false hasPersistDB=false
--- PASS: TestPartTypedPublicationRoles (0.41s)
=== RUN   TestPartPureRoutes
=== RUN   TestPartPureRoutes/withExec
=== RUN   TestPartPureRoutes/withExec#01
=== RUN   TestPartPureRoutes/from
=== RUN   TestPartPureRoutes/withRootfs
=== RUN   TestPartPureRoutes/withWorkdir
=== RUN   TestPartPureRoutes/withDirectory
=== RUN   TestPartPureRoutes/withMountedFile
=== RUN   TestPartPureRoutes/withSymlink
--- PASS: TestPartPureRoutes (0.01s)
    --- PASS: TestPartPureRoutes/withExec (0.00s)
    --- PASS: TestPartPureRoutes/withExec#01 (0.01s)
    --- PASS: TestPartPureRoutes/from (0.00s)
    --- PASS: TestPartPureRoutes/withRootfs (0.00s)
    --- PASS: TestPartPureRoutes/withWorkdir (0.00s)
    --- PASS: TestPartPureRoutes/withDirectory (0.00s)
    --- PASS: TestPartPureRoutes/withMountedFile (0.00s)
    --- PASS: TestPartPureRoutes/withSymlink (0.00s)
=== RUN   TestPartScopeEmptyBoot
=== RUN   TestPartScopeEmptyBoot/old_schema_false
2026/09/16 17:38:06 INFO starting dagql cache close hasSQLDB=true hasPersistDB=true
2026/09/16 17:38:06 INFO marking dagql cache clean shutdown
2026/09/16 17:38:06 WARN successfully marked clean shutdown in persistence metadata
2026/09/16 17:38:06 INFO completed dagql cache close successfully
2026/09/16 17:38:07 INFO discarding dagql cache without persistence hasSQLDB=true hasPersistDB=true
=== RUN   TestPartScopeEmptyBoot/old_schema_true
2026/09/16 17:38:07 INFO starting dagql cache close hasSQLDB=true hasPersistDB=true
2026/09/16 17:38:07 INFO marking dagql cache clean shutdown
2026/09/16 17:38:07 WARN successfully marked clean shutdown in persistence metadata
2026/09/16 17:38:07 INFO completed dagql cache close successfully
2026/09/16 17:38:07 WARN dagql persistence import failed; wiping and cold-starting err="list mirror result_snapshot_links: SQL logic error: no such column: output_path (1)"
2026/09/16 17:38:07 INFO discarding dagql cache without persistence hasSQLDB=true hasPersistDB=true
--- PASS: TestPartScopeEmptyBoot (0.33s)
    --- PASS: TestPartScopeEmptyBoot/old_schema_false (0.13s)
    --- PASS: TestPartScopeEmptyBoot/old_schema_true (0.20s)
=== RUN   TestPartScopeRootRekeyCost
=== RUN   TestPartScopeRootRekeyCost/1
2026/09/16 17:38:07 INFO starting dagql cache close hasSQLDB=true hasPersistDB=true
2026/09/16 17:38:07 INFO marking dagql cache clean shutdown
2026/09/16 17:38:07 WARN successfully marked clean shutdown in persistence metadata
2026/09/16 17:38:07 INFO completed dagql cache close successfully
    part_scope_boot_test.go:133: root_rekey roots=1 attaches=1 stale_scans=1 stale_removes=1 peak_owner_leases=2 elapsed=19.025827ms
2026/09/16 17:38:07 INFO discarding dagql cache without persistence hasSQLDB=true hasPersistDB=true
=== RUN   TestPartScopeRootRekeyCost/32
2026/09/16 17:38:07 INFO starting dagql cache close hasSQLDB=true hasPersistDB=true
2026/09/16 17:38:07 INFO marking dagql cache clean shutdown
2026/09/16 17:38:07 WARN successfully marked clean shutdown in persistence metadata
2026/09/16 17:38:07 INFO completed dagql cache close successfully
    part_scope_boot_test.go:133: root_rekey roots=32 attaches=32 stale_scans=1 stale_removes=32 peak_owner_leases=64 elapsed=312.031189ms
2026/09/16 17:38:08 INFO discarding dagql cache without persistence hasSQLDB=true hasPersistDB=true
--- PASS: TestPartScopeRootRekeyCost (1.20s)
    --- PASS: TestPartScopeRootRekeyCost/1 (0.12s)
    --- PASS: TestPartScopeRootRekeyCost/32 (1.08s)
=== RUN   TestPartScopeBootScanFailure
--- PASS: TestPartScopeBootScanFailure (0.06s)
=== RUN   TestPartScopeNestedNullableRepresentation
2026/09/16 17:38:08 INFO starting dagql cache close hasSQLDB=true hasPersistDB=true
2026/09/16 17:38:08 INFO marking dagql cache clean shutdown
2026/09/16 17:38:08 WARN successfully marked clean shutdown in persistence metadata
2026/09/16 17:38:08 INFO completed dagql cache close successfully
2026/09/16 17:38:08 INFO discarding dagql cache without persistence hasSQLDB=true hasPersistDB=true
--- PASS: TestPartScopeNestedNullableRepresentation (0.20s)
=== RUN   TestPartWholeProducerMixedRestart
2026/09/16 17:38:10 INFO starting dagql cache close hasSQLDB=true hasPersistDB=true
2026/09/16 17:38:10 INFO marking dagql cache clean shutdown
2026/09/16 17:38:10 WARN successfully marked clean shutdown in persistence metadata
2026/09/16 17:38:10 INFO completed dagql cache close successfully
2026/09/16 17:38:10 INFO start lazy evaluation field=Query._builtinContainer
2026/09/16 17:38:10 INFO end lazy evaluation field=Query._builtinContainer duration=55.190132ms
2026/09/16 17:38:10 INFO discarding dagql cache without persistence hasSQLDB=true hasPersistDB=true
2026/09/16 17:38:10 INFO discarding dagql cache without persistence hasSQLDB=false hasPersistDB=false
2026/09/16 17:38:10 INFO discarding dagql cache without persistence hasSQLDB=false hasPersistDB=false
--- PASS: TestPartWholeProducerMixedRestart (2.07s)
=== RUN   TestPartPendingImageMetadataStaysSelective
2026/09/16 17:38:10 INFO start lazy group evaluation field=Container.from group=metadata
2026/09/16 17:38:10 INFO end lazy group evaluation field=Container.from group=metadata duration=5.060354ms
2026/09/16 17:38:10 INFO start lazy group evaluation field=Container.from group=execMeta
2026/09/16 17:38:10 INFO end lazy group evaluation field=Container.from group=execMeta duration=643.2µs
2026/09/16 17:38:10 INFO discarding dagql cache without persistence hasSQLDB=false hasPersistDB=false
2026/09/16 17:38:10 INFO discarding dagql cache without persistence hasSQLDB=false hasPersistDB=false
--- PASS: TestPartPendingImageMetadataStaysSelective (0.04s)
=== RUN   TestPartNativePendingContainerRequiresRecipe
2026/09/16 17:38:10 INFO discarding dagql cache without persistence hasSQLDB=false hasPersistDB=false
--- PASS: TestPartNativePendingContainerRequiresRecipe (0.01s)
=== CONT  TestContainerRoutingReadsRaceRefinedClear
=== CONT  TestContainerRoutingReadsRaceUnrefinedClear
=== CONT  TestContainerConcurrentGroupCompletionClearsLazyOnce
=== CONT  TestContainerDirectEvaluateRunsRefinedGroups
2026/09/16 17:38:10 INFO start lazy group evaluation field=test.base group=metadata
2026/09/16 17:38:10 INFO end lazy group evaluation field=test.base group=metadata duration=59.639µs
2026/09/16 17:38:10 INFO start lazy evaluation field=test.unrefinedWriter
2026/09/16 17:38:10 INFO start lazy group evaluation field=test.base group=metadata
2026/09/16 17:38:10 INFO end lazy group evaluation field=test.base group=metadata duration=34.62µs
2026/09/16 17:38:10 INFO start lazy group evaluation field=test.base group=execMeta
2026/09/16 17:38:10 INFO end lazy group evaluation field=test.base group=execMeta duration=15.84µs
2026/09/16 17:38:10 INFO start lazy group evaluation field=test.base group=fs
2026/09/16 17:38:10 INFO start lazy group evaluation field=Container.withUser group=metadata
2026/09/16 17:38:10 INFO start lazy group evaluation field=test.base group=metadata
2026/09/16 17:38:10 INFO end lazy group evaluation field=test.base group=metadata duration=16.64µs
2026/09/16 17:38:10 INFO start lazy group evaluation field=test.base group=fs
2026/09/16 17:38:10 INFO end lazy group evaluation field=test.base group=fs duration=15.07µs
2026/09/16 17:38:10 INFO end lazy group evaluation field=Container.withUser group=metadata duration=300.979µs
2026/09/16 17:38:10 INFO start lazy group evaluation field=test.base group=execMeta
2026/09/16 17:38:10 INFO end lazy group evaluation field=test.base group=execMeta duration=11.66µs
2026/09/16 17:38:10 INFO start lazy group evaluation field=Container.withUser group=execMeta
2026/09/16 17:38:10 INFO start lazy group evaluation field=test.base group=mount:/a
2026/09/16 17:38:10 INFO start lazy group evaluation field=Container.withUser group=fs
2026/09/16 17:38:10 INFO start lazy group evaluation field=test.base group=execMeta
2026/09/16 17:38:10 INFO end lazy group evaluation field=test.base group=execMeta duration=11.89µs
2026/09/16 17:38:10 INFO start lazy group evaluation field=test.base group=mount:/b
2026/09/16 17:38:10 INFO end lazy group evaluation field=test.base group=mount:/b duration=16.64µs
2026/09/16 17:38:10 INFO start lazy group evaluation field=test.base group=fs
2026/09/16 17:38:10 INFO end lazy group evaluation field=test.base group=fs duration=14.46µs
2026/09/16 17:38:10 INFO end lazy group evaluation field=Container.withUser group=fs duration=294.81µs
2026/09/16 17:38:10 INFO end lazy group evaluation field=Container.withUser group=execMeta duration=494.57µs
2026/09/16 17:38:10 INFO end lazy group evaluation field=test.base group=mount:/a duration=435.87µs
2026/09/16 17:38:10 INFO discarding dagql cache without persistence hasSQLDB=false hasPersistDB=false
--- PASS: TestContainerConcurrentGroupCompletionClearsLazyOnce (0.00s)
2026/09/16 17:38:10 INFO discarding dagql cache without persistence hasSQLDB=false hasPersistDB=false
--- PASS: TestContainerDirectEvaluateRunsRefinedGroups (0.00s)
2026/09/16 17:38:10 INFO end lazy group evaluation field=test.base group=fs duration=2.047338ms
2026/09/16 17:38:10 INFO end lazy evaluation field=test.unrefinedWriter duration=2.402318ms
2026/09/16 17:38:10 INFO discarding dagql cache without persistence hasSQLDB=false hasPersistDB=false
--- PASS: TestContainerRoutingReadsRaceUnrefinedClear (0.00s)
2026/09/16 17:38:10 INFO discarding dagql cache without persistence hasSQLDB=false hasPersistDB=false
--- PASS: TestContainerRoutingReadsRaceRefinedClear (0.01s)
PASS
ok      github.com/dagger/dagger/core   21.998s
