=== RUN   TestScratchDirectoryProducer
    directory_scratch_test.go:175: scratch recipe-json-bytes=2 native-payload-added-bytes=35 eager-scratch-calls=1
2026/09/16 17:41:41 INFO start lazy evaluation field=Query.directory
2026/09/16 17:41:41 INFO end lazy evaluation field=Query.directory duration=99.06µs err="producer receiver: Directory snapshot already installed"
2026/09/16 17:41:41 INFO start lazy evaluation field=Query.directory
2026/09/16 17:41:41 INFO end lazy evaluation field=Query.directory duration=3.386866ms
2026/09/16 17:41:41 INFO start lazy evaluation field=Query.directory
2026/09/16 17:41:41 INFO end lazy evaluation field=Query.directory duration=3.160186ms
2026/09/16 17:41:41 INFO start lazy evaluation field=Query.directory
2026/09/16 17:41:41 INFO end lazy evaluation field=Query.directory duration=2.772066ms err="context canceled"
2026/09/16 17:41:41 INFO discarding dagql cache without persistence hasSQLDB=false hasPersistDB=false
--- PASS: TestScratchDirectoryProducer (1.40s)
=== RUN   TestScratchDirectoryAcquisition
=== RUN   TestScratchDirectoryAcquisition/cold
2026/09/16 17:41:42 INFO start lazy evaluation field=Query.directory
2026/09/16 17:41:42 INFO end lazy evaluation field=Query.directory duration=32.809047ms
    directory_scratch_test.go:337: scratch mode=cold acquisition=51.649291ms scratch-calls=1 provider-reads=0
2026/09/16 17:41:42 INFO discarding dagql cache without persistence hasSQLDB=false hasPersistDB=false
2026/09/16 17:41:42 INFO dagql pruned result resultID=1 call=Query.directory digest=xxh3:66b3e3c82e7ec924 args=[] description="dagql cache result 1" measuredSizeBytes=4096 reclaimedBytes=4096
2026/09/16 17:41:42 INFO discarding dagql cache without persistence hasSQLDB=true hasPersistDB=true
=== RUN   TestScratchDirectoryAcquisition/canonical-only
2026/09/16 17:41:42 INFO start lazy evaluation field=Query.directory
2026/09/16 17:41:42 INFO end lazy evaluation field=Query.directory duration=3.006996ms
    directory_scratch_test.go:337: scratch mode=canonical-only acquisition=20.157304ms scratch-calls=1 provider-reads=0
2026/09/16 17:41:42 INFO discarding dagql cache without persistence hasSQLDB=false hasPersistDB=false
2026/09/16 17:41:42 INFO dagql pruned result resultID=1 call=Query.directory digest=xxh3:66b3e3c82e7ec924 args=[] description="dagql cache result 1" measuredSizeBytes=4096 reclaimedBytes=4096
2026/09/16 17:41:42 INFO discarding dagql cache without persistence hasSQLDB=true hasPersistDB=true
=== RUN   TestScratchDirectoryAcquisition/warm
    directory_scratch_test.go:337: scratch mode=warm acquisition=16.330659ms scratch-calls=0 provider-reads=0
2026/09/16 17:41:43 INFO discarding dagql cache without persistence hasSQLDB=false hasPersistDB=false
2026/09/16 17:41:43 INFO dagql pruned result resultID=2 call=Query.directory digest=xxh3:66b3e3c82e7ec924 args=[] description="dagql cache result 2" measuredSizeBytes=4096 reclaimedBytes=4096
2026/09/16 17:41:43 INFO discarding dagql cache without persistence hasSQLDB=true hasPersistDB=true
=== RUN   TestScratchDirectoryAcquisition/pending-restart
2026/09/16 17:41:43 INFO starting dagql cache close hasSQLDB=true hasPersistDB=true
2026/09/16 17:41:43 INFO marking dagql cache clean shutdown
2026/09/16 17:41:43 WARN successfully marked clean shutdown in persistence metadata
2026/09/16 17:41:43 INFO completed dagql cache close successfully
2026/09/16 17:41:43 INFO start lazy evaluation field=Query.directory
2026/09/16 17:41:43 INFO end lazy evaluation field=Query.directory duration=47.533857ms
    directory_scratch_test.go:337: scratch mode=pending-restart acquisition=72.950703ms scratch-calls=1 provider-reads=0
2026/09/16 17:41:43 INFO discarding dagql cache without persistence hasSQLDB=false hasPersistDB=false
2026/09/16 17:41:43 INFO starting dagql cache close hasSQLDB=true hasPersistDB=true
2026/09/16 17:41:43 INFO marking dagql cache clean shutdown
2026/09/16 17:41:43 WARN successfully marked clean shutdown in persistence metadata
2026/09/16 17:41:43 INFO completed dagql cache close successfully
2026/09/16 17:41:43 INFO dagql pruned result resultID=1 call=Query.directory digest=xxh3:66b3e3c82e7ec924 args=[] description="dagql cache result 1" measuredSizeBytes=4096 reclaimedBytes=4096
2026/09/16 17:41:43 INFO discarding dagql cache without persistence hasSQLDB=true hasPersistDB=true
=== RUN   TestScratchDirectoryAcquisition/manager-failure
2026/09/16 17:41:43 INFO start lazy evaluation field=Query.directory
2026/09/16 17:41:43 INFO end lazy evaluation field=Query.directory duration=64.61µs err="injected scratch acquisition failure"
2026/09/16 17:41:43 INFO start lazy evaluation field=Query.directory
2026/09/16 17:41:43 INFO end lazy evaluation field=Query.directory duration=34.263525ms
    directory_scratch_test.go:337: scratch mode=manager-failure acquisition=52.50146ms scratch-calls=2 provider-reads=0
2026/09/16 17:41:43 INFO discarding dagql cache without persistence hasSQLDB=false hasPersistDB=false
2026/09/16 17:41:43 INFO dagql pruned result resultID=1 call=Query.directory digest=xxh3:66b3e3c82e7ec924 args=[] description="dagql cache result 1" measuredSizeBytes=4096 reclaimedBytes=4096
2026/09/16 17:41:43 INFO discarding dagql cache without persistence hasSQLDB=true hasPersistDB=true
=== RUN   TestScratchDirectoryAcquisition/manager-canceled
2026/09/16 17:41:43 INFO start lazy evaluation field=Query.directory
2026/09/16 17:41:43 INFO end lazy evaluation field=Query.directory duration=69.09µs err="context canceled"
2026/09/16 17:41:43 INFO start lazy evaluation field=Query.directory
2026/09/16 17:41:43 INFO end lazy evaluation field=Query.directory duration=33.780146ms
    directory_scratch_test.go:337: scratch mode=manager-canceled acquisition=51.275862ms scratch-calls=2 provider-reads=0
2026/09/16 17:41:43 INFO discarding dagql cache without persistence hasSQLDB=false hasPersistDB=false
2026/09/16 17:41:43 INFO dagql pruned result resultID=1 call=Query.directory digest=xxh3:66b3e3c82e7ec924 args=[] description="dagql cache result 1" measuredSizeBytes=4096 reclaimedBytes=4096
2026/09/16 17:41:43 INFO discarding dagql cache without persistence hasSQLDB=true hasPersistDB=true
=== RUN   TestScratchDirectoryAcquisition/prepare-failure
2026/09/16 17:41:44 INFO start lazy evaluation field=Query.directory
2026/09/16 17:41:44 INFO end lazy evaluation field=Query.directory duration=28.040522ms
2026/09/16 17:41:44 INFO start lazy evaluation field=Query.directory
2026/09/16 17:41:44 INFO end lazy evaluation field=Query.directory duration=2.255167ms
    directory_scratch_test.go:337: scratch mode=prepare-failure acquisition=50.277122ms scratch-calls=2 provider-reads=0
2026/09/16 17:41:44 INFO discarding dagql cache without persistence hasSQLDB=false hasPersistDB=false
2026/09/16 17:41:44 INFO dagql pruned result resultID=1 call=Query.directory digest=xxh3:66b3e3c82e7ec924 args=[] description="dagql cache result 1" measuredSizeBytes=4096 reclaimedBytes=4096
2026/09/16 17:41:44 INFO discarding dagql cache without persistence hasSQLDB=true hasPersistDB=true
=== RUN   TestScratchDirectoryAcquisition/sync-retry
2026/09/16 17:41:44 INFO start lazy evaluation field=Query.directory
2026/09/16 17:41:44 INFO end lazy evaluation field=Query.directory duration=29.348921ms
    directory_scratch_test.go:337: scratch mode=sync-retry acquisition=54.779667ms scratch-calls=1 provider-reads=0
2026/09/16 17:41:44 INFO discarding dagql cache without persistence hasSQLDB=false hasPersistDB=false
2026/09/16 17:41:44 INFO dagql pruned result resultID=1 call=Query.directory digest=xxh3:66b3e3c82e7ec924 args=[] description="dagql cache result 1" measuredSizeBytes=4096 reclaimedBytes=4096
2026/09/16 17:41:44 INFO discarding dagql cache without persistence hasSQLDB=true hasPersistDB=true
--- PASS: TestScratchDirectoryAcquisition (2.50s)
    --- PASS: TestScratchDirectoryAcquisition/cold (0.25s)
    --- PASS: TestScratchDirectoryAcquisition/canonical-only (0.61s)
    --- PASS: TestScratchDirectoryAcquisition/warm (0.22s)
    --- PASS: TestScratchDirectoryAcquisition/pending-restart (0.28s)
    --- PASS: TestScratchDirectoryAcquisition/manager-failure (0.34s)
    --- PASS: TestScratchDirectoryAcquisition/manager-canceled (0.27s)
    --- PASS: TestScratchDirectoryAcquisition/prepare-failure (0.18s)
    --- PASS: TestScratchDirectoryAcquisition/sync-retry (0.34s)
=== RUN   TestScratchDirectoryNativeReopen
2026/09/16 17:41:44 INFO starting dagql cache close hasSQLDB=true hasPersistDB=true
2026/09/16 17:41:44 INFO marking dagql cache clean shutdown
2026/09/16 17:41:44 WARN successfully marked clean shutdown in persistence metadata
2026/09/16 17:41:44 INFO completed dagql cache close successfully
2026/09/16 17:41:44 INFO start lazy evaluation field=Directory.restore
2026/09/16 17:41:44 INFO end lazy evaluation field=Directory.restore duration=310.819µs
2026/09/16 17:41:44 INFO starting dagql cache close hasSQLDB=true hasPersistDB=true
2026/09/16 17:41:44 INFO marking dagql cache clean shutdown
2026/09/16 17:41:44 WARN successfully marked clean shutdown in persistence metadata
2026/09/16 17:41:44 INFO completed dagql cache close successfully
2026/09/16 17:41:44 INFO start lazy evaluation field=Directory.restore
2026/09/16 17:41:44 INFO end lazy evaluation field=Directory.restore duration=445.249µs
2026/09/16 17:41:44 INFO discarding dagql cache without persistence hasSQLDB=true hasPersistDB=true
--- PASS: TestScratchDirectoryNativeReopen (0.21s)
PASS
ok      github.com/dagger/dagger/core/schema    5.553s
