=== RUN   TestScratchDirectoryProducer
    directory_scratch_test.go:175: scratch recipe-json-bytes=2 native-payload-added-bytes=35 eager-scratch-calls=1
2026/09/16 17:41:52 INFO start lazy evaluation field=Query.directory
2026/09/16 17:41:52 INFO end lazy evaluation field=Query.directory duration=84.9µs err="producer receiver: Directory snapshot already installed"
2026/09/16 17:41:52 INFO start lazy evaluation field=Query.directory
2026/09/16 17:41:52 INFO end lazy evaluation field=Query.directory duration=1.451588ms
2026/09/16 17:41:52 INFO start lazy evaluation field=Query.directory
2026/09/16 17:41:52 INFO end lazy evaluation field=Query.directory duration=1.276718ms
2026/09/16 17:41:52 INFO start lazy evaluation field=Query.directory
2026/09/16 17:41:52 INFO end lazy evaluation field=Query.directory duration=1.972347ms err="context canceled"
2026/09/16 17:41:52 INFO discarding dagql cache without persistence hasSQLDB=false hasPersistDB=false
--- PASS: TestScratchDirectoryProducer (0.86s)
=== RUN   TestScratchDirectoryAcquisition
=== RUN   TestScratchDirectoryAcquisition/cold
2026/09/16 17:41:52 INFO start lazy evaluation field=Query.directory
2026/09/16 17:41:52 INFO end lazy evaluation field=Query.directory duration=25.685465ms
    directory_scratch_test.go:337: scratch mode=cold acquisition=37.58524ms scratch-calls=1 provider-reads=0
2026/09/16 17:41:52 INFO discarding dagql cache without persistence hasSQLDB=false hasPersistDB=false
2026/09/16 17:41:52 INFO dagql pruned result resultID=1 call=Query.directory digest=xxh3:66b3e3c82e7ec924 args=[] description="dagql cache result 1" measuredSizeBytes=4096 reclaimedBytes=4096
2026/09/16 17:41:52 INFO discarding dagql cache without persistence hasSQLDB=true hasPersistDB=true
=== RUN   TestScratchDirectoryAcquisition/canonical-only
2026/09/16 17:41:52 INFO start lazy evaluation field=Query.directory
2026/09/16 17:41:52 INFO end lazy evaluation field=Query.directory duration=2.655056ms
    directory_scratch_test.go:337: scratch mode=canonical-only acquisition=14.87649ms scratch-calls=1 provider-reads=0
2026/09/16 17:41:52 INFO discarding dagql cache without persistence hasSQLDB=false hasPersistDB=false
2026/09/16 17:41:52 INFO dagql pruned result resultID=1 call=Query.directory digest=xxh3:66b3e3c82e7ec924 args=[] description="dagql cache result 1" measuredSizeBytes=4096 reclaimedBytes=4096
2026/09/16 17:41:52 INFO discarding dagql cache without persistence hasSQLDB=true hasPersistDB=true
=== RUN   TestScratchDirectoryAcquisition/warm
    directory_scratch_test.go:337: scratch mode=warm acquisition=10.533446ms scratch-calls=0 provider-reads=0
2026/09/16 17:41:53 INFO discarding dagql cache without persistence hasSQLDB=false hasPersistDB=false
2026/09/16 17:41:53 INFO dagql pruned result resultID=2 call=Query.directory digest=xxh3:66b3e3c82e7ec924 args=[] description="dagql cache result 2" measuredSizeBytes=4096 reclaimedBytes=4096
2026/09/16 17:41:53 INFO discarding dagql cache without persistence hasSQLDB=true hasPersistDB=true
=== RUN   TestScratchDirectoryAcquisition/pending-restart
2026/09/16 17:41:53 INFO starting dagql cache close hasSQLDB=true hasPersistDB=true
2026/09/16 17:41:53 INFO marking dagql cache clean shutdown
2026/09/16 17:41:53 WARN successfully marked clean shutdown in persistence metadata
2026/09/16 17:41:53 INFO completed dagql cache close successfully
2026/09/16 17:41:53 INFO start lazy evaluation field=Query.directory
2026/09/16 17:41:53 INFO end lazy evaluation field=Query.directory duration=24.906137ms
    directory_scratch_test.go:337: scratch mode=pending-restart acquisition=34.277854ms scratch-calls=1 provider-reads=0
2026/09/16 17:41:53 INFO discarding dagql cache without persistence hasSQLDB=false hasPersistDB=false
2026/09/16 17:41:53 INFO starting dagql cache close hasSQLDB=true hasPersistDB=true
2026/09/16 17:41:53 INFO marking dagql cache clean shutdown
2026/09/16 17:41:53 WARN successfully marked clean shutdown in persistence metadata
2026/09/16 17:41:53 INFO completed dagql cache close successfully
2026/09/16 17:41:53 INFO dagql pruned result resultID=1 call=Query.directory digest=xxh3:66b3e3c82e7ec924 args=[] description="dagql cache result 1" measuredSizeBytes=4096 reclaimedBytes=4096
2026/09/16 17:41:53 INFO discarding dagql cache without persistence hasSQLDB=true hasPersistDB=true
=== RUN   TestScratchDirectoryAcquisition/manager-failure
2026/09/16 17:41:53 INFO start lazy evaluation field=Query.directory
2026/09/16 17:41:53 INFO end lazy evaluation field=Query.directory duration=44.91µs err="injected scratch acquisition failure"
2026/09/16 17:41:53 INFO start lazy evaluation field=Query.directory
2026/09/16 17:41:53 INFO end lazy evaluation field=Query.directory duration=21.74828ms
    directory_scratch_test.go:337: scratch mode=manager-failure acquisition=35.178783ms scratch-calls=2 provider-reads=0
2026/09/16 17:41:53 INFO discarding dagql cache without persistence hasSQLDB=false hasPersistDB=false
2026/09/16 17:41:53 INFO dagql pruned result resultID=1 call=Query.directory digest=xxh3:66b3e3c82e7ec924 args=[] description="dagql cache result 1" measuredSizeBytes=4096 reclaimedBytes=4096
2026/09/16 17:41:53 INFO discarding dagql cache without persistence hasSQLDB=true hasPersistDB=true
=== RUN   TestScratchDirectoryAcquisition/manager-canceled
2026/09/16 17:41:53 INFO start lazy evaluation field=Query.directory
2026/09/16 17:41:53 INFO end lazy evaluation field=Query.directory duration=30.35µs err="context canceled"
2026/09/16 17:41:53 INFO start lazy evaluation field=Query.directory
2026/09/16 17:41:53 INFO end lazy evaluation field=Query.directory duration=22.98392ms
    directory_scratch_test.go:337: scratch mode=manager-canceled acquisition=29.60265ms scratch-calls=2 provider-reads=0
2026/09/16 17:41:53 INFO discarding dagql cache without persistence hasSQLDB=false hasPersistDB=false
2026/09/16 17:41:53 INFO dagql pruned result resultID=1 call=Query.directory digest=xxh3:66b3e3c82e7ec924 args=[] description="dagql cache result 1" measuredSizeBytes=4096 reclaimedBytes=4096
2026/09/16 17:41:53 INFO discarding dagql cache without persistence hasSQLDB=true hasPersistDB=true
=== RUN   TestScratchDirectoryAcquisition/prepare-failure
2026/09/16 17:41:53 INFO start lazy evaluation field=Query.directory
2026/09/16 17:41:53 INFO end lazy evaluation field=Query.directory duration=23.692608ms
2026/09/16 17:41:53 INFO start lazy evaluation field=Query.directory
2026/09/16 17:41:53 INFO end lazy evaluation field=Query.directory duration=5.666193ms
    directory_scratch_test.go:337: scratch mode=prepare-failure acquisition=42.001593ms scratch-calls=2 provider-reads=0
2026/09/16 17:41:53 INFO discarding dagql cache without persistence hasSQLDB=false hasPersistDB=false
2026/09/16 17:41:53 INFO dagql pruned result resultID=1 call=Query.directory digest=xxh3:66b3e3c82e7ec924 args=[] description="dagql cache result 1" measuredSizeBytes=4096 reclaimedBytes=4096
2026/09/16 17:41:53 INFO discarding dagql cache without persistence hasSQLDB=true hasPersistDB=true
=== RUN   TestScratchDirectoryAcquisition/sync-retry
2026/09/16 17:41:53 INFO start lazy evaluation field=Query.directory
2026/09/16 17:41:53 INFO end lazy evaluation field=Query.directory duration=20.619582ms
    directory_scratch_test.go:337: scratch mode=sync-retry acquisition=32.097657ms scratch-calls=1 provider-reads=0
2026/09/16 17:41:53 INFO discarding dagql cache without persistence hasSQLDB=false hasPersistDB=false
2026/09/16 17:41:53 INFO dagql pruned result resultID=1 call=Query.directory digest=xxh3:66b3e3c82e7ec924 args=[] description="dagql cache result 1" measuredSizeBytes=4096 reclaimedBytes=4096
2026/09/16 17:41:53 INFO discarding dagql cache without persistence hasSQLDB=true hasPersistDB=true
--- PASS: TestScratchDirectoryAcquisition (0.93s)
    --- PASS: TestScratchDirectoryAcquisition/cold (0.12s)
    --- PASS: TestScratchDirectoryAcquisition/canonical-only (0.10s)
    --- PASS: TestScratchDirectoryAcquisition/warm (0.17s)
    --- PASS: TestScratchDirectoryAcquisition/pending-restart (0.12s)
    --- PASS: TestScratchDirectoryAcquisition/manager-failure (0.12s)
    --- PASS: TestScratchDirectoryAcquisition/manager-canceled (0.10s)
    --- PASS: TestScratchDirectoryAcquisition/prepare-failure (0.10s)
    --- PASS: TestScratchDirectoryAcquisition/sync-retry (0.10s)
=== RUN   TestScratchDirectoryNativeReopen
2026/09/16 17:41:53 INFO starting dagql cache close hasSQLDB=true hasPersistDB=true
2026/09/16 17:41:53 INFO marking dagql cache clean shutdown
2026/09/16 17:41:53 WARN successfully marked clean shutdown in persistence metadata
2026/09/16 17:41:53 INFO completed dagql cache close successfully
2026/09/16 17:41:53 INFO start lazy evaluation field=Directory.restore
2026/09/16 17:41:53 INFO end lazy evaluation field=Directory.restore duration=77.9µs
2026/09/16 17:41:53 INFO starting dagql cache close hasSQLDB=true hasPersistDB=true
2026/09/16 17:41:53 INFO marking dagql cache clean shutdown
2026/09/16 17:41:53 WARN successfully marked clean shutdown in persistence metadata
2026/09/16 17:41:53 INFO completed dagql cache close successfully
2026/09/16 17:41:53 INFO start lazy evaluation field=Directory.restore
2026/09/16 17:41:53 INFO end lazy evaluation field=Directory.restore duration=61.22µs
2026/09/16 17:41:53 INFO discarding dagql cache without persistence hasSQLDB=true hasPersistDB=true
--- PASS: TestScratchDirectoryNativeReopen (0.05s)
PASS
ok      github.com/dagger/dagger/core/schema    1.926s
