[dagger] 30.0s elapsed · 15 steps running
[dagger] 1m0s elapsed · 5 steps running
[dagger] 1m30s elapsed · 14 steps running
[dagger] 2m0s elapsed · 12 steps running
[dagger] 2m30s elapsed · 13 steps running
[dagger] 3m0s elapsed · 12 steps running
[dagger] 3m30s elapsed · 10 steps running
== TRACE ==  ✔ PASSED
engine-dev test --pkg ./core/integration --run=TestRemoteCacheTransferSuite/TestDefaultGCPruneDiagnostic$ --timeout=5m --test-verbose --env-file=file:/tmp/b4-r2-default.env  3m32s

✔ connect 0.4s
✔ load workspace: . 3.2s
  ✔ uploading /home/exedev/.tailcall/worktrees/dagger-a7378ed8352b/remote-cache-b4-acquisition-implementer-a22b8169-585bbf9d 0.2s ████████████ 9.7 kB
✔ parsing command line arguments 0.0s

✔ address(value: "file:/tmp/b4-r2-default.env"): Address! 0.0s
✔ .secret: Secret! 0.0s

✔ engineDev(
  ┆ ws: currentWorkspace: Workspace!
  ): EngineDev! 24.2s ◆ CPU Pressure (some): 62.713ms ◆ CPU Pressure (full): 37.652ms ◆ Memory Bytes (current): 905 kB ◆ Memory Bytes (peak): 30 MB
✔ .test(
  ┆ run: "TestRemoteCacheTransferSuite/TestDefaultGCPruneDiagnostic$"
  ┆ pkg: "./core/integration"
  ┆ timeout: "5m"
  ┆ envFile: Address.secret: Secret!
  ┆ testVerbose: true
  ): Void 3m4s ◆ Disk Read: 4.4 MB ◆ Disk Write: 0 B ◆ CPU Pressure (some): 456.143ms ◆ CPU Pressure (full): 374.014ms ◆ Memory Bytes (current): 5.4 MB ◆ Memory Bytes (peak): 39 MB ◆ Network Tx: 2.9 kB
  ✔ 7 uploads, 4 unpacks, 1 pull, 1 transfer 15.4s

== SERVICES ==
✔ rogct0dgr0vls.q74lc9em8l8tc.dagger.local exec /entrypoint.sh /etc/docker/registry/config.yml 2m41s EXITED span=9de733f2ee9ac8f7
✔ h4avdn8nctrm4.q74lc9em8l8tc.dagger.local exec /entrypoint.sh /etc/docker/registry/config.yml 2m41s EXITED span=7a7069d046911ac3
✘ 410bv4gpbqnik.q74lc9em8l8tc.dagger.local exec dagger-entrypoint.sh --addr unix:///run/dagger-engine.sock --addr tcp://0.0.0.0:1234 --network-name dagger-dev --network-cidr 10.88.0.0/16 --debugaddr 0.0.0.0:6060 2m41s ERROR span=a197158036584f70

== TESTS ==
  ✔ github.com/dagger/dagger/core/integration  1 passed

  ✔ 1 passed

Trace ID: 45ff862b676437da203f629e84dd71f0
