=== RUN   TestPartAcquisitionRootRoutes
=== RUN   TestPartAcquisitionRootRoutes/ready
    part_acquisition_test.go:134: route=ready latency=9.031418ms pins=1 owner-sync-attempts=1 private-bodies=0
2026/09/16 13:34:29 INFO discarding dagql cache without persistence hasSQLDB=true hasPersistDB=true
2026/09/16 13:34:29 INFO discarding dagql cache without persistence hasSQLDB=true hasPersistDB=true
=== RUN   TestPartAcquisitionRootRoutes/chain
2026/09/16 13:34:29 INFO start lazy evaluation field=File.blob
2026/09/16 13:34:29 INFO end lazy evaluation field=File.blob duration=29.140462ms
    part_acquisition_test.go:134: route=chain latency=52.664657ms pins=1 owner-sync-attempts=1 private-bodies=0
2026/09/16 13:34:29 INFO discarding dagql cache without persistence hasSQLDB=true hasPersistDB=true
2026/09/16 13:34:29 INFO discarding dagql cache without persistence hasSQLDB=true hasPersistDB=true
=== RUN   TestPartAcquisitionRootRoutes/chain-sync-retry
2026/09/16 13:34:29 INFO start lazy evaluation field=File.blob
2026/09/16 13:34:29 INFO end lazy evaluation field=File.blob duration=30.723469ms
    part_acquisition_test.go:134: route=chain-sync-retry latency=51.53196ms pins=1 owner-sync-attempts=2 private-bodies=0
2026/09/16 13:34:29 INFO discarding dagql cache without persistence hasSQLDB=true hasPersistDB=true
2026/09/16 13:34:29 INFO discarding dagql cache without persistence hasSQLDB=true hasPersistDB=true
=== RUN   TestPartAcquisitionRootRoutes/chain-sync-restart
2026/09/16 13:34:29 INFO start lazy evaluation field=File.blob
2026/09/16 13:34:29 INFO end lazy evaluation field=File.blob duration=29.092222ms
2026/09/16 13:34:29 INFO starting dagql cache close hasSQLDB=true hasPersistDB=true
2026/09/16 13:34:29 INFO marking dagql cache clean shutdown
2026/09/16 13:34:29 WARN successfully marked clean shutdown in persistence metadata
2026/09/16 13:34:29 INFO completed dagql cache close successfully
    part_acquisition_test.go:134: route=chain-sync-restart latency=60.042389ms pins=0 owner-sync-attempts=1 private-bodies=0
2026/09/16 13:34:29 INFO discarding dagql cache without persistence hasSQLDB=true hasPersistDB=true
2026/09/16 13:34:29 INFO discarding dagql cache without persistence hasSQLDB=true hasPersistDB=true
=== RUN   TestPartAcquisitionRootRoutes/chain-fallback
2026/09/16 13:34:29 INFO start lazy evaluation field=File.blob
2026/09/16 13:34:29 INFO end lazy evaluation field=File.blob duration=30.308989ms
2026/09/16 13:34:29 INFO start lazy evaluation field=File.blob
2026/09/16 13:34:29 INFO end lazy evaluation field=File.blob duration=24.227683ms
    part_acquisition_test.go:134: route=chain-fallback latency=57.880284ms pins=1 owner-sync-attempts=1 private-bodies=1
2026/09/16 13:34:29 INFO discarding dagql cache without persistence hasSQLDB=true hasPersistDB=true
2026/09/16 13:34:29 INFO discarding dagql cache without persistence hasSQLDB=true hasPersistDB=true
=== RUN   TestPartAcquisitionRootRoutes/producer
2026/09/16 13:34:29 INFO start lazy evaluation field=File.blob
2026/09/16 13:34:29 INFO end lazy evaluation field=File.blob duration=28.122124ms
    part_acquisition_test.go:134: route=producer latency=40.815654ms pins=1 owner-sync-attempts=1 private-bodies=1
2026/09/16 13:34:29 INFO discarding dagql cache without persistence hasSQLDB=true hasPersistDB=true
2026/09/16 13:34:29 INFO discarding dagql cache without persistence hasSQLDB=true hasPersistDB=true
--- PASS: TestPartAcquisitionRootRoutes (0.91s)
    --- PASS: TestPartAcquisitionRootRoutes/ready (0.11s)
    --- PASS: TestPartAcquisitionRootRoutes/chain (0.17s)
    --- PASS: TestPartAcquisitionRootRoutes/chain-sync-retry (0.17s)
    --- PASS: TestPartAcquisitionRootRoutes/chain-sync-restart (0.18s)
    --- PASS: TestPartAcquisitionRootRoutes/chain-fallback (0.18s)
    --- PASS: TestPartAcquisitionRootRoutes/producer (0.08s)
=== RUN   TestPartScopeRootRekeyCost
=== RUN   TestPartScopeRootRekeyCost/1
2026/09/16 13:34:29 INFO starting dagql cache close hasSQLDB=true hasPersistDB=true
2026/09/16 13:34:29 INFO marking dagql cache clean shutdown
2026/09/16 13:34:29 WARN successfully marked clean shutdown in persistence metadata
2026/09/16 13:34:29 INFO completed dagql cache close successfully
    part_scope_boot_test.go:133: root_rekey roots=1 attaches=1 stale_scans=1 stale_removes=1 peak_owner_leases=2 elapsed=5.881547ms
2026/09/16 13:34:29 INFO discarding dagql cache without persistence hasSQLDB=true hasPersistDB=true
=== RUN   TestPartScopeRootRekeyCost/32
2026/09/16 13:34:30 INFO starting dagql cache close hasSQLDB=true hasPersistDB=true
2026/09/16 13:34:30 INFO marking dagql cache clean shutdown
2026/09/16 13:34:30 WARN successfully marked clean shutdown in persistence metadata
2026/09/16 13:34:30 INFO completed dagql cache close successfully
    part_scope_boot_test.go:133: root_rekey roots=32 attaches=32 stale_scans=1 stale_removes=32 peak_owner_leases=64 elapsed=126.333866ms
2026/09/16 13:34:30 INFO discarding dagql cache without persistence hasSQLDB=true hasPersistDB=true
--- PASS: TestPartScopeRootRekeyCost (0.50s)
    --- PASS: TestPartScopeRootRekeyCost/1 (0.05s)
    --- PASS: TestPartScopeRootRekeyCost/32 (0.45s)
PASS
ok  	github.com/dagger/dagger/core	1.526s
