[dagger] 30.0s elapsed · 27 steps running
[dagger] 1m0s elapsed · 6 steps running
[dagger] 1m30s elapsed · 5 steps running
[dagger] 2m0s elapsed · 6 steps running
[dagger] 2m30s elapsed · 25 steps running
[dagger] 3m0s elapsed · 25 steps running
[dagger] 3m30s elapsed · 12 steps running
[dagger] 4m0s elapsed · 26 steps running
[dagger] 4m30s elapsed · 12 steps running
[dagger] 5m0s elapsed · 12 steps running
[dagger] 5m30s elapsed · 12 steps running
[dagger] 6m0s elapsed · 9 steps running
== TRACE ==  ✔ PASSED
engine-dev test --pkg ./core/integration --run=TestRemoteCacheTransferSuite/TestSchemaRecovery$ --timeout=5m  6m9s

✔ connect 0.3s
✔ load workspace: . 2.2s
✔ parsing command line arguments 0.0s

✔ engineDev(
  ┆ ws: currentWorkspace: Workspace!
  ): EngineDev! 23.0s
  ✔ uploading /home/exedev/.tailcall/worktrees/dagger-a7378ed8352b/remote-cache-b4-acquisition-implementer-a22b8169-585bbf9d 1.5s ████████████ 113 kB
✔ .test(run: "TestRemoteCacheTransferSuite/TestSchemaRecovery$", pkg: "./core/integration", timeout: "5m"): Void 5m43s
  ✔ 14 uploads, 6 unpacks, 1 pull, 2 transfers 20.6s

== SERVICES ==
✔ h4avdn8nctrm4.1ffchqlfnf7lg.dagger.local exec /entrypoint.sh /etc/docker/registry/config.yml 4m51s EXITED span=cf8a957f872b96af
✔ rogct0dgr0vls.1ffchqlfnf7lg.dagger.local exec /entrypoint.sh /etc/docker/registry/config.yml 4m51s EXITED span=7041083d2f277681
✘ mcqev6umkto28.1ffchqlfnf7lg.dagger.local exec dagger-entrypoint.sh --addr unix:///run/dagger-engine.sock --addr tcp://0.0.0.0:1234 --network-name dagger-dev --network-cidr 10.88.0.0/16 --debugaddr 0.0.0.0:6060 4m50s ERROR span=449b647cc67eed4c

== TESTS ==
  ✔ github.com/dagger/dagger/core/integration  1 passed

  ✔ 1 passed

Full trace at https://dagger.cloud/dagger/traces/a2488cb947218342163d9a489b0ba81d
