=== RUN   TestHTTPStateUsageSizeUsesPersistedSnapshotID
=== PAUSE TestHTTPStateUsageSizeUsesPersistedSnapshotID
=== RUN   TestHTTPLocalBodyOwnership
2026/09/17 02:35:04 INFO start lazy evaluation field=Query.__httpFile
2026/09/17 02:35:04 INFO end lazy evaluation field=Query.__httpFile duration=72.820635ms
2026/09/17 02:35:04 INFO discarding dagql cache without persistence hasSQLDB=false hasPersistDB=false
--- PASS: TestHTTPLocalBodyOwnership (0.14s)
=== RUN   TestHTTPLocalBodyFailures
=== RUN   TestHTTPLocalBodyFailures/matching
2026/09/17 02:35:04 INFO start lazy evaluation field=Query.__httpFile
2026/09/17 02:35:04 INFO end lazy evaluation field=Query.__httpFile duration=13.01159ms
=== RUN   TestHTTPLocalBodyFailures/absent
2026/09/17 02:35:04 INFO start lazy evaluation field=Query.__httpFile
2026/09/17 02:35:04 INFO end lazy evaluation field=Query.__httpFile duration=11.802169ms
=== RUN   TestHTTPLocalBodyFailures/foreign
2026/09/17 02:35:04 INFO start lazy evaluation field=Query.__httpFile
2026/09/17 02:35:04 INFO end lazy evaluation field=Query.__httpFile duration=11.836919ms
=== RUN   TestHTTPLocalBodyFailures/advanced
2026/09/17 02:35:04 INFO start lazy evaluation field=Query.__httpFile
2026/09/17 02:35:04 INFO end lazy evaluation field=Query.__httpFile duration=13.54203ms
=== RUN   TestHTTPLocalBodyFailures/unavailable
2026/09/17 02:35:04 INFO start lazy evaluation field=Query.__httpFile
2026/09/17 02:35:04 INFO end lazy evaluation field=Query.__httpFile duration=13.52239ms
=== RUN   TestHTTPLocalBodyFailures/pin_error
2026/09/17 02:35:04 INFO start lazy evaluation field=Query.__httpFile
2026/09/17 02:35:04 INFO end lazy evaluation field=Query.__httpFile duration=316.62µs err="injected pin or release failure"
=== RUN   TestHTTPLocalBodyFailures/cancel
2026/09/17 02:35:04 INFO start lazy evaluation field=Query.__httpFile
2026/09/17 02:35:04 INFO end lazy evaluation field=Query.__httpFile duration=122.45µs err="context canceled"
=== RUN   TestHTTPLocalBodyFailures/unavailable_plus_cleanup
2026/09/17 02:35:04 INFO start lazy evaluation field=Query.__httpFile
2026/09/17 02:35:04 INFO end lazy evaluation field=Query.__httpFile duration=184.95µs err="not found\ninjected pin or release failure"
=== RUN   TestHTTPLocalBodyFailures/derivation_plus_cleanup
2026/09/17 02:35:04 INFO start lazy evaluation field=Query.__httpFile
2026/09/17 02:35:04 INFO end lazy evaluation field=Query.__httpFile duration=4.610004ms err="derive failure\ninjected pin or release failure"
=== RUN   TestHTTPLocalBodyFailures/successful_derivation_cleanup
2026/09/17 02:35:04 INFO start lazy evaluation field=Query.__httpFile
2026/09/17 02:35:04 INFO end lazy evaluation field=Query.__httpFile duration=19.388605ms err="injected pin or release failure"
2026/09/17 02:35:04 INFO start lazy evaluation field=Query.__httpFile
2026/09/17 02:35:04 INFO end lazy evaluation field=Query.__httpFile duration=15.604892ms
2026/09/17 02:35:04 INFO discarding dagql cache without persistence hasSQLDB=false hasPersistDB=false
--- PASS: TestHTTPLocalBodyFailures (0.14s)
    --- PASS: TestHTTPLocalBodyFailures/matching (0.01s)
    --- PASS: TestHTTPLocalBodyFailures/absent (0.01s)
    --- PASS: TestHTTPLocalBodyFailures/foreign (0.01s)
    --- PASS: TestHTTPLocalBodyFailures/advanced (0.01s)
    --- PASS: TestHTTPLocalBodyFailures/unavailable (0.01s)
    --- PASS: TestHTTPLocalBodyFailures/pin_error (0.00s)
    --- PASS: TestHTTPLocalBodyFailures/cancel (0.00s)
    --- PASS: TestHTTPLocalBodyFailures/unavailable_plus_cleanup (0.00s)
    --- PASS: TestHTTPLocalBodyFailures/derivation_plus_cleanup (0.00s)
    --- PASS: TestHTTPLocalBodyFailures/successful_derivation_cleanup (0.04s)
=== RUN   TestHTTPPinLockCost
    http_lazy_test.go:260: HTTP local pin average=3.873055ms; acquisition with a 20ms occupied state lock=26.55438ms
2026/09/17 02:35:04 INFO discarding dagql cache without persistence hasSQLDB=false hasPersistDB=false
--- PASS: TestHTTPPinLockCost (0.18s)
=== RUN   TestHTTPChainAvoidsOperation
2026/09/17 02:35:04 INFO start lazy evaluation field=Query.__httpFile
2026/09/17 02:35:04 INFO end lazy evaluation field=Query.__httpFile duration=38.902259ms
    http_lazy_test.go:302: HTTP offered chain: operation entries=0 operation GETs=0 provider reads=1
2026/09/17 02:35:04 INFO discarding dagql cache without persistence hasSQLDB=false hasPersistDB=false
2026/09/17 02:35:04 INFO discarding dagql cache without persistence hasSQLDB=false hasPersistDB=false
--- PASS: TestHTTPChainAvoidsOperation (0.29s)
=== RUN   TestHTTPLazyOperationEvaluate
=== RUN   TestHTTPLazyOperationEvaluate/equal
2026/09/17 02:35:05 INFO start lazy evaluation field=Query.__httpFile
2026/09/17 02:35:05 INFO end lazy evaluation field=Query.__httpFile duration=50.649988ms
=== RUN   TestHTTPLazyOperationEvaluate/changed_timestamp
2026/09/17 02:35:05 INFO start lazy evaluation field=Query.__httpFile
2026/09/17 02:35:05 INFO end lazy evaluation field=Query.__httpFile duration=17.458334ms
=== RUN   TestHTTPLazyOperationEvaluate/invalid_timestamp
2026/09/17 02:35:05 INFO start lazy evaluation field=Query.__httpFile
2026/09/17 02:35:05 INFO end lazy evaluation field=Query.__httpFile duration=14.845521ms
=== RUN   TestHTTPLazyOperationEvaluate/empty_checksum
2026/09/17 02:35:05 INFO start lazy evaluation field=Query.__httpFile
2026/09/17 02:35:05 INFO end lazy evaluation field=Query.__httpFile duration=28.233752ms
=== RUN   TestHTTPLazyOperationEvaluate/checksum
2026/09/17 02:35:05 INFO start lazy evaluation field=Query.__httpFile
2026/09/17 02:35:05 INFO end lazy evaluation field=Query.__httpFile duration=11.619969ms
=== RUN   TestHTTPLazyOperationEvaluate/changed_body
2026/09/17 02:35:05 INFO start lazy evaluation field=Query.__httpFile
2026/09/17 02:35:05 INFO end lazy evaluation field=Query.__httpFile duration=16.691502ms err="HTTP File operation body mismatch: recorded sha256:d81c55f49c5bb0d36bc11e3966ec4efab66f8dfefbbc1761161ca9d230e5466a, fetched sha256:d67e2e944994496c8d8ec76eed0cf9f09679448d584b532bebf941852a37f5ed"
=== RUN   TestHTTPLazyOperationEvaluate/checksum_mismatch
2026/09/17 02:35:05 INFO start lazy evaluation field=Query.__httpFile
2026/09/17 02:35:05 INFO end lazy evaluation field=Query.__httpFile duration=16.772072ms err="http checksum mismatch: expected sha256:d81c55f49c5bb0d36bc11e3966ec4efab66f8dfefbbc1761161ca9d230e5466a, got sha256:d67e2e944994496c8d8ec76eed0cf9f09679448d584b532bebf941852a37f5ed"
=== RUN   TestHTTPLazyOperationEvaluate/bad_checksum
2026/09/17 02:35:05 INFO start lazy evaluation field=Query.__httpFile
2026/09/17 02:35:05 INFO end lazy evaluation field=Query.__httpFile duration=110.82µs err="invalid checksum \"invalid\": invalid checksum digest format"
=== RUN   TestHTTPLazyOperationEvaluate/status
2026/09/17 02:35:05 INFO start lazy evaluation field=Query.__httpFile
2026/09/17 02:35:05 INFO end lazy evaluation field=Query.__httpFile duration=3.364763ms err="invalid response status 500 Internal Server Error"
=== RUN   TestHTTPLazyOperationEvaluate/partial
2026/09/17 02:35:05 INFO start lazy evaluation field=Query.__httpFile
2026/09/17 02:35:05 INFO end lazy evaluation field=Query.__httpFile duration=13.677311ms
=== RUN   TestHTTPLazyOperationEvaluate/not_modified
2026/09/17 02:35:05 INFO start lazy evaluation field=Query.__httpFile
2026/09/17 02:35:05 INFO end lazy evaluation field=Query.__httpFile duration=11.938589ms err="HTTP File operation body mismatch: recorded sha256:d81c55f49c5bb0d36bc11e3966ec4efab66f8dfefbbc1761161ca9d230e5466a, fetched sha256:e3b0c44298fc1c149afbf4c8996fb92427ae41e4649b934ca495991b7852b855"
=== RUN   TestHTTPLazyOperationEvaluate/no_content
2026/09/17 02:35:05 INFO start lazy evaluation field=Query.__httpFile
2026/09/17 02:35:05 INFO end lazy evaluation field=Query.__httpFile duration=13.07163ms err="HTTP File operation body mismatch: recorded sha256:d81c55f49c5bb0d36bc11e3966ec4efab66f8dfefbbc1761161ca9d230e5466a, fetched sha256:e3b0c44298fc1c149afbf4c8996fb92427ae41e4649b934ca495991b7852b855"
2026/09/17 02:35:05 INFO start lazy evaluation field=Query.__httpFile
2026/09/17 02:35:05 INFO end lazy evaluation field=Query.__httpFile duration=11.382859ms
2026/09/17 02:35:05 INFO start lazy evaluation field=Query.__httpFile
2026/09/17 02:35:05 INFO end lazy evaluation field=Query.__httpFile duration=15.799641ms
=== RUN   TestHTTPLazyOperationEvaluate/transport
2026/09/17 02:35:05 INFO start lazy evaluation field=Query.__httpFile
2026/09/17 02:35:05 INFO end lazy evaluation field=Query.__httpFile duration=854.651µs err="Get \"http://127.0.0.1:1\": dial tcp 127.0.0.1:1: connect: connection refused"
=== RUN   TestHTTPLazyOperationEvaluate/canceled
2026/09/17 02:35:05 INFO start lazy evaluation field=Query.__httpFile
2026/09/17 02:35:05 INFO end lazy evaluation field=Query.__httpFile duration=255.69µs err="context canceled"
2026/09/17 02:35:05 INFO discarding dagql cache without persistence hasSQLDB=false hasPersistDB=false
--- PASS: TestHTTPLazyOperationEvaluate (0.44s)
    --- PASS: TestHTTPLazyOperationEvaluate/equal (0.07s)
    --- PASS: TestHTTPLazyOperationEvaluate/changed_timestamp (0.04s)
    --- PASS: TestHTTPLazyOperationEvaluate/invalid_timestamp (0.04s)
    --- PASS: TestHTTPLazyOperationEvaluate/empty_checksum (0.04s)
    --- PASS: TestHTTPLazyOperationEvaluate/checksum (0.02s)
    --- PASS: TestHTTPLazyOperationEvaluate/changed_body (0.02s)
    --- PASS: TestHTTPLazyOperationEvaluate/checksum_mismatch (0.02s)
    --- PASS: TestHTTPLazyOperationEvaluate/bad_checksum (0.00s)
    --- PASS: TestHTTPLazyOperationEvaluate/status (0.00s)
    --- PASS: TestHTTPLazyOperationEvaluate/partial (0.03s)
    --- PASS: TestHTTPLazyOperationEvaluate/not_modified (0.01s)
    --- PASS: TestHTTPLazyOperationEvaluate/no_content (0.01s)
    --- PASS: TestHTTPLazyOperationEvaluate/transport (0.00s)
    --- PASS: TestHTTPLazyOperationEvaluate/canceled (0.00s)
=== RUN   TestHTTPLazyOperationWriter
=== RUN   TestHTTPLazyOperationWriter/data.txt/0
2026/09/17 02:35:05 INFO start lazy evaluation field=Query.__httpFile
2026/09/17 02:35:05 INFO end lazy evaluation field=Query.__httpFile duration=10.034778ms
=== RUN   TestHTTPLazyOperationWriter/data.txt/600
2026/09/17 02:35:05 INFO start lazy evaluation field=Query.__httpFile
2026/09/17 02:35:05 INFO end lazy evaluation field=Query.__httpFile duration=13.16035ms
=== RUN   TestHTTPLazyOperationWriter/data.txt/644
2026/09/17 02:35:05 INFO start lazy evaluation field=Query.__httpFile
2026/09/17 02:35:05 INFO end lazy evaluation field=Query.__httpFile duration=12.370029ms
=== RUN   TestHTTPLazyOperationWriter/data.txt/755
2026/09/17 02:35:05 INFO start lazy evaluation field=Query.__httpFile
2026/09/17 02:35:05 INFO end lazy evaluation field=Query.__httpFile duration=10.232638ms
=== RUN   TestHTTPLazyOperationWriter//data.txt/0
2026/09/17 02:35:05 INFO start lazy evaluation field=Query.__httpFile
2026/09/17 02:35:05 INFO end lazy evaluation field=Query.__httpFile duration=14.168231ms
=== RUN   TestHTTPLazyOperationWriter//data.txt/600
2026/09/17 02:35:05 INFO start lazy evaluation field=Query.__httpFile
2026/09/17 02:35:05 INFO end lazy evaluation field=Query.__httpFile duration=17.536773ms
=== RUN   TestHTTPLazyOperationWriter//data.txt/644
2026/09/17 02:35:05 INFO start lazy evaluation field=Query.__httpFile
2026/09/17 02:35:05 INFO end lazy evaluation field=Query.__httpFile duration=14.42892ms
=== RUN   TestHTTPLazyOperationWriter//data.txt/755
2026/09/17 02:35:05 INFO start lazy evaluation field=Query.__httpFile
2026/09/17 02:35:05 INFO end lazy evaluation field=Query.__httpFile duration=16.997073ms
=== RUN   TestHTTPLazyOperationWriter/../data.txt/0
2026/09/17 02:35:05 INFO start lazy evaluation field=Query.__httpFile
2026/09/17 02:35:06 INFO end lazy evaluation field=Query.__httpFile duration=11.384609ms
=== RUN   TestHTTPLazyOperationWriter/../data.txt/600
2026/09/17 02:35:06 INFO start lazy evaluation field=Query.__httpFile
2026/09/17 02:35:06 INFO end lazy evaluation field=Query.__httpFile duration=14.895691ms
=== RUN   TestHTTPLazyOperationWriter/../data.txt/644
2026/09/17 02:35:06 INFO start lazy evaluation field=Query.__httpFile
2026/09/17 02:35:06 INFO end lazy evaluation field=Query.__httpFile duration=16.697852ms
=== RUN   TestHTTPLazyOperationWriter/../data.txt/755
2026/09/17 02:35:06 INFO start lazy evaluation field=Query.__httpFile
2026/09/17 02:35:06 INFO end lazy evaluation field=Query.__httpFile duration=13.81323ms
=== RUN   TestHTTPLazyOperationWriter/a/../data.txt/0
2026/09/17 02:35:06 INFO start lazy evaluation field=Query.__httpFile
2026/09/17 02:35:06 INFO end lazy evaluation field=Query.__httpFile duration=10.603397ms
=== RUN   TestHTTPLazyOperationWriter/a/../data.txt/600
2026/09/17 02:35:06 INFO start lazy evaluation field=Query.__httpFile
2026/09/17 02:35:06 INFO end lazy evaluation field=Query.__httpFile duration=14.860491ms
=== RUN   TestHTTPLazyOperationWriter/a/../data.txt/644
2026/09/17 02:35:06 INFO start lazy evaluation field=Query.__httpFile
2026/09/17 02:35:06 INFO end lazy evaluation field=Query.__httpFile duration=36.349097ms
=== RUN   TestHTTPLazyOperationWriter/a/../data.txt/755
2026/09/17 02:35:06 INFO start lazy evaluation field=Query.__httpFile
2026/09/17 02:35:06 INFO end lazy evaluation field=Query.__httpFile duration=19.988025ms
=== RUN   TestHTTPLazyOperationWriter/./data.txt/0
2026/09/17 02:35:06 INFO start lazy evaluation field=Query.__httpFile
2026/09/17 02:35:06 INFO end lazy evaluation field=Query.__httpFile duration=10.283538ms
=== RUN   TestHTTPLazyOperationWriter/./data.txt/600
2026/09/17 02:35:06 INFO start lazy evaluation field=Query.__httpFile
2026/09/17 02:35:06 INFO end lazy evaluation field=Query.__httpFile duration=13.571931ms
=== RUN   TestHTTPLazyOperationWriter/./data.txt/644
2026/09/17 02:35:06 INFO start lazy evaluation field=Query.__httpFile
2026/09/17 02:35:06 INFO end lazy evaluation field=Query.__httpFile duration=14.261561ms
=== RUN   TestHTTPLazyOperationWriter/./data.txt/755
2026/09/17 02:35:06 INFO start lazy evaluation field=Query.__httpFile
2026/09/17 02:35:06 INFO end lazy evaluation field=Query.__httpFile duration=10.056248ms
=== RUN   TestHTTPLazyOperationWriter/sub/data.txt/0
2026/09/17 02:35:07 INFO start lazy evaluation field=Query.__httpFile
2026/09/17 02:35:07 INFO end lazy evaluation field=Query.__httpFile duration=7.235875ms err="file write failed: open /sub/data.txt: no such file or directory"
=== RUN   TestHTTPLazyOperationWriter/sub/data.txt/600
2026/09/17 02:35:07 INFO start lazy evaluation field=Query.__httpFile
2026/09/17 02:35:07 INFO end lazy evaluation field=Query.__httpFile duration=7.942176ms err="file write failed: open /sub/data.txt: no such file or directory"
=== RUN   TestHTTPLazyOperationWriter/sub/data.txt/644
2026/09/17 02:35:07 INFO start lazy evaluation field=Query.__httpFile
2026/09/17 02:35:07 INFO end lazy evaluation field=Query.__httpFile duration=5.488845ms err="file write failed: open /sub/data.txt: no such file or directory"
=== RUN   TestHTTPLazyOperationWriter/sub/data.txt/755
2026/09/17 02:35:07 INFO start lazy evaluation field=Query.__httpFile
2026/09/17 02:35:07 INFO end lazy evaluation field=Query.__httpFile duration=9.614517ms err="file write failed: open /sub/data.txt: no such file or directory"
=== RUN   TestHTTPLazyOperationWriter/restrictive_umask
2026/09/17 02:35:07 INFO start lazy evaluation field=Query.__httpFile
2026/09/17 02:35:07 INFO end lazy evaluation field=Query.__httpFile duration=20.998596ms
=== RUN   TestHTTPLazyOperationWriter/public_eager_layout
2026/09/17 02:35:07 INFO discarding dagql cache without persistence hasSQLDB=false hasPersistDB=false
--- PASS: TestHTTPLazyOperationWriter (2.08s)
    --- PASS: TestHTTPLazyOperationWriter/data.txt/0 (0.07s)
    --- PASS: TestHTTPLazyOperationWriter/data.txt/600 (0.06s)
    --- PASS: TestHTTPLazyOperationWriter/data.txt/644 (0.06s)
    --- PASS: TestHTTPLazyOperationWriter/data.txt/755 (0.06s)
    --- PASS: TestHTTPLazyOperationWriter//data.txt/0 (0.08s)
    --- PASS: TestHTTPLazyOperationWriter//data.txt/600 (0.08s)
    --- PASS: TestHTTPLazyOperationWriter//data.txt/644 (0.07s)
    --- PASS: TestHTTPLazyOperationWriter//data.txt/755 (0.08s)
    --- PASS: TestHTTPLazyOperationWriter/../data.txt/0 (0.06s)
    --- PASS: TestHTTPLazyOperationWriter/../data.txt/600 (0.06s)
    --- PASS: TestHTTPLazyOperationWriter/../data.txt/644 (0.07s)
    --- PASS: TestHTTPLazyOperationWriter/../data.txt/755 (0.07s)
    --- PASS: TestHTTPLazyOperationWriter/a/../data.txt/0 (0.07s)
    --- PASS: TestHTTPLazyOperationWriter/a/../data.txt/600 (0.08s)
    --- PASS: TestHTTPLazyOperationWriter/a/../data.txt/644 (0.09s)
    --- PASS: TestHTTPLazyOperationWriter/a/../data.txt/755 (0.12s)
    --- PASS: TestHTTPLazyOperationWriter/./data.txt/0 (0.07s)
    --- PASS: TestHTTPLazyOperationWriter/./data.txt/600 (0.08s)
    --- PASS: TestHTTPLazyOperationWriter/./data.txt/644 (0.16s)
    --- PASS: TestHTTPLazyOperationWriter/./data.txt/755 (0.06s)
    --- PASS: TestHTTPLazyOperationWriter/sub/data.txt/0 (0.09s)
    --- PASS: TestHTTPLazyOperationWriter/sub/data.txt/600 (0.06s)
    --- PASS: TestHTTPLazyOperationWriter/sub/data.txt/644 (0.03s)
    --- PASS: TestHTTPLazyOperationWriter/sub/data.txt/755 (0.07s)
    --- PASS: TestHTTPLazyOperationWriter/restrictive_umask (0.04s)
    --- PASS: TestHTTPLazyOperationWriter/public_eager_layout (0.23s)
=== RUN   TestHTTPLazyOperationCleanup
=== RUN   TestHTTPLazyOperationCleanup/copy
2026/09/17 02:35:07 INFO start lazy evaluation field=Query.__httpFile
2026/09/17 02:35:07 INFO end lazy evaluation field=Query.__httpFile duration=163.997931ms err="file write failed: unexpected EOF"
=== RUN   TestHTTPLazyOperationCleanup/close
2026/09/17 02:35:07 INFO start lazy evaluation field=Query.__httpFile
2026/09/17 02:35:08 INFO end lazy evaluation field=Query.__httpFile duration=30.315362ms err="file write failed: close /data: bad file descriptor"
=== RUN   TestHTTPLazyOperationCleanup/chmod
2026/09/17 02:35:08 INFO start lazy evaluation field=Query.__httpFile
2026/09/17 02:35:08 INFO end lazy evaluation field=Query.__httpFile duration=8.084616ms err="file write failed: chmod /data: no such file or directory"
=== RUN   TestHTTPLazyOperationCleanup/timestamp
=== RUN   TestHTTPLazyOperationCleanup/checksum
2026/09/17 02:35:09 INFO start lazy evaluation field=Query.__httpFile
2026/09/17 02:35:09 INFO end lazy evaluation field=Query.__httpFile duration=207.17µs err="http checksum mismatch: expected sha256:d9298a10d1b0735837dc4bd85dac641b0f3cef27a47e5d53a54f2f3f5b2fcffa, recorded sha256:230d8358dc8e8890b4c58deeb62912ee2f20357ae92a5cc861b98e68fe31acb5"
=== RUN   TestHTTPLazyOperationCleanup/commit
2026/09/17 02:35:09 INFO start lazy evaluation field=Query.__httpFile
2026/09/17 02:35:09 INFO end lazy evaluation field=Query.__httpFile duration=7.488156ms err="injected commit"
=== RUN   TestHTTPLazyOperationCleanup/mount
2026/09/17 02:35:09 INFO start lazy evaluation field=Query.__httpFile
2026/09/17 02:35:09 INFO end lazy evaluation field=Query.__httpFile duration=5.900455ms err="file write failed: injected mount"
=== RUN   TestHTTPLazyOperationCleanup/digest
2026/09/17 02:35:09 INFO start lazy evaluation field=Query.__httpFile
2026/09/17 02:35:09 INFO end lazy evaluation field=Query.__httpFile duration=20.501304ms err="HTTP File operation body mismatch: recorded sha256:d9298a10d1b0735837dc4bd85dac641b0f3cef27a47e5d53a54f2f3f5b2fcffa, fetched sha256:230d8358dc8e8890b4c58deeb62912ee2f20357ae92a5cc861b98e68fe31acb5"
=== RUN   TestHTTPLazyOperationCleanup/move
2026/09/17 02:35:09 INFO start lazy evaluation field=Query.__httpFile
2026/09/17 02:35:09 INFO end lazy evaluation field=Query.__httpFile duration=21.671206ms err="operation receiver: File snapshot already installed"
=== RUN   TestHTTPLazyOperationCleanup/success
2026/09/17 02:35:09 INFO start lazy evaluation field=Query.__httpFile
2026/09/17 02:35:10 INFO end lazy evaluation field=Query.__httpFile duration=29.484231ms
2026/09/17 02:35:10 INFO discarding dagql cache without persistence hasSQLDB=false hasPersistDB=false
--- PASS: TestHTTPLazyOperationCleanup (2.54s)
    --- PASS: TestHTTPLazyOperationCleanup/copy (0.16s)
    --- PASS: TestHTTPLazyOperationCleanup/close (0.03s)
    --- PASS: TestHTTPLazyOperationCleanup/chmod (0.01s)
    --- PASS: TestHTTPLazyOperationCleanup/timestamp (1.88s)
    --- PASS: TestHTTPLazyOperationCleanup/checksum (0.00s)
    --- PASS: TestHTTPLazyOperationCleanup/commit (0.01s)
    --- PASS: TestHTTPLazyOperationCleanup/mount (0.01s)
    --- PASS: TestHTTPLazyOperationCleanup/digest (0.02s)
    --- PASS: TestHTTPLazyOperationCleanup/move (0.02s)
    --- PASS: TestHTTPLazyOperationCleanup/success (0.03s)
=== RUN   TestHTTPStateConcurrentResolveCapture
2026/09/17 02:35:10 INFO discarding dagql cache without persistence hasSQLDB=false hasPersistDB=false
--- PASS: TestHTTPStateConcurrentResolveCapture (0.10s)
=== RUN   TestStatelessHTTPLazyOperationIsolation
2026/09/17 02:35:10 INFO start lazy evaluation field=Query.__httpFile
2026/09/17 02:35:10 INFO end lazy evaluation field=Query.__httpFile duration=18.488714ms
2026/09/17 02:35:10 INFO start lazy evaluation field=Query.__httpFile
2026/09/17 02:35:10 INFO end lazy evaluation field=Query.__httpFile duration=14.651651ms
2026/09/17 02:35:10 INFO discarding dagql cache without persistence hasSQLDB=false hasPersistDB=false
--- PASS: TestStatelessHTTPLazyOperationIsolation (0.22s)
=== RUN   TestEvaluatedLazyOperationConcurrentDemand
2026/09/17 02:35:10 INFO start lazy evaluation field=Query.__httpFile
2026/09/17 02:35:10 INFO end lazy evaluation field=Query.__httpFile duration=25.481959ms
2026/09/17 02:35:10 INFO start lazy evaluation field=Query.__httpFile
2026/09/17 02:35:10 INFO end lazy evaluation field=Query.__httpFile duration=10.685557ms
2026/09/17 02:35:10 INFO start lazy evaluation field=Query.__httpFile
2026/09/17 02:35:10 INFO end lazy evaluation field=Query.__httpFile duration=11.736429ms
2026/09/17 02:35:10 INFO discarding dagql cache without persistence hasSQLDB=false hasPersistDB=false
--- PASS: TestEvaluatedLazyOperationConcurrentDemand (0.06s)
=== RUN   TestLazyOperationCodecs
=== RUN   TestLazyOperationCodecs/*core.DirectoryGitCleanedLazy
2026/09/17 02:35:10 INFO start lazy evaluation field="codec fixture"
2026/09/17 02:35:10 INFO end lazy evaluation field="codec fixture" duration=69.92µs
=== RUN   TestLazyOperationCodecs/*core.DirectoryGitBundleImportLazy
2026/09/17 02:35:10 INFO start lazy evaluation field="codec fixture"
2026/09/17 02:35:10 INFO end lazy evaluation field="codec fixture" duration=28.17µs
=== RUN   TestLazyOperationCodecs/*core.DirectoryGitTreeLazy
2026/09/17 02:35:10 INFO start lazy evaluation field="codec fixture"
2026/09/17 02:35:10 INFO end lazy evaluation field="codec fixture" duration=26.63µs
=== RUN   TestLazyOperationCodecs/*core.DirectoryGitCommitTreeLazy
2026/09/17 02:35:10 INFO start lazy evaluation field="codec fixture"
2026/09/17 02:35:10 INFO end lazy evaluation field="codec fixture" duration=26.43µs
=== RUN   TestLazyOperationCodecs/*core.DirectoryScratchLazy
2026/09/17 02:35:10 INFO start lazy evaluation field="codec fixture"
2026/09/17 02:35:10 INFO end lazy evaluation field="codec fixture" duration=26.82µs
=== RUN   TestLazyOperationCodecs/HTTP_scalars
2026/09/17 02:35:10 INFO start lazy evaluation field="codec fixture"
2026/09/17 02:35:10 INFO end lazy evaluation field="codec fixture" duration=27.72µs
2026/09/17 02:35:10 INFO start lazy evaluation field="codec fixture"
2026/09/17 02:35:10 INFO end lazy evaluation field="codec fixture" duration=22.51µs
2026/09/17 02:35:10 INFO start lazy evaluation field="codec fixture"
2026/09/17 02:35:10 INFO end lazy evaluation field="codec fixture" duration=20.5µs
=== RUN   TestLazyOperationCodecs/builtin_field_pairing
2026/09/17 02:35:10 INFO start lazy evaluation field="codec fixture"
2026/09/17 02:35:10 INFO end lazy evaluation field="codec fixture" duration=64.84µs
2026/09/17 02:35:10 INFO discarding dagql cache without persistence hasSQLDB=true hasPersistDB=true
2026/09/17 02:35:10 INFO discarding dagql cache without persistence hasSQLDB=true hasPersistDB=true
=== RUN   TestLazyOperationCodecs/exact_equivalent_input
=== RUN   TestLazyOperationCodecs/snapshot_without_operation
2026/09/17 02:35:10 INFO discarding dagql cache without persistence hasSQLDB=true hasPersistDB=true
--- PASS: TestLazyOperationCodecs (0.18s)
    --- PASS: TestLazyOperationCodecs/*core.DirectoryGitCleanedLazy (0.00s)
    --- PASS: TestLazyOperationCodecs/*core.DirectoryGitBundleImportLazy (0.00s)
    --- PASS: TestLazyOperationCodecs/*core.DirectoryGitTreeLazy (0.00s)
    --- PASS: TestLazyOperationCodecs/*core.DirectoryGitCommitTreeLazy (0.00s)
    --- PASS: TestLazyOperationCodecs/*core.DirectoryScratchLazy (0.00s)
    --- PASS: TestLazyOperationCodecs/HTTP_scalars (0.00s)
    --- PASS: TestLazyOperationCodecs/builtin_field_pairing (0.09s)
    --- PASS: TestLazyOperationCodecs/exact_equivalent_input (0.00s)
    --- PASS: TestLazyOperationCodecs/snapshot_without_operation (0.00s)
=== RUN   TestLazyOperationRelocation
2026/09/17 02:35:10 INFO start lazy evaluation field="codec fixture"
2026/09/17 02:35:10 INFO end lazy evaluation field="codec fixture" duration=70.98µs
2026/09/17 02:35:10 INFO start lazy evaluation field="codec fixture"
2026/09/17 02:35:10 INFO end lazy evaluation field="codec fixture" duration=332.17µs
2026/09/17 02:35:10 INFO start lazy evaluation field="codec fixture"
2026/09/17 02:35:10 INFO end lazy evaluation field="codec fixture" duration=676.471µs
2026/09/17 02:35:10 INFO start lazy evaluation field="codec fixture"
2026/09/17 02:35:10 INFO end lazy evaluation field="codec fixture" duration=256.971µs
2026/09/17 02:35:10 INFO start lazy evaluation field="codec fixture"
2026/09/17 02:35:10 INFO end lazy evaluation field="codec fixture" duration=354.49µs
2026/09/17 02:35:10 INFO start lazy evaluation field="codec fixture"
2026/09/17 02:35:10 INFO end lazy evaluation field="codec fixture" duration=518.861µs
2026/09/17 02:35:10 INFO discarding dagql cache without persistence hasSQLDB=true hasPersistDB=true
--- PASS: TestLazyOperationRelocation (0.06s)
=== RUN   TestLazyOperationSaveReopen
2026/09/17 02:35:10 INFO start lazy evaluation field="codec fixture"
2026/09/17 02:35:10 INFO end lazy evaluation field="codec fixture" duration=47.06µs
2026/09/17 02:35:10 INFO start lazy evaluation field="codec fixture"
2026/09/17 02:35:10 INFO end lazy evaluation field="codec fixture" duration=22.53µs
2026/09/17 02:35:10 INFO start lazy evaluation field="codec fixture"
2026/09/17 02:35:10 INFO end lazy evaluation field="codec fixture" duration=18.97µs
2026/09/17 02:35:10 INFO start lazy evaluation field="codec fixture"
2026/09/17 02:35:10 INFO end lazy evaluation field="codec fixture" duration=58.07µs
2026/09/17 02:35:10 INFO start lazy evaluation field="codec fixture"
2026/09/17 02:35:10 INFO end lazy evaluation field="codec fixture" duration=22.63µs
2026/09/17 02:35:10 INFO start lazy evaluation field="codec fixture"
2026/09/17 02:35:10 INFO end lazy evaluation field="codec fixture" duration=22.19µs
2026/09/17 02:35:10 INFO start lazy evaluation field="codec fixture"
2026/09/17 02:35:10 INFO end lazy evaluation field="codec fixture" duration=24.64µs
2026/09/17 02:35:10 INFO start lazy evaluation field="codec fixture"
2026/09/17 02:35:10 INFO end lazy evaluation field="codec fixture" duration=22.54µs
2026/09/17 02:35:10 INFO starting dagql cache close hasSQLDB=true hasPersistDB=true
2026/09/17 02:35:10 INFO marking dagql cache clean shutdown
2026/09/17 02:35:10 WARN successfully marked clean shutdown in persistence metadata
2026/09/17 02:35:10 INFO completed dagql cache close successfully
2026/09/17 02:35:10 INFO starting dagql cache close hasSQLDB=true hasPersistDB=true
2026/09/17 02:35:10 INFO marking dagql cache clean shutdown
2026/09/17 02:35:10 WARN successfully marked clean shutdown in persistence metadata
2026/09/17 02:35:10 INFO completed dagql cache close successfully
2026/09/17 02:35:10 WARN failed to determine cache usage size resultID=3 usageIdentity=bundle-snapshot err="context canceled"
2026/09/17 02:35:10 WARN failed to determine cache usage size resultID=7 usageIdentity=saved-0 err="context canceled"
2026/09/17 02:35:10 WARN failed to determine cache usage size resultID=8 usageIdentity=saved-1 err="context canceled"
2026/09/17 02:35:10 WARN failed to determine cache usage size resultID=9 usageIdentity=saved-2 err="context canceled"
2026/09/17 02:35:10 WARN failed to determine cache usage size resultID=10 usageIdentity=saved-3 err="context canceled"
2026/09/17 02:35:10 WARN failed to determine cache usage size resultID=11 usageIdentity=saved-4 err="context canceled"
2026/09/17 02:35:10 WARN failed to determine cache usage size resultID=15 usageIdentity=saved-builtin err="context canceled"
2026/09/17 02:35:10 WARN failed to determine cache usage size resultID=13 usageIdentity=saved-http err="context canceled"
2026/09/17 02:35:10 WARN failed to determine cache usage size resultID=14 usageIdentity=saved-schema err="context canceled"
2026/09/17 02:35:10 WARN failed to determine cache usage size resultID=1 usageIdentity=source-snapshot err="context canceled"
2026/09/17 02:35:10 INFO dagql pruned result resultID=1 call=Query.source digest=xxh3:3c2e226aa6c269bf args=[] description=source measuredSizeBytes=0 reclaimedBytes=0
2026/09/17 02:35:10 INFO dagql pruned result resultID=3 call=Query.bundle-file digest=xxh3:1b1051a7f010896c args=[] description=bundle-file measuredSizeBytes=0 reclaimedBytes=0
2026/09/17 02:35:10 INFO dagql pruned result resultID=7 call=GitRepository.__cleaned digest=xxh3:b7e1bbcd4c596cf6 args=[] description=__cleaned measuredSizeBytes=0 reclaimedBytes=0
2026/09/17 02:35:10 INFO dagql pruned result resultID=2 call=Query.repo digest=xxh3:16dc6903e3f06350 args=[] description=repo measuredSizeBytes=0 reclaimedBytes=0
2026/09/17 02:35:10 INFO dagql pruned result resultID=4 call=Query.bundle digest=xxh3:3b4c0ba878b9d6c5 args=[] description=bundle measuredSizeBytes=0 reclaimedBytes=0
2026/09/17 02:35:10 INFO dagql pruned result resultID=8 call=GitRepository.__withBundleDirectory digest="" args="[bundle=result:4]" description=__withBundleDirectory measuredSizeBytes=0 reclaimedBytes=0
2026/09/17 02:35:10 INFO dagql pruned result resultID=5 call=Query.ref digest=xxh3:06409b9402fa5e16 args=[] description=ref measuredSizeBytes=0 reclaimedBytes=0
2026/09/17 02:35:10 INFO dagql pruned result resultID=9 call=GitRef.tree digest="" args=[] description=tree measuredSizeBytes=0 reclaimedBytes=0
2026/09/17 02:35:10 INFO dagql pruned result resultID=6 call=Query.commit digest=xxh3:87af3ded0e7b27f5 args=[] description=commit measuredSizeBytes=0 reclaimedBytes=0
2026/09/17 02:35:10 INFO dagql pruned result resultID=10 call=GitCommit.tree digest="" args=[] description=tree measuredSizeBytes=0 reclaimedBytes=0
2026/09/17 02:35:10 INFO dagql pruned result resultID=11 call=Query.directory digest=xxh3:d12c52a4ee1e4198 args=[] description=directory measuredSizeBytes=0 reclaimedBytes=0
2026/09/17 02:35:10 INFO dagql pruned result resultID=12 call=Query.saved-state digest=xxh3:13241ec1fd5393af args=[] description=saved-state measuredSizeBytes=0 reclaimedBytes=0
2026/09/17 02:35:10 INFO dagql pruned result resultID=13 call=HTTPState._resolve digest="" args=[] description=_resolve measuredSizeBytes=0 reclaimedBytes=0
2026/09/17 02:35:10 INFO dagql pruned result resultID=14 call=Query.saved-schema digest=xxh3:efe5f42da6ab32d9 args=[] description=saved-schema measuredSizeBytes=0 reclaimedBytes=0
2026/09/17 02:35:10 INFO dagql pruned result resultID=15 call=Query._builtinContainer digest=xxh3:60f5e1aac6746f44 args=[] description=_builtinContainer measuredSizeBytes=0 reclaimedBytes=0
2026/09/17 02:35:10 INFO discarding dagql cache without persistence hasSQLDB=true hasPersistDB=true
--- PASS: TestLazyOperationSaveReopen (0.21s)
=== RUN   TestEvaluatedLazyOperationAttachmentBeforePublication
2026/09/17 02:35:10 INFO start lazy evaluation field=Directory.directory
2026/09/17 02:35:10 INFO end lazy evaluation field=Directory.directory duration=137.05µs
2026/09/17 02:35:10 INFO start lazy evaluation field=File.file
2026/09/17 02:35:10 INFO end lazy evaluation field=File.file duration=119.83µs
2026/09/17 02:35:10 INFO discarding dagql cache without persistence hasSQLDB=true hasPersistDB=true
--- PASS: TestEvaluatedLazyOperationAttachmentBeforePublication (0.04s)
=== RUN   TestLazyOperationPathCleanup
=== RUN   TestLazyOperationPathCleanup/blob/mount
2026/09/17 02:35:10 INFO start lazy evaluation field=File.blob
2026/09/17 02:35:10 INFO end lazy evaluation field=File.blob duration=53.94µs err="injected path failure"
=== RUN   TestLazyOperationPathCleanup/blob/write
2026/09/17 02:35:10 INFO start lazy evaluation field=File.blob
2026/09/17 02:35:10 INFO end lazy evaluation field=File.blob duration=53.401µs err="open /tmp/TestLazyOperationPathCleanupblobwrite242702200/001/data: is a directory"
=== RUN   TestLazyOperationPathCleanup/blob/commit
2026/09/17 02:35:10 INFO start lazy evaluation field=File.blob
2026/09/17 02:35:10 INFO end lazy evaluation field=File.blob duration=88.42µs err="commit blob snapshot: injected path failure"
=== RUN   TestLazyOperationPathCleanup/blob/success
2026/09/17 02:35:10 INFO start lazy evaluation field=File.blob
2026/09/17 02:35:10 INFO end lazy evaluation field=File.blob duration=77.38µs
=== RUN   TestLazyOperationPathCleanup/http/mount
=== RUN   TestLazyOperationPathCleanup/http/write
=== RUN   TestLazyOperationPathCleanup/http/commit
=== RUN   TestLazyOperationPathCleanup/http/success
=== RUN   TestLazyOperationPathCleanup/cleaned_bare_alias
2026/09/17 02:35:10 INFO start lazy evaluation field="codec fixture"
2026/09/17 02:35:10 INFO end lazy evaluation field="codec fixture" duration=40.19µs
2026/09/17 02:35:10 INFO discarding dagql cache without persistence hasSQLDB=false hasPersistDB=false
--- PASS: TestLazyOperationPathCleanup (0.01s)
    --- PASS: TestLazyOperationPathCleanup/blob/mount (0.00s)
    --- PASS: TestLazyOperationPathCleanup/blob/write (0.00s)
    --- PASS: TestLazyOperationPathCleanup/blob/commit (0.00s)
    --- PASS: TestLazyOperationPathCleanup/blob/success (0.00s)
    --- PASS: TestLazyOperationPathCleanup/http/mount (0.00s)
    --- PASS: TestLazyOperationPathCleanup/http/write (0.00s)
    --- PASS: TestLazyOperationPathCleanup/http/commit (0.00s)
    --- PASS: TestLazyOperationPathCleanup/http/success (0.00s)
    --- PASS: TestLazyOperationPathCleanup/cleaned_bare_alias (0.01s)
=== RUN   TestLazyOperationTemporaryIndexCleanup
=== RUN   TestLazyOperationTemporaryIndexCleanup/copy
=== RUN   TestLazyOperationTemporaryIndexCleanup/close
=== RUN   TestLazyOperationTemporaryIndexCleanup/command
=== RUN   TestLazyOperationTemporaryIndexCleanup/success
--- PASS: TestLazyOperationTemporaryIndexCleanup (0.00s)
    --- PASS: TestLazyOperationTemporaryIndexCleanup/copy (0.00s)
    --- PASS: TestLazyOperationTemporaryIndexCleanup/close (0.00s)
    --- PASS: TestLazyOperationTemporaryIndexCleanup/command (0.00s)
    --- PASS: TestLazyOperationTemporaryIndexCleanup/success (0.00s)
=== RUN   TestPartAcquisitionRootRoutes
=== RUN   TestPartAcquisitionRootRoutes/ready
    part_acquisition_test.go:190: route=ready latency=18.385733ms pins=1 owner-sync-attempts=1 private-bodies=0
2026/09/17 02:35:11 INFO discarding dagql cache without persistence hasSQLDB=true hasPersistDB=true
2026/09/17 02:35:11 INFO discarding dagql cache without persistence hasSQLDB=true hasPersistDB=true
=== RUN   TestPartAcquisitionRootRoutes/chain
2026/09/17 02:35:11 INFO start lazy evaluation field=File.blob
2026/09/17 02:35:11 INFO end lazy evaluation field=File.blob duration=36.733887ms
    part_acquisition_test.go:190: route=chain latency=90.370025ms pins=1 owner-sync-attempts=1 private-bodies=0
2026/09/17 02:35:11 INFO discarding dagql cache without persistence hasSQLDB=true hasPersistDB=true
2026/09/17 02:35:11 INFO discarding dagql cache without persistence hasSQLDB=true hasPersistDB=true
=== RUN   TestPartAcquisitionRootRoutes/chain-sync-retry
2026/09/17 02:35:12 INFO start lazy evaluation field=File.blob
2026/09/17 02:35:12 INFO end lazy evaluation field=File.blob duration=39.460948ms
    part_acquisition_test.go:190: route=chain-sync-retry latency=1.944988151s pins=1 owner-sync-attempts=2 private-bodies=0
2026/09/17 02:35:14 INFO discarding dagql cache without persistence hasSQLDB=true hasPersistDB=true
2026/09/17 02:35:14 INFO discarding dagql cache without persistence hasSQLDB=true hasPersistDB=true
=== RUN   TestPartAcquisitionRootRoutes/chain-sync-restart
2026/09/17 02:35:14 INFO start lazy evaluation field=File.blob
2026/09/17 02:35:14 INFO end lazy evaluation field=File.blob duration=80.395617ms
2026/09/17 02:35:14 INFO starting dagql cache close hasSQLDB=true hasPersistDB=true
2026/09/17 02:35:14 INFO marking dagql cache clean shutdown
2026/09/17 02:35:14 WARN successfully marked clean shutdown in persistence metadata
2026/09/17 02:35:14 INFO completed dagql cache close successfully
    part_acquisition_test.go:190: route=chain-sync-restart latency=157.634281ms pins=0 owner-sync-attempts=1 private-bodies=0
2026/09/17 02:35:14 INFO discarding dagql cache without persistence hasSQLDB=true hasPersistDB=true
2026/09/17 02:35:14 INFO discarding dagql cache without persistence hasSQLDB=true hasPersistDB=true
=== RUN   TestPartAcquisitionRootRoutes/chain-pin-release-retry
2026/09/17 02:35:14 INFO start lazy evaluation field=File.blob
2026/09/17 02:35:14 INFO end lazy evaluation field=File.blob duration=67.270647ms
    part_acquisition_test.go:190: route=chain-pin-release-retry latency=166.849628ms pins=1 owner-sync-attempts=1 private-bodies=0
2026/09/17 02:35:15 INFO discarding dagql cache without persistence hasSQLDB=true hasPersistDB=true
2026/09/17 02:35:15 INFO discarding dagql cache without persistence hasSQLDB=true hasPersistDB=true
=== RUN   TestPartAcquisitionRootRoutes/chain-fallback
2026/09/17 02:35:15 INFO start lazy evaluation field=File.blob
2026/09/17 02:35:15 INFO end lazy evaluation field=File.blob duration=49.862155ms
2026/09/17 02:35:15 INFO start lazy evaluation field=File.blob
2026/09/17 02:35:15 INFO end lazy evaluation field=File.blob duration=72.041201ms
    part_acquisition_test.go:190: route=chain-fallback latency=149.110956ms pins=1 owner-sync-attempts=1 private-bodies=1
2026/09/17 02:35:15 INFO discarding dagql cache without persistence hasSQLDB=true hasPersistDB=true
2026/09/17 02:35:15 INFO discarding dagql cache without persistence hasSQLDB=true hasPersistDB=true
=== RUN   TestPartAcquisitionRootRoutes/chain-fallback-operation-failure
2026/09/17 02:35:15 INFO start lazy evaluation field=File.blob
2026/09/17 02:35:15 INFO end lazy evaluation field=File.blob duration=107.921116ms
2026/09/17 02:35:16 INFO start lazy evaluation field=File.blob
2026/09/17 02:35:16 INFO end lazy evaluation field=File.blob duration=60.731453ms err="create blob snapshot: private operation failed"
2026/09/17 02:35:16 INFO discarding dagql cache without persistence hasSQLDB=true hasPersistDB=true
2026/09/17 02:35:16 INFO discarding dagql cache without persistence hasSQLDB=true hasPersistDB=true
=== RUN   TestPartAcquisitionRootRoutes/operation
2026/09/17 02:35:16 INFO start lazy evaluation field=File.blob
2026/09/17 02:35:16 INFO end lazy evaluation field=File.blob duration=41.205358ms
    part_acquisition_test.go:190: route=operation latency=98.526459ms pins=1 owner-sync-attempts=1 private-bodies=1
2026/09/17 02:35:16 INFO discarding dagql cache without persistence hasSQLDB=true hasPersistDB=true
2026/09/17 02:35:16 INFO discarding dagql cache without persistence hasSQLDB=true hasPersistDB=true
--- PASS: TestPartAcquisitionRootRoutes (5.73s)
    --- PASS: TestPartAcquisitionRootRoutes/ready (0.21s)
    --- PASS: TestPartAcquisitionRootRoutes/chain (0.88s)
    --- PASS: TestPartAcquisitionRootRoutes/chain-sync-retry (2.27s)
    --- PASS: TestPartAcquisitionRootRoutes/chain-sync-restart (0.51s)
    --- PASS: TestPartAcquisitionRootRoutes/chain-pin-release-retry (0.45s)
    --- PASS: TestPartAcquisitionRootRoutes/chain-fallback (0.45s)
    --- PASS: TestPartAcquisitionRootRoutes/chain-fallback-operation-failure (0.66s)
    --- PASS: TestPartAcquisitionRootRoutes/operation (0.30s)
=== RUN   TestPartContainerMixedRestart
2026/09/17 02:35:17 INFO starting dagql cache close hasSQLDB=true hasPersistDB=true
2026/09/17 02:35:17 INFO marking dagql cache clean shutdown
2026/09/17 02:35:17 WARN successfully marked clean shutdown in persistence metadata
2026/09/17 02:35:17 INFO completed dagql cache close successfully
2026/09/17 02:35:17 INFO discarding dagql cache without persistence hasSQLDB=true hasPersistDB=true
2026/09/17 02:35:17 INFO discarding dagql cache without persistence hasSQLDB=true hasPersistDB=true
--- PASS: TestPartContainerMixedRestart (0.72s)
=== RUN   TestPartMountReceiverRoles
2026/09/17 02:35:17 INFO discarding dagql cache without persistence hasSQLDB=false hasPersistDB=false
2026/09/17 02:35:17 INFO discarding dagql cache without persistence hasSQLDB=false hasPersistDB=false
--- PASS: TestPartMountReceiverRoles (0.60s)
=== RUN   TestPartPrivateWholeBuiltin
2026/09/17 02:35:17 INFO start lazy evaluation field=Query._builtinContainer
2026/09/17 02:35:18 INFO end lazy evaluation field=Query._builtinContainer duration=67.075297ms
2026/09/17 02:35:18 INFO discarding dagql cache without persistence hasSQLDB=false hasPersistDB=false
--- PASS: TestPartPrivateWholeBuiltin (0.13s)
=== RUN   TestPartFixtureReleaseObserverPrivateFS
--- PASS: TestPartFixtureReleaseObserverPrivateFS (0.00s)
=== RUN   TestPartDelegationMountRoles
=== RUN   TestPartDelegationMountRoles/shifted-role
2026/09/17 02:35:19 INFO discarding dagql cache without persistence hasSQLDB=false hasPersistDB=false
2026/09/17 02:35:19 INFO discarding dagql cache without persistence hasSQLDB=false hasPersistDB=false
2026/09/17 02:35:19 INFO discarding dagql cache without persistence hasSQLDB=false hasPersistDB=false
=== RUN   TestPartDelegationMountRoles/wrong-kind
2026/09/17 02:35:22 INFO discarding dagql cache without persistence hasSQLDB=false hasPersistDB=false
2026/09/17 02:35:22 INFO discarding dagql cache without persistence hasSQLDB=false hasPersistDB=false
--- PASS: TestPartDelegationMountRoles (4.75s)
    --- PASS: TestPartDelegationMountRoles/shifted-role (1.90s)
    --- PASS: TestPartDelegationMountRoles/wrong-kind (2.84s)
=== RUN   TestPartDelegationPureRoutes
=== RUN   TestPartDelegationPureRoutes/withWorkdir
=== RUN   TestPartDelegationPureRoutes/withEnvVariable
=== RUN   TestPartDelegationPureRoutes/withoutDefaultArgs
=== RUN   TestPartDelegationPureRoutes/__withSystemEnvVariable
=== RUN   TestPartDelegationPureRoutes/withEntrypoint
=== RUN   TestPartDelegationPureRoutes/withMountedCache
=== RUN   TestPartDelegationPureRoutes/withoutMount
=== RUN   TestPartDelegationPureRoutes/withUnixSocket
=== RUN   TestPartDelegationPureRoutes/withoutUnixSocket
=== RUN   TestPartDelegationPureRoutes/withoutEnvVariable
--- PASS: TestPartDelegationPureRoutes (0.02s)
    --- PASS: TestPartDelegationPureRoutes/withWorkdir (0.00s)
    --- PASS: TestPartDelegationPureRoutes/withEnvVariable (0.00s)
    --- PASS: TestPartDelegationPureRoutes/withoutDefaultArgs (0.00s)
    --- PASS: TestPartDelegationPureRoutes/__withSystemEnvVariable (0.00s)
    --- PASS: TestPartDelegationPureRoutes/withEntrypoint (0.00s)
    --- PASS: TestPartDelegationPureRoutes/withMountedCache (0.00s)
    --- PASS: TestPartDelegationPureRoutes/withoutMount (0.00s)
    --- PASS: TestPartDelegationPureRoutes/withUnixSocket (0.00s)
    --- PASS: TestPartDelegationPureRoutes/withoutUnixSocket (0.00s)
    --- PASS: TestPartDelegationPureRoutes/withoutEnvVariable (0.00s)
=== RUN   TestPartDelegationRealStore
=== RUN   TestPartDelegationRealStore/ready-parent
2026/09/17 02:35:24 INFO discarding dagql cache without persistence hasSQLDB=true hasPersistDB=true
2026/09/17 02:35:24 INFO discarding dagql cache without persistence hasSQLDB=false hasPersistDB=false
=== RUN   TestPartDelegationRealStore/pending-parent
2026/09/17 02:35:25 INFO discarding dagql cache without persistence hasSQLDB=true hasPersistDB=true
2026/09/17 02:35:25 INFO discarding dagql cache without persistence hasSQLDB=false hasPersistDB=false
=== RUN   TestPartDelegationRealStore/sync-retry
2026/09/17 02:35:25 INFO discarding dagql cache without persistence hasSQLDB=true hasPersistDB=true
2026/09/17 02:35:25 INFO discarding dagql cache without persistence hasSQLDB=false hasPersistDB=false
=== RUN   TestPartDelegationRealStore/native-restart
=== RUN   TestPartDelegationRealStore/native-restart/1
2026/09/17 02:35:25 INFO starting dagql cache close hasSQLDB=true hasPersistDB=true
2026/09/17 02:35:25 INFO marking dagql cache clean shutdown
2026/09/17 02:35:25 WARN successfully marked clean shutdown in persistence metadata
2026/09/17 02:35:25 INFO completed dagql cache close successfully
    part_delegation_test.go:289: native delegation depth=1 bookkeeping latency=18.708032ms pins=1 owner-syncs=1 independent-accessor-refs=1
2026/09/17 02:35:25 INFO discarding dagql cache without persistence hasSQLDB=true hasPersistDB=true
=== RUN   TestPartDelegationRealStore/native-restart/8
2026/09/17 02:35:25 INFO starting dagql cache close hasSQLDB=true hasPersistDB=true
2026/09/17 02:35:25 INFO marking dagql cache clean shutdown
2026/09/17 02:35:25 WARN successfully marked clean shutdown in persistence metadata
2026/09/17 02:35:25 INFO completed dagql cache close successfully
    part_delegation_test.go:289: native delegation depth=8 bookkeeping latency=158.771996ms pins=8 owner-syncs=8 independent-accessor-refs=8
2026/09/17 02:35:25 INFO discarding dagql cache without persistence hasSQLDB=true hasPersistDB=true
=== RUN   TestPartDelegationRealStore/native-restart/32
2026/09/17 02:35:25 INFO starting dagql cache close hasSQLDB=true hasPersistDB=true
2026/09/17 02:35:25 INFO marking dagql cache clean shutdown
2026/09/17 02:35:25 WARN successfully marked clean shutdown in persistence metadata
2026/09/17 02:35:25 INFO completed dagql cache close successfully
    part_delegation_test.go:289: native delegation depth=32 bookkeeping latency=1.101747758s pins=32 owner-syncs=32 independent-accessor-refs=32
2026/09/17 02:35:27 INFO discarding dagql cache without persistence hasSQLDB=true hasPersistDB=true
2026/09/17 02:35:27 INFO discarding dagql cache without persistence hasSQLDB=false hasPersistDB=false
=== RUN   TestPartDelegationRealStore/ready-parent-over-chain
2026/09/17 02:35:27 INFO discarding dagql cache without persistence hasSQLDB=true hasPersistDB=true
2026/09/17 02:35:27 INFO discarding dagql cache without persistence hasSQLDB=false hasPersistDB=false
=== RUN   TestPartDelegationRealStore/ordinary-ready-tie
2026/09/17 02:35:27 INFO discarding dagql cache without persistence hasSQLDB=true hasPersistDB=true
2026/09/17 02:35:27 INFO discarding dagql cache without persistence hasSQLDB=false hasPersistDB=false
=== RUN   TestPartDelegationRealStore/child-chain-first
2026/09/17 02:35:28 INFO discarding dagql cache without persistence hasSQLDB=true hasPersistDB=true
2026/09/17 02:35:28 INFO discarding dagql cache without persistence hasSQLDB=false hasPersistDB=false
=== RUN   TestPartDelegationRealStore/late-child
2026/09/17 02:35:28 INFO discarding dagql cache without persistence hasSQLDB=true hasPersistDB=true
2026/09/17 02:35:28 INFO discarding dagql cache without persistence hasSQLDB=false hasPersistDB=false
=== RUN   TestPartDelegationRealStore/child-and-parent-failure
2026/09/17 02:35:28 INFO discarding dagql cache without persistence hasSQLDB=true hasPersistDB=true
2026/09/17 02:35:28 INFO discarding dagql cache without persistence hasSQLDB=false hasPersistDB=false
--- PASS: TestPartDelegationRealStore (6.05s)
    --- PASS: TestPartDelegationRealStore/ready-parent (1.66s)
    --- PASS: TestPartDelegationRealStore/pending-parent (0.50s)
    --- PASS: TestPartDelegationRealStore/sync-retry (0.29s)
    --- PASS: TestPartDelegationRealStore/native-restart (1.75s)
        --- PASS: TestPartDelegationRealStore/native-restart/1 (0.09s)
        --- PASS: TestPartDelegationRealStore/native-restart/8 (0.27s)
        --- PASS: TestPartDelegationRealStore/native-restart/32 (1.32s)
    --- PASS: TestPartDelegationRealStore/ready-parent-over-chain (0.33s)
    --- PASS: TestPartDelegationRealStore/ordinary-ready-tie (0.38s)
    --- PASS: TestPartDelegationRealStore/child-chain-first (0.35s)
    --- PASS: TestPartDelegationRealStore/late-child (0.48s)
    --- PASS: TestPartDelegationRealStore/child-and-parent-failure (0.31s)
=== RUN   TestPartFilesystemPublicationRoles
=== RUN   TestPartFilesystemPublicationRoles/File
    part_filesystem_race_test.go:144: File coherent tuple/role samples=554 publications=2048
2026/09/17 02:35:29 INFO discarding dagql cache without persistence hasSQLDB=false hasPersistDB=false
=== RUN   TestPartFilesystemPublicationRoles/Directory
    part_filesystem_race_test.go:144: Directory coherent tuple/role samples=392 publications=2048
2026/09/17 02:35:29 INFO discarding dagql cache without persistence hasSQLDB=false hasPersistDB=false
--- PASS: TestPartFilesystemPublicationRoles (0.51s)
    --- PASS: TestPartFilesystemPublicationRoles/File (0.25s)
    --- PASS: TestPartFilesystemPublicationRoles/Directory (0.26s)
=== RUN   TestPartInlineAddress
=== RUN   TestPartInlineAddress/sequential
2026/09/17 02:35:30 INFO starting dagql cache close hasSQLDB=true hasPersistDB=true
2026/09/17 02:35:30 INFO marking dagql cache clean shutdown
2026/09/17 02:35:30 WARN successfully marked clean shutdown in persistence metadata
2026/09/17 02:35:30 INFO completed dagql cache close successfully
2026/09/17 02:35:30 INFO dagql pruned result resultID=2 call=Query.inlineDirectories digest="" args=[] description="dagql cache result 2" measuredSizeBytes=0 reclaimedBytes=0
2026/09/17 02:35:30 INFO discarding dagql cache without persistence hasSQLDB=true hasPersistDB=true
2026/09/17 02:35:30 INFO discarding dagql cache without persistence hasSQLDB=true hasPersistDB=true
=== RUN   TestPartInlineAddress/concurrent
2026/09/17 02:35:32 INFO starting dagql cache close hasSQLDB=true hasPersistDB=true
2026/09/17 02:35:32 INFO marking dagql cache clean shutdown
2026/09/17 02:35:32 WARN successfully marked clean shutdown in persistence metadata
2026/09/17 02:35:32 INFO completed dagql cache close successfully
2026/09/17 02:35:33 INFO dagql pruned result resultID=2 call=Query.inlineDirectories digest="" args=[] description="dagql cache result 2" measuredSizeBytes=0 reclaimedBytes=0
2026/09/17 02:35:33 INFO discarding dagql cache without persistence hasSQLDB=true hasPersistDB=true
2026/09/17 02:35:33 INFO discarding dagql cache without persistence hasSQLDB=true hasPersistDB=true
=== RUN   TestPartInlineAddress/shared-snapshot-sync-retry
2026/09/17 02:35:35 INFO starting dagql cache close hasSQLDB=true hasPersistDB=true
2026/09/17 02:35:35 INFO marking dagql cache clean shutdown
2026/09/17 02:35:35 WARN successfully marked clean shutdown in persistence metadata
2026/09/17 02:35:35 INFO completed dagql cache close successfully
2026/09/17 02:35:36 INFO dagql pruned result resultID=2 call=Query.inlineDirectories digest="" args=[] description="dagql cache result 2" measuredSizeBytes=0 reclaimedBytes=0
2026/09/17 02:35:36 INFO discarding dagql cache without persistence hasSQLDB=true hasPersistDB=true
2026/09/17 02:35:36 INFO discarding dagql cache without persistence hasSQLDB=true hasPersistDB=true
--- PASS: TestPartInlineAddress (6.95s)
    --- PASS: TestPartInlineAddress/sequential (1.45s)
    --- PASS: TestPartInlineAddress/concurrent (2.29s)
    --- PASS: TestPartInlineAddress/shared-snapshot-sync-retry (3.21s)
=== RUN   TestOfferPartsNativeAdmission
=== RUN   TestOfferPartsNativeAdmission/accepted_before_start
2026/09/17 02:35:36 INFO discarding dagql cache without persistence hasSQLDB=true hasPersistDB=true
=== RUN   TestOfferPartsNativeAdmission/refused_after_start
2026/09/17 02:35:37 INFO start lazy evaluation field=File.blob
2026/09/17 02:35:37 INFO end lazy evaluation field=File.blob duration=108.348436ms
2026/09/17 02:35:37 INFO discarding dagql cache without persistence hasSQLDB=true hasPersistDB=true
--- PASS: TestOfferPartsNativeAdmission (0.97s)
    --- PASS: TestOfferPartsNativeAdmission/accepted_before_start (0.39s)
    --- PASS: TestOfferPartsNativeAdmission/refused_after_start (0.58s)
=== RUN   TestPartTypedPublicationRoles
    part_publication_race_test.go:98: coherent concurrent raw reader samples=2444
2026/09/17 02:35:39 INFO discarding dagql cache without persistence hasSQLDB=false hasPersistDB=false
2026/09/17 02:35:39 INFO discarding dagql cache without persistence hasSQLDB=false hasPersistDB=false
--- PASS: TestPartTypedPublicationRoles (1.98s)
=== RUN   TestPartPureRoutes
=== RUN   TestPartPureRoutes/withExec
=== RUN   TestPartPureRoutes/withExec#01
=== RUN   TestPartPureRoutes/from
=== RUN   TestPartPureRoutes/withRootfs
=== RUN   TestPartPureRoutes/withWorkdir
=== RUN   TestPartPureRoutes/withDirectory
=== RUN   TestPartPureRoutes/withMountedFile
=== RUN   TestPartPureRoutes/withSymlink
--- PASS: TestPartPureRoutes (0.01s)
    --- PASS: TestPartPureRoutes/withExec (0.00s)
    --- PASS: TestPartPureRoutes/withExec#01 (0.00s)
    --- PASS: TestPartPureRoutes/from (0.00s)
    --- PASS: TestPartPureRoutes/withRootfs (0.00s)
    --- PASS: TestPartPureRoutes/withWorkdir (0.00s)
    --- PASS: TestPartPureRoutes/withDirectory (0.00s)
    --- PASS: TestPartPureRoutes/withMountedFile (0.00s)
    --- PASS: TestPartPureRoutes/withSymlink (0.00s)
=== RUN   TestPartScopeEmptyBoot
=== RUN   TestPartScopeEmptyBoot/old_schema_false
2026/09/17 02:35:39 INFO starting dagql cache close hasSQLDB=true hasPersistDB=true
2026/09/17 02:35:39 INFO marking dagql cache clean shutdown
2026/09/17 02:35:39 WARN successfully marked clean shutdown in persistence metadata
2026/09/17 02:35:39 INFO completed dagql cache close successfully
2026/09/17 02:35:39 INFO discarding dagql cache without persistence hasSQLDB=true hasPersistDB=true
=== RUN   TestPartScopeEmptyBoot/old_schema_true
2026/09/17 02:35:39 INFO starting dagql cache close hasSQLDB=true hasPersistDB=true
2026/09/17 02:35:39 INFO marking dagql cache clean shutdown
2026/09/17 02:35:39 WARN successfully marked clean shutdown in persistence metadata
2026/09/17 02:35:39 INFO completed dagql cache close successfully
2026/09/17 02:35:40 WARN dagql persistence import failed; wiping and cold-starting err="list mirror result_snapshot_links: SQL logic error: no such column: output_path (1)"
2026/09/17 02:35:40 INFO discarding dagql cache without persistence hasSQLDB=true hasPersistDB=true
--- PASS: TestPartScopeEmptyBoot (0.95s)
    --- PASS: TestPartScopeEmptyBoot/old_schema_false (0.30s)
    --- PASS: TestPartScopeEmptyBoot/old_schema_true (0.65s)
=== RUN   TestPartScopeRootRekeyCost
=== RUN   TestPartScopeRootRekeyCost/1
2026/09/17 02:35:46 INFO starting dagql cache close hasSQLDB=true hasPersistDB=true
2026/09/17 02:35:46 INFO marking dagql cache clean shutdown
2026/09/17 02:35:46 WARN successfully marked clean shutdown in persistence metadata
2026/09/17 02:35:46 INFO completed dagql cache close successfully
    part_scope_boot_test.go:133: root_rekey roots=1 attaches=1 stale_scans=1 stale_removes=1 peak_owner_leases=2 elapsed=2.09772942s
2026/09/17 02:35:48 INFO discarding dagql cache without persistence hasSQLDB=true hasPersistDB=true
=== RUN   TestPartScopeRootRekeyCost/32
2026/09/17 02:35:50 INFO starting dagql cache close hasSQLDB=true hasPersistDB=true
2026/09/17 02:35:50 INFO marking dagql cache clean shutdown
2026/09/17 02:35:50 WARN successfully marked clean shutdown in persistence metadata
2026/09/17 02:35:50 INFO completed dagql cache close successfully
    part_scope_boot_test.go:133: root_rekey roots=32 attaches=32 stale_scans=1 stale_removes=32 peak_owner_leases=64 elapsed=290.073273ms
2026/09/17 02:35:52 INFO discarding dagql cache without persistence hasSQLDB=true hasPersistDB=true
--- PASS: TestPartScopeRootRekeyCost (11.73s)
    --- PASS: TestPartScopeRootRekeyCost/1 (8.40s)
    --- PASS: TestPartScopeRootRekeyCost/32 (3.33s)
=== RUN   TestPartScopeBootScanFailure
--- PASS: TestPartScopeBootScanFailure (0.07s)
=== RUN   TestPartScopeNestedNullableRepresentation
2026/09/17 02:35:52 INFO starting dagql cache close hasSQLDB=true hasPersistDB=true
2026/09/17 02:35:52 INFO marking dagql cache clean shutdown
2026/09/17 02:35:52 WARN successfully marked clean shutdown in persistence metadata
2026/09/17 02:35:52 INFO completed dagql cache close successfully
2026/09/17 02:35:52 INFO discarding dagql cache without persistence hasSQLDB=true hasPersistDB=true
--- PASS: TestPartScopeNestedNullableRepresentation (0.06s)
=== RUN   TestPartWholeLazyOperationMixedRestart
2026/09/17 02:35:52 INFO start lazy evaluation field=Query._builtinContainer
2026/09/17 02:35:52 INFO end lazy evaluation field=Query._builtinContainer duration=92.383471ms
2026/09/17 02:35:52 INFO starting dagql cache close hasSQLDB=true hasPersistDB=true
2026/09/17 02:35:52 INFO marking dagql cache clean shutdown
2026/09/17 02:35:52 WARN successfully marked clean shutdown in persistence metadata
2026/09/17 02:35:52 INFO completed dagql cache close successfully
2026/09/17 02:35:52 INFO start lazy evaluation field=Query._builtinContainer
2026/09/17 02:35:52 INFO end lazy evaluation field=Query._builtinContainer duration=49.977617ms
2026/09/17 02:35:52 INFO discarding dagql cache without persistence hasSQLDB=true hasPersistDB=true
2026/09/17 02:35:52 INFO discarding dagql cache without persistence hasSQLDB=false hasPersistDB=false
2026/09/17 02:35:52 INFO discarding dagql cache without persistence hasSQLDB=false hasPersistDB=false
--- PASS: TestPartWholeLazyOperationMixedRestart (0.54s)
=== RUN   TestPartPendingImageMetadataStaysSelective
2026/09/17 02:35:52 INFO start lazy group evaluation field=Container.from group=metadata
2026/09/17 02:35:52 INFO end lazy group evaluation field=Container.from group=metadata duration=702.41µs
2026/09/17 02:35:52 INFO start lazy group evaluation field=Container.from group=execMeta
2026/09/17 02:35:52 INFO end lazy group evaluation field=Container.from group=execMeta duration=558.22µs
2026/09/17 02:35:52 INFO discarding dagql cache without persistence hasSQLDB=false hasPersistDB=false
2026/09/17 02:35:52 INFO discarding dagql cache without persistence hasSQLDB=false hasPersistDB=false
--- PASS: TestPartPendingImageMetadataStaysSelective (0.06s)
=== RUN   TestPartNativePendingContainerRequiresRecipe
2026/09/17 02:35:52 INFO discarding dagql cache without persistence hasSQLDB=false hasPersistDB=false
--- PASS: TestPartNativePendingContainerRequiresRecipe (0.01s)
=== RUN   TestSnapshotTransferTypedAdoptionAndRestart
2026/09/17 02:35:53 INFO start lazy evaluation field=Container.rootfs
2026/09/17 02:35:53 INFO end lazy evaluation field=Container.rootfs duration=264.26µs
2026/09/17 02:35:53 INFO starting dagql cache close hasSQLDB=true hasPersistDB=true
2026/09/17 02:35:53 INFO marking dagql cache clean shutdown
2026/09/17 02:35:53 WARN successfully marked clean shutdown in persistence metadata
2026/09/17 02:35:53 INFO completed dagql cache close successfully
    snapshot_transfer_test.go:95: after clean cache close: lease=331190437-ORca labels=map[buildkit/lease.temporary:2026-09-17T02:35:53.331204107Z containerd.io/gc.flat:2026-09-17T02:35:53.331208508Z dagger.io/snapshot-transfer:true] resources=[{sha256:e23e8cfe8fbe0dae7b822af32853362933813797c6a8b99f7a2cacfd5f80b1db content} {sha256:fd71169a77bac333c01f453f1b3ab1c0c085e765f6e2c5a95cf3fbcd78b5bc31 content} {6rbaf8zjvvn3p4ni8mxdkdb7k snapshots/native} {m7jpzdqa7f66autfibkzbv6u9 snapshots/native}]
    snapshot_transfer_test.go:95: after clean cache close: lease=dagql/result/1/%5B%5B%5D%2C%22fs%22%5D labels=map[containerd.io/gc.flat:2026-09-17T02:35:53.527270046Z] resources=[{sha256:e23e8cfe8fbe0dae7b822af32853362933813797c6a8b99f7a2cacfd5f80b1db content} {sha256:fd71169a77bac333c01f453f1b3ab1c0c085e765f6e2c5a95cf3fbcd78b5bc31 content} {6rbaf8zjvvn3p4ni8mxdkdb7k snapshots/native} {m7jpzdqa7f66autfibkzbv6u9 snapshots/native}]
    snapshot_transfer_test.go:95: after clean cache close: lease=dagql/result/2/%5B%5B%5D%2C%22snapshot%22%5D labels=map[containerd.io/gc.flat:2026-09-17T02:35:53.539681773Z] resources=[{sha256:e23e8cfe8fbe0dae7b822af32853362933813797c6a8b99f7a2cacfd5f80b1db content} {sha256:fd71169a77bac333c01f453f1b3ab1c0c085e765f6e2c5a95cf3fbcd78b5bc31 content} {6rbaf8zjvvn3p4ni8mxdkdb7k snapshots/native} {m7jpzdqa7f66autfibkzbv6u9 snapshots/native}]
    snapshot_transfer_test.go:95: after clean cache close: lease=dagql/result/3/%5B%5B%5D%2C%22snapshot%22%5D labels=map[containerd.io/gc.flat:2026-09-17T02:35:53.573756612Z] resources=[{sha256:e23e8cfe8fbe0dae7b822af32853362933813797c6a8b99f7a2cacfd5f80b1db content} {sha256:fd71169a77bac333c01f453f1b3ab1c0c085e765f6e2c5a95cf3fbcd78b5bc31 content} {6rbaf8zjvvn3p4ni8mxdkdb7k snapshots/native} {m7jpzdqa7f66autfibkzbv6u9 snapshots/native}]
    snapshot_transfer_test.go:95: after clean cache close: lease=unrelated-temporary labels=map[buildkit/lease.temporary:2026-09-17T02:35:53.612697653Z] resources=[]
2026/09/17 02:35:53 INFO start lazy group evaluation field="Container stored part" group=open:fs
2026/09/17 02:35:53 INFO end lazy group evaluation field="Container stored part" group=open:fs duration=260.131µs
2026/09/17 02:35:53 INFO start lazy evaluation field=Directory.restore
2026/09/17 02:35:53 INFO end lazy evaluation field=Directory.restore duration=272.44µs
2026/09/17 02:35:53 INFO start lazy evaluation field=File.restore
2026/09/17 02:35:53 INFO end lazy evaluation field=File.restore duration=245.78µs
2026/09/17 02:35:53 INFO starting dagql cache close hasSQLDB=true hasPersistDB=true
2026/09/17 02:35:53 INFO marking dagql cache clean shutdown
2026/09/17 02:35:53 WARN successfully marked clean shutdown in persistence metadata
2026/09/17 02:35:53 INFO completed dagql cache close successfully
    snapshot_transfer_test.go:165: Container, Directory and File persisted/reopened: source reads=2 apply calls=2
--- PASS: TestSnapshotTransferTypedAdoptionAndRestart (1.01s)
=== RUN   TestValueTransferPartsGitTrees
=== RUN   TestValueTransferPartsGitTrees/local
2026/09/17 02:35:54 INFO discarding dagql cache without persistence hasSQLDB=true hasPersistDB=true
=== RUN   TestValueTransferPartsGitTrees/remote
2026/09/17 02:35:55 INFO discarding dagql cache without persistence hasSQLDB=true hasPersistDB=true
--- PASS: TestValueTransferPartsGitTrees (1.37s)
    --- PASS: TestValueTransferPartsGitTrees/local (0.45s)
    --- PASS: TestValueTransferPartsGitTrees/remote (0.92s)
=== RUN   TestValueTransferPartsSelectedChain
2026/09/17 02:35:55 INFO start lazy evaluation field=Directory.directory
2026/09/17 02:35:55 INFO end lazy evaluation field=Directory.directory duration=12.758527ms
2026/09/17 02:35:55 INFO start lazy evaluation field=File.file
2026/09/17 02:35:55 INFO end lazy evaluation field=File.file duration=22.200552ms
2026/09/17 02:35:55 INFO discarding dagql cache without persistence hasSQLDB=true hasPersistDB=true
2026/09/17 02:35:55 INFO discarding dagql cache without persistence hasSQLDB=true hasPersistDB=true
--- PASS: TestValueTransferPartsSelectedChain (0.78s)
=== RUN   TestValueTransferPartsContainerMount
2026/09/17 02:35:57 INFO discarding dagql cache without persistence hasSQLDB=true hasPersistDB=true
--- PASS: TestValueTransferPartsContainerMount (1.45s)
=== RUN   TestValueTransferForeignFormsImport
=== RUN   TestValueTransferForeignFormsImport/File
2026/09/17 02:35:57 INFO discarding dagql cache without persistence hasSQLDB=true hasPersistDB=true
=== RUN   TestValueTransferForeignFormsImport/Directory
2026/09/17 02:35:57 INFO discarding dagql cache without persistence hasSQLDB=true hasPersistDB=true
=== RUN   TestValueTransferForeignFormsImport/Container
2026/09/17 02:35:57 INFO discarding dagql cache without persistence hasSQLDB=true hasPersistDB=true
=== RUN   TestValueTransferForeignFormsImport/HTTPState
2026/09/17 02:35:57 INFO discarding dagql cache without persistence hasSQLDB=true hasPersistDB=true
=== RUN   TestValueTransferForeignFormsImport/CacheVolume
2026/09/17 02:35:57 INFO discarding dagql cache without persistence hasSQLDB=true hasPersistDB=true
=== RUN   TestValueTransferForeignFormsImport/ClientFilesyncMirror
2026/09/17 02:35:57 INFO discarding dagql cache without persistence hasSQLDB=true hasPersistDB=true
=== RUN   TestValueTransferForeignFormsImport/RemoteGitMirror
2026/09/17 02:35:57 INFO discarding dagql cache without persistence hasSQLDB=true hasPersistDB=true
=== RUN   TestValueTransferForeignFormsImport/ModuleSource
2026/09/17 02:35:58 INFO discarding dagql cache without persistence hasSQLDB=true hasPersistDB=true
--- PASS: TestValueTransferForeignFormsImport (0.65s)
    --- PASS: TestValueTransferForeignFormsImport/File (0.06s)
    --- PASS: TestValueTransferForeignFormsImport/Directory (0.22s)
    --- PASS: TestValueTransferForeignFormsImport/Container (0.11s)
    --- PASS: TestValueTransferForeignFormsImport/HTTPState (0.05s)
    --- PASS: TestValueTransferForeignFormsImport/CacheVolume (0.04s)
    --- PASS: TestValueTransferForeignFormsImport/ClientFilesyncMirror (0.05s)
    --- PASS: TestValueTransferForeignFormsImport/RemoteGitMirror (0.04s)
    --- PASS: TestValueTransferForeignFormsImport/ModuleSource (0.07s)
=== RUN   TestValueTransferPersistenceFinalOfferRestart
2026/09/17 02:35:58 INFO starting dagql cache close hasSQLDB=true hasPersistDB=true
2026/09/17 02:35:58 INFO marking dagql cache clean shutdown
2026/09/17 02:35:58 WARN successfully marked clean shutdown in persistence metadata
2026/09/17 02:35:58 INFO completed dagql cache close successfully
2026/09/17 02:35:58 INFO discarding dagql cache without persistence hasSQLDB=true hasPersistDB=true
2026/09/17 02:35:58 INFO discarding dagql cache without persistence hasSQLDB=true hasPersistDB=true
--- PASS: TestValueTransferPersistenceFinalOfferRestart (0.44s)
=== RUN   TestValueTransferForeignForms
=== RUN   TestValueTransferForeignForms/File
=== RUN   TestValueTransferForeignForms/Directory
=== RUN   TestValueTransferForeignForms/HTTPState
=== RUN   TestValueTransferForeignForms/CacheVolume
=== RUN   TestValueTransferForeignForms/ClientFilesyncMirror
=== RUN   TestValueTransferForeignForms/RemoteGitMirror
=== RUN   TestValueTransferForeignForms/ModuleSource
=== RUN   TestValueTransferForeignForms/Container
--- PASS: TestValueTransferForeignForms (0.01s)
    --- PASS: TestValueTransferForeignForms/File (0.00s)
    --- PASS: TestValueTransferForeignForms/Directory (0.00s)
    --- PASS: TestValueTransferForeignForms/HTTPState (0.00s)
    --- PASS: TestValueTransferForeignForms/CacheVolume (0.00s)
    --- PASS: TestValueTransferForeignForms/ClientFilesyncMirror (0.00s)
    --- PASS: TestValueTransferForeignForms/RemoteGitMirror (0.00s)
    --- PASS: TestValueTransferForeignForms/ModuleSource (0.00s)
    --- PASS: TestValueTransferForeignForms/Container (0.00s)
=== RUN   TestValueTransferParts
--- PASS: TestValueTransferParts (0.00s)
=== RUN   TestLazyOperationTransferState
=== RUN   TestLazyOperationTransferState/lazy
=== RUN   TestLazyOperationTransferState/snapshot
--- PASS: TestLazyOperationTransferState (0.00s)
    --- PASS: TestLazyOperationTransferState/lazy (0.00s)
    --- PASS: TestLazyOperationTransferState/snapshot (0.00s)
=== CONT  TestHTTPStateUsageSizeUsesPersistedSnapshotID
--- PASS: TestHTTPStateUsageSizeUsesPersistedSnapshotID (0.00s)
PASS
ok  	github.com/dagger/dagger/core	55.754s
