[dagger] 30.0s elapsed · 8 steps running
[dagger] 1m0s elapsed · 12 steps running
[dagger] 1m30s elapsed · 99 steps running
[dagger] 2m0s elapsed · 6 steps running
[dagger] 2m30s elapsed · 6 steps running
[dagger] 3m0s elapsed · 5 steps running
[dagger] 3m30s elapsed · 6 steps running
[dagger] 4m0s elapsed · 10 steps running
[dagger] 4m30s elapsed · 12 steps running
== TRACE ==  ✔ PASSED
engine-dev test --pkg ./core/integration --run=^TestRemoteCacheTransferSuite$/^TestPartMixedExecOutputs$ --timeout=5m --test-verbose  4m60s

✔ connect 0.3s
✔ load workspace: . 32.7s
  ✔ 12 uploads, 1 unpack 2.8s
✔ parsing command line arguments 0.0s

✔ engineDev(
  ┆ ws: currentWorkspace: Workspace!
  ): EngineDev! 26.2s
  ✔ uploading /home/exedev/.tailcall/worktrees/dagger-a7378ed8352b/offers-implementer-implementation-fb886a62-b340004e 2.2s ████████████ 57 MB
✔ .test(run: "^TestRemoteCacheTransferSuite$/^TestPartMixedExecOutputs$", pkg: "./core/integration", timeout: "5m", testVerbose: true): Void 4m1s
  ✔ 11 pulls, 11 unpacks, 146 fetches, 2 uploads, 1 transfer 25.7s

== SERVICES ==
✔ rogct0dgr0vls.hfnc2o7jdqpk8.dagger.local exec /entrypoint.sh /etc/docker/registry/config.yml 2m2s EXITED span=c82b17021c2d4441
✔ h4avdn8nctrm4.hfnc2o7jdqpk8.dagger.local exec /entrypoint.sh /etc/docker/registry/config.yml 2m2s EXITED span=a39afac52d4bb60a
✔ jmiohmldf8g7s.hfnc2o7jdqpk8.dagger.local exec dagger-entrypoint.sh --addr unix:///run/dagger-engine.sock --addr tcp://0.0.0.0:1234 --network-name dagger-dev --network-cidr 10.88.0.0/16 --debugaddr 0.0.0.0:6060 2m1s EXITED span=612e639c092bd616

== TESTS ==
  ✔ github.com/dagger/dagger/core/integration  1 passed

  ✔ 1 passed

Full trace at https://dagger.cloud/dagger/traces/70d079daa2e707780e3fd22b64efe282
