=== RUN   TestClientRuntimeRetainsTelemetryStoresUntilReclamation
--- PASS: TestClientRuntimeRetainsTelemetryStoresUntilReclamation (1.52s)
=== RUN   TestForeignModuleContextReaders
--- PASS: TestForeignModuleContextReaders (0.00s)
=== RUN   TestResolveEngineLocalCachePrunePoliciesUseDefaultPolicyFalse
--- PASS: TestResolveEngineLocalCachePrunePoliciesUseDefaultPolicyFalse (0.00s)
=== RUN   TestResolveEngineLocalCachePrunePoliciesOverridesReservedAndMinFree
--- PASS: TestResolveEngineLocalCachePrunePoliciesOverridesReservedAndMinFree (0.00s)
=== RUN   TestResolveEngineLocalCachePrunePoliciesUsesAvailableSpaceForMinFree
--- PASS: TestResolveEngineLocalCachePrunePoliciesUsesAvailableSpaceForMinFree (0.00s)
=== RUN   TestEngineLocalCachePruneModes
=== RUN   TestEngineLocalCachePruneModes/no_options
=== RUN   TestEngineLocalCachePruneModes/disk_only
=== RUN   TestEngineLocalCachePruneModes/metadata_only
=== RUN   TestEngineLocalCachePruneModes/combined
=== RUN   TestEngineLocalCachePruneModes/enabled_default_policy
=== RUN   TestEngineLocalCachePruneModes/disabled_default_policy
=== RUN   TestEngineLocalCachePruneModes/disabled_default_policy_with_explicit_metadata
--- PASS: TestEngineLocalCachePruneModes (0.00s)
    --- PASS: TestEngineLocalCachePruneModes/no_options (0.00s)
    --- PASS: TestEngineLocalCachePruneModes/disk_only (0.00s)
    --- PASS: TestEngineLocalCachePruneModes/metadata_only (0.00s)
    --- PASS: TestEngineLocalCachePruneModes/combined (0.00s)
    --- PASS: TestEngineLocalCachePruneModes/enabled_default_policy (0.00s)
    --- PASS: TestEngineLocalCachePruneModes/disabled_default_policy (0.00s)
    --- PASS: TestEngineLocalCachePruneModes/disabled_default_policy_with_explicit_metadata (0.00s)
=== RUN   TestResolveEngineLocalCacheMetadataPruneOptions
=== RUN   TestResolveEngineLocalCacheMetadataPruneOptions/default_policy
=== RUN   TestResolveEngineLocalCacheMetadataPruneOptions/maximum_only_inherits_target
=== RUN   TestResolveEngineLocalCacheMetadataPruneOptions/target_only_inherits_maximum
=== RUN   TestResolveEngineLocalCacheMetadataPruneOptions/explicit_pair_overrides_defaults
=== RUN   TestResolveEngineLocalCacheMetadataPruneOptions/zero_maximum
=== RUN   TestResolveEngineLocalCacheMetadataPruneOptions/zero_target
=== RUN   TestResolveEngineLocalCacheMetadataPruneOptions/negative_maximum
=== RUN   TestResolveEngineLocalCacheMetadataPruneOptions/negative_target
=== RUN   TestResolveEngineLocalCacheMetadataPruneOptions/partial_maximum_conflicts_with_inherited_target
=== RUN   TestResolveEngineLocalCacheMetadataPruneOptions/partial_target_conflicts_with_inherited_maximum
--- PASS: TestResolveEngineLocalCacheMetadataPruneOptions (0.00s)
    --- PASS: TestResolveEngineLocalCacheMetadataPruneOptions/default_policy (0.00s)
    --- PASS: TestResolveEngineLocalCacheMetadataPruneOptions/maximum_only_inherits_target (0.00s)
    --- PASS: TestResolveEngineLocalCacheMetadataPruneOptions/target_only_inherits_maximum (0.00s)
    --- PASS: TestResolveEngineLocalCacheMetadataPruneOptions/explicit_pair_overrides_defaults (0.00s)
    --- PASS: TestResolveEngineLocalCacheMetadataPruneOptions/zero_maximum (0.00s)
    --- PASS: TestResolveEngineLocalCacheMetadataPruneOptions/zero_target (0.00s)
    --- PASS: TestResolveEngineLocalCacheMetadataPruneOptions/negative_maximum (0.00s)
    --- PASS: TestResolveEngineLocalCacheMetadataPruneOptions/negative_target (0.00s)
    --- PASS: TestResolveEngineLocalCacheMetadataPruneOptions/partial_maximum_conflicts_with_inherited_target (0.00s)
    --- PASS: TestResolveEngineLocalCacheMetadataPruneOptions/partial_target_conflicts_with_inherited_maximum (0.00s)
=== RUN   TestManualMetadataPruneOnlySkipsDiskAndProtectsRoots
2026/09/17 02:34:12 INFO dagql metadata prune finished triggered=true maximumEstimatedBytes=13055 targetEstimatedBytes=1 beforeEstimatedBytes=13056 beforeResults=3 beforeTerms=3 beforeClassSlots=3 afterInitialCompactionEstimatedBytes=13056 afterInitialCompactionResults=3 afterInitialCompactionTerms=3 afterInitialCompactionClassSlots=3 afterPruneEstimatedBytes=8704 afterPruneResults=2 afterPruneTerms=2 afterPruneClassSlots=2 initialCompactionOldClassSlots=3 initialCompactionNewClassSlots=3 finalCompactionOldClassSlots=3 finalCompactionNewClassSlots=2 candidateCount=1 plannedRootCount=1 simulatedCollectedResultCount=1 simulatedStructuralBytes=4352 removedPersistedRootCount=1 candidatesExhausted=true snapshotGCAttempted=false snapshotGCSucceeded=false duration=23.6µs
--- PASS: TestManualMetadataPruneOnlySkipsDiskAndProtectsRoots (0.00s)
=== RUN   TestManualMetadataPruneBelowMaximumIsNoOp
--- PASS: TestManualMetadataPruneBelowMaximumIsNoOp (0.00s)
=== RUN   TestManualCombinedDiskAndMetadataPrune
2026/09/17 02:34:12 INFO dagql pruned result resultID=1 call=Query.manualCombinedDisk digest=xxh3:bbf62d28f579d745 args=[] description=manualCombinedDisk measuredSizeBytes=100 reclaimedBytes=100
2026/09/17 02:34:12 INFO dagql metadata prune finished triggered=true maximumEstimatedBytes=2 targetEstimatedBytes=1 beforeEstimatedBytes=4352 beforeResults=1 beforeTerms=1 beforeClassSlots=1 afterInitialCompactionEstimatedBytes=4352 afterInitialCompactionResults=1 afterInitialCompactionTerms=1 afterInitialCompactionClassSlots=1 afterPruneEstimatedBytes=0 afterPruneResults=0 afterPruneTerms=0 afterPruneClassSlots=0 initialCompactionOldClassSlots=1 initialCompactionNewClassSlots=1 finalCompactionOldClassSlots=0 finalCompactionNewClassSlots=0 candidateCount=1 plannedRootCount=1 simulatedCollectedResultCount=1 simulatedStructuralBytes=4352 removedPersistedRootCount=1 candidatesExhausted=false snapshotGCAttempted=false snapshotGCSucceeded=false duration=12.94µs
--- PASS: TestManualCombinedDiskAndMetadataPrune (0.00s)
=== RUN   TestManualUseDefaultPolicyIncludesMetadata
2026/09/17 02:34:12 INFO dagql metadata prune finished triggered=true maximumEstimatedBytes=2 targetEstimatedBytes=1 beforeEstimatedBytes=4352 beforeResults=1 beforeTerms=1 beforeClassSlots=1 afterInitialCompactionEstimatedBytes=4352 afterInitialCompactionResults=1 afterInitialCompactionTerms=1 afterInitialCompactionClassSlots=1 afterPruneEstimatedBytes=0 afterPruneResults=0 afterPruneTerms=0 afterPruneClassSlots=0 initialCompactionOldClassSlots=1 initialCompactionNewClassSlots=1 finalCompactionOldClassSlots=0 finalCompactionNewClassSlots=0 candidateCount=1 plannedRootCount=1 simulatedCollectedResultCount=1 simulatedStructuralBytes=4352 removedPersistedRootCount=1 candidatesExhausted=false snapshotGCAttempted=false snapshotGCSucceeded=false duration=6.07µs
--- PASS: TestManualUseDefaultPolicyIncludesMetadata (0.00s)
=== RUN   TestManualNoOptionPrunePreservesDiskPruneAll
2026/09/17 02:34:12 INFO dagql pruned result resultID=1 call=Query.manualNoOptions digest=xxh3:94944c13b2706b14 args=[] description=manualNoOptions measuredSizeBytes=100 reclaimedBytes=100
--- PASS: TestManualNoOptionPrunePreservesDiskPruneAll (0.00s)
=== RUN   TestManualMetadataPruneCancellationAndReleaseError
=== RUN   TestManualMetadataPruneCancellationAndReleaseError/cancellation
=== RUN   TestManualMetadataPruneCancellationAndReleaseError/release_error
2026/09/17 02:34:12 INFO dagql metadata prune finished triggered=true maximumEstimatedBytes=4351 targetEstimatedBytes=1 beforeEstimatedBytes=4352 beforeResults=1 beforeTerms=1 beforeClassSlots=1 afterInitialCompactionEstimatedBytes=4352 afterInitialCompactionResults=1 afterInitialCompactionTerms=1 afterInitialCompactionClassSlots=1 afterPruneEstimatedBytes=4352 afterPruneResults=1 afterPruneTerms=1 afterPruneClassSlots=1 initialCompactionOldClassSlots=1 initialCompactionNewClassSlots=1 finalCompactionOldClassSlots=0 finalCompactionNewClassSlots=0 candidateCount=1 plannedRootCount=1 simulatedCollectedResultCount=1 simulatedStructuralBytes=4352 removedPersistedRootCount=0 candidatesExhausted=false snapshotGCAttempted=false snapshotGCSucceeded=false duration=5.96µs error="manual metadata release failed"
--- PASS: TestManualMetadataPruneCancellationAndReleaseError (0.00s)
    --- PASS: TestManualMetadataPruneCancellationAndReleaseError/cancellation (0.00s)
    --- PASS: TestManualMetadataPruneCancellationAndReleaseError/release_error (0.00s)
=== RUN   TestManualCombinedPruneValidatesBeforeMutation
=== RUN   TestManualCombinedPruneValidatesBeforeMutation/disk_options_before_metadata_mutation
=== RUN   TestManualCombinedPruneValidatesBeforeMutation/metadata_options_before_disk_mutation
--- PASS: TestManualCombinedPruneValidatesBeforeMutation (0.00s)
    --- PASS: TestManualCombinedPruneValidatesBeforeMutation/disk_options_before_metadata_mutation (0.00s)
    --- PASS: TestManualCombinedPruneValidatesBeforeMutation/metadata_options_before_disk_mutation (0.00s)
=== RUN   TestLocalCacheDiskPressureGCNeeded
--- PASS: TestLocalCacheDiskPressureGCNeeded (0.00s)
=== RUN   TestResolveDagqlCacheGCConfig
=== PAUSE TestResolveDagqlCacheGCConfig
=== RUN   TestGCLockedPrunesMetadataWithoutWorkerDiskPolicies
=== PAUSE TestGCLockedPrunesMetadataWithoutWorkerDiskPolicies
=== RUN   TestScheduledGCTrimsImportedMetadataWithoutPersistenceReset
=== PAUSE TestScheduledGCTrimsImportedMetadataWithoutPersistenceReset
=== RUN   TestGCLockedDiskStatFailureDoesNotSuppressMetadataPrune
=== PAUSE TestGCLockedDiskStatFailureDoesNotSuppressMetadataPrune
=== RUN   TestLocalCachePressureCheckUsesMetadataWhenDiskStatFails
=== PAUSE TestLocalCachePressureCheckUsesMetadataWhenDiskStatFails
=== RUN   TestMetadataPruneMonitorBlockOutcome
=== PAUSE TestMetadataPruneMonitorBlockOutcome
=== RUN   TestMonitorMetadataPruneBlocksAfterProtectedNoProgress
=== PAUSE TestMonitorMetadataPruneBlocksAfterProtectedNoProgress
=== RUN   TestMetadataPruneMonitorBlockSuppressesOnlyStructuralStage
=== PAUSE TestMetadataPruneMonitorBlockSuppressesOnlyStructuralStage
=== RUN   TestLifecycleGCIgnoresMetadataPruneBlock
=== RUN   TestLifecycleGCIgnoresMetadataPruneBlock/reason-0
2026/09/17 02:34:12 INFO dagql metadata prune finished triggered=true maximumEstimatedBytes=4351 targetEstimatedBytes=1 beforeEstimatedBytes=4352 beforeResults=1 beforeTerms=1 beforeClassSlots=1 afterInitialCompactionEstimatedBytes=4352 afterInitialCompactionResults=1 afterInitialCompactionTerms=1 afterInitialCompactionClassSlots=1 afterPruneEstimatedBytes=0 afterPruneResults=0 afterPruneTerms=0 afterPruneClassSlots=0 initialCompactionOldClassSlots=1 initialCompactionNewClassSlots=1 finalCompactionOldClassSlots=0 finalCompactionNewClassSlots=0 candidateCount=1 plannedRootCount=1 simulatedCollectedResultCount=1 simulatedStructuralBytes=4352 removedPersistedRootCount=1 candidatesExhausted=false snapshotGCAttempted=false snapshotGCSucceeded=false duration=7.18µs
=== RUN   TestLifecycleGCIgnoresMetadataPruneBlock/reason-2
2026/09/17 02:34:12 INFO dagql metadata prune finished triggered=true maximumEstimatedBytes=4351 targetEstimatedBytes=1 beforeEstimatedBytes=4352 beforeResults=1 beforeTerms=1 beforeClassSlots=1 afterInitialCompactionEstimatedBytes=4352 afterInitialCompactionResults=1 afterInitialCompactionTerms=1 afterInitialCompactionClassSlots=1 afterPruneEstimatedBytes=0 afterPruneResults=0 afterPruneTerms=0 afterPruneClassSlots=0 initialCompactionOldClassSlots=1 initialCompactionNewClassSlots=1 finalCompactionOldClassSlots=0 finalCompactionNewClassSlots=0 candidateCount=1 plannedRootCount=1 simulatedCollectedResultCount=1 simulatedStructuralBytes=4352 removedPersistedRootCount=1 candidatesExhausted=false snapshotGCAttempted=false snapshotGCSucceeded=false duration=4.8µs
--- PASS: TestLifecycleGCIgnoresMetadataPruneBlock (0.00s)
    --- PASS: TestLifecycleGCIgnoresMetadataPruneBlock/reason-0 (0.00s)
    --- PASS: TestLifecycleGCIgnoresMetadataPruneBlock/reason-2 (0.00s)
=== RUN   TestGCSessionCompletionClearsMetadataPruneBlock
=== PAUSE TestGCSessionCompletionClearsMetadataPruneBlock
=== RUN   TestExplicitPruneClearsMetadataPruneBlock
=== PAUSE TestExplicitPruneClearsMetadataPruneBlock
=== RUN   TestCanceledMonitorMetadataPruneDoesNotSetBlock
=== PAUSE TestCanceledMonitorMetadataPruneDoesNotSetBlock
=== RUN   TestResolveEngineLocalCachePrunePoliciesInvalidSpaceValue
--- PASS: TestResolveEngineLocalCachePrunePoliciesInvalidSpaceValue (0.00s)
=== RUN   TestGetDagqlGCPolicyFromConfiguredPolicies
--- PASS: TestGetDagqlGCPolicyFromConfiguredPolicies (0.00s)
=== RUN   TestGetDagqlGCPolicyFallsBackToBuildkitGCPolicy
--- PASS: TestGetDagqlGCPolicyFallsBackToBuildkitGCPolicy (0.00s)
=== RUN   TestGetDagqlGCPolicyDefaultPolicies
--- PASS: TestGetDagqlGCPolicyDefaultPolicies (0.00s)
=== RUN   TestRunRecursiveReadOnlyProbe
=== PAUSE TestRunRecursiveReadOnlyProbe
=== RUN   TestRunRecursiveReadOnlyProbeCleansUpAfterUnsupportedSetattr
=== PAUSE TestRunRecursiveReadOnlyProbeCleansUpAfterUnsupportedSetattr
=== RUN   TestRemoteCacheFixturePruneReport
=== RUN   TestRemoteCacheFixturePruneReport/disk
2026/09/17 02:34:12 INFO dagql pruned result resultID=1 call=Query.fixtureRoot digest=xxh3:aaf9fb7989491a72 args=[] description=fixtureRoot measuredSizeBytes=0 reclaimedBytes=0
=== RUN   TestRemoteCacheFixturePruneReport/metadata
2026/09/17 02:34:12 INFO dagql metadata prune finished triggered=true maximumEstimatedBytes=4351 targetEstimatedBytes=1 beforeEstimatedBytes=4352 beforeResults=1 beforeTerms=1 beforeClassSlots=1 afterInitialCompactionEstimatedBytes=4352 afterInitialCompactionResults=1 afterInitialCompactionTerms=1 afterInitialCompactionClassSlots=1 afterPruneEstimatedBytes=0 afterPruneResults=0 afterPruneTerms=0 afterPruneClassSlots=0 initialCompactionOldClassSlots=1 initialCompactionNewClassSlots=1 finalCompactionOldClassSlots=0 finalCompactionNewClassSlots=0 candidateCount=1 plannedRootCount=1 simulatedCollectedResultCount=1 simulatedStructuralBytes=4352 removedPersistedRootCount=1 candidatesExhausted=false snapshotGCAttempted=false snapshotGCSucceeded=false duration=6.81µs
--- PASS: TestRemoteCacheFixturePruneReport (0.00s)
    --- PASS: TestRemoteCacheFixturePruneReport/disk (0.00s)
    --- PASS: TestRemoteCacheFixturePruneReport/metadata (0.00s)
=== RUN   TestRemoteCacheIntegrationConfig
--- PASS: TestRemoteCacheIntegrationConfig (0.00s)
=== RUN   TestRemoteCacheAdapterLifetime
=== RUN   TestRemoteCacheAdapterLifetime/stop_cancels_a_cooperative_run
=== RUN   TestRemoteCacheAdapterLifetime/shutdown_context_cancels_run
=== RUN   TestRemoteCacheAdapterLifetime/run_exit_detaches_without_failing_ordinary_work
2026/09/17 02:34:12 ERROR remote cache integration exited error="integration channel closed"
=== RUN   TestRemoteCacheAdapterLifetime/noncooperative_run_is_reported
--- PASS: TestRemoteCacheAdapterLifetime (0.01s)
    --- PASS: TestRemoteCacheAdapterLifetime/stop_cancels_a_cooperative_run (0.00s)
    --- PASS: TestRemoteCacheAdapterLifetime/shutdown_context_cancels_run (0.00s)
    --- PASS: TestRemoteCacheAdapterLifetime/run_exit_detaches_without_failing_ordinary_work (0.01s)
    --- PASS: TestRemoteCacheAdapterLifetime/noncooperative_run_is_reported (0.00s)
=== RUN   TestRemoteCacheGracefulStop
=== RUN   TestRemoteCacheGracefulStop/noncooperative_run_leaves_the_checkpoint_dirty
2026/09/17 02:34:12 ERROR failed to stop remote cache integration error="remote cache integration did not stop: context canceled"
2026/09/17 02:34:12 INFO starting dagql cache close hasSQLDB=true hasPersistDB=true
2026/09/17 02:34:12 ERROR dagql cache close exiting with error err="remote cache integration did not stop: context canceled"
2026/09/17 02:34:12 ERROR failed to close base dagql cache error="remote cache integration did not stop: context canceled"
2026/09/17 02:34:12 WARN dagql persistence store marked unclean; wiping and cold-starting cleanShutdown=0
2026/09/17 02:34:14 INFO discarding dagql cache without persistence hasSQLDB=true hasPersistDB=true
=== RUN   TestRemoteCacheGracefulStop/cooperative_run_closes_cleanly
2026/09/17 02:34:14 INFO starting dagql cache close hasSQLDB=true hasPersistDB=true
2026/09/17 02:34:14 INFO marking dagql cache clean shutdown
2026/09/17 02:34:14 WARN successfully marked clean shutdown in persistence metadata
2026/09/17 02:34:14 INFO completed dagql cache close successfully
2026/09/17 02:34:14 INFO discarding dagql cache without persistence hasSQLDB=true hasPersistDB=true
=== RUN   TestRemoteCacheGracefulStop/earlier_shutdown_errors_are_returned
2026/09/17 02:34:14 INFO starting dagql cache close hasSQLDB=true hasPersistDB=true
2026/09/17 02:34:14 INFO marking dagql cache clean shutdown
2026/09/17 02:34:14 WARN successfully marked clean shutdown in persistence metadata
2026/09/17 02:34:14 INFO completed dagql cache close successfully
--- PASS: TestRemoteCacheGracefulStop (1.74s)
    --- PASS: TestRemoteCacheGracefulStop/noncooperative_run_leaves_the_checkpoint_dirty (1.42s)
    --- PASS: TestRemoteCacheGracefulStop/cooperative_run_closes_cleanly (0.27s)
    --- PASS: TestRemoteCacheGracefulStop/earlier_shutdown_errors_are_returned (0.05s)
=== RUN   TestLoadSecretSalt
=== RUN   TestLoadSecretSalt/environment_override
=== RUN   TestLoadSecretSalt/invalid_base64
=== RUN   TestLoadSecretSalt/wrong_decoded_length
=== RUN   TestLoadSecretSalt/empty
=== RUN   TestLoadSecretSalt/file_fallback
=== RUN   TestLoadSecretSalt/generated_file_fallback
--- PASS: TestLoadSecretSalt (0.00s)
    --- PASS: TestLoadSecretSalt/environment_override (0.00s)
    --- PASS: TestLoadSecretSalt/invalid_base64 (0.00s)
    --- PASS: TestLoadSecretSalt/wrong_decoded_length (0.00s)
    --- PASS: TestLoadSecretSalt/empty (0.00s)
    --- PASS: TestLoadSecretSalt/file_fallback (0.00s)
    --- PASS: TestLoadSecretSalt/generated_file_fallback (0.00s)
=== RUN   TestNestedTransportRegistrationIsStrictUniqueAndPermanent
=== PAUSE TestNestedTransportRegistrationIsStrictUniqueAndPermanent
=== RUN   TestNestedTransportRegistrationBindsExactExecAttachables
=== PAUSE TestNestedTransportRegistrationBindsExactExecAttachables
=== RUN   TestNestedTransportRegistrationRequiresExactHeldParentScope
=== PAUSE TestNestedTransportRegistrationRequiresExactHeldParentScope
=== RUN   TestNestedTransportRegistrationDoesNotTakeLifecycleLock
=== PAUSE TestNestedTransportRegistrationDoesNotTakeLifecycleLock
=== RUN   TestNestedTransportRegistrationRacesSessionTeardown
=== PAUSE TestNestedTransportRegistrationRacesSessionTeardown
=== RUN   TestHeldParentScopeDelegatesWhileParentClosing
=== PAUSE TestHeldParentScopeDelegatesWhileParentClosing
=== RUN   TestClosedClientWaitsForAcceptedBootstrapRequest
=== PAUSE TestClosedClientWaitsForAcceptedBootstrapRequest
=== RUN   TestClientInitializationDoesNotHoldScopeLock
=== PAUSE TestClientInitializationDoesNotHoldScopeLock
=== RUN   TestChildQuiescenceReleasesClosingParent
=== PAUSE TestChildQuiescenceReleasesClosingParent
=== RUN   TestNestedShutdownClosesRegisteredTransportIdempotently
=== PAUSE TestNestedShutdownClosesRegisteredTransportIdempotently
=== RUN   TestNestedTransportCloseRacesAdmissionSerialization
=== PAUSE TestNestedTransportCloseRacesAdmissionSerialization
=== RUN   TestNestedBootstrapRequestsMergeBeforeSeal
=== PAUSE TestNestedBootstrapRequestsMergeBeforeSeal
=== RUN   TestClientMetadataBootstrapOrderReplayAndConflict
=== PAUSE TestClientMetadataBootstrapOrderReplayAndConflict
=== RUN   TestClientMetadataBootstrapDeepCloneAndScopeSnapshot
=== PAUSE TestClientMetadataBootstrapDeepCloneAndScopeSnapshot
=== RUN   TestClientMetadataSealRacesTransportClose
=== PAUSE TestClientMetadataSealRacesTransportClose
=== RUN   TestSessionAttachablesLabelsAllowQueryAndShutdownAdmission
=== PAUSE TestSessionAttachablesLabelsAllowQueryAndShutdownAdmission
=== RUN   TestClientRecordLookupsAreIndependentFromExecutableRuntime
=== PAUSE TestClientRecordLookupsAreIndependentFromExecutableRuntime
=== RUN   TestWorkspaceHostAccessDoesNotRequireOwnerRuntime
=== PAUSE TestWorkspaceHostAccessDoesNotRequireOwnerRuntime
=== RUN   TestWorkspaceRuntimeFromContextSelectsOnlyScopedClientOrAncestor
=== PAUSE TestWorkspaceRuntimeFromContextSelectsOnlyScopedClientOrAncestor
=== RUN   TestClientScopeRequiresSealedMetadata
=== PAUSE TestClientScopeRequiresSealedMetadata
=== RUN   TestClientLifecycleScopesSerializeCloseCloneAndRelease
=== PAUSE TestClientLifecycleScopesSerializeCloseCloneAndRelease
=== RUN   TestClientLifecycleScopesRaceSessionTeardown
=== PAUSE TestClientLifecycleScopesRaceSessionTeardown
=== RUN   TestClientLifecycleScopeDrainWaitsForTerminalRelease
=== PAUSE TestClientLifecycleScopeDrainWaitsForTerminalRelease
=== RUN   TestClientRuntimeReclamationRacesCloseLeasesChildAndTeardown
=== PAUSE TestClientRuntimeReclamationRacesCloseLeasesChildAndTeardown
=== RUN   TestClientRuntimeReclamationDrainsMetricsBeforeUnpublish
=== PAUSE TestClientRuntimeReclamationDrainsMetricsBeforeUnpublish
=== RUN   TestClientLifecycleDebugSnapshotReportsClosedRuntimeRetention
=== PAUSE TestClientLifecycleDebugSnapshotReportsClosedRuntimeRetention
=== RUN   TestClientAncestryAndTelemetryRouteOrdering
=== PAUSE TestClientAncestryAndTelemetryRouteOrdering
=== RUN   TestTelemetryRoutesClientsAndAncestorsExactlyOnce
--- PASS: TestTelemetryRoutesClientsAndAncestorsExactlyOnce (0.01s)
=== RUN   TestClientRegistrationRequiresValidExplicitAncestry
=== PAUSE TestClientRegistrationRequiresValidExplicitAncestry
=== RUN   TestClientRegistrationRejectsInvalidParentRoute
=== PAUSE TestClientRegistrationRejectsInvalidParentRoute
=== RUN   TestLifecycleDebugAndRouteLookupConcurrentClientMutation
=== PAUSE TestLifecycleDebugAndRouteLookupConcurrentClientMutation
=== RUN   TestLogRecordRowPreservesBytesBody
--- PASS: TestLogRecordRowPreservesBytesBody (0.00s)
=== RUN   TestTelemetryExportReleasesClientDBHandle
--- PASS: TestTelemetryExportReleasesClientDBHandle (0.00s)
=== RUN   TestActiveClientIDsConcurrentSessionClientMutation
=== PAUSE TestActiveClientIDsConcurrentSessionClientMutation
=== RUN   TestClientRecordFromIDsConcurrentSessionInitialization
=== PAUSE TestClientRecordFromIDsConcurrentSessionInitialization
=== RUN   TestClientsDoesNotBlockWhileSessionLifecycleLocked
=== PAUSE TestClientsDoesNotBlockWhileSessionLifecycleLocked
=== RUN   TestActiveClientIDsDoesNotBlockWhileSessionLifecycleLocked
=== PAUSE TestActiveClientIDsDoesNotBlockWhileSessionLifecycleLocked
=== RUN   TestGetOrInitClientReturnsFastForRemovedTombstone
=== PAUSE TestGetOrInitClientReturnsFastForRemovedTombstone
=== RUN   TestClientRecordFromIDsStateGating
=== PAUSE TestClientRecordFromIDsStateGating
=== RUN   TestSessionLifecycleObserverConcurrency
=== PAUSE TestSessionLifecycleObserverConcurrency
=== RUN   TestSessionTeardownFlushesTraceTelemetryAfterMetricShutdown
2026/09/17 02:34:14 INFO removing session; stopping client services and flushing session=session
--- PASS: TestSessionTeardownFlushesTraceTelemetryAfterMetricShutdown (0.00s)
=== RUN   TestSessionTeardownHonorsCallerDeadlineForStrandedLease
2026/09/17 02:34:14 INFO removing session; stopping client services and flushing session=bounded
2026/09/17 02:34:15 ERROR error waiting for client scopes to drain session=bounded error="context deadline exceeded"
2026/09/17 02:34:15 INFO removing session; stopping client services and flushing session=unbounded
--- PASS: TestSessionTeardownHonorsCallerDeadlineForStrandedLease (0.82s)
=== RUN   TestMainClientLastDisconnectDoesNotBlockOnTeardown
=== PAUSE TestMainClientLastDisconnectDoesNotBlockOnTeardown
=== RUN   TestSameIDConnectDuringBackgroundTeardownGetsRetryable
=== PAUSE TestSameIDConnectDuringBackgroundTeardownGetsRetryable
=== RUN   TestReapAbandonedWhenMainClientReconnects
=== PAUSE TestReapAbandonedWhenMainClientReconnects
=== RUN   TestFailedSessionInitializationCanRetrySameID
=== PAUSE TestFailedSessionInitializationCanRetrySameID
=== RUN   TestConcurrentReapsSingleTeardown
=== PAUSE TestConcurrentReapsSingleTeardown
=== RUN   TestPendingLegacyModule
=== PAUSE TestPendingLegacyModule
=== RUN   TestFilterPendingWorkspaceModulesForRootFields
=== PAUSE TestFilterPendingWorkspaceModulesForRootFields
=== RUN   TestFilterPendingWorkspaceModulesForScopedRootFields
=== PAUSE TestFilterPendingWorkspaceModulesForScopedRootFields
=== RUN   TestEnsureRequestModulesLoadedConsumesScopeBeforeUnlock
--- PASS: TestEnsureRequestModulesLoadedConsumesScopeBeforeUnlock (0.00s)
=== RUN   TestWithRequestTelemetrySuppression
=== PAUSE TestWithRequestTelemetrySuppression
=== RUN   TestCallPayloadDeliveryStore
=== PAUSE TestCallPayloadDeliveryStore
=== RUN   TestFilterPendingWorkspaceModulesBySelectorInclude
=== PAUSE TestFilterPendingWorkspaceModulesBySelectorInclude
=== RUN   TestWorkspaceConfigPendingModules
=== PAUSE TestWorkspaceConfigPendingModules
=== RUN   TestModuleResolutionFromSubdirectory
=== PAUSE TestModuleResolutionFromSubdirectory
=== RUN   TestDetectAndLoadWorkspaceIgnoresCompatFallbackWhenConfigExists
=== PAUSE TestDetectAndLoadWorkspaceIgnoresCompatFallbackWhenConfigExists
=== RUN   TestDetectAndLoadWorkspaceLoadsPlainModuleCompatWithoutConfig
=== PAUSE TestDetectAndLoadWorkspaceLoadsPlainModuleCompatWithoutConfig
=== RUN   TestDetectAndLoadWorkspaceKeepsCompatFallbackForExplicitExtraModule
=== PAUSE TestDetectAndLoadWorkspaceKeepsCompatFallbackForExplicitExtraModule
=== RUN   TestDetectAndLoadWorkspaceCreatesRootlessWorkspaceWithoutInferringModule
=== PAUSE TestDetectAndLoadWorkspaceCreatesRootlessWorkspaceWithoutInferringModule
=== RUN   TestRemoteWorkspaceCwdUsesDetectionStart
=== PAUSE TestRemoteWorkspaceCwdUsesDetectionStart
=== RUN   TestRemoteWorkspaceLoadsPlainModuleCompatFromCWD
=== PAUSE TestRemoteWorkspaceLoadsPlainModuleCompatFromCWD
=== RUN   TestDetectAndLoadWorkspaceDoesNotLoadModulesByDefault
=== PAUSE TestDetectAndLoadWorkspaceDoesNotLoadModulesByDefault
=== RUN   TestIsSameModuleReference
=== PAUSE TestIsSameModuleReference
=== RUN   TestEnsureWorkspaceLoadedInheritsParentWorkspace
=== PAUSE TestEnsureWorkspaceLoadedInheritsParentWorkspace
=== RUN   TestEnsureWorkspaceLoadedKeepsExistingWorkspaceBinding
=== PAUSE TestEnsureWorkspaceLoadedKeepsExistingWorkspaceBinding
=== RUN   TestSpecificClientAttachableConnRejectsInertClient
=== PAUSE TestSpecificClientAttachableConnRejectsInertClient
=== RUN   TestResolveHostServiceCallerFallsBackToParentRecordWithoutRuntime
=== PAUSE TestResolveHostServiceCallerFallsBackToParentRecordWithoutRuntime
=== RUN   TestResolveHostServiceCallerPrefersCurrentClientAttachable
=== PAUSE TestResolveHostServiceCallerPrefersCurrentClientAttachable
=== RUN   TestResolveHostServiceCallerUsesBlockingLookupForOtherClients
=== PAUSE TestResolveHostServiceCallerUsesBlockingLookupForOtherClients
=== RUN   TestClientAttachableWaitRouting
=== PAUSE TestClientAttachableWaitRouting
=== RUN   TestWorkspaceBindingMode
=== PAUSE TestWorkspaceBindingMode
=== RUN   TestBuildCoreWorkspaceIncludesConfigState
=== PAUSE TestBuildCoreWorkspaceIncludesConfigState
=== RUN   TestNestedClientMetadataForRequest
=== PAUSE TestNestedClientMetadataForRequest
=== RUN   TestLocalWorkspaceAddress
=== PAUSE TestLocalWorkspaceAddress
=== RUN   TestRemoteWorkspaceAddress
=== PAUSE TestRemoteWorkspaceAddress
=== RUN   TestParseWorkspaceRemoteRef
=== PAUSE TestParseWorkspaceRemoteRef
=== RUN   TestWorkspaceGitRefSelectorSemverSemantics
=== PAUSE TestWorkspaceGitRefSelectorSemverSemantics
=== RUN   TestGatherModuleLoadRequests
=== PAUSE TestGatherModuleLoadRequests
=== RUN   TestModuleLoadParallelism
=== PAUSE TestModuleLoadParallelism
=== RUN   TestModuleLoadErr
=== PAUSE TestModuleLoadErr
=== RUN   TestDedupeResolvedModuleLoads
=== PAUSE TestDedupeResolvedModuleLoads
=== RUN   TestDedupeResolvedModuleLoadsKeepsSameSourceUnderDifferentNames
=== PAUSE TestDedupeResolvedModuleLoadsKeepsSameSourceUnderDifferentNames
=== RUN   TestResolvedModuleLoadIdentity
=== PAUSE TestResolvedModuleLoadIdentity
=== RUN   TestArbitrateSameSourceEntrypointNominations
=== PAUSE TestArbitrateSameSourceEntrypointNominations
=== RUN   TestArbitrateResolvedModuleLoads
=== PAUSE TestArbitrateResolvedModuleLoads
=== RUN   TestNormalizeWorkspaceRemoteSubdir
=== PAUSE TestNormalizeWorkspaceRemoteSubdir
=== RUN   TestReadWorkspaceLockStateReadsLegacyLockFallback
=== PAUSE TestReadWorkspaceLockStateReadsLegacyLockFallback
=== RUN   TestReadWorkspaceLockStateDoesNotWriteInvalidLock
=== PAUSE TestReadWorkspaceLockStateDoesNotWriteInvalidLock
=== RUN   TestUserConfigOverridesWorkspaceSettings
=== PAUSE TestUserConfigOverridesWorkspaceSettings
=== RUN   TestUserConfigAddsSelectableEnv
=== PAUSE TestUserConfigAddsSelectableEnv
=== RUN   TestUserConfigEnvMergesOverRepoEnv
=== PAUSE TestUserConfigEnvMergesOverRepoEnv
=== RUN   TestUserConfigMatchesEquivalentRemoteForms
=== PAUSE TestUserConfigMatchesEquivalentRemoteForms
=== RUN   TestUserConfigOtherWorkspaceDoesNotApply
=== PAUSE TestUserConfigOtherWorkspaceDoesNotApply
=== RUN   TestUserConfigNoGitRemote
=== PAUSE TestUserConfigNoGitRemote
=== RUN   TestUserConfigLocalPathRemote
=== PAUSE TestUserConfigLocalPathRemote
=== RUN   TestUserConfigMissingFileIsFine
=== PAUSE TestUserConfigMissingFileIsFine
=== RUN   TestUserConfigMalformedErrors
=== PAUSE TestUserConfigMalformedErrors
=== RUN   TestUserConfigNoPathDeclared
=== PAUSE TestUserConfigNoPathDeclared
=== RUN   TestUserConfigWorktreeGitFile
=== PAUSE TestUserConfigWorktreeGitFile
=== RUN   TestUserConfigOriginFromIncludedGitConfig
=== PAUSE TestUserConfigOriginFromIncludedGitConfig
=== RUN   TestUserConfigIncludeIfConditionsFollowGitSemantics
=== PAUSE TestUserConfigIncludeIfConditionsFollowGitSemantics
=== RUN   TestUserConfigRemoteWorkspaceKey
=== PAUSE TestUserConfigRemoteWorkspaceKey
=== RUN   TestCloudEngineTelemetryResource
--- PASS: TestCloudEngineTelemetryResource (0.00s)
=== RUN   TestTelemetryOriginScopeSessionIsolation
--- PASS: TestTelemetryOriginScopeSessionIsolation (0.00s)
=== RUN   TestMoveLocalCacheStateToTrash
=== PAUSE TestMoveLocalCacheStateToTrash
=== RUN   TestFindLocalCacheTrashDirs
=== PAUSE TestFindLocalCacheTrashDirs
=== RUN   TestRemoveAllPaced
=== PAUSE TestRemoveAllPaced
=== RUN   TestRemoveAllPacedManyEntries
=== PAUSE TestRemoveAllPacedManyEntries
=== RUN   TestRemoveAllPacedCanceled
=== PAUSE TestRemoveAllPacedCanceled
=== RUN   TestSweepLocalCacheTrash
=== PAUSE TestSweepLocalCacheTrash
=== RUN   TestStartLocalCacheTrashSweeperBlocksUnderDiskPressure
=== PAUSE TestStartLocalCacheTrashSweeperBlocksUnderDiskPressure
=== RUN   TestWorkspaceReadEpochFollowsOwner
--- PASS: TestWorkspaceReadEpochFollowsOwner (0.00s)
=== CONT  TestWorkspaceBindingMode
=== CONT  TestResolveDagqlCacheGCConfig
=== CONT  TestClientAncestryAndTelemetryRouteOrdering
=== CONT  TestStartLocalCacheTrashSweeperBlocksUnderDiskPressure
=== CONT  TestCallPayloadDeliveryStore
--- PASS: TestClientAncestryAndTelemetryRouteOrdering (0.00s)
=== RUN   TestWorkspaceBindingMode/declared_workspace_takes_precedence
=== CONT  TestClientAttachableWaitRouting
=== CONT  TestClientLifecycleDebugSnapshotReportsClosedRuntimeRetention
=== PAUSE TestWorkspaceBindingMode/declared_workspace_takes_precedence
=== RUN   TestClientAttachableWaitRouting/synthetic_nested_client_without_attachables
=== PAUSE TestClientAttachableWaitRouting/synthetic_nested_client_without_attachables
=== CONT  TestConcurrentReapsSingleTeardown
=== RUN   TestClientAttachableWaitRouting/synthetic_nested_client_that_registered_attachables
=== PAUSE TestClientAttachableWaitRouting/synthetic_nested_client_that_registered_attachables
=== CONT  TestClientRuntimeReclamationDrainsMetricsBeforeUnpublish
=== RUN   TestClientAttachableWaitRouting/client_with_its_own_session_waits
=== PAUSE TestClientAttachableWaitRouting/client_with_its_own_session_waits
=== RUN   TestClientAttachableWaitRouting/another_client_still_waits
=== PAUSE TestClientAttachableWaitRouting/another_client_still_waits
=== CONT  TestClientAttachableWaitRouting/synthetic_nested_client_without_attachables
=== CONT  TestFailedSessionInitializationCanRetrySameID
=== CONT  TestResolveHostServiceCallerUsesBlockingLookupForOtherClients
=== CONT  TestReapAbandonedWhenMainClientReconnects
=== CONT  TestResolveHostServiceCallerPrefersCurrentClientAttachable
=== CONT  TestResolveHostServiceCallerFallsBackToParentRecordWithoutRuntime
=== CONT  TestClosedClientWaitsForAcceptedBootstrapRequest
2026/09/17 02:34:15 INFO removing session; stopping client services and flushing session=s
=== RUN   TestWorkspaceBindingMode/non-module_defaults_to_host_detection
2026/09/17 02:34:15 INFO all client connections closed sessionID=session clientID=child
=== PAUSE TestWorkspaceBindingMode/non-module_defaults_to_host_detection
=== RUN   TestWorkspaceBindingMode/module_defaults_to_inheritance
=== CONT  TestSessionLifecycleObserverConcurrency
=== PAUSE TestWorkspaceBindingMode/module_defaults_to_inheritance
=== CONT  TestWithRequestTelemetrySuppression
=== CONT  TestClientRecordFromIDsStateGating
=== CONT  TestRemoteWorkspaceCwdUsesDetectionStart
=== CONT  TestFilterPendingWorkspaceModulesForScopedRootFields
=== RUN   TestFilterPendingWorkspaceModulesForScopedRootFields/no_scope_delegates_to_root-field_demand
=== PAUSE TestFilterPendingWorkspaceModulesForScopedRootFields/no_scope_delegates_to_root-field_demand
=== RUN   TestFilterPendingWorkspaceModulesForScopedRootFields/scoped_typedefs_loads_target_plus_entrypoint
=== PAUSE TestFilterPendingWorkspaceModulesForScopedRootFields/scoped_typedefs_loads_target_plus_entrypoint
=== RUN   TestFilterPendingWorkspaceModulesForScopedRootFields/kebab-case_token_matches_declared_module_name
=== PAUSE TestFilterPendingWorkspaceModulesForScopedRootFields/kebab-case_token_matches_declared_module_name
=== RUN   TestFilterPendingWorkspaceModulesForScopedRootFields/unknown_token_loads_pending_entrypoint_alone
=== PAUSE TestFilterPendingWorkspaceModulesForScopedRootFields/unknown_token_loads_pending_entrypoint_alone
=== RUN   TestFilterPendingWorkspaceModulesForScopedRootFields/unknown_token_without_entrypoint_loads_all
=== PAUSE TestFilterPendingWorkspaceModulesForScopedRootFields/unknown_token_without_entrypoint_loads_all
=== RUN   TestFilterPendingWorkspaceModulesForScopedRootFields/another_full-schema_field_loads_all_without_consuming
=== CONT  TestGetOrInitClientReturnsFastForRemovedTombstone
=== PAUSE TestFilterPendingWorkspaceModulesForScopedRootFields/another_full-schema_field_loads_all_without_consuming
=== RUN   TestFilterPendingWorkspaceModulesForScopedRootFields/no_typedefs_field_delegates_without_consuming
=== PAUSE TestFilterPendingWorkspaceModulesForScopedRootFields/no_typedefs_field_delegates_without_consuming
=== RUN   TestFilterPendingWorkspaceModulesForScopedRootFields/typedefs_plus_module_field_unions_both_demands
=== PAUSE TestFilterPendingWorkspaceModulesForScopedRootFields/typedefs_plus_module_field_unions_both_demands
=== RUN   TestFilterPendingWorkspaceModulesForScopedRootFields/served_target_contributes_nothing_to_load
=== PAUSE TestFilterPendingWorkspaceModulesForScopedRootFields/served_target_contributes_nothing_to_load
=== RUN   TestFilterPendingWorkspaceModulesForScopedRootFields/unknown_token_with_served_entrypoint_loads_no_siblings
=== PAUSE TestFilterPendingWorkspaceModulesForScopedRootFields/unknown_token_with_served_entrypoint_loads_no_siblings
=== CONT  TestDetectAndLoadWorkspaceCreatesRootlessWorkspaceWithoutInferringModule
=== CONT  TestSpecificClientAttachableConnRejectsInertClient
=== RUN   TestSpecificClientAttachableConnRejectsInertClient/direct_caller_ifAvailable=false
=== CONT  TestEnsureWorkspaceLoadedKeepsExistingWorkspaceBinding
=== CONT  TestDetectAndLoadWorkspaceKeepsCompatFallbackForExplicitExtraModule
2026/09/17 02:34:15 WARN No workspace config found, inferring from dagger.json.
Run 'dagger workspace migrate' when ready. More info: https://docs.dagger.io/reference/upgrade-to-workspaces config=/tmp/mymod/dagger.json
=== CONT  TestClientsDoesNotBlockWhileSessionLifecycleLocked
=== CONT  TestDetectAndLoadWorkspaceLoadsPlainModuleCompatWithoutConfig
2026/09/17 02:34:15 WARN No workspace config found, inferring from dagger.json.
Run 'dagger workspace migrate' when ready. More info: https://docs.dagger.io/reference/upgrade-to-workspaces config=/repo/dagger.json
=== CONT  TestDetectAndLoadWorkspaceIgnoresCompatFallbackWhenConfigExists
2026/09/17 02:34:15 WARN No workspace config found, inferring from dagger.json.
Run 'dagger workspace migrate' when ready. More info: https://docs.dagger.io/reference/upgrade-to-workspaces config=/repo/mymod/dagger.json
=== CONT  TestClientRecordFromIDsConcurrentSessionInitialization
2026/09/17 02:34:15 INFO disk pressure detected; removing discarded local cache state before startup continues
2026/09/17 02:34:15 INFO removing discarded local cache state dir=/tmp/TestStartLocalCacheTrashSweeperBlocksUnderDiskPressure3305804864/001/worker-trash-1
=== CONT  TestModuleResolutionFromSubdirectory
2026/09/17 02:34:15 WARN No workspace config found, inferring from ../../dagger.json.
Run 'dagger workspace migrate' when ready. More info: https://docs.dagger.io/reference/upgrade-to-workspaces config=/repo/dagger.json
=== CONT  TestActiveClientIDsConcurrentSessionClientMutation
2026/09/17 02:34:15 INFO removed discarded local cache state dir=/tmp/TestStartLocalCacheTrashSweeperBlocksUnderDiskPressure3305804864/001/worker-trash-1 duration=0s
=== CONT  TestWorkspaceConfigPendingModules
=== CONT  TestLifecycleDebugAndRouteLookupConcurrentClientMutation
=== CONT  TestFilterPendingWorkspaceModulesForRootFields
=== CONT  TestActiveClientIDsDoesNotBlockWhileSessionLifecycleLocked
=== CONT  TestFilterPendingWorkspaceModulesBySelectorInclude
=== CONT  TestPendingLegacyModule
=== RUN   TestFilterPendingWorkspaceModulesForRootFields/constructor_match_loads_only_matching_module
=== RUN   TestPendingLegacyModule/preserves_remote_pin
=== PAUSE TestPendingLegacyModule/preserves_remote_pin
=== CONT  TestRemoteWorkspaceLoadsPlainModuleCompatFromCWD
=== CONT  TestMainClientLastDisconnectDoesNotBlockOnTeardown
2026/09/17 02:34:15 WARN No workspace config found, inferring from ../dagger.json.
Run 'dagger workspace migrate' when ready. More info: https://docs.dagger.io/reference/upgrade-to-workspaces config=subdir/dagger.json
=== CONT  TestClientRegistrationRejectsInvalidParentRoute
2026/09/17 02:34:15 INFO all client connections closed sessionID=s clientID=m
=== CONT  TestClientAttachableWaitRouting/another_client_still_waits
=== CONT  TestDetectAndLoadWorkspaceDoesNotLoadModulesByDefault
=== CONT  TestClientAttachableWaitRouting/client_with_its_own_session_waits
=== CONT  TestClientRegistrationRequiresValidExplicitAncestry
=== CONT  TestSessionAttachablesLabelsAllowQueryAndShutdownAdmission
=== CONT  TestClientAttachableWaitRouting/synthetic_nested_client_that_registered_attachables
=== RUN   TestSessionAttachablesLabelsAllowQueryAndShutdownAdmission/query
=== CONT  TestClientRuntimeReclamationRacesCloseLeasesChildAndTeardown
2026/09/17 02:34:15 INFO all client connections closed sessionID=session clientID=client
2026/09/17 02:34:15 INFO removing session; stopping client services and flushing session=s
--- PASS: TestCallPayloadDeliveryStore (0.00s)
--- PASS: TestResolveDagqlCacheGCConfig (0.00s)
=== CONT  TestEnsureWorkspaceLoadedInheritsParentWorkspace
--- PASS: TestEnsureWorkspaceLoadedInheritsParentWorkspace (0.00s)
=== CONT  TestClientLifecycleScopeDrainWaitsForTerminalRelease
--- PASS: TestClientLifecycleScopeDrainWaitsForTerminalRelease (0.00s)
=== CONT  TestClientLifecycleScopesRaceSessionTeardown
=== CONT  TestSameIDConnectDuringBackgroundTeardownGetsRetryable
2026/09/17 02:34:15 INFO all client connections closed sessionID=s clientID=m
=== RUN   TestFilterPendingWorkspaceModulesBySelectorInclude/module:generator_selects_only_that_module
=== PAUSE TestFilterPendingWorkspaceModulesForRootFields/constructor_match_loads_only_matching_module
=== RUN   TestFilterPendingWorkspaceModulesForRootFields/unknown_root_field_with_multiple_entrypoints_loads_all
=== RUN   TestPendingLegacyModule/resolves_local_refs_without_ref_pin
--- PASS: TestClientLifecycleDebugSnapshotReportsClosedRuntimeRetention (0.00s)
=== CONT  TestIsSameModuleReference
--- PASS: TestFailedSessionInitializationCanRetrySameID (0.00s)
--- PASS: TestResolveHostServiceCallerUsesBlockingLookupForOtherClients (0.00s)
--- PASS: TestResolveHostServiceCallerPrefersCurrentClientAttachable (0.00s)
--- PASS: TestResolveHostServiceCallerFallsBackToParentRecordWithoutRuntime (0.00s)
--- PASS: TestReapAbandonedWhenMainClientReconnects (0.00s)
--- PASS: TestClosedClientWaitsForAcceptedBootstrapRequest (0.00s)
--- PASS: TestWithRequestTelemetrySuppression (0.00s)
--- PASS: TestClientRecordFromIDsStateGating (0.00s)
--- PASS: TestRemoteWorkspaceCwdUsesDetectionStart (0.00s)
--- PASS: TestGetOrInitClientReturnsFastForRemovedTombstone (0.00s)
=== RUN   TestSpecificClientAttachableConnRejectsInertClient/direct_caller_ifAvailable=true
--- PASS: TestEnsureWorkspaceLoadedKeepsExistingWorkspaceBinding (0.00s)
--- PASS: TestDetectAndLoadWorkspaceCreatesRootlessWorkspaceWithoutInferringModule (0.00s)
--- PASS: TestClientsDoesNotBlockWhileSessionLifecycleLocked (0.00s)
--- PASS: TestDetectAndLoadWorkspaceKeepsCompatFallbackForExplicitExtraModule (0.00s)
--- PASS: TestDetectAndLoadWorkspaceLoadsPlainModuleCompatWithoutConfig (0.00s)
--- PASS: TestDetectAndLoadWorkspaceIgnoresCompatFallbackWhenConfigExists (0.00s)
--- PASS: TestModuleResolutionFromSubdirectory (0.00s)
--- PASS: TestStartLocalCacheTrashSweeperBlocksUnderDiskPressure (0.00s)
--- PASS: TestWorkspaceConfigPendingModules (0.00s)
--- PASS: TestActiveClientIDsDoesNotBlockWhileSessionLifecycleLocked (0.00s)
--- PASS: TestRemoteWorkspaceLoadsPlainModuleCompatFromCWD (0.00s)
--- PASS: TestClientRegistrationRejectsInvalidParentRoute (0.00s)
--- PASS: TestClientRegistrationRequiresValidExplicitAncestry (0.00s)
=== PAUSE TestFilterPendingWorkspaceModulesBySelectorInclude/module:generator_selects_only_that_module
=== PAUSE TestFilterPendingWorkspaceModulesForRootFields/unknown_root_field_with_multiple_entrypoints_loads_all
=== PAUSE TestPendingLegacyModule/resolves_local_refs_without_ref_pin
=== RUN   TestFilterPendingWorkspaceModulesBySelectorInclude/module:item_works_for_checks_and_services_too
--- PASS: TestDetectAndLoadWorkspaceDoesNotLoadModulesByDefault (0.00s)
=== RUN   TestFilterPendingWorkspaceModulesForRootFields/unknown_root_field_with_one_entrypoint_loads_entrypoint
=== PAUSE TestFilterPendingWorkspaceModulesForRootFields/unknown_root_field_with_one_entrypoint_loads_entrypoint
--- PASS: TestClientAttachableWaitRouting (0.00s)
    --- PASS: TestClientAttachableWaitRouting/synthetic_nested_client_without_attachables (0.00s)
    --- PASS: TestClientAttachableWaitRouting/another_client_still_waits (0.00s)
    --- PASS: TestClientAttachableWaitRouting/client_with_its_own_session_waits (0.00s)
    --- PASS: TestClientAttachableWaitRouting/synthetic_nested_client_that_registered_attachables (0.00s)
=== RUN   TestFilterPendingWorkspaceModulesForRootFields/unknown_root_field_skips_entrypoint_already_recorded_as_failed
=== PAUSE TestFilterPendingWorkspaceModulesForRootFields/unknown_root_field_skips_entrypoint_already_recorded_as_failed
=== RUN   TestFilterPendingWorkspaceModulesForRootFields/named_root_field_still_selects_a_failed_module
=== PAUSE TestFilterPendingWorkspaceModulesForRootFields/named_root_field_still_selects_a_failed_module
=== RUN   TestFilterPendingWorkspaceModulesForRootFields/introspection_loads_all
=== PAUSE TestFilterPendingWorkspaceModulesForRootFields/introspection_loads_all
=== RUN   TestFilterPendingWorkspaceModulesForRootFields/current_typedefs_loads_all
=== RUN   TestSessionAttachablesLabelsAllowQueryAndShutdownAdmission/shutdown
2026/09/17 02:34:15 INFO removing session; stopping client services and flushing session=s
2026/09/17 02:34:15 INFO all client connections closed sessionID=session clientID=client
=== CONT  TestClientLifecycleScopesSerializeCloseCloneAndRelease
=== PAUSE TestFilterPendingWorkspaceModulesBySelectorInclude/module:item_works_for_checks_and_services_too
=== RUN   TestFilterPendingWorkspaceModulesBySelectorInclude/bare_module_name_selects_only_that_module
=== PAUSE TestFilterPendingWorkspaceModulesBySelectorInclude/bare_module_name_selects_only_that_module
=== RUN   TestFilterPendingWorkspaceModulesBySelectorInclude/multiple_patterns_select_each_named_module
=== PAUSE TestFilterPendingWorkspaceModulesBySelectorInclude/multiple_patterns_select_each_named_module
=== RUN   TestFilterPendingWorkspaceModulesBySelectorInclude/bare_token_not_matching_a_module_selects_all
=== PAUSE TestFilterPendingWorkspaceModulesBySelectorInclude/bare_token_not_matching_a_module_selects_all
=== RUN   TestFilterPendingWorkspaceModulesBySelectorInclude/module:item_not_matching_a_module_selects_all
=== PAUSE TestFilterPendingWorkspaceModulesBySelectorInclude/module:item_not_matching_a_module_selects_all
=== RUN   TestFilterPendingWorkspaceModulesBySelectorInclude/empty_include_selects_all
=== PAUSE TestFilterPendingWorkspaceModulesBySelectorInclude/empty_include_selects_all
=== RUN   TestFilterPendingWorkspaceModulesBySelectorInclude/already-served_module_is_recognized_and_selects_nothing
=== PAUSE TestFilterPendingWorkspaceModulesBySelectorInclude/already-served_module_is_recognized_and_selects_nothing
=== RUN   TestFilterPendingWorkspaceModulesBySelectorInclude/served_and_pending_patterns_select_only_the_pending_module
=== PAUSE TestFilterPendingWorkspaceModulesBySelectorInclude/served_and_pending_patterns_select_only_the_pending_module
=== RUN   TestFilterPendingWorkspaceModulesBySelectorInclude/camelCase_pattern_selects_the_kebab-case_module
=== PAUSE TestFilterPendingWorkspaceModulesBySelectorInclude/camelCase_pattern_selects_the_kebab-case_module
=== RUN   TestFilterPendingWorkspaceModulesBySelectorInclude/kebab-case_pattern_selects_the_camelCase_module
=== PAUSE TestFilterPendingWorkspaceModulesBySelectorInclude/kebab-case_pattern_selects_the_camelCase_module
=== RUN   TestFilterPendingWorkspaceModulesBySelectorInclude/glob_pattern_selects_all
=== PAUSE TestFilterPendingWorkspaceModulesBySelectorInclude/glob_pattern_selects_all
--- PASS: TestClientRuntimeReclamationDrainsMetricsBeforeUnpublish (0.02s)
--- PASS: TestSpecificClientAttachableConnRejectsInertClient (0.03s)
    --- PASS: TestSpecificClientAttachableConnRejectsInertClient/direct_caller_ifAvailable=false (0.00s)
    --- PASS: TestSpecificClientAttachableConnRejectsInertClient/direct_caller_ifAvailable=true (0.00s)
=== CONT  TestClientRecordLookupsAreIndependentFromExecutableRuntime
=== CONT  TestWorkspaceHostAccessDoesNotRequireOwnerRuntime
--- PASS: TestWorkspaceHostAccessDoesNotRequireOwnerRuntime (0.00s)
=== CONT  TestNestedBootstrapRequestsMergeBeforeSeal
2026/09/17 02:34:15 INFO all client connections closed sessionID=session clientID=child
2026/09/17 02:34:15 INFO all client connections closed sessionID=session clientID=child
=== CONT  TestClientScopeRequiresSealedMetadata
--- PASS: TestClientScopeRequiresSealedMetadata (0.00s)
=== CONT  TestClientMetadataSealRacesTransportClose
=== PAUSE TestFilterPendingWorkspaceModulesForRootFields/current_typedefs_loads_all
=== RUN   TestFilterPendingWorkspaceModulesForRootFields/current_module_loads_all
=== PAUSE TestFilterPendingWorkspaceModulesForRootFields/current_module_loads_all
=== RUN   TestFilterPendingWorkspaceModulesForRootFields/core-only_query_loads_none
=== PAUSE TestFilterPendingWorkspaceModulesForRootFields/core-only_query_loads_none
=== RUN   TestFilterPendingWorkspaceModulesForRootFields/current_workspace_loads_none_(resolvers_load_on_demand)
=== PAUSE TestFilterPendingWorkspaceModulesForRootFields/current_workspace_loads_none_(resolvers_load_on_demand)
=== RUN   TestFilterPendingWorkspaceModulesForRootFields/already-served_root_field_loads_none
=== PAUSE TestFilterPendingWorkspaceModulesForRootFields/already-served_root_field_loads_none
=== RUN   TestFilterPendingWorkspaceModulesForRootFields/served_field_combined_with_pending_field_loads_only_pending
=== PAUSE TestFilterPendingWorkspaceModulesForRootFields/served_field_combined_with_pending_field_loads_only_pending
=== RUN   TestFilterPendingWorkspaceModulesForRootFields/env_loads_all_(resolver_snapshots_served_deps)
=== PAUSE TestFilterPendingWorkspaceModulesForRootFields/env_loads_all_(resolver_snapshots_served_deps)
=== RUN   TestFilterPendingWorkspaceModulesForRootFields/unrecognized_loadFromID_field_loads_all
=== PAUSE TestFilterPendingWorkspaceModulesForRootFields/unrecognized_loadFromID_field_loads_all
--- PASS: TestSessionAttachablesLabelsAllowQueryAndShutdownAdmission (0.02s)
    --- PASS: TestSessionAttachablesLabelsAllowQueryAndShutdownAdmission/query (0.00s)
    --- PASS: TestSessionAttachablesLabelsAllowQueryAndShutdownAdmission/shutdown (0.00s)
=== CONT  TestClientMetadataBootstrapOrderReplayAndConflict
=== RUN   TestClientMetadataBootstrapOrderReplayAndConflict/attachables-init-first-request
=== RUN   TestClientMetadataBootstrapOrderReplayAndConflict/attachables-first-request-init
=== CONT  TestWorkspaceRuntimeFromContextSelectsOnlyScopedClientOrAncestor
--- PASS: TestWorkspaceRuntimeFromContextSelectsOnlyScopedClientOrAncestor (0.00s)
=== CONT  TestNestedShutdownClosesRegisteredTransportIdempotently
2026/09/17 02:34:15 INFO client shutdown isMainClient=false sessionID=session clientID=child mainClientID=parent
=== CONT  TestClientMetadataBootstrapDeepCloneAndScopeSnapshot
--- PASS: TestClientMetadataBootstrapDeepCloneAndScopeSnapshot (0.00s)
=== CONT  TestNestedTransportCloseRacesAdmissionSerialization
--- PASS: TestConcurrentReapsSingleTeardown (0.03s)
=== RUN   TestIsSameModuleReference/same_local_source_root_and_pin
=== PAUSE TestIsSameModuleReference/same_local_source_root_and_pin
=== RUN   TestIsSameModuleReference/different_local_source
=== PAUSE TestIsSameModuleReference/different_local_source
=== RUN   TestIsSameModuleReference/same_module_through_different_local_refs
=== PAUSE TestIsSameModuleReference/same_module_through_different_local_refs
=== CONT  TestExplicitPruneClearsMetadataPruneBlock
--- PASS: TestExplicitPruneClearsMetadataPruneBlock (0.00s)
=== CONT  TestHeldParentScopeDelegatesWhileParentClosing
--- PASS: TestHeldParentScopeDelegatesWhileParentClosing (0.00s)
=== CONT  TestNestedTransportRegistrationRacesSessionTeardown
--- PASS: TestClientRecordFromIDsConcurrentSessionInitialization (0.03s)
=== CONT  TestNestedTransportRegistrationDoesNotTakeLifecycleLock
--- PASS: TestClientLifecycleScopesRaceSessionTeardown (0.02s)
=== CONT  TestNestedTransportRegistrationRequiresExactHeldParentScope
--- PASS: TestNestedTransportRegistrationRequiresExactHeldParentScope (0.00s)
=== CONT  TestNestedTransportRegistrationBindsExactExecAttachables
--- PASS: TestNestedTransportRegistrationBindsExactExecAttachables (0.00s)
=== CONT  TestGCSessionCompletionClearsMetadataPruneBlock
--- PASS: TestNestedTransportCloseRacesAdmissionSerialization (0.00s)
=== CONT  TestMetadataPruneMonitorBlockSuppressesOnlyStructuralStage
2026/09/17 02:34:15 INFO dagql pruned result resultID=2 call=Query.metadataDiskPrunable digest=xxh3:c42dc212fdb9af89 args=[] description=metadataDiskPrunable measuredSizeBytes=100 reclaimedBytes=100
--- PASS: TestMetadataPruneMonitorBlockSuppressesOnlyStructuralStage (0.00s)
=== CONT  TestNestedTransportRegistrationIsStrictUniqueAndPermanent
--- PASS: TestNestedTransportRegistrationIsStrictUniqueAndPermanent (0.00s)
=== CONT  TestMonitorMetadataPruneBlocksAfterProtectedNoProgress
--- PASS: TestSameIDConnectDuringBackgroundTeardownGetsRetryable (0.02s)
=== CONT  TestRunRecursiveReadOnlyProbeCleansUpAfterUnsupportedSetattr
--- PASS: TestClientRecordLookupsAreIndependentFromExecutableRuntime (0.00s)
=== CONT  TestMetadataPruneMonitorBlockOutcome
--- PASS: TestMetadataPruneMonitorBlockOutcome (0.00s)
=== CONT  TestRunRecursiveReadOnlyProbe
--- PASS: TestRunRecursiveReadOnlyProbe (0.00s)
=== CONT  TestLocalCachePressureCheckUsesMetadataWhenDiskStatFails
time="2026-09-17T02:34:15Z" level=warning msg="disk pressure check skipped: failed to get disk stats: no such file or directory"
time="2026-09-17T02:34:15Z" level=warning msg="disk pressure check skipped: failed to get disk stats: no such file or directory"
--- PASS: TestLocalCachePressureCheckUsesMetadataWhenDiskStatFails (0.00s)
=== CONT  TestCanceledMonitorMetadataPruneDoesNotSetBlock
2026/09/17 02:34:15 INFO all client connections closed sessionID=session clientID=child
--- PASS: TestNestedBootstrapRequestsMergeBeforeSeal (0.00s)
=== CONT  TestGCLockedDiskStatFailureDoesNotSuppressMetadataPrune
=== RUN   TestClientMetadataBootstrapOrderReplayAndConflict/init-attachables-first-request
2026/09/17 02:34:15 INFO shutdown drain phase done isMainClient=false sessionID=session clientID=child mainClientID=parent phase="flush workspace locks" duration=850ns error=<nil>
2026/09/17 02:34:15 INFO shutdown drain phase done isMainClient=false sessionID=session clientID=child mainClientID=parent phase="flush session telemetry" duration=12.49µs error=<nil>
=== CONT  TestChildQuiescenceReleasesClosingParent
--- PASS: TestChildQuiescenceReleasesClosingParent (0.00s)
=== CONT  TestScheduledGCTrimsImportedMetadataWithoutPersistenceReset
2026/09/17 02:34:15 INFO dagql metadata prune finished triggered=true maximumEstimatedBytes=4351 targetEstimatedBytes=1 beforeEstimatedBytes=4352 beforeResults=1 beforeTerms=1 beforeClassSlots=1 afterInitialCompactionEstimatedBytes=4352 afterInitialCompactionResults=1 afterInitialCompactionTerms=1 afterInitialCompactionClassSlots=1 afterPruneEstimatedBytes=0 afterPruneResults=0 afterPruneTerms=0 afterPruneClassSlots=0 initialCompactionOldClassSlots=1 initialCompactionNewClassSlots=1 finalCompactionOldClassSlots=0 finalCompactionNewClassSlots=0 candidateCount=1 plannedRootCount=1 simulatedCollectedResultCount=1 simulatedStructuralBytes=4352 removedPersistedRootCount=1 candidatesExhausted=false snapshotGCAttempted=false snapshotGCSucceeded=false duration=20.98µs
--- PASS: TestGCSessionCompletionClearsMetadataPruneBlock (0.00s)
=== CONT  TestGCLockedPrunesMetadataWithoutWorkerDiskPolicies
2026/09/17 02:34:15 INFO dagql metadata prune finished triggered=true maximumEstimatedBytes=4351 targetEstimatedBytes=1 beforeEstimatedBytes=4352 beforeResults=1 beforeTerms=1 beforeClassSlots=1 afterInitialCompactionEstimatedBytes=4352 afterInitialCompactionResults=1 afterInitialCompactionTerms=1 afterInitialCompactionClassSlots=1 afterPruneEstimatedBytes=0 afterPruneResults=0 afterPruneTerms=0 afterPruneClassSlots=0 initialCompactionOldClassSlots=1 initialCompactionNewClassSlots=1 finalCompactionOldClassSlots=0 finalCompactionNewClassSlots=0 candidateCount=1 plannedRootCount=1 simulatedCollectedResultCount=1 simulatedStructuralBytes=4352 removedPersistedRootCount=1 candidatesExhausted=false snapshotGCAttempted=false snapshotGCSucceeded=false duration=8.34µs
--- PASS: TestGCLockedPrunesMetadataWithoutWorkerDiskPolicies (0.00s)
2026/09/17 02:34:15 INFO dagql metadata prune finished triggered=true maximumEstimatedBytes=4351 targetEstimatedBytes=1 beforeEstimatedBytes=4352 beforeResults=1 beforeTerms=1 beforeClassSlots=1 afterInitialCompactionEstimatedBytes=4352 afterInitialCompactionResults=1 afterInitialCompactionTerms=1 afterInitialCompactionClassSlots=1 afterPruneEstimatedBytes=4352 afterPruneResults=1 afterPruneTerms=1 afterPruneClassSlots=1 initialCompactionOldClassSlots=1 initialCompactionNewClassSlots=1 finalCompactionOldClassSlots=0 finalCompactionNewClassSlots=0 candidateCount=0 plannedRootCount=0 simulatedCollectedResultCount=0 simulatedStructuralBytes=0 removedPersistedRootCount=0 candidatesExhausted=true snapshotGCAttempted=false snapshotGCSucceeded=false duration=7.52µs
2026/09/17 02:34:15 INFO dagql metadata prune finished triggered=true maximumEstimatedBytes=4351 targetEstimatedBytes=1 beforeEstimatedBytes=8704 beforeResults=2 beforeTerms=2 beforeClassSlots=2 afterInitialCompactionEstimatedBytes=8704 afterInitialCompactionResults=2 afterInitialCompactionTerms=2 afterInitialCompactionClassSlots=2 afterPruneEstimatedBytes=0 afterPruneResults=0 afterPruneTerms=0 afterPruneClassSlots=0 initialCompactionOldClassSlots=2 initialCompactionNewClassSlots=2 finalCompactionOldClassSlots=0 finalCompactionNewClassSlots=0 candidateCount=2 plannedRootCount=2 simulatedCollectedResultCount=2 simulatedStructuralBytes=8704 removedPersistedRootCount=2 candidatesExhausted=false snapshotGCAttempted=false snapshotGCSucceeded=false duration=10.68µs
--- PASS: TestMonitorMetadataPruneBlocksAfterProtectedNoProgress (0.00s)
=== CONT  TestUserConfigAddsSelectableEnv
--- PASS: TestActiveClientIDsConcurrentSessionClientMutation (0.03s)
=== CONT  TestSweepLocalCacheTrash
--- PASS: TestUserConfigAddsSelectableEnv (0.00s)
=== CONT  TestRemoveAllPacedCanceled
2026/09/17 02:34:15 INFO removing discarded local cache state dir=/tmp/TestSweepLocalCacheTrash274200392/001/worker-trash-a
=== CONT  TestRemoveAllPacedManyEntries
time="2026-09-17T02:34:15Z" level=error msg="dagql metadata gc error: context canceled"
--- PASS: TestCanceledMonitorMetadataPruneDoesNotSetBlock (0.01s)
=== CONT  TestRemoveAllPaced
--- PASS: TestRemoveAllPacedCanceled (0.00s)
=== CONT  TestFindLocalCacheTrashDirs
--- PASS: TestFindLocalCacheTrashDirs (0.00s)
=== CONT  TestMoveLocalCacheStateToTrash
--- PASS: TestRemoveAllPaced (0.00s)
=== CONT  TestUserConfigRemoteWorkspaceKey
--- PASS: TestUserConfigRemoteWorkspaceKey (0.00s)
=== CONT  TestUserConfigIncludeIfConditionsFollowGitSemantics
=== RUN   TestUserConfigIncludeIfConditionsFollowGitSemantics/non-matching_gitdir_condition_is_not_followed
=== PAUSE TestUserConfigIncludeIfConditionsFollowGitSemantics/non-matching_gitdir_condition_is_not_followed
=== RUN   TestUserConfigIncludeIfConditionsFollowGitSemantics/onbranch_condition_follows_the_checked-out_branch
=== PAUSE TestUserConfigIncludeIfConditionsFollowGitSemantics/onbranch_condition_follows_the_checked-out_branch
=== RUN   TestUserConfigIncludeIfConditionsFollowGitSemantics/onbranch_condition_on_another_branch_is_not_followed
=== PAUSE TestUserConfigIncludeIfConditionsFollowGitSemantics/onbranch_condition_on_another_branch_is_not_followed
=== CONT  TestUserConfigOriginFromIncludedGitConfig
=== RUN   TestUserConfigOriginFromIncludedGitConfig/include
=== PAUSE TestUserConfigOriginFromIncludedGitConfig/include
=== RUN   TestUserConfigOriginFromIncludedGitConfig/conditional_include
=== PAUSE TestUserConfigOriginFromIncludedGitConfig/conditional_include
=== CONT  TestUserConfigWorktreeGitFile
--- PASS: TestUserConfigWorktreeGitFile (0.00s)
=== CONT  TestUserConfigNoPathDeclared
--- PASS: TestUserConfigNoPathDeclared (0.00s)
=== CONT  TestUserConfigMalformedErrors
--- PASS: TestUserConfigMalformedErrors (0.00s)
=== CONT  TestUserConfigMissingFileIsFine
--- PASS: TestUserConfigMissingFileIsFine (0.00s)
=== CONT  TestUserConfigLocalPathRemote
--- PASS: TestUserConfigLocalPathRemote (0.00s)
=== CONT  TestUserConfigNoGitRemote
--- PASS: TestUserConfigNoGitRemote (0.00s)
=== CONT  TestUserConfigOtherWorkspaceDoesNotApply
--- PASS: TestUserConfigOtherWorkspaceDoesNotApply (0.00s)
=== CONT  TestUserConfigMatchesEquivalentRemoteForms
--- PASS: TestUserConfigMatchesEquivalentRemoteForms (0.00s)
=== CONT  TestUserConfigEnvMergesOverRepoEnv
--- PASS: TestUserConfigEnvMergesOverRepoEnv (0.00s)
=== CONT  TestDedupeResolvedModuleLoads
--- PASS: TestDedupeResolvedModuleLoads (0.00s)
=== CONT  TestUserConfigOverridesWorkspaceSettings
--- PASS: TestUserConfigOverridesWorkspaceSettings (0.00s)
=== CONT  TestReadWorkspaceLockStateDoesNotWriteInvalidLock
2026/09/17 02:34:15 WARN invalid workspace lockfile; using an empty lock path=/repo/dagger.lock error="lockfile line 1: unsupported lockfile version \"1\""
--- PASS: TestReadWorkspaceLockStateDoesNotWriteInvalidLock (0.00s)
=== CONT  TestReadWorkspaceLockStateReadsLegacyLockFallback
--- PASS: TestReadWorkspaceLockStateReadsLegacyLockFallback (0.00s)
=== CONT  TestNormalizeWorkspaceRemoteSubdir
=== RUN   TestNormalizeWorkspaceRemoteSubdir/empty_becomes_dot
=== PAUSE TestNormalizeWorkspaceRemoteSubdir/empty_becomes_dot
=== RUN   TestNormalizeWorkspaceRemoteSubdir/absolute_gets_normalized_to_relative
=== PAUSE TestNormalizeWorkspaceRemoteSubdir/absolute_gets_normalized_to_relative
=== RUN   TestNormalizeWorkspaceRemoteSubdir/rejects_escaping_paths
=== PAUSE TestNormalizeWorkspaceRemoteSubdir/rejects_escaping_paths
=== CONT  TestArbitrateResolvedModuleLoads
=== RUN   TestArbitrateResolvedModuleLoads/extra_beats_ambient
=== PAUSE TestArbitrateResolvedModuleLoads/extra_beats_ambient
=== RUN   TestArbitrateResolvedModuleLoads/multiple_ambient_entrypoints_are_invalid
=== PAUSE TestArbitrateResolvedModuleLoads/multiple_ambient_entrypoints_are_invalid
=== RUN   TestArbitrateResolvedModuleLoads/multiple_extra_entrypoints_are_invalid
=== PAUSE TestArbitrateResolvedModuleLoads/multiple_extra_entrypoints_are_invalid
=== CONT  TestArbitrateSameSourceEntrypointNominations
=== RUN   TestArbitrateSameSourceEntrypointNominations/same_settings_under_two_names_collapse_to_one_nomination
=== PAUSE TestArbitrateSameSourceEntrypointNominations/same_settings_under_two_names_collapse_to_one_nomination
=== RUN   TestArbitrateSameSourceEntrypointNominations/different_settings_under_two_names_stay_a_conflict
=== PAUSE TestArbitrateSameSourceEntrypointNominations/different_settings_under_two_names_stay_a_conflict
=== CONT  TestResolvedModuleLoadIdentity
--- PASS: TestResolvedModuleLoadIdentity (0.00s)
=== CONT  TestDedupeResolvedModuleLoadsKeepsSameSourceUnderDifferentNames
--- PASS: TestDedupeResolvedModuleLoadsKeepsSameSourceUnderDifferentNames (0.00s)
=== CONT  TestParseWorkspaceRemoteRef
=== RUN   TestParseWorkspaceRemoteRef/supports_address_fragment_ref_at_repository_root
=== PAUSE TestParseWorkspaceRemoteRef/supports_address_fragment_ref_at_repository_root
=== RUN   TestParseWorkspaceRemoteRef/supports_address_fragment_ref_and_subdir
=== PAUSE TestParseWorkspaceRemoteRef/supports_address_fragment_ref_and_subdir
=== RUN   TestParseWorkspaceRemoteRef/supports_legacy_at-ref_syntax
=== PAUSE TestParseWorkspaceRemoteRef/supports_legacy_at-ref_syntax
=== RUN   TestParseWorkspaceRemoteRef/preserves_legacy_https_at-ref_syntax
=== PAUSE TestParseWorkspaceRemoteRef/preserves_legacy_https_at-ref_syntax
=== RUN   TestParseWorkspaceRemoteRef/resolves_legacy_vanity_ref
=== PAUSE TestParseWorkspaceRemoteRef/resolves_legacy_vanity_ref
=== RUN   TestParseWorkspaceRemoteRef/resolves_fragment_clone_ref_and_preserves_subdir
=== PAUSE TestParseWorkspaceRemoteRef/resolves_fragment_clone_ref_and_preserves_subdir
=== RUN   TestParseWorkspaceRemoteRef/rejects_github.com/dagger/python/ruff#main
=== PAUSE TestParseWorkspaceRemoteRef/rejects_github.com/dagger/python/ruff#main
=== RUN   TestParseWorkspaceRemoteRef/rejects_https://github.com/dagger/python/ruff#main
=== PAUSE TestParseWorkspaceRemoteRef/rejects_https://github.com/dagger/python/ruff#main
=== RUN   TestParseWorkspaceRemoteRef/rejects_https://github.com/dagger/python#main:
=== PAUSE TestParseWorkspaceRemoteRef/rejects_https://github.com/dagger/python#main:
=== RUN   TestParseWorkspaceRemoteRef/rejects_github.com/dagger/python@main:ruff
=== PAUSE TestParseWorkspaceRemoteRef/rejects_github.com/dagger/python@main:ruff
=== RUN   TestParseWorkspaceRemoteRef/rejects_https://github.com/dagger/python@main:ruff
=== PAUSE TestParseWorkspaceRemoteRef/rejects_https://github.com/dagger/python@main:ruff
=== RUN   TestParseWorkspaceRemoteRef/rejects_github.com/dagger/python#main:ruff
=== PAUSE TestParseWorkspaceRemoteRef/rejects_github.com/dagger/python#main:ruff
=== CONT  TestModuleLoadErr
--- PASS: TestModuleLoadErr (0.00s)
=== CONT  TestModuleLoadParallelism
--- PASS: TestModuleLoadParallelism (0.00s)
=== CONT  TestGatherModuleLoadRequests
--- PASS: TestGatherModuleLoadRequests (0.00s)
=== CONT  TestWorkspaceGitRefSelectorSemverSemantics
=== RUN   TestWorkspaceGitRefSelectorSemverSemantics/at_selector_uses_semver_query
=== PAUSE TestWorkspaceGitRefSelectorSemverSemantics/at_selector_uses_semver_query
=== RUN   TestWorkspaceGitRefSelectorSemverSemantics/old_client_uses_literal_git_ref
=== PAUSE TestWorkspaceGitRefSelectorSemverSemantics/old_client_uses_literal_git_ref
=== RUN   TestWorkspaceGitRefSelectorSemverSemantics/fragment_selector_uses_literal_git_ref
=== PAUSE TestWorkspaceGitRefSelectorSemverSemantics/fragment_selector_uses_literal_git_ref
=== CONT  TestLocalWorkspaceAddress
--- PASS: TestLocalWorkspaceAddress (0.00s)
=== CONT  TestRemoteWorkspaceAddress
--- PASS: TestRemoteWorkspaceAddress (0.00s)
=== CONT  TestNestedClientMetadataForRequest
=== RUN   TestNestedClientMetadataForRequest/inherits_live_nested_client_identity_and_policy_without_forwarded_metadata
=== PAUSE TestNestedClientMetadataForRequest/inherits_live_nested_client_identity_and_policy_without_forwarded_metadata
=== RUN   TestNestedClientMetadataForRequest/overlays_request-scoped_forwarded_metadata
=== PAUSE TestNestedClientMetadataForRequest/overlays_request-scoped_forwarded_metadata
=== RUN   TestNestedClientMetadataForRequest/does_not_accept_internal_recipe_ID_default_from_forwarded_metadata
=== PAUSE TestNestedClientMetadataForRequest/does_not_accept_internal_recipe_ID_default_from_forwarded_metadata
=== CONT  TestBuildCoreWorkspaceIncludesConfigState
=== RUN   TestBuildCoreWorkspaceIncludesConfigState/workspace_with_config
time="2026-09-17T02:34:15Z" level=warning msg="disk gc skipped: failed to get disk stats: no such file or directory"
2026/09/17 02:34:15 INFO dagql metadata prune finished triggered=true maximumEstimatedBytes=4351 targetEstimatedBytes=1 beforeEstimatedBytes=4352 beforeResults=1 beforeTerms=1 beforeClassSlots=1 afterInitialCompactionEstimatedBytes=4352 afterInitialCompactionResults=1 afterInitialCompactionTerms=1 afterInitialCompactionClassSlots=1 afterPruneEstimatedBytes=0 afterPruneResults=0 afterPruneTerms=0 afterPruneClassSlots=0 initialCompactionOldClassSlots=1 initialCompactionNewClassSlots=1 finalCompactionOldClassSlots=0 finalCompactionNewClassSlots=0 candidateCount=1 plannedRootCount=1 simulatedCollectedResultCount=1 simulatedStructuralBytes=4352 removedPersistedRootCount=1 candidatesExhausted=false snapshotGCAttempted=false snapshotGCSucceeded=false duration=10.57µs
--- PASS: TestGCLockedDiskStatFailureDoesNotSuppressMetadataPrune (0.01s)
=== CONT  TestWorkspaceBindingMode/declared_workspace_takes_precedence
=== PAUSE TestBuildCoreWorkspaceIncludesConfigState/workspace_with_config
=== RUN   TestBuildCoreWorkspaceIncludesConfigState/workspace_without_config
=== PAUSE TestBuildCoreWorkspaceIncludesConfigState/workspace_without_config
=== RUN   TestBuildCoreWorkspaceIncludesConfigState/local_boundary_without_Git_is_rootless
=== PAUSE TestBuildCoreWorkspaceIncludesConfigState/local_boundary_without_Git_is_rootless
=== CONT  TestFilterPendingWorkspaceModulesForScopedRootFields/no_scope_delegates_to_root-field_demand
=== CONT  TestFilterPendingWorkspaceModulesForScopedRootFields/unknown_token_without_entrypoint_loads_all
=== CONT  TestFilterPendingWorkspaceModulesForScopedRootFields/unknown_token_with_served_entrypoint_loads_no_siblings
=== CONT  TestFilterPendingWorkspaceModulesForScopedRootFields/served_target_contributes_nothing_to_load
=== CONT  TestFilterPendingWorkspaceModulesForScopedRootFields/typedefs_plus_module_field_unions_both_demands
=== CONT  TestFilterPendingWorkspaceModulesForScopedRootFields/no_typedefs_field_delegates_without_consuming
=== CONT  TestFilterPendingWorkspaceModulesForScopedRootFields/another_full-schema_field_loads_all_without_consuming
=== CONT  TestWorkspaceBindingMode/non-module_defaults_to_host_detection
=== CONT  TestWorkspaceBindingMode/module_defaults_to_inheritance
--- PASS: TestWorkspaceBindingMode (0.00s)
    --- PASS: TestWorkspaceBindingMode/declared_workspace_takes_precedence (0.00s)
    --- PASS: TestWorkspaceBindingMode/non-module_defaults_to_host_detection (0.00s)
    --- PASS: TestWorkspaceBindingMode/module_defaults_to_inheritance (0.00s)
=== CONT  TestFilterPendingWorkspaceModulesForScopedRootFields/unknown_token_loads_pending_entrypoint_alone
=== CONT  TestFilterPendingWorkspaceModulesForScopedRootFields/scoped_typedefs_loads_target_plus_entrypoint
=== CONT  TestFilterPendingWorkspaceModulesForScopedRootFields/kebab-case_token_matches_declared_module_name
--- PASS: TestFilterPendingWorkspaceModulesForScopedRootFields (0.00s)
    --- PASS: TestFilterPendingWorkspaceModulesForScopedRootFields/no_scope_delegates_to_root-field_demand (0.00s)
    --- PASS: TestFilterPendingWorkspaceModulesForScopedRootFields/unknown_token_without_entrypoint_loads_all (0.00s)
    --- PASS: TestFilterPendingWorkspaceModulesForScopedRootFields/unknown_token_with_served_entrypoint_loads_no_siblings (0.00s)
    --- PASS: TestFilterPendingWorkspaceModulesForScopedRootFields/served_target_contributes_nothing_to_load (0.00s)
    --- PASS: TestFilterPendingWorkspaceModulesForScopedRootFields/typedefs_plus_module_field_unions_both_demands (0.00s)
    --- PASS: TestFilterPendingWorkspaceModulesForScopedRootFields/no_typedefs_field_delegates_without_consuming (0.00s)
    --- PASS: TestFilterPendingWorkspaceModulesForScopedRootFields/another_full-schema_field_loads_all_without_consuming (0.00s)
    --- PASS: TestFilterPendingWorkspaceModulesForScopedRootFields/unknown_token_loads_pending_entrypoint_alone (0.00s)
    --- PASS: TestFilterPendingWorkspaceModulesForScopedRootFields/scoped_typedefs_loads_target_plus_entrypoint (0.00s)
    --- PASS: TestFilterPendingWorkspaceModulesForScopedRootFields/kebab-case_token_matches_declared_module_name (0.00s)
=== CONT  TestPendingLegacyModule/preserves_remote_pin
=== CONT  TestPendingLegacyModule/resolves_local_refs_without_ref_pin
=== RUN   TestClientMetadataBootstrapOrderReplayAndConflict/init-first-request-attachables
=== CONT  TestFilterPendingWorkspaceModulesBySelectorInclude/glob_pattern_selects_all
=== CONT  TestFilterPendingWorkspaceModulesBySelectorInclude/kebab-case_pattern_selects_the_camelCase_module
=== CONT  TestFilterPendingWorkspaceModulesBySelectorInclude/camelCase_pattern_selects_the_kebab-case_module
=== CONT  TestFilterPendingWorkspaceModulesBySelectorInclude/served_and_pending_patterns_select_only_the_pending_module
=== CONT  TestClientInitializationDoesNotHoldScopeLock
2026/09/17 02:34:15 INFO client shutdown done isMainClient=false sessionID=session clientID=child mainClientID=parent duration=3.169584ms error=<nil>
=== CONT  TestFilterPendingWorkspaceModulesBySelectorInclude/already-served_module_is_recognized_and_selects_nothing
=== CONT  TestFilterPendingWorkspaceModulesBySelectorInclude/empty_include_selects_all
=== CONT  TestFilterPendingWorkspaceModulesBySelectorInclude/module:item_not_matching_a_module_selects_all
=== CONT  TestFilterPendingWorkspaceModulesBySelectorInclude/bare_token_not_matching_a_module_selects_all
=== CONT  TestFilterPendingWorkspaceModulesBySelectorInclude/multiple_patterns_select_each_named_module
=== CONT  TestFilterPendingWorkspaceModulesBySelectorInclude/bare_module_name_selects_only_that_module
=== CONT  TestFilterPendingWorkspaceModulesBySelectorInclude/module:item_works_for_checks_and_services_too
=== CONT  TestFilterPendingWorkspaceModulesForRootFields/constructor_match_loads_only_matching_module
=== CONT  TestFilterPendingWorkspaceModulesForRootFields/unrecognized_loadFromID_field_loads_all
=== CONT  TestFilterPendingWorkspaceModulesForRootFields/env_loads_all_(resolver_snapshots_served_deps)
=== CONT  TestFilterPendingWorkspaceModulesForRootFields/served_field_combined_with_pending_field_loads_only_pending
=== CONT  TestFilterPendingWorkspaceModulesForRootFields/already-served_root_field_loads_none
=== CONT  TestFilterPendingWorkspaceModulesForRootFields/current_workspace_loads_none_(resolvers_load_on_demand)
=== CONT  TestFilterPendingWorkspaceModulesForRootFields/core-only_query_loads_none
=== CONT  TestFilterPendingWorkspaceModulesForRootFields/current_module_loads_all
=== CONT  TestFilterPendingWorkspaceModulesForRootFields/current_typedefs_loads_all
=== CONT  TestFilterPendingWorkspaceModulesForRootFields/introspection_loads_all
=== CONT  TestFilterPendingWorkspaceModulesForRootFields/named_root_field_still_selects_a_failed_module
=== CONT  TestFilterPendingWorkspaceModulesForRootFields/unknown_root_field_skips_entrypoint_already_recorded_as_failed
=== CONT  TestFilterPendingWorkspaceModulesForRootFields/unknown_root_field_with_one_entrypoint_loads_entrypoint
=== CONT  TestFilterPendingWorkspaceModulesForRootFields/unknown_root_field_with_multiple_entrypoints_loads_all
=== CONT  TestIsSameModuleReference/same_local_source_root_and_pin
=== CONT  TestIsSameModuleReference/same_module_through_different_local_refs
=== CONT  TestIsSameModuleReference/different_local_source
=== CONT  TestUserConfigIncludeIfConditionsFollowGitSemantics/non-matching_gitdir_condition_is_not_followed
--- PASS: TestPendingLegacyModule (0.00s)
    --- PASS: TestPendingLegacyModule/preserves_remote_pin (0.00s)
    --- PASS: TestPendingLegacyModule/resolves_local_refs_without_ref_pin (0.00s)
=== RUN   TestClientMetadataBootstrapOrderReplayAndConflict/first-request-attachables-init
=== CONT  TestFilterPendingWorkspaceModulesBySelectorInclude/module:generator_selects_only_that_module
=== CONT  TestUserConfigOriginFromIncludedGitConfig/include
--- PASS: TestNestedShutdownClosesRegisteredTransportIdempotently (0.02s)
=== CONT  TestUserConfigIncludeIfConditionsFollowGitSemantics/onbranch_condition_on_another_branch_is_not_followed
=== CONT  TestNormalizeWorkspaceRemoteSubdir/empty_becomes_dot
--- PASS: TestNestedTransportRegistrationDoesNotTakeLifecycleLock (0.02s)
2026/09/17 02:34:15 INFO initializing new client isMainClient=false sessionID=session clientID=child mainClientID=parent
--- PASS: TestMoveLocalCacheStateToTrash (0.02s)
=== CONT  TestNormalizeWorkspaceRemoteSubdir/rejects_escaping_paths
=== CONT  TestNormalizeWorkspaceRemoteSubdir/absolute_gets_normalized_to_relative
--- PASS: TestNormalizeWorkspaceRemoteSubdir (0.00s)
    --- PASS: TestNormalizeWorkspaceRemoteSubdir/empty_becomes_dot (0.00s)
    --- PASS: TestNormalizeWorkspaceRemoteSubdir/rejects_escaping_paths (0.00s)
    --- PASS: TestNormalizeWorkspaceRemoteSubdir/absolute_gets_normalized_to_relative (0.00s)
=== CONT  TestUserConfigOriginFromIncludedGitConfig/conditional_include
--- PASS: TestFilterPendingWorkspaceModulesForRootFields (0.02s)
    --- PASS: TestFilterPendingWorkspaceModulesForRootFields/constructor_match_loads_only_matching_module (0.00s)
    --- PASS: TestFilterPendingWorkspaceModulesForRootFields/unrecognized_loadFromID_field_loads_all (0.00s)
    --- PASS: TestFilterPendingWorkspaceModulesForRootFields/env_loads_all_(resolver_snapshots_served_deps) (0.00s)
    --- PASS: TestFilterPendingWorkspaceModulesForRootFields/served_field_combined_with_pending_field_loads_only_pending (0.00s)
    --- PASS: TestFilterPendingWorkspaceModulesForRootFields/already-served_root_field_loads_none (0.00s)
    --- PASS: TestFilterPendingWorkspaceModulesForRootFields/current_workspace_loads_none_(resolvers_load_on_demand) (0.00s)
    --- PASS: TestFilterPendingWorkspaceModulesForRootFields/core-only_query_loads_none (0.00s)
    --- PASS: TestFilterPendingWorkspaceModulesForRootFields/current_module_loads_all (0.00s)
    --- PASS: TestFilterPendingWorkspaceModulesForRootFields/current_typedefs_loads_all (0.00s)
    --- PASS: TestFilterPendingWorkspaceModulesForRootFields/introspection_loads_all (0.00s)
    --- PASS: TestFilterPendingWorkspaceModulesForRootFields/named_root_field_still_selects_a_failed_module (0.00s)
    --- PASS: TestFilterPendingWorkspaceModulesForRootFields/unknown_root_field_skips_entrypoint_already_recorded_as_failed (0.00s)
    --- PASS: TestFilterPendingWorkspaceModulesForRootFields/unknown_root_field_with_one_entrypoint_loads_entrypoint (0.00s)
    --- PASS: TestFilterPendingWorkspaceModulesForRootFields/unknown_root_field_with_multiple_entrypoints_loads_all (0.00s)
--- PASS: TestIsSameModuleReference (0.02s)
    --- PASS: TestIsSameModuleReference/same_local_source_root_and_pin (0.00s)
    --- PASS: TestIsSameModuleReference/same_module_through_different_local_refs (0.00s)
    --- PASS: TestIsSameModuleReference/different_local_source (0.00s)
--- PASS: TestClientLifecycleScopesSerializeCloseCloneAndRelease (0.01s)
--- PASS: TestRunRecursiveReadOnlyProbeCleansUpAfterUnsupportedSetattr (0.03s)
=== CONT  TestArbitrateResolvedModuleLoads/multiple_ambient_entrypoints_are_invalid
=== CONT  TestUserConfigIncludeIfConditionsFollowGitSemantics/onbranch_condition_follows_the_checked-out_branch
--- PASS: TestLifecycleDebugAndRouteLookupConcurrentClientMutation (0.05s)
=== CONT  TestArbitrateSameSourceEntrypointNominations/same_settings_under_two_names_collapse_to_one_nomination
--- PASS: TestFilterPendingWorkspaceModulesBySelectorInclude (0.02s)
    --- PASS: TestFilterPendingWorkspaceModulesBySelectorInclude/glob_pattern_selects_all (0.00s)
    --- PASS: TestFilterPendingWorkspaceModulesBySelectorInclude/kebab-case_pattern_selects_the_camelCase_module (0.00s)
    --- PASS: TestFilterPendingWorkspaceModulesBySelectorInclude/camelCase_pattern_selects_the_kebab-case_module (0.00s)
    --- PASS: TestFilterPendingWorkspaceModulesBySelectorInclude/already-served_module_is_recognized_and_selects_nothing (0.00s)
    --- PASS: TestFilterPendingWorkspaceModulesBySelectorInclude/empty_include_selects_all (0.00s)
    --- PASS: TestFilterPendingWorkspaceModulesBySelectorInclude/module:item_not_matching_a_module_selects_all (0.00s)
    --- PASS: TestFilterPendingWorkspaceModulesBySelectorInclude/bare_token_not_matching_a_module_selects_all (0.00s)
    --- PASS: TestFilterPendingWorkspaceModulesBySelectorInclude/multiple_patterns_select_each_named_module (0.00s)
    --- PASS: TestFilterPendingWorkspaceModulesBySelectorInclude/bare_module_name_selects_only_that_module (0.00s)
    --- PASS: TestFilterPendingWorkspaceModulesBySelectorInclude/module:item_works_for_checks_and_services_too (0.00s)
    --- PASS: TestFilterPendingWorkspaceModulesBySelectorInclude/module:generator_selects_only_that_module (0.00s)
    --- PASS: TestFilterPendingWorkspaceModulesBySelectorInclude/served_and_pending_patterns_select_only_the_pending_module (0.01s)
=== CONT  TestArbitrateResolvedModuleLoads/multiple_extra_entrypoints_are_invalid
=== CONT  TestArbitrateSameSourceEntrypointNominations/different_settings_under_two_names_stay_a_conflict
=== CONT  TestWorkspaceGitRefSelectorSemverSemantics/at_selector_uses_semver_query
=== CONT  TestParseWorkspaceRemoteRef/rejects_github.com/dagger/python#main:ruff
=== CONT  TestParseWorkspaceRemoteRef/rejects_https://github.com/dagger/python@main:ruff
--- PASS: TestUserConfigOriginFromIncludedGitConfig (0.00s)
    --- PASS: TestUserConfigOriginFromIncludedGitConfig/include (0.00s)
    --- PASS: TestUserConfigOriginFromIncludedGitConfig/conditional_include (0.01s)
=== CONT  TestParseWorkspaceRemoteRef/rejects_github.com/dagger/python@main:ruff
=== CONT  TestParseWorkspaceRemoteRef/rejects_https://github.com/dagger/python#main:
=== CONT  TestParseWorkspaceRemoteRef/rejects_https://github.com/dagger/python/ruff#main
=== CONT  TestParseWorkspaceRemoteRef/rejects_github.com/dagger/python/ruff#main
=== CONT  TestParseWorkspaceRemoteRef/resolves_fragment_clone_ref_and_preserves_subdir
=== CONT  TestParseWorkspaceRemoteRef/resolves_legacy_vanity_ref
=== CONT  TestParseWorkspaceRemoteRef/preserves_legacy_https_at-ref_syntax
=== CONT  TestParseWorkspaceRemoteRef/supports_legacy_at-ref_syntax
=== CONT  TestParseWorkspaceRemoteRef/supports_address_fragment_ref_and_subdir
=== CONT  TestNestedClientMetadataForRequest/inherits_live_nested_client_identity_and_policy_without_forwarded_metadata
=== CONT  TestWorkspaceGitRefSelectorSemverSemantics/fragment_selector_uses_literal_git_ref
=== CONT  TestWorkspaceGitRefSelectorSemverSemantics/old_client_uses_literal_git_ref
--- PASS: TestWorkspaceGitRefSelectorSemverSemantics (0.00s)
    --- PASS: TestWorkspaceGitRefSelectorSemverSemantics/at_selector_uses_semver_query (0.00s)
    --- PASS: TestWorkspaceGitRefSelectorSemverSemantics/fragment_selector_uses_literal_git_ref (0.00s)
    --- PASS: TestWorkspaceGitRefSelectorSemverSemantics/old_client_uses_literal_git_ref (0.00s)
=== CONT  TestNestedClientMetadataForRequest/does_not_accept_internal_recipe_ID_default_from_forwarded_metadata
=== CONT  TestNestedClientMetadataForRequest/overlays_request-scoped_forwarded_metadata
--- PASS: TestNestedClientMetadataForRequest (0.00s)
    --- PASS: TestNestedClientMetadataForRequest/inherits_live_nested_client_identity_and_policy_without_forwarded_metadata (0.00s)
    --- PASS: TestNestedClientMetadataForRequest/does_not_accept_internal_recipe_ID_default_from_forwarded_metadata (0.00s)
    --- PASS: TestNestedClientMetadataForRequest/overlays_request-scoped_forwarded_metadata (0.00s)
=== CONT  TestBuildCoreWorkspaceIncludesConfigState/workspace_with_config
=== CONT  TestBuildCoreWorkspaceIncludesConfigState/local_boundary_without_Git_is_rootless
=== CONT  TestBuildCoreWorkspaceIncludesConfigState/workspace_without_config
--- PASS: TestBuildCoreWorkspaceIncludesConfigState (0.00s)
    --- PASS: TestBuildCoreWorkspaceIncludesConfigState/workspace_with_config (0.00s)
    --- PASS: TestBuildCoreWorkspaceIncludesConfigState/local_boundary_without_Git_is_rootless (0.00s)
    --- PASS: TestBuildCoreWorkspaceIncludesConfigState/workspace_without_config (0.00s)
--- PASS: TestArbitrateSameSourceEntrypointNominations (0.00s)
    --- PASS: TestArbitrateSameSourceEntrypointNominations/different_settings_under_two_names_stay_a_conflict (0.00s)
    --- PASS: TestArbitrateSameSourceEntrypointNominations/same_settings_under_two_names_collapse_to_one_nomination (0.00s)
=== RUN   TestClientMetadataBootstrapOrderReplayAndConflict/first-request-init-attachables
=== CONT  TestArbitrateResolvedModuleLoads/extra_beats_ambient
--- PASS: TestClientMetadataBootstrapOrderReplayAndConflict (0.04s)
    --- PASS: TestClientMetadataBootstrapOrderReplayAndConflict/attachables-init-first-request (0.00s)
    --- PASS: TestClientMetadataBootstrapOrderReplayAndConflict/attachables-first-request-init (0.00s)
    --- PASS: TestClientMetadataBootstrapOrderReplayAndConflict/init-attachables-first-request (0.01s)
    --- PASS: TestClientMetadataBootstrapOrderReplayAndConflict/init-first-request-attachables (0.01s)
    --- PASS: TestClientMetadataBootstrapOrderReplayAndConflict/first-request-attachables-init (0.00s)
    --- PASS: TestClientMetadataBootstrapOrderReplayAndConflict/first-request-init-attachables (0.00s)
--- PASS: TestMainClientLastDisconnectDoesNotBlockOnTeardown (0.03s)
=== CONT  TestParseWorkspaceRemoteRef/supports_address_fragment_ref_at_repository_root
--- PASS: TestParseWorkspaceRemoteRef (0.00s)
    --- PASS: TestParseWorkspaceRemoteRef/rejects_github.com/dagger/python#main:ruff (0.00s)
    --- PASS: TestParseWorkspaceRemoteRef/rejects_github.com/dagger/python@main:ruff (0.00s)
    --- PASS: TestParseWorkspaceRemoteRef/rejects_https://github.com/dagger/python#main: (0.00s)
    --- PASS: TestParseWorkspaceRemoteRef/rejects_https://github.com/dagger/python/ruff#main (0.00s)
    --- PASS: TestParseWorkspaceRemoteRef/rejects_github.com/dagger/python/ruff#main (0.00s)
    --- PASS: TestParseWorkspaceRemoteRef/resolves_fragment_clone_ref_and_preserves_subdir (0.00s)
    --- PASS: TestParseWorkspaceRemoteRef/resolves_legacy_vanity_ref (0.00s)
    --- PASS: TestParseWorkspaceRemoteRef/preserves_legacy_https_at-ref_syntax (0.00s)
    --- PASS: TestParseWorkspaceRemoteRef/supports_legacy_at-ref_syntax (0.00s)
    --- PASS: TestParseWorkspaceRemoteRef/supports_address_fragment_ref_and_subdir (0.00s)
    --- PASS: TestParseWorkspaceRemoteRef/rejects_https://github.com/dagger/python@main:ruff (0.00s)
    --- PASS: TestParseWorkspaceRemoteRef/supports_address_fragment_ref_at_repository_root (0.00s)
--- PASS: TestArbitrateResolvedModuleLoads (0.00s)
    --- PASS: TestArbitrateResolvedModuleLoads/multiple_extra_entrypoints_are_invalid (0.00s)
    --- PASS: TestArbitrateResolvedModuleLoads/extra_beats_ambient (0.00s)
    --- PASS: TestArbitrateResolvedModuleLoads/multiple_ambient_entrypoints_are_invalid (0.01s)
2026/09/17 02:34:15 INFO removed discarded local cache state dir=/tmp/TestSweepLocalCacheTrash274200392/001/worker-trash-a duration=30ms
2026/09/17 02:34:15 INFO removing discarded local cache state dir=/tmp/TestSweepLocalCacheTrash274200392/001/worker-trash-b
--- PASS: TestUserConfigIncludeIfConditionsFollowGitSemantics (0.00s)
    --- PASS: TestUserConfigIncludeIfConditionsFollowGitSemantics/non-matching_gitdir_condition_is_not_followed (0.00s)
    --- PASS: TestUserConfigIncludeIfConditionsFollowGitSemantics/onbranch_condition_on_another_branch_is_not_followed (0.00s)
    --- PASS: TestUserConfigIncludeIfConditionsFollowGitSemantics/onbranch_condition_follows_the_checked-out_branch (0.00s)
2026/09/17 02:34:15 INFO removed discarded local cache state dir=/tmp/TestSweepLocalCacheTrash274200392/001/worker-trash-b duration=0s
--- PASS: TestSweepLocalCacheTrash (0.03s)
--- PASS: TestNestedTransportRegistrationRacesSessionTeardown (0.04s)
--- PASS: TestClientRuntimeReclamationRacesCloseLeasesChildAndTeardown (0.07s)
--- PASS: TestClientMetadataSealRacesTransportClose (0.05s)
2026/09/17 02:34:15 INFO starting dagql cache close hasSQLDB=true hasPersistDB=true
2026/09/17 02:34:15 INFO marking dagql cache clean shutdown
2026/09/17 02:34:15 WARN successfully marked clean shutdown in persistence metadata
2026/09/17 02:34:15 INFO completed dagql cache close successfully
--- PASS: TestRemoveAllPacedManyEntries (0.05s)
2026/09/17 02:34:15 INFO dagql metadata prune finished triggered=true maximumEstimatedBytes=17407 targetEstimatedBytes=1 beforeEstimatedBytes=17408 beforeResults=4 beforeTerms=4 beforeClassSlots=4 afterInitialCompactionEstimatedBytes=17408 afterInitialCompactionResults=4 afterInitialCompactionTerms=4 afterInitialCompactionClassSlots=4 afterPruneEstimatedBytes=0 afterPruneResults=0 afterPruneTerms=0 afterPruneClassSlots=0 initialCompactionOldClassSlots=4 initialCompactionNewClassSlots=4 finalCompactionOldClassSlots=0 finalCompactionNewClassSlots=0 candidateCount=4 plannedRootCount=4 simulatedCollectedResultCount=4 simulatedStructuralBytes=17408 removedPersistedRootCount=4 candidatesExhausted=false snapshotGCAttempted=false snapshotGCSucceeded=false duration=46.9µs
2026/09/17 02:34:15 INFO starting dagql cache close hasSQLDB=true hasPersistDB=true
--- PASS: TestSessionLifecycleObserverConcurrency (0.08s)
2026/09/17 02:34:15 INFO marking dagql cache clean shutdown
2026/09/17 02:34:15 WARN successfully marked clean shutdown in persistence metadata
2026/09/17 02:34:15 INFO completed dagql cache close successfully
--- PASS: TestScheduledGCTrimsImportedMetadataWithoutPersistenceReset (0.05s)
2026/09/17 02:34:15 WARN failed to get client metadata from context for call err="failed to get client metadata from context"
--- PASS: TestClientInitializationDoesNotHoldScopeLock (0.07s)
PASS
ok  	github.com/dagger/dagger/engine/server	4.333s
