[dagger] 30.0s elapsed · 20 steps running
[dagger] 1m0s elapsed · 2 steps running
[dagger] 1m30s elapsed · 84 steps running
[dagger] 2m0s elapsed · 12 steps running
[dagger] 2m30s elapsed · 67 steps running
[dagger] 3m0s elapsed · 31 steps running
[dagger] 3m30s elapsed · 22 steps running
[dagger] 4m0s elapsed · 6 steps running
[dagger] 4m30s elapsed · 6 steps running
[dagger] 5m0s elapsed · 2 steps running
[dagger] 5m30s elapsed · 5 steps running
[dagger] 6m0s elapsed · 6 steps running
[dagger] 6m30s elapsed · 98 steps running
[dagger] 7m0s elapsed · 152 steps running
[dagger] 7m30s elapsed · 87 steps running
[dagger] 8m0s elapsed · 180 steps running
[dagger] 8m30s elapsed · 186 steps running
[dagger] 9m0s elapsed · 163 steps running
[dagger] 9m30s elapsed · 177 steps running
[dagger] 10m0s elapsed · 164 steps running
[dagger] 10m30s elapsed · 128 steps running
[dagger] 11m0s elapsed · 183 steps running
[dagger] 11m30s elapsed · 183 steps running
[dagger] 12m0s elapsed · 176 steps running
[dagger] 12m30s elapsed · 213 steps running
[dagger] 13m0s elapsed · 252 steps running
[dagger] 13m30s elapsed · 280 steps running
[dagger] 14m0s elapsed · 124 steps running
[dagger] 14m30s elapsed · 110 steps running
[dagger] 15m0s elapsed · 94 steps running
[dagger] 15m30s elapsed · 90 steps running
== TRACE ==  ✔ PASSED
engine-dev test --pkg ./core/integration --run=^TestRemoteCacheTransferSuite/(TestPartMixedExecOutputs|TestHostInputs|TestSharedHostDirectoryLifetime|TestSchemaRecovery|TestSchemaRecoveryCold|TestGitTrees|TestSharingDonorRestart|TestEncodedRestart|TestPendingOffersRestart|TestFixtureControls|TestPipeline|TestOffers|TestRenewal|TestHTTPRestore|TestSharingFinish|TestWorkspaceCapture)$ --test-verbose --timeout=15m --env-file=file:/tmp/b7/dump-5m.env  15m42s

✔ connect 0.2s
✔ load workspace: . 53.1s
  ✔ 13 uploads, 1 unpack 5.8s
✔ parsing command line arguments 0.0s

✔ address(value: "file:/tmp/b7/dump-5m.env"): Address! 0.0s
✔ .secret: Secret! 0.0s

✔ engineDev(
  ┆ ws: currentWorkspace: Workspace!
  ): EngineDev! 31.5s
  ✔ uploading /home/exedev/.tailcall/worktrees/dagger-a7378ed8352b/verification-implementer-implementation-128fdcd9-2b7fea30 3.8s ████████████ 58 MB
✔ .test(
  ┆ run: "^TestRemoteCacheTransferSuite/(TestPartMixedExecOutputs|TestHostInputs|TestSharedHostDirectoryLifetime|TestSchemaRecovery|TestSchemaRecoveryCold|TestGitTrees|TestSharingDonorRestart|TestEncodedRestart|TestPendingOffersRestart|TestFixtureControls|TestPipeline|TestOffers|TestRenewal|TestHTTPRestore|TestSharingFinish|TestWorkspaceCapture)$"
  ┆ pkg: "./core/integration"
  ┆ timeout: "15m"
  ┆ envFile: Address.secret: Secret!
  ┆ testVerbose: true
  ): Void 14m17s
  ✘ fetching https://origin.remote-cache.invalid/9h7a3y6dstlpw1f8bltuy0i2k/data.txt 0.0s ████████████ 13 B ERROR
  ✘ Host.directory 0.1s ████████████ 2.0 kB ERROR
  ✘ Host.directory 1.5s ████████████ 2.0 kB ERROR
  ✘ Directory.withNewFile 0.1s ░░░░░░░░░░░░ ERROR
  ✘ fetching https://origin.remote-cache.invalid/m0uhxlr5fapcgj84eqqrjfxhg/data.txt 0.0s █▎░░░░░░░░░░ 5 B/46 B ERROR
  ✔ 42 pulls, 61 unpacks, 197 fetches, 100 uploads, 36 transfers 4m12s

== SERVICES ==
✔ rogct0dgr0vls.90fd4jr6lj844.dagger.local exec /entrypoint.sh /etc/docker/registry/config.yml 10m35s EXITED span=2ecec52e2d114732
✔ h4avdn8nctrm4.90fd4jr6lj844.dagger.local exec /entrypoint.sh /etc/docker/registry/config.yml 10m35s EXITED span=f87ba0b9dc4192c9
✘ p4hjufufk87pq.90fd4jr6lj844.dagger.local exec dagger-entrypoint.sh --addr unix:///run/dagger-engine.sock --addr tcp://0.0.0.0:1234 --network-name dagger-dev --network-cidr 10.88.0.0/16 --debugaddr 0.0.0.0:6060 10m35s ERROR span=4b54263af634101e

== TESTS ==
  ✔ github.com/dagger/dagger/core/integration  1 passed

  ✔ 1 passed

Full trace at https://dagger.cloud/dagger/traces/5eabe726455fd458708200cbe7418700
