[dagger] 30.0s elapsed · 8 steps running
[dagger] 1m0s elapsed · 2 steps running
[dagger] 1m30s elapsed · 8 steps running
[dagger] 2m0s elapsed · 23 steps running
[dagger] 2m30s elapsed · 6 steps running
[dagger] 3m0s elapsed · 6 steps running
[dagger] 3m30s elapsed · 8 steps running
[dagger] 4m0s elapsed · 5 steps running
[dagger] 4m30s elapsed · 6 steps running
[dagger] 5m0s elapsed · 61 steps running
[dagger] 5m30s elapsed · 139 steps running
[dagger] 6m0s elapsed · 141 steps running
[dagger] 6m30s elapsed · 148 steps running
[dagger] 7m0s elapsed · 176 steps running
[dagger] 7m30s elapsed · 128 steps running
[dagger] 8m0s elapsed · 209 steps running
[dagger] 8m30s elapsed · 197 steps running
[dagger] 9m0s elapsed · 136 steps running
[dagger] 9m30s elapsed · 153 steps running
[dagger] 10m0s elapsed · 212 steps running
[dagger] 10m30s elapsed · 272 steps running
[dagger] 11m0s elapsed · 181 steps running
[dagger] 11m30s elapsed · 152 steps running
[dagger] 12m0s elapsed · 109 steps running
[dagger] 12m30s elapsed · 96 steps running
[dagger] 13m0s elapsed · 94 steps running
[dagger] 13m30s elapsed · 89 steps running
== TRACE ==  ✔ PASSED
engine-dev test --pkg ./core/integration --run=^TestRemoteCacheTransferSuite/(TestPartMixedExecOutputs|TestHostInputs|TestSharedHostDirectoryLifetime|TestSchemaRecovery|TestSchemaRecoveryCold|TestGitTrees|TestSharingDonorRestart|TestEncodedRestart|TestPendingOffersRestart|TestFixtureControls|TestPipeline|TestOffers|TestRenewal|TestHTTPRestore|TestSharingFinish|TestWorkspaceCapture)$ --test-verbose --timeout=15m --env-file=file:/tmp/b7/dump-5m.env  13m41s

✔ connect 0.2s
✔ load workspace: . 38.1s
  ✔ 12 uploads, 1 unpack 3.0s
✔ parsing command line arguments 0.0s

✔ address(value: "file:/tmp/b7/dump-5m.env"): Address! 0.0s
✔ .secret: Secret! 0.0s

✔ engineDev(
  ┆ ws: currentWorkspace: Workspace!
  ): EngineDev! 25.9s
  ✔ uploading /home/exedev/.tailcall/worktrees/dagger-a7378ed8352b/verification-implementer-implementation-128fdcd9-2b7fea30 2.3s ████████████ 58 MB
✔ .test(
  ┆ run: "^TestRemoteCacheTransferSuite/(TestPartMixedExecOutputs|TestHostInputs|TestSharedHostDirectoryLifetime|TestSchemaRecovery|TestSchemaRecoveryCold|TestGitTrees|TestSharingDonorRestart|TestEncodedRestart|TestPendingOffersRestart|TestFixtureControls|TestPipeline|TestOffers|TestRenewal|TestHTTPRestore|TestSharingFinish|TestWorkspaceCapture)$"
  ┆ pkg: "./core/integration"
  ┆ timeout: "15m"
  ┆ envFile: Address.secret: Secret!
  ┆ testVerbose: true
  ): Void 12m37s (3.85% dropped)
  ✘ Host.directory 0.4s ████████████ 2.0 kB ERROR
  ✘ Host.directory 0.1s ████████████ 2.0 kB ERROR
  ✘ fetching https://origin.remote-cache.invalid/q474t2ujncf0x0en7h83g14r0/data.txt 0.0s ████████████ 13 B ERROR
  ✘ Directory.withNewFile 0.0s ░░░░░░░░░░░░ ERROR
  ✘ fetching https://origin.remote-cache.invalid/1k0tahzqslkgnxsu9xv2jd66c/data.txt 0.0s █▎░░░░░░░░░░ 5 B/46 B ERROR
  ✔ 42 pulls, 61 unpacks, 197 fetches, 100 uploads, 36 transfers 4m13s

== SERVICES ==
✔ h4avdn8nctrm4.atpcu1oo0de0i.dagger.local exec /entrypoint.sh /etc/docker/registry/config.yml 9m57s EXITED span=c61dc447d92c1a5b
✔ rogct0dgr0vls.atpcu1oo0de0i.dagger.local exec /entrypoint.sh /etc/docker/registry/config.yml 9m57s EXITED span=9ca753c711698313
✘ olesueoa20sg2.atpcu1oo0de0i.dagger.local exec dagger-entrypoint.sh --addr unix:///run/dagger-engine.sock --addr tcp://0.0.0.0:1234 --network-name dagger-dev --network-cidr 10.88.0.0/16 --debugaddr 0.0.0.0:6060 9m57s ERROR span=e744f81fcdf34505

== TESTS ==
  ✔ github.com/dagger/dagger/core/integration  1 passed

  ✔ 1 passed

Full trace at https://dagger.cloud/dagger/traces/512d6ab9a6d99407a7fcfba486ff024f
